++========================================
||
||   Package:  ./plasma/breeze-grub-5.24.90-x86_64-1.txz
||
++========================================
drwxr-xr-x root/root         0 2022-05-20 17:42 ./
drwxr-xr-x root/root         0 2022-05-20 17:42 boot/
drwxr-xr-x root/root         0 2022-05-20 17:42 boot/grub/
drwxr-xr-x root/root         0 2022-05-20 17:42 boot/grub/themes/
drwxr-xr-x root/root         0 2022-05-20 17:42 boot/grub/themes/breeze/
-rw-r--r-- root/root       127 2022-05-20 17:42 boot/grub/themes/breeze/progress_bar2_c.png
-rw-r--r-- root/root        98 2022-05-20 17:42 boot/grub/themes/breeze/progress_bar2_c.png.license
-rw-r--r-- root/root       127 2022-05-20 17:42 boot/grub/themes/breeze/progress_bar_c.png
-rw-r--r-- root/root        98 2022-05-20 17:42 boot/grub/themes/breeze/progress_bar_c.png.license
-rw-r--r-- root/root       141 2022-05-20 17:42 boot/grub/themes/breeze/progress_bar_hl_c.png
-rw-r--r-- root/root        98 2022-05-20 17:42 boot/grub/themes/breeze/progress_bar_hl_c.png.license
-rw-r--r-- root/root      2628 2022-05-20 17:42 boot/grub/themes/breeze/theme.txt
-rw-r--r-- root/root   2494354 2022-05-20 17:42 boot/grub/themes/breeze/unifont-bold-16.pf2
-rw-r--r-- root/root       144 2022-05-20 17:42 boot/grub/themes/breeze/unifont-bold-16.pf2.license
-rw-r--r-- root/root   2119781 2022-05-20 17:42 boot/grub/themes/breeze/unifont-regular-14.pf2
-rw-r--r-- root/root       144 2022-05-20 17:42 boot/grub/themes/breeze/unifont-regular-14.pf2.license
-rw-r--r-- root/root   2398585 2022-05-20 17:42 boot/grub/themes/breeze/unifont-regular-16.pf2
-rw-r--r-- root/root       144 2022-05-20 17:42 boot/grub/themes/breeze/unifont-regular-16.pf2.license
-rw-r--r-- root/root   6275416 2022-05-20 17:42 boot/grub/themes/breeze/unifont-regular-32.pf2
-rw-r--r-- root/root       144 2022-05-20 17:42 boot/grub/themes/breeze/unifont-regular-32.pf2.license
drwxr-xr-x root/root         0 2022-05-20 17:42 install/
-rw-r--r-- root/root       661 2022-05-20 17:42 install/slack-desc
drwxr-xr-x root/root         0 2022-05-20 17:42 usr/
drwxr-xr-x root/root         0 2022-05-20 17:42 usr/doc/
drwxr-xr-x root/root         0 2022-05-20 17:42 usr/doc/breeze-grub-5.24.90/
drwxr-xr-x root/root         0 2022-05-19 12:14 usr/doc/breeze-grub-5.24.90/LICENSES/
-rw-r--r-- root/root      1287 2022-05-19 12:14 usr/doc/breeze-grub-5.24.90/LICENSES/BSD-2-Clause.txt
-rw-r--r-- root/root     18375 2022-05-19 12:14 usr/doc/breeze-grub-5.24.90/LICENSES/CC-BY-SA-4.0.txt
-rw-r--r-- root/root       582 2022-05-19 12:14 usr/doc/breeze-grub-5.24.90/LICENSES/Font-exception-2.0.txt
-rw-r--r-- root/root     17337 2022-05-19 12:14 usr/doc/breeze-grub-5.24.90/LICENSES/GPL-2.0-or-later.txt
-rw-r--r-- root/root     34670 2022-05-19 12:14 usr/doc/breeze-grub-5.24.90/LICENSES/GPL-3.0-only.txt
-rw-r--r-- root/root       662 2022-05-19 12:14 usr/doc/breeze-grub-5.24.90/LICENSES/LicenseRef-KDE-Accepted-GPL.txt


