++========================================
||
||   Package:  ./plasma/breeze-gtk-5.24.90-x86_64-1.txz
||
++========================================
drwxr-xr-x root/root         0 2022-05-20 17:42 ./
drwxr-xr-x root/root         0 2022-05-20 17:42 install/
-rw-r--r-- root/root       708 2022-05-20 17:42 install/slack-desc
drwxr-xr-x root/root         0 2022-05-20 17:42 usr/
drwxr-xr-x root/root         0 2022-05-20 17:42 usr/doc/
drwxr-xr-x root/root         0 2022-05-20 17:42 usr/doc/breeze-gtk-5.24.90/
drwxr-xr-x root/root         0 2022-05-19 12:14 usr/doc/breeze-gtk-5.24.90/LICENSES/
-rw-r--r-- root/root      1480 2022-05-19 12:14 usr/doc/breeze-gtk-5.24.90/LICENSES/BSD-3-Clause.txt
-rw-r--r-- root/root     25911 2022-05-19 12:14 usr/doc/breeze-gtk-5.24.90/LICENSES/LGPL-2.1-only.txt
-rw-r--r-- root/root       775 2022-05-19 12:14 usr/doc/breeze-gtk-5.24.90/README.md
-rw-r--r-- root/root        78 2022-05-19 12:14 usr/doc/breeze-gtk-5.24.90/TODO
drwxr-xr-x root/root         0 2022-05-20 17:42 usr/share/
drwxr-xr-x root/root         0 2022-05-20 17:42 usr/share/themes/
drwxr-xr-x root/root         0 2022-05-20 17:42 usr/share/themes/Breeze/
drwxr-xr-x root/root         0 2022-05-20 17:42 usr/share/themes/Breeze-Dark/
drwxr-xr-x root/root         0 2022-05-20 17:42 usr/share/themes/Breeze-Dark/assets/
-rw-r--r-- root/root       222 2022-05-20 17:42 usr/share/themes/Breeze-Dark/assets/arrow-down-active.png
-rw-r--r-- root/root       222 2022-05-20 17:42 usr/share/themes/Breeze-Dark/assets/arrow-down-hover.png
-rw-r--r-- root/root       201 2022-05-20 17:42 usr/share/themes/Breeze-Dark/assets/arrow-down-insensitive.png
-rw-r--r-- root/root       155 2022-05-20 17:42 usr/share/themes/Breeze-Dark/assets/arrow-down.png
-rw-r--r-- root/root       213 2022-05-20 17:42 usr/share/themes/Breeze-Dark/assets/arrow-left-active.png
-rw-r--r-- root/root       213 2022-05-20 17:42 usr/share/themes/Breeze-Dark/assets/arrow-left-hover.png
-rw-r--r-- root/root       181 2022-05-20 17:42 usr/share/themes/Breeze-Dark/assets/arrow-left-insensitive.png
-rw-r--r-- root/root       151 2022-05-20 17:42 usr/share/themes/Breeze-Dark/assets/arrow-left.png
-rw-r--r-- root/root       226 2022-05-20 17:42 usr/share/themes/Breeze-Dark/assets/arrow-right-active.png
-rw-r--r-- root/root       226 2022-05-20 17:42 usr/share/themes/Breeze-Dark/assets/arrow-right-hover.png
-rw-r--r-- root/root       195 2022-05-20 17:42 usr/share/themes/Breeze-Dark/assets/arrow-right-insensitive.png
-rw-r--r-- root/root       147 2022-05-20 17:42 usr/share/themes/Breeze-Dark/assets/arrow-right.png
-rw-r--r-- root/root       185 2022-05-20 17:42 usr/share/themes/Breeze-Dark/assets/arrow-small-down-active.png
-rw-r--r-- root/root       185 2022-05-20 17:42 usr/share/themes/Breeze-Dark/assets/arrow-small-down-hover.png
-rw-r--r-- root/root       164 2022-05-20 17:42 usr/share/themes/Breeze-Dark/assets/arrow-small-down-insensitive.png
-rw-r--r-- root/root       144 2022-05-20 17:42 usr/share/themes/Breeze-Dark/assets/arrow-small-down.png
-rw-r--r-- root/root       182 2022-05-20 17:42 usr/share/themes/Breeze-Dark/assets/arrow-small-left-active.png
-rw-r--r-- root/root       182 2022-05-20 17:42 usr/share/themes/Breeze-Dark/assets/arrow-small-left-hover.png
-rw-r--r-- root/root       168 2022-05-20 17:42 usr/share/themes/Breeze-Dark/assets/arrow-small-left-insensitive.png
-rw-r--r-- root/root       144 2022-05-20 17:42 usr/share/themes/Breeze-Dark/assets/arrow-small-left.png
-rw-r--r-- root/root       183 2022-05-20 17:42 usr/share/themes/Breeze-Dark/assets/arrow-small-right-active.png
-rw-r--r-- root/root       183 2022-05-20 17:42 usr/share/themes/Breeze-Dark/assets/arrow-small-right-hover.png
-rw-r--r-- root/root       180 2022-05-20 17:42 usr/share/themes/Breeze-Dark/assets/arrow-small-right-insensitive.png
-rw-r--r-- root/root       141 2022-05-20 17:42 usr/share/themes/Breeze-Dark/assets/arrow-small-right.png
-rw-r--r-- root/root       183 2022-05-20 17:42 usr/share/themes/Breeze-Dark/assets/arrow-small-up-active.png
-rw-r--r-- root/root       183 2022-05-20 17:42 usr/share/themes/Breeze-Dark/assets/arrow-small-up-hover.png
-rw-r--r-- root/root       166 2022-05-20 17:42 usr/share/themes/Breeze-Dark/assets/arrow-small-up-insensitive.png
-rw-r--r-- root/root       144 2022-05-20 17:42 usr/share/themes/Breeze-Dark/assets/arrow-small-up.png
-rw-r--r-- root/root       218 2022-05-20 17:42 usr/share/themes/Breeze-Dark/assets/arrow-up-active.png
-rw-r--r-- root/root       218 2022-05-20 17:42 usr/share/themes/Breeze-Dark/assets/arrow-up-hover.png
-rw-r--r-- root/root       183 2022-05-20 17:42 usr/share/themes/Breeze-Dark/assets/arrow-up-insensitive.png
-rw-r--r-- root/root       155 2022-05-20 17:42 usr/share/themes/Breeze-Dark/assets/arrow-up.png
-rw-r--r-- root/root      1138 2022-05-20 17:42 usr/share/themes/Breeze-Dark/assets/breeze-check-checked-symbolic.svg
-rw-r--r-- root/root      1126 2022-05-20 17:42 usr/share/themes/Breeze-Dark/assets/breeze-check-indeterminate-symbolic.svg
-rw-r--r-- root/root      1068 2022-05-20 17:42 usr/share/themes/Breeze-Dark/assets/breeze-check-unchecked-symbolic.svg
-rw-r--r-- root/root       450 2022-05-20 17:42 usr/share/themes/Breeze-Dark/assets/breeze-close-active-symbolic.svg
-rw-r--r-- root/root       777 2022-05-20 17:42 usr/share/themes/Breeze-Dark/assets/breeze-close-hover-symbolic.svg
-rw-r--r-- root/root       397 2022-05-20 17:42 usr/share/themes/Breeze-Dark/assets/breeze-close-symbolic.svg
-rw-r--r-- root/root       365 2022-05-20 17:42 usr/share/themes/Breeze-Dark/assets/breeze-maximize-active-symbolic.svg
-rw-r--r-- root/root       352 2022-05-20 17:42 usr/share/themes/Breeze-Dark/assets/breeze-maximize-hover-symbolic.svg
-rw-r--r-- root/root       411 2022-05-20 17:42 usr/share/themes/Breeze-Dark/assets/breeze-maximize-symbolic.svg
-rw-r--r-- root/root       368 2022-05-20 17:42 usr/share/themes/Breeze-Dark/assets/breeze-maximized-active-symbolic.svg
-rw-r--r-- root/root       355 2022-05-20 17:42 usr/share/themes/Breeze-Dark/assets/breeze-maximized-hover-symbolic.svg
-rw-r--r-- root/root       423 2022-05-20 17:42 usr/share/themes/Breeze-Dark/assets/breeze-maximized-symbolic.svg
-rw-r--r-- root/root       372 2022-05-20 17:42 usr/share/themes/Breeze-Dark/assets/breeze-minimize-active-symbolic.svg
-rw-r--r-- root/root       359 2022-05-20 17:42 usr/share/themes/Breeze-Dark/assets/breeze-minimize-hover-symbolic.svg
-rw-r--r-- root/root       418 2022-05-20 17:42 usr/share/themes/Breeze-Dark/assets/breeze-minimize-symbolic.svg
-rw-r--r-- root/root      1161 2022-05-20 17:42 usr/share/themes/Breeze-Dark/assets/breeze-radio-checked-symbolic.svg
-rw-r--r-- root/root      1333 2022-05-20 17:42 usr/share/themes/Breeze-Dark/assets/breeze-radio-indeterminate-symbolic.svg
-rw-r--r-- root/root       465 2022-05-20 17:42 usr/share/themes/Breeze-Dark/assets/breeze-radio-unchecked-symbolic.svg
-rw-r--r-- root/root      1290 2022-05-20 17:42 usr/share/themes/Breeze-Dark/assets/bullet-symbolic.svg
-rw-r--r-- root/root       290 2022-05-20 17:42 usr/share/themes/Breeze-Dark/assets/button-active.png
-rw-r--r-- root/root       353 2022-05-20 17:42 usr/share/themes/Breeze-Dark/assets/button-hover.png
-rw-r--r-- root/root       316 2022-05-20 17:42 usr/share/themes/Breeze-Dark/assets/button-insensitive.png
-rw-r--r-- root/root       315 2022-05-20 17:42 usr/share/themes/Breeze-Dark/assets/button.png
-rw-r--r-- root/root       382 2022-05-20 17:42 usr/share/themes/Breeze-Dark/assets/check-checked-active.png
-rw-r--r-- root/root       773 2022-05-20 17:42 usr/share/themes/Breeze-Dark/assets/check-checked-active@2.png
-rw-r--r-- root/root       348 2022-05-20 17:42 usr/share/themes/Breeze-Dark/assets/check-checked-backdrop-insensitive.png
-rw-r--r-- root/root       706 2022-05-20 17:42 usr/share/themes/Breeze-Dark/assets/check-checked-backdrop-insensitive@2.png
-rw-r--r-- root/root       370 2022-05-20 17:42 usr/share/themes/Breeze-Dark/assets/check-checked-backdrop.png
-rw-r--r-- root/root       756 2022-05-20 17:42 usr/share/themes/Breeze-Dark/assets/check-checked-backdrop@2.png
-rw-r--r-- root/root       382 2022-05-20 17:42 usr/share/themes/Breeze-Dark/assets/check-checked-hover.png
-rw-r--r-- root/root       773 2022-05-20 17:42 usr/share/themes/Breeze-Dark/assets/check-checked-hover@2.png
-rw-r--r-- root/root       348 2022-05-20 17:42 usr/share/themes/Breeze-Dark/assets/check-checked-insensitive.png
-rw-r--r-- root/root       706 2022-05-20 17:42 usr/share/themes/Breeze-Dark/assets/check-checked-insensitive@2.png
-rw-r--r-- root/root       436 2022-05-20 17:42 usr/share/themes/Breeze-Dark/assets/check-mixed-active.png
-rw-r--r-- root/root       861 2022-05-20 17:42 usr/share/themes/Breeze-Dark/assets/check-mixed-active@2.png
-rw-r--r-- root/root       394 2022-05-20 17:42 usr/share/themes/Breeze-Dark/assets/check-mixed-backdrop-insensitive.png
-rw-r--r-- root/root       785 2022-05-20 17:42 usr/share/themes/Breeze-Dark/assets/check-mixed-backdrop-insensitive@2.png
-rw-r--r-- root/root       421 2022-05-20 17:42 usr/share/themes/Breeze-Dark/assets/check-mixed-backdrop.png
-rw-r--r-- root/root       847 2022-05-20 17:42 usr/share/themes/Breeze-Dark/assets/check-mixed-backdrop@2.png
-rw-r--r-- root/root       436 2022-05-20 17:42 usr/share/themes/Breeze-Dark/assets/check-mixed-hover.png
-rw-r--r-- root/root       861 2022-05-20 17:42 usr/share/themes/Breeze-Dark/assets/check-mixed-hover@2.png
-rw-r--r-- root/root       394 2022-05-20 17:42 usr/share/themes/Breeze-Dark/assets/check-mixed-insensitive.png
-rw-r--r-- root/root       785 2022-05-20 17:42 usr/share/themes/Breeze-Dark/assets/check-mixed-insensitive@2.png
-rw-r--r-- root/root       437 2022-05-20 17:42 usr/share/themes/Breeze-Dark/assets/check-selectionmode-checked-active.png
-rw-r--r-- root/root       896 2022-05-20 17:42 usr/share/themes/Breeze-Dark/assets/check-selectionmode-checked-active@2.png
-rw-r--r-- root/root       400 2022-05-20 17:42 usr/share/themes/Breeze-Dark/assets/check-selectionmode-checked-backdrop-insensitive.png
-rw-r--r-- root/root       817 2022-05-20 17:42 usr/share/themes/Breeze-Dark/assets/check-selectionmode-checked-backdrop-insensitive@2.png
-rw-r--r-- root/root       426 2022-05-20 17:42 usr/share/themes/Breeze-Dark/assets/check-selectionmode-checked-backdrop.png
-rw-r--r-- root/root       875 2022-05-20 17:42 usr/share/themes/Breeze-Dark/assets/check-selectionmode-checked-backdrop@2.png
-rw-r--r-- root/root       437 2022-05-20 17:42 usr/share/themes/Breeze-Dark/assets/check-selectionmode-checked-hover.png
-rw-r--r-- root/root       896 2022-05-20 17:42 usr/share/themes/Breeze-Dark/assets/check-selectionmode-checked-hover@2.png
-rw-r--r-- root/root       400 2022-05-20 17:42 usr/share/themes/Breeze-Dark/assets/check-selectionmode-checked-insensitive.png
-rw-r--r-- root/root       817 2022-05-20 17:42 usr/share/themes/Breeze-Dark/assets/check-selectionmode-checked-insensitive@2.png
-rw-r--r-- root/root       392 2022-05-20 17:42 usr/share/themes/Breeze-Dark/assets/check-selectionmode-unchecked-active.png
-rw-r--r-- root/root       796 2022-05-20 17:42 usr/share/themes/Breeze-Dark/assets/check-selectionmode-unchecked-active@2.png
-rw-r--r-- root/root       361 2022-05-20 17:42 usr/share/themes/Breeze-Dark/assets/check-selectionmode-unchecked-backdrop-insensitive.png
-rw-r--r-- root/root       742 2022-05-20 17:42 usr/share/themes/Breeze-Dark/assets/check-selectionmode-unchecked-backdrop-insensitive@2.png
-rw-r--r-- root/root       381 2022-05-20 17:42 usr/share/themes/Breeze-Dark/assets/check-selectionmode-unchecked-backdrop.png
-rw-r--r-- root/root       786 2022-05-20 17:42 usr/share/themes/Breeze-Dark/assets/check-selectionmode-unchecked-backdrop@2.png
-rw-r--r-- root/root       392 2022-05-20 17:42 usr/share/themes/Breeze-Dark/assets/check-selectionmode-unchecked-hover.png
-rw-r--r-- root/root       796 2022-05-20 17:42 usr/share/themes/Breeze-Dark/assets/check-selectionmode-unchecked-hover@2.png
-rw-r--r-- root/root       361 2022-05-20 17:42 usr/share/themes/Breeze-Dark/assets/check-selectionmode-unchecked-insensitive.png
-rw-r--r-- root/root       742 2022-05-20 17:42 usr/share/themes/Breeze-Dark/assets/check-selectionmode-unchecked-insensitive@2.png
-rw-r--r-- root/root       381 2022-05-20 17:42 usr/share/themes/Breeze-Dark/assets/check-selectionmode-unchecked.png
-rw-r--r-- root/root       786 2022-05-20 17:42 usr/share/themes/Breeze-Dark/assets/check-selectionmode-unchecked@2.png
-rw-r--r-- root/root       339 2022-05-20 17:42 usr/share/themes/Breeze-Dark/assets/check-unchecked-active.png
-rw-r--r-- root/root       679 2022-05-20 17:42 usr/share/themes/Breeze-Dark/assets/check-unchecked-active@2.png
-rw-r--r-- root/root       308 2022-05-20 17:42 usr/share/themes/Breeze-Dark/assets/check-unchecked-backdrop-insensitive.png
-rw-r--r-- root/root       631 2022-05-20 17:42 usr/share/themes/Breeze-Dark/assets/check-unchecked-backdrop-insensitive@2.png
-rw-r--r-- root/root       328 2022-05-20 17:42 usr/share/themes/Breeze-Dark/assets/check-unchecked-backdrop.png
-rw-r--r-- root/root       665 2022-05-20 17:42 usr/share/themes/Breeze-Dark/assets/check-unchecked-backdrop@2.png
-rw-r--r-- root/root       339 2022-05-20 17:42 usr/share/themes/Breeze-Dark/assets/check-unchecked-hover.png
-rw-r--r-- root/root       679 2022-05-20 17:42 usr/share/themes/Breeze-Dark/assets/check-unchecked-hover@2.png
-rw-r--r-- root/root       308 2022-05-20 17:42 usr/share/themes/Breeze-Dark/assets/check-unchecked-insensitive.png
-rw-r--r-- root/root       631 2022-05-20 17:42 usr/share/themes/Breeze-Dark/assets/check-unchecked-insensitive@2.png
-rw-r--r-- root/root       328 2022-05-20 17:42 usr/share/themes/Breeze-Dark/assets/check-unchecked.png
-rw-r--r-- root/root       665 2022-05-20 17:42 usr/share/themes/Breeze-Dark/assets/check-unchecked@2.png
-rw-r--r-- root/root      1316 2022-05-20 17:42 usr/share/themes/Breeze-Dark/assets/checkmark-symbolic.svg
-rw-r--r-- root/root       204 2022-05-20 17:42 usr/share/themes/Breeze-Dark/assets/combo-entry-active.png
-rw-r--r-- root/root       195 2022-05-20 17:42 usr/share/themes/Breeze-Dark/assets/combo-entry-button-active.png
-rw-r--r-- root/root       218 2022-05-20 17:42 usr/share/themes/Breeze-Dark/assets/combo-entry-button-insensitive.png
-rw-r--r-- root/root       201 2022-05-20 17:42 usr/share/themes/Breeze-Dark/assets/combo-entry-button.png
-rw-r--r-- root/root       213 2022-05-20 17:42 usr/share/themes/Breeze-Dark/assets/combo-entry-insensitive.png
-rw-r--r-- root/root       187 2022-05-20 17:42 usr/share/themes/Breeze-Dark/assets/combo-entry.png
-rw-r--r-- root/root      1273 2022-05-20 17:42 usr/share/themes/Breeze-Dark/assets/dash-symbolic.svg
-rw-r--r-- root/root       277 2022-05-20 17:42 usr/share/themes/Breeze-Dark/assets/entry-active.png
-rw-r--r-- root/root       276 2022-05-20 17:42 usr/share/themes/Breeze-Dark/assets/entry-insensitive.png
-rw-r--r-- root/root       236 2022-05-20 17:42 usr/share/themes/Breeze-Dark/assets/entry.png
-rw-r--r-- root/root        92 2022-05-20 17:42 usr/share/themes/Breeze-Dark/assets/frame-gap-end.png
-rw-r--r-- root/root        92 2022-05-20 17:42 usr/share/themes/Breeze-Dark/assets/frame-gap-start.png
-rw-r--r-- root/root       246 2022-05-20 17:42 usr/share/themes/Breeze-Dark/assets/frame.png
-rw-r--r-- root/root        90 2022-05-20 17:42 usr/share/themes/Breeze-Dark/assets/handle-h.png
-rw-r--r-- root/root        93 2022-05-20 17:42 usr/share/themes/Breeze-Dark/assets/handle-v.png
-rw-r--r-- root/root        90 2022-05-20 17:42 usr/share/themes/Breeze-Dark/assets/line-h.png
-rw-r--r-- root/root        93 2022-05-20 17:42 usr/share/themes/Breeze-Dark/assets/line-v.png
-rw-r--r-- root/root       195 2022-05-20 17:42 usr/share/themes/Breeze-Dark/assets/menu-arrow-insensitive.png
-rw-r--r-- root/root       147 2022-05-20 17:42 usr/share/themes/Breeze-Dark/assets/menu-arrow-selected.png
-rw-r--r-- root/root       147 2022-05-20 17:42 usr/share/themes/Breeze-Dark/assets/menu-arrow.png
-rw-r--r-- root/root       121 2022-05-20 17:42 usr/share/themes/Breeze-Dark/assets/menubar-button.png
-rw-r--r-- root/root       228 2022-05-20 17:42 usr/share/themes/Breeze-Dark/assets/notebook-frame-bottom.png
-rw-r--r-- root/root       225 2022-05-20 17:42 usr/share/themes/Breeze-Dark/assets/notebook-frame-right.png
-rw-r--r-- root/root       222 2022-05-20 17:42 usr/share/themes/Breeze-Dark/assets/notebook-frame-top.png
-rw-r--r-- root/root       104 2022-05-20 17:42 usr/share/themes/Breeze-Dark/assets/notebook-gap-horizontal.png
-rw-r--r-- root/root        99 2022-05-20 17:42 usr/share/themes/Breeze-Dark/assets/notebook-gap-vertical.png
-rw-r--r-- root/root        96 2022-05-20 17:42 usr/share/themes/Breeze-Dark/assets/null.png
-rw-r--r-- root/root       196 2022-05-20 17:42 usr/share/themes/Breeze-Dark/assets/progressbar-bar.png
-rw-r--r-- root/root       202 2022-05-20 17:42 usr/share/themes/Breeze-Dark/assets/progressbar-trough.png
-rw-r--r-- root/root       881 2022-05-20 17:42 usr/share/themes/Breeze-Dark/assets/radio-checked-active.png
-rw-r--r-- root/root      2101 2022-05-20 17:42 usr/share/themes/Breeze-Dark/assets/radio-checked-active@2.png
-rw-r--r-- root/root       794 2022-05-20 17:42 usr/share/themes/Breeze-Dark/assets/radio-checked-backdrop-insensitive.png
-rw-r--r-- root/root      1873 2022-05-20 17:42 usr/share/themes/Breeze-Dark/assets/radio-checked-backdrop-insensitive@2.png
-rw-r--r-- root/root       902 2022-05-20 17:42 usr/share/themes/Breeze-Dark/assets/radio-checked-backdrop.png
-rw-r--r-- root/root      2128 2022-05-20 17:42 usr/share/themes/Breeze-Dark/assets/radio-checked-backdrop@2.png
-rw-r--r-- root/root       881 2022-05-20 17:42 usr/share/themes/Breeze-Dark/assets/radio-checked-hover.png
-rw-r--r-- root/root      2101 2022-05-20 17:42 usr/share/themes/Breeze-Dark/assets/radio-checked-hover@2.png
-rw-r--r-- root/root       794 2022-05-20 17:42 usr/share/themes/Breeze-Dark/assets/radio-checked-insensitive.png
-rw-r--r-- root/root      1873 2022-05-20 17:42 usr/share/themes/Breeze-Dark/assets/radio-checked-insensitive@2.png
-rw-r--r-- root/root       960 2022-05-20 17:42 usr/share/themes/Breeze-Dark/assets/radio-mixed-active.png
-rw-r--r-- root/root      2269 2022-05-20 17:42 usr/share/themes/Breeze-Dark/assets/radio-mixed-active@2.png
-rw-r--r-- root/root       846 2022-05-20 17:42 usr/share/themes/Breeze-Dark/assets/radio-mixed-backdrop-insensitive.png
-rw-r--r-- root/root      1981 2022-05-20 17:42 usr/share/themes/Breeze-Dark/assets/radio-mixed-backdrop-insensitive@2.png
-rw-r--r-- root/root       990 2022-05-20 17:42 usr/share/themes/Breeze-Dark/assets/radio-mixed-backdrop.png
-rw-r--r-- root/root      2317 2022-05-20 17:42 usr/share/themes/Breeze-Dark/assets/radio-mixed-backdrop@2.png
-rw-r--r-- root/root       960 2022-05-20 17:42 usr/share/themes/Breeze-Dark/assets/radio-mixed-hover.png
-rw-r--r-- root/root      2269 2022-05-20 17:42 usr/share/themes/Breeze-Dark/assets/radio-mixed-hover@2.png
-rw-r--r-- root/root       846 2022-05-20 17:42 usr/share/themes/Breeze-Dark/assets/radio-mixed-insensitive.png
-rw-r--r-- root/root      1981 2022-05-20 17:42 usr/share/themes/Breeze-Dark/assets/radio-mixed-insensitive@2.png
-rw-r--r-- root/root       733 2022-05-20 17:42 usr/share/themes/Breeze-Dark/assets/radio-unchecked-active.png
-rw-r--r-- root/root      1684 2022-05-20 17:42 usr/share/themes/Breeze-Dark/assets/radio-unchecked-active@2.png
-rw-r--r-- root/root       658 2022-05-20 17:42 usr/share/themes/Breeze-Dark/assets/radio-unchecked-backdrop-insensitive.png
-rw-r--r-- root/root      1502 2022-05-20 17:42 usr/share/themes/Breeze-Dark/assets/radio-unchecked-backdrop-insensitive@2.png
-rw-r--r-- root/root       740 2022-05-20 17:42 usr/share/themes/Breeze-Dark/assets/radio-unchecked-backdrop.png
-rw-r--r-- root/root      1684 2022-05-20 17:42 usr/share/themes/Breeze-Dark/assets/radio-unchecked-backdrop@2.png
-rw-r--r-- root/root       733 2022-05-20 17:42 usr/share/themes/Breeze-Dark/assets/radio-unchecked-hover.png
-rw-r--r-- root/root      1684 2022-05-20 17:42 usr/share/themes/Breeze-Dark/assets/radio-unchecked-hover@2.png
-rw-r--r-- root/root       658 2022-05-20 17:42 usr/share/themes/Breeze-Dark/assets/radio-unchecked-insensitive.png
-rw-r--r-- root/root      1502 2022-05-20 17:42 usr/share/themes/Breeze-Dark/assets/radio-unchecked-insensitive@2.png
-rw-r--r-- root/root       740 2022-05-20 17:42 usr/share/themes/Breeze-Dark/assets/radio-unchecked.png
-rw-r--r-- root/root      1684 2022-05-20 17:42 usr/share/themes/Breeze-Dark/assets/radio-unchecked@2.png
-rw-r--r-- root/root       703 2022-05-20 17:42 usr/share/themes/Breeze-Dark/assets/scale-slider-active.png
-rw-r--r-- root/root       703 2022-05-20 17:42 usr/share/themes/Breeze-Dark/assets/scale-slider-hover.png
-rw-r--r-- root/root       641 2022-05-20 17:42 usr/share/themes/Breeze-Dark/assets/scale-slider-insensitive.png
-rw-r--r-- root/root       665 2022-05-20 17:42 usr/share/themes/Breeze-Dark/assets/scale-slider.png
-rw-r--r-- root/root       206 2022-05-20 17:42 usr/share/themes/Breeze-Dark/assets/scale-trough-horizontal.png
-rw-r--r-- root/root       220 2022-05-20 17:42 usr/share/themes/Breeze-Dark/assets/scale-trough-vertical.png
-rw-r--r-- root/root       251 2022-05-20 17:42 usr/share/themes/Breeze-Dark/assets/scrollbar-slider-horizontal-active.png
-rw-r--r-- root/root       498 2022-05-20 17:42 usr/share/themes/Breeze-Dark/assets/scrollbar-slider-horizontal-active@2.png
-rw-r--r-- root/root       199 2022-05-20 17:42 usr/share/themes/Breeze-Dark/assets/scrollbar-slider-horizontal-hover.png
-rw-r--r-- root/root       349 2022-05-20 17:42 usr/share/themes/Breeze-Dark/assets/scrollbar-slider-horizontal-hover@2.png
-rw-r--r-- root/root       181 2022-05-20 17:42 usr/share/themes/Breeze-Dark/assets/scrollbar-slider-horizontal.png
-rw-r--r-- root/root       298 2022-05-20 17:42 usr/share/themes/Breeze-Dark/assets/scrollbar-slider-horizontal@2.png
-rw-r--r-- root/root       271 2022-05-20 17:42 usr/share/themes/Breeze-Dark/assets/scrollbar-slider-vertical-active.png
-rw-r--r-- root/root       563 2022-05-20 17:42 usr/share/themes/Breeze-Dark/assets/scrollbar-slider-vertical-active@2.png
-rw-r--r-- root/root       227 2022-05-20 17:42 usr/share/themes/Breeze-Dark/assets/scrollbar-slider-vertical-hover.png
-rw-r--r-- root/root       411 2022-05-20 17:42 usr/share/themes/Breeze-Dark/assets/scrollbar-slider-vertical-hover@2.png
-rw-r--r-- root/root       202 2022-05-20 17:42 usr/share/themes/Breeze-Dark/assets/scrollbar-slider-vertical.png
-rw-r--r-- root/root       356 2022-05-20 17:42 usr/share/themes/Breeze-Dark/assets/scrollbar-slider-vertical@2.png
-rw-r--r-- root/root       234 2022-05-20 17:42 usr/share/themes/Breeze-Dark/assets/scrollbar-trough-horizontal.png
-rw-r--r-- root/root       337 2022-05-20 17:42 usr/share/themes/Breeze-Dark/assets/scrollbar-trough-horizontal@2.png
-rw-r--r-- root/root       233 2022-05-20 17:42 usr/share/themes/Breeze-Dark/assets/scrollbar-trough-vertical.png
-rw-r--r-- root/root       397 2022-05-20 17:42 usr/share/themes/Breeze-Dark/assets/scrollbar-trough-vertical@2.png
-rw-r--r-- root/root       164 2022-05-20 17:42 usr/share/themes/Breeze-Dark/assets/spinbutton-down-insensitive.png
-rw-r--r-- root/root       170 2022-05-20 17:42 usr/share/themes/Breeze-Dark/assets/spinbutton-down-rtl-insensitive.png
-rw-r--r-- root/root       148 2022-05-20 17:42 usr/share/themes/Breeze-Dark/assets/spinbutton-down-rtl.png
-rw-r--r-- root/root       159 2022-05-20 17:42 usr/share/themes/Breeze-Dark/assets/spinbutton-down.png
-rw-r--r-- root/root       182 2022-05-20 17:42 usr/share/themes/Breeze-Dark/assets/spinbutton-up-insensitive.png
-rw-r--r-- root/root       168 2022-05-20 17:42 usr/share/themes/Breeze-Dark/assets/spinbutton-up-rtl-insensitive.png
-rw-r--r-- root/root       157 2022-05-20 17:42 usr/share/themes/Breeze-Dark/assets/spinbutton-up-rtl.png
-rw-r--r-- root/root       170 2022-05-20 17:42 usr/share/themes/Breeze-Dark/assets/spinbutton-up.png
-rw-r--r-- root/root       184 2022-05-20 17:42 usr/share/themes/Breeze-Dark/assets/tab-bottom-active.png
-rw-r--r-- root/root       152 2022-05-20 17:42 usr/share/themes/Breeze-Dark/assets/tab-bottom-inactive.png
-rw-r--r-- root/root       201 2022-05-20 17:42 usr/share/themes/Breeze-Dark/assets/tab-left-active.png
-rw-r--r-- root/root       163 2022-05-20 17:42 usr/share/themes/Breeze-Dark/assets/tab-left-inactive.png
-rw-r--r-- root/root       200 2022-05-20 17:42 usr/share/themes/Breeze-Dark/assets/tab-right-active.png
-rw-r--r-- root/root       168 2022-05-20 17:42 usr/share/themes/Breeze-Dark/assets/tab-right-inactive.png
-rw-r--r-- root/root       200 2022-05-20 17:42 usr/share/themes/Breeze-Dark/assets/tab-top-active.png
-rw-r--r-- root/root       164 2022-05-20 17:42 usr/share/themes/Breeze-Dark/assets/tab-top-inactive.png
-rw-r--r-- root/root       522 2022-05-20 17:42 usr/share/themes/Breeze-Dark/assets/titlebutton-close-active-backdrop.png
-rw-r--r-- root/root      1028 2022-05-20 17:42 usr/share/themes/Breeze-Dark/assets/titlebutton-close-active-backdrop@2.png
-rw-r--r-- root/root       522 2022-05-20 17:42 usr/share/themes/Breeze-Dark/assets/titlebutton-close-active.png
-rw-r--r-- root/root      1028 2022-05-20 17:42 usr/share/themes/Breeze-Dark/assets/titlebutton-close-active@2.png
-rw-r--r-- root/root       515 2022-05-20 17:42 usr/share/themes/Breeze-Dark/assets/titlebutton-close-backdrop.png
-rw-r--r-- root/root      1036 2022-05-20 17:42 usr/share/themes/Breeze-Dark/assets/titlebutton-close-backdrop@2.png
-rw-r--r-- root/root       492 2022-05-20 17:42 usr/share/themes/Breeze-Dark/assets/titlebutton-close-hover-backdrop.png
-rw-r--r-- root/root       963 2022-05-20 17:42 usr/share/themes/Breeze-Dark/assets/titlebutton-close-hover-backdrop@2.png
-rw-r--r-- root/root       492 2022-05-20 17:42 usr/share/themes/Breeze-Dark/assets/titlebutton-close-hover.png
-rw-r--r-- root/root       963 2022-05-20 17:42 usr/share/themes/Breeze-Dark/assets/titlebutton-close-hover@2.png
-rw-r--r-- root/root       412 2022-05-20 17:42 usr/share/themes/Breeze-Dark/assets/titlebutton-close.png
-rw-r--r-- root/root       948 2022-05-20 17:42 usr/share/themes/Breeze-Dark/assets/titlebutton-close@2.png
-rw-r--r-- root/root       480 2022-05-20 17:42 usr/share/themes/Breeze-Dark/assets/titlebutton-maximize-active-backdrop.png
-rw-r--r-- root/root       956 2022-05-20 17:42 usr/share/themes/Breeze-Dark/assets/titlebutton-maximize-active-backdrop@2.png
-rw-r--r-- root/root       409 2022-05-20 17:42 usr/share/themes/Breeze-Dark/assets/titlebutton-maximize-active.png
-rw-r--r-- root/root       866 2022-05-20 17:42 usr/share/themes/Breeze-Dark/assets/titlebutton-maximize-active@2.png
-rw-r--r-- root/root       229 2022-05-20 17:42 usr/share/themes/Breeze-Dark/assets/titlebutton-maximize-backdrop.png
-rw-r--r-- root/root       348 2022-05-20 17:42 usr/share/themes/Breeze-Dark/assets/titlebutton-maximize-backdrop@2.png
-rw-r--r-- root/root       480 2022-05-20 17:42 usr/share/themes/Breeze-Dark/assets/titlebutton-maximize-hover-backdrop.png
-rw-r--r-- root/root       956 2022-05-20 17:42 usr/share/themes/Breeze-Dark/assets/titlebutton-maximize-hover-backdrop@2.png
-rw-r--r-- root/root       409 2022-05-20 17:42 usr/share/themes/Breeze-Dark/assets/titlebutton-maximize-hover.png
-rw-r--r-- root/root       866 2022-05-20 17:42 usr/share/themes/Breeze-Dark/assets/titlebutton-maximize-hover@2.png
-rw-r--r-- root/root       495 2022-05-20 17:42 usr/share/themes/Breeze-Dark/assets/titlebutton-maximize-maximized-active-backdrop.png
-rw-r--r-- root/root      1016 2022-05-20 17:42 usr/share/themes/Breeze-Dark/assets/titlebutton-maximize-maximized-active-backdrop@2.png
-rw-r--r-- root/root       423 2022-05-20 17:42 usr/share/themes/Breeze-Dark/assets/titlebutton-maximize-maximized-active.png
-rw-r--r-- root/root       916 2022-05-20 17:42 usr/share/themes/Breeze-Dark/assets/titlebutton-maximize-maximized-active@2.png
-rw-r--r-- root/root       244 2022-05-20 17:42 usr/share/themes/Breeze-Dark/assets/titlebutton-maximize-maximized-backdrop.png
-rw-r--r-- root/root       359 2022-05-20 17:42 usr/share/themes/Breeze-Dark/assets/titlebutton-maximize-maximized-backdrop@2.png
-rw-r--r-- root/root       495 2022-05-20 17:42 usr/share/themes/Breeze-Dark/assets/titlebutton-maximize-maximized-hover-backdrop.png
-rw-r--r-- root/root      1016 2022-05-20 17:42 usr/share/themes/Breeze-Dark/assets/titlebutton-maximize-maximized-hover-backdrop@2.png
-rw-r--r-- root/root       423 2022-05-20 17:42 usr/share/themes/Breeze-Dark/assets/titlebutton-maximize-maximized-hover.png
-rw-r--r-- root/root       916 2022-05-20 17:42 usr/share/themes/Breeze-Dark/assets/titlebutton-maximize-maximized-hover@2.png
-rw-r--r-- root/root       182 2022-05-20 17:42 usr/share/themes/Breeze-Dark/assets/titlebutton-maximize-maximized.png
-rw-r--r-- root/root       253 2022-05-20 17:42 usr/share/themes/Breeze-Dark/assets/titlebutton-maximize-maximized@2.png
-rw-r--r-- root/root       162 2022-05-20 17:42 usr/share/themes/Breeze-Dark/assets/titlebutton-maximize.png
-rw-r--r-- root/root       224 2022-05-20 17:42 usr/share/themes/Breeze-Dark/assets/titlebutton-maximize@2.png
-rw-r--r-- root/root       484 2022-05-20 17:42 usr/share/themes/Breeze-Dark/assets/titlebutton-minimize-active-backdrop.png
-rw-r--r-- root/root       983 2022-05-20 17:42 usr/share/themes/Breeze-Dark/assets/titlebutton-minimize-active-backdrop@2.png
-rw-r--r-- root/root       416 2022-05-20 17:42 usr/share/themes/Breeze-Dark/assets/titlebutton-minimize-active.png
-rw-r--r-- root/root       883 2022-05-20 17:42 usr/share/themes/Breeze-Dark/assets/titlebutton-minimize-active@2.png
-rw-r--r-- root/root       228 2022-05-20 17:42 usr/share/themes/Breeze-Dark/assets/titlebutton-minimize-backdrop.png
-rw-r--r-- root/root       340 2022-05-20 17:42 usr/share/themes/Breeze-Dark/assets/titlebutton-minimize-backdrop@2.png
-rw-r--r-- root/root       484 2022-05-20 17:42 usr/share/themes/Breeze-Dark/assets/titlebutton-minimize-hover-backdrop.png
-rw-r--r-- root/root       983 2022-05-20 17:42 usr/share/themes/Breeze-Dark/assets/titlebutton-minimize-hover-backdrop@2.png
-rw-r--r-- root/root       416 2022-05-20 17:42 usr/share/themes/Breeze-Dark/assets/titlebutton-minimize-hover.png
-rw-r--r-- root/root       883 2022-05-20 17:42 usr/share/themes/Breeze-Dark/assets/titlebutton-minimize-hover@2.png
-rw-r--r-- root/root       161 2022-05-20 17:42 usr/share/themes/Breeze-Dark/assets/titlebutton-minimize.png
-rw-r--r-- root/root       215 2022-05-20 17:42 usr/share/themes/Breeze-Dark/assets/titlebutton-minimize@2.png
-rw-r--r-- root/root       261 2022-05-20 17:42 usr/share/themes/Breeze-Dark/assets/togglebutton-active.png
-rw-r--r-- root/root       317 2022-05-20 17:42 usr/share/themes/Breeze-Dark/assets/togglebutton-hover.png
-rw-r--r-- root/root       279 2022-05-20 17:42 usr/share/themes/Breeze-Dark/assets/togglebutton-insensitive.png
-rw-r--r-- root/root       280 2022-05-20 17:42 usr/share/themes/Breeze-Dark/assets/togglebutton.png
-rw-r--r-- root/root       104 2022-05-20 17:42 usr/share/themes/Breeze-Dark/assets/toolbar-background.png
-rw-r--r-- root/root       225 2022-05-20 17:42 usr/share/themes/Breeze-Dark/assets/toolbutton-active.png
-rw-r--r-- root/root       279 2022-05-20 17:42 usr/share/themes/Breeze-Dark/assets/toolbutton-hover.png
-rw-r--r-- root/root       227 2022-05-20 17:42 usr/share/themes/Breeze-Dark/assets/toolbutton-toggled.png
-rw-r--r-- root/root       120 2022-05-20 17:42 usr/share/themes/Breeze-Dark/assets/tree-header.png
drwxr-xr-x root/root         0 2022-05-20 17:42 usr/share/themes/Breeze-Dark/gtk-2.0/
-rw-r--r-- root/root      1033 2022-05-20 17:42 usr/share/themes/Breeze-Dark/gtk-2.0/gtkrc
drwxr-xr-x root/root         0 2022-05-20 17:42 usr/share/themes/Breeze-Dark/gtk-2.0/widgets/
-rw-r--r-- root/root     10071 2022-05-20 17:42 usr/share/themes/Breeze-Dark/gtk-2.0/widgets/buttons
-rw-r--r-- root/root     17033 2022-05-20 17:42 usr/share/themes/Breeze-Dark/gtk-2.0/widgets/default
-rw-r--r-- root/root      4312 2022-05-20 17:42 usr/share/themes/Breeze-Dark/gtk-2.0/widgets/entry
-rw-r--r-- root/root      7814 2022-05-20 17:42 usr/share/themes/Breeze-Dark/gtk-2.0/widgets/menu
-rw-r--r-- root/root      5193 2022-05-20 17:42 usr/share/themes/Breeze-Dark/gtk-2.0/widgets/misc
-rw-r--r-- root/root      3903 2022-05-20 17:42 usr/share/themes/Breeze-Dark/gtk-2.0/widgets/notebook
-rw-r--r-- root/root      1019 2022-05-20 17:42 usr/share/themes/Breeze-Dark/gtk-2.0/widgets/progressbar
-rw-r--r-- root/root      2520 2022-05-20 17:42 usr/share/themes/Breeze-Dark/gtk-2.0/widgets/range
-rw-r--r-- root/root      2798 2022-05-20 17:42 usr/share/themes/Breeze-Dark/gtk-2.0/widgets/scrollbar
-rw-r--r-- root/root      3313 2022-05-20 17:42 usr/share/themes/Breeze-Dark/gtk-2.0/widgets/styles
-rw-r--r-- root/root      2525 2022-05-20 17:42 usr/share/themes/Breeze-Dark/gtk-2.0/widgets/toolbar
drwxr-xr-x root/root         0 2022-05-20 17:42 usr/share/themes/Breeze-Dark/gtk-3.0/
-rw-r--r-- root/root    209904 2022-05-20 17:42 usr/share/themes/Breeze-Dark/gtk-3.0/gtk.css
drwxr-xr-x root/root         0 2022-05-20 17:42 usr/share/themes/Breeze-Dark/gtk-4.0/
-rw-r--r-- root/root    184772 2022-05-20 17:42 usr/share/themes/Breeze-Dark/gtk-4.0/gtk.css
-rw-r--r-- root/root       100 2022-05-19 12:14 usr/share/themes/Breeze-Dark/settings.ini
drwxr-xr-x root/root         0 2022-05-20 17:42 usr/share/themes/Breeze/assets/
-rw-r--r-- root/root       222 2022-05-20 17:42 usr/share/themes/Breeze/assets/arrow-down-active.png
-rw-r--r-- root/root       222 2022-05-20 17:42 usr/share/themes/Breeze/assets/arrow-down-hover.png
-rw-r--r-- root/root       248 2022-05-20 17:42 usr/share/themes/Breeze/assets/arrow-down-insensitive.png
-rw-r--r-- root/root       203 2022-05-20 17:42 usr/share/themes/Breeze/assets/arrow-down.png
-rw-r--r-- root/root       213 2022-05-20 17:42 usr/share/themes/Breeze/assets/arrow-left-active.png
-rw-r--r-- root/root       213 2022-05-20 17:42 usr/share/themes/Breeze/assets/arrow-left-hover.png
-rw-r--r-- root/root       248 2022-05-20 17:42 usr/share/themes/Breeze/assets/arrow-left-insensitive.png
-rw-r--r-- root/root       187 2022-05-20 17:42 usr/share/themes/Breeze/assets/arrow-left.png
-rw-r--r-- root/root       226 2022-05-20 17:42 usr/share/themes/Breeze/assets/arrow-right-active.png
-rw-r--r-- root/root       226 2022-05-20 17:42 usr/share/themes/Breeze/assets/arrow-right-hover.png
-rw-r--r-- root/root       242 2022-05-20 17:42 usr/share/themes/Breeze/assets/arrow-right-insensitive.png
-rw-r--r-- root/root       215 2022-05-20 17:42 usr/share/themes/Breeze/assets/arrow-right.png
-rw-r--r-- root/root       185 2022-05-20 17:42 usr/share/themes/Breeze/assets/arrow-small-down-active.png
-rw-r--r-- root/root       185 2022-05-20 17:42 usr/share/themes/Breeze/assets/arrow-small-down-hover.png
-rw-r--r-- root/root       194 2022-05-20 17:42 usr/share/themes/Breeze/assets/arrow-small-down-insensitive.png
-rw-r--r-- root/root       183 2022-05-20 17:42 usr/share/themes/Breeze/assets/arrow-small-down.png
-rw-r--r-- root/root       182 2022-05-20 17:42 usr/share/themes/Breeze/assets/arrow-small-left-active.png
-rw-r--r-- root/root       182 2022-05-20 17:42 usr/share/themes/Breeze/assets/arrow-small-left-hover.png
-rw-r--r-- root/root       201 2022-05-20 17:42 usr/share/themes/Breeze/assets/arrow-small-left-insensitive.png
-rw-r--r-- root/root       154 2022-05-20 17:42 usr/share/themes/Breeze/assets/arrow-small-left.png
-rw-r--r-- root/root       183 2022-05-20 17:42 usr/share/themes/Breeze/assets/arrow-small-right-active.png
-rw-r--r-- root/root       183 2022-05-20 17:42 usr/share/themes/Breeze/assets/arrow-small-right-hover.png
-rw-r--r-- root/root       203 2022-05-20 17:42 usr/share/themes/Breeze/assets/arrow-small-right-insensitive.png
-rw-r--r-- root/root       193 2022-05-20 17:42 usr/share/themes/Breeze/assets/arrow-small-right.png
-rw-r--r-- root/root       183 2022-05-20 17:42 usr/share/themes/Breeze/assets/arrow-small-up-active.png
-rw-r--r-- root/root       183 2022-05-20 17:42 usr/share/themes/Breeze/assets/arrow-small-up-hover.png
-rw-r--r-- root/root       198 2022-05-20 17:42 usr/share/themes/Breeze/assets/arrow-small-up-insensitive.png
-rw-r--r-- root/root       181 2022-05-20 17:42 usr/share/themes/Breeze/assets/arrow-small-up.png
-rw-r--r-- root/root       218 2022-05-20 17:42 usr/share/themes/Breeze/assets/arrow-up-active.png
-rw-r--r-- root/root       218 2022-05-20 17:42 usr/share/themes/Breeze/assets/arrow-up-hover.png
-rw-r--r-- root/root       238 2022-05-20 17:42 usr/share/themes/Breeze/assets/arrow-up-insensitive.png
-rw-r--r-- root/root       204 2022-05-20 17:42 usr/share/themes/Breeze/assets/arrow-up.png
-rw-r--r-- root/root      1138 2022-05-20 17:42 usr/share/themes/Breeze/assets/breeze-check-checked-symbolic.svg
-rw-r--r-- root/root      1126 2022-05-20 17:42 usr/share/themes/Breeze/assets/breeze-check-indeterminate-symbolic.svg
-rw-r--r-- root/root      1068 2022-05-20 17:42 usr/share/themes/Breeze/assets/breeze-check-unchecked-symbolic.svg
-rw-r--r-- root/root       450 2022-05-20 17:42 usr/share/themes/Breeze/assets/breeze-close-active-symbolic.svg
-rw-r--r-- root/root       777 2022-05-20 17:42 usr/share/themes/Breeze/assets/breeze-close-hover-symbolic.svg
-rw-r--r-- root/root       397 2022-05-20 17:42 usr/share/themes/Breeze/assets/breeze-close-symbolic.svg
-rw-r--r-- root/root       365 2022-05-20 17:42 usr/share/themes/Breeze/assets/breeze-maximize-active-symbolic.svg
-rw-r--r-- root/root       352 2022-05-20 17:42 usr/share/themes/Breeze/assets/breeze-maximize-hover-symbolic.svg
-rw-r--r-- root/root       411 2022-05-20 17:42 usr/share/themes/Breeze/assets/breeze-maximize-symbolic.svg
-rw-r--r-- root/root       368 2022-05-20 17:42 usr/share/themes/Breeze/assets/breeze-maximized-active-symbolic.svg
-rw-r--r-- root/root       355 2022-05-20 17:42 usr/share/themes/Breeze/assets/breeze-maximized-hover-symbolic.svg
-rw-r--r-- root/root       423 2022-05-20 17:42 usr/share/themes/Breeze/assets/breeze-maximized-symbolic.svg
-rw-r--r-- root/root       372 2022-05-20 17:42 usr/share/themes/Breeze/assets/breeze-minimize-active-symbolic.svg
-rw-r--r-- root/root       359 2022-05-20 17:42 usr/share/themes/Breeze/assets/breeze-minimize-hover-symbolic.svg
-rw-r--r-- root/root       418 2022-05-20 17:42 usr/share/themes/Breeze/assets/breeze-minimize-symbolic.svg
-rw-r--r-- root/root      1161 2022-05-20 17:42 usr/share/themes/Breeze/assets/breeze-radio-checked-symbolic.svg
-rw-r--r-- root/root      1333 2022-05-20 17:42 usr/share/themes/Breeze/assets/breeze-radio-indeterminate-symbolic.svg
-rw-r--r-- root/root       465 2022-05-20 17:42 usr/share/themes/Breeze/assets/breeze-radio-unchecked-symbolic.svg
-rw-r--r-- root/root      1290 2022-05-20 17:42 usr/share/themes/Breeze/assets/bullet-symbolic.svg
-rw-r--r-- root/root       303 2022-05-20 17:42 usr/share/themes/Breeze/assets/button-active.png
-rw-r--r-- root/root       355 2022-05-20 17:42 usr/share/themes/Breeze/assets/button-hover.png
-rw-r--r-- root/root       318 2022-05-20 17:42 usr/share/themes/Breeze/assets/button-insensitive.png
-rw-r--r-- root/root       342 2022-05-20 17:42 usr/share/themes/Breeze/assets/button.png
-rw-r--r-- root/root       364 2022-05-20 17:42 usr/share/themes/Breeze/assets/check-checked-active.png
-rw-r--r-- root/root       724 2022-05-20 17:42 usr/share/themes/Breeze/assets/check-checked-active@2.png
-rw-r--r-- root/root       350 2022-05-20 17:42 usr/share/themes/Breeze/assets/check-checked-backdrop-insensitive.png
-rw-r--r-- root/root       695 2022-05-20 17:42 usr/share/themes/Breeze/assets/check-checked-backdrop-insensitive@2.png
-rw-r--r-- root/root       366 2022-05-20 17:42 usr/share/themes/Breeze/assets/check-checked-backdrop.png
-rw-r--r-- root/root       736 2022-05-20 17:42 usr/share/themes/Breeze/assets/check-checked-backdrop@2.png
-rw-r--r-- root/root       364 2022-05-20 17:42 usr/share/themes/Breeze/assets/check-checked-hover.png
-rw-r--r-- root/root       724 2022-05-20 17:42 usr/share/themes/Breeze/assets/check-checked-hover@2.png
-rw-r--r-- root/root       350 2022-05-20 17:42 usr/share/themes/Breeze/assets/check-checked-insensitive.png
-rw-r--r-- root/root       695 2022-05-20 17:42 usr/share/themes/Breeze/assets/check-checked-insensitive@2.png
-rw-r--r-- root/root       411 2022-05-20 17:42 usr/share/themes/Breeze/assets/check-mixed-active.png
-rw-r--r-- root/root       803 2022-05-20 17:42 usr/share/themes/Breeze/assets/check-mixed-active@2.png
-rw-r--r-- root/root       393 2022-05-20 17:42 usr/share/themes/Breeze/assets/check-mixed-backdrop-insensitive.png
-rw-r--r-- root/root       777 2022-05-20 17:42 usr/share/themes/Breeze/assets/check-mixed-backdrop-insensitive@2.png
-rw-r--r-- root/root       415 2022-05-20 17:42 usr/share/themes/Breeze/assets/check-mixed-backdrop.png
-rw-r--r-- root/root       817 2022-05-20 17:42 usr/share/themes/Breeze/assets/check-mixed-backdrop@2.png
-rw-r--r-- root/root       411 2022-05-20 17:42 usr/share/themes/Breeze/assets/check-mixed-hover.png
-rw-r--r-- root/root       803 2022-05-20 17:42 usr/share/themes/Breeze/assets/check-mixed-hover@2.png
-rw-r--r-- root/root       393 2022-05-20 17:42 usr/share/themes/Breeze/assets/check-mixed-insensitive.png
-rw-r--r-- root/root       777 2022-05-20 17:42 usr/share/themes/Breeze/assets/check-mixed-insensitive@2.png
-rw-r--r-- root/root       418 2022-05-20 17:42 usr/share/themes/Breeze/assets/check-selectionmode-checked-active.png
-rw-r--r-- root/root       843 2022-05-20 17:42 usr/share/themes/Breeze/assets/check-selectionmode-checked-active@2.png
-rw-r--r-- root/root       405 2022-05-20 17:42 usr/share/themes/Breeze/assets/check-selectionmode-checked-backdrop-insensitive.png
-rw-r--r-- root/root       830 2022-05-20 17:42 usr/share/themes/Breeze/assets/check-selectionmode-checked-backdrop-insensitive@2.png
-rw-r--r-- root/root       420 2022-05-20 17:42 usr/share/themes/Breeze/assets/check-selectionmode-checked-backdrop.png
-rw-r--r-- root/root       847 2022-05-20 17:42 usr/share/themes/Breeze/assets/check-selectionmode-checked-backdrop@2.png
-rw-r--r-- root/root       418 2022-05-20 17:42 usr/share/themes/Breeze/assets/check-selectionmode-checked-hover.png
-rw-r--r-- root/root       843 2022-05-20 17:42 usr/share/themes/Breeze/assets/check-selectionmode-checked-hover@2.png
-rw-r--r-- root/root       405 2022-05-20 17:42 usr/share/themes/Breeze/assets/check-selectionmode-checked-insensitive.png
-rw-r--r-- root/root       830 2022-05-20 17:42 usr/share/themes/Breeze/assets/check-selectionmode-checked-insensitive@2.png
-rw-r--r-- root/root       376 2022-05-20 17:42 usr/share/themes/Breeze/assets/check-selectionmode-unchecked-active.png
-rw-r--r-- root/root       755 2022-05-20 17:42 usr/share/themes/Breeze/assets/check-selectionmode-unchecked-active@2.png
-rw-r--r-- root/root       361 2022-05-20 17:42 usr/share/themes/Breeze/assets/check-selectionmode-unchecked-backdrop-insensitive.png
-rw-r--r-- root/root       738 2022-05-20 17:42 usr/share/themes/Breeze/assets/check-selectionmode-unchecked-backdrop-insensitive@2.png
-rw-r--r-- root/root       375 2022-05-20 17:42 usr/share/themes/Breeze/assets/check-selectionmode-unchecked-backdrop.png
-rw-r--r-- root/root       760 2022-05-20 17:42 usr/share/themes/Breeze/assets/check-selectionmode-unchecked-backdrop@2.png
-rw-r--r-- root/root       376 2022-05-20 17:42 usr/share/themes/Breeze/assets/check-selectionmode-unchecked-hover.png
-rw-r--r-- root/root       755 2022-05-20 17:42 usr/share/themes/Breeze/assets/check-selectionmode-unchecked-hover@2.png
-rw-r--r-- root/root       361 2022-05-20 17:42 usr/share/themes/Breeze/assets/check-selectionmode-unchecked-insensitive.png
-rw-r--r-- root/root       738 2022-05-20 17:42 usr/share/themes/Breeze/assets/check-selectionmode-unchecked-insensitive@2.png
-rw-r--r-- root/root       375 2022-05-20 17:42 usr/share/themes/Breeze/assets/check-selectionmode-unchecked.png
-rw-r--r-- root/root       760 2022-05-20 17:42 usr/share/themes/Breeze/assets/check-selectionmode-unchecked@2.png
-rw-r--r-- root/root       328 2022-05-20 17:42 usr/share/themes/Breeze/assets/check-unchecked-active.png
-rw-r--r-- root/root       641 2022-05-20 17:42 usr/share/themes/Breeze/assets/check-unchecked-active@2.png
-rw-r--r-- root/root       308 2022-05-20 17:42 usr/share/themes/Breeze/assets/check-unchecked-backdrop-insensitive.png
-rw-r--r-- root/root       619 2022-05-20 17:42 usr/share/themes/Breeze/assets/check-unchecked-backdrop-insensitive@2.png
-rw-r--r-- root/root       321 2022-05-20 17:42 usr/share/themes/Breeze/assets/check-unchecked-backdrop.png
-rw-r--r-- root/root       651 2022-05-20 17:42 usr/share/themes/Breeze/assets/check-unchecked-backdrop@2.png
-rw-r--r-- root/root       328 2022-05-20 17:42 usr/share/themes/Breeze/assets/check-unchecked-hover.png
-rw-r--r-- root/root       641 2022-05-20 17:42 usr/share/themes/Breeze/assets/check-unchecked-hover@2.png
-rw-r--r-- root/root       308 2022-05-20 17:42 usr/share/themes/Breeze/assets/check-unchecked-insensitive.png
-rw-r--r-- root/root       619 2022-05-20 17:42 usr/share/themes/Breeze/assets/check-unchecked-insensitive@2.png
-rw-r--r-- root/root       321 2022-05-20 17:42 usr/share/themes/Breeze/assets/check-unchecked.png
-rw-r--r-- root/root       651 2022-05-20 17:42 usr/share/themes/Breeze/assets/check-unchecked@2.png
-rw-r--r-- root/root      1316 2022-05-20 17:42 usr/share/themes/Breeze/assets/checkmark-symbolic.svg
-rw-r--r-- root/root       197 2022-05-20 17:42 usr/share/themes/Breeze/assets/combo-entry-active.png
-rw-r--r-- root/root       207 2022-05-20 17:42 usr/share/themes/Breeze/assets/combo-entry-button-active.png
-rw-r--r-- root/root       213 2022-05-20 17:42 usr/share/themes/Breeze/assets/combo-entry-button-insensitive.png
-rw-r--r-- root/root       202 2022-05-20 17:42 usr/share/themes/Breeze/assets/combo-entry-button.png
-rw-r--r-- root/root       206 2022-05-20 17:42 usr/share/themes/Breeze/assets/combo-entry-insensitive.png
-rw-r--r-- root/root       186 2022-05-20 17:42 usr/share/themes/Breeze/assets/combo-entry.png
-rw-r--r-- root/root      1273 2022-05-20 17:42 usr/share/themes/Breeze/assets/dash-symbolic.svg
-rw-r--r-- root/root       259 2022-05-20 17:42 usr/share/themes/Breeze/assets/entry-active.png
-rw-r--r-- root/root       252 2022-05-20 17:42 usr/share/themes/Breeze/assets/entry-insensitive.png
-rw-r--r-- root/root       238 2022-05-20 17:42 usr/share/themes/Breeze/assets/entry.png
-rw-r--r-- root/root        92 2022-05-20 17:42 usr/share/themes/Breeze/assets/frame-gap-end.png
-rw-r--r-- root/root        92 2022-05-20 17:42 usr/share/themes/Breeze/assets/frame-gap-start.png
-rw-r--r-- root/root       241 2022-05-20 17:42 usr/share/themes/Breeze/assets/frame.png
-rw-r--r-- root/root        90 2022-05-20 17:42 usr/share/themes/Breeze/assets/handle-h.png
-rw-r--r-- root/root        93 2022-05-20 17:42 usr/share/themes/Breeze/assets/handle-v.png
-rw-r--r-- root/root        90 2022-05-20 17:42 usr/share/themes/Breeze/assets/line-h.png
-rw-r--r-- root/root        93 2022-05-20 17:42 usr/share/themes/Breeze/assets/line-v.png
-rw-r--r-- root/root       242 2022-05-20 17:42 usr/share/themes/Breeze/assets/menu-arrow-insensitive.png
-rw-r--r-- root/root       144 2022-05-20 17:42 usr/share/themes/Breeze/assets/menu-arrow-selected.png
-rw-r--r-- root/root       215 2022-05-20 17:42 usr/share/themes/Breeze/assets/menu-arrow.png
-rw-r--r-- root/root       121 2022-05-20 17:42 usr/share/themes/Breeze/assets/menubar-button.png
-rw-r--r-- root/root       225 2022-05-20 17:42 usr/share/themes/Breeze/assets/notebook-frame-bottom.png
-rw-r--r-- root/root       223 2022-05-20 17:42 usr/share/themes/Breeze/assets/notebook-frame-right.png
-rw-r--r-- root/root       217 2022-05-20 17:42 usr/share/themes/Breeze/assets/notebook-frame-top.png
-rw-r--r-- root/root       104 2022-05-20 17:42 usr/share/themes/Breeze/assets/notebook-gap-horizontal.png
-rw-r--r-- root/root        99 2022-05-20 17:42 usr/share/themes/Breeze/assets/notebook-gap-vertical.png
-rw-r--r-- root/root        96 2022-05-20 17:42 usr/share/themes/Breeze/assets/null.png
-rw-r--r-- root/root       196 2022-05-20 17:42 usr/share/themes/Breeze/assets/progressbar-bar.png
-rw-r--r-- root/root       194 2022-05-20 17:42 usr/share/themes/Breeze/assets/progressbar-trough.png
-rw-r--r-- root/root       829 2022-05-20 17:42 usr/share/themes/Breeze/assets/radio-checked-active.png
-rw-r--r-- root/root      1939 2022-05-20 17:42 usr/share/themes/Breeze/assets/radio-checked-active@2.png
-rw-r--r-- root/root       818 2022-05-20 17:42 usr/share/themes/Breeze/assets/radio-checked-backdrop-insensitive.png
-rw-r--r-- root/root      1865 2022-05-20 17:42 usr/share/themes/Breeze/assets/radio-checked-backdrop-insensitive@2.png
-rw-r--r-- root/root       851 2022-05-20 17:42 usr/share/themes/Breeze/assets/radio-checked-backdrop.png
-rw-r--r-- root/root      2031 2022-05-20 17:42 usr/share/themes/Breeze/assets/radio-checked-backdrop@2.png
-rw-r--r-- root/root       829 2022-05-20 17:42 usr/share/themes/Breeze/assets/radio-checked-hover.png
-rw-r--r-- root/root      1939 2022-05-20 17:42 usr/share/themes/Breeze/assets/radio-checked-hover@2.png
-rw-r--r-- root/root       818 2022-05-20 17:42 usr/share/themes/Breeze/assets/radio-checked-insensitive.png
-rw-r--r-- root/root      1865 2022-05-20 17:42 usr/share/themes/Breeze/assets/radio-checked-insensitive@2.png
-rw-r--r-- root/root       909 2022-05-20 17:42 usr/share/themes/Breeze/assets/radio-mixed-active.png
-rw-r--r-- root/root      2089 2022-05-20 17:42 usr/share/themes/Breeze/assets/radio-mixed-active@2.png
-rw-r--r-- root/root       872 2022-05-20 17:42 usr/share/themes/Breeze/assets/radio-mixed-backdrop-insensitive.png
-rw-r--r-- root/root      1971 2022-05-20 17:42 usr/share/themes/Breeze/assets/radio-mixed-backdrop-insensitive@2.png
-rw-r--r-- root/root       949 2022-05-20 17:42 usr/share/themes/Breeze/assets/radio-mixed-backdrop.png
-rw-r--r-- root/root      2188 2022-05-20 17:42 usr/share/themes/Breeze/assets/radio-mixed-backdrop@2.png
-rw-r--r-- root/root       909 2022-05-20 17:42 usr/share/themes/Breeze/assets/radio-mixed-hover.png
-rw-r--r-- root/root      2089 2022-05-20 17:42 usr/share/themes/Breeze/assets/radio-mixed-hover@2.png
-rw-r--r-- root/root       872 2022-05-20 17:42 usr/share/themes/Breeze/assets/radio-mixed-insensitive.png
-rw-r--r-- root/root      1971 2022-05-20 17:42 usr/share/themes/Breeze/assets/radio-mixed-insensitive@2.png
-rw-r--r-- root/root       686 2022-05-20 17:42 usr/share/themes/Breeze/assets/radio-unchecked-active.png
-rw-r--r-- root/root      1562 2022-05-20 17:42 usr/share/themes/Breeze/assets/radio-unchecked-active@2.png
-rw-r--r-- root/root       667 2022-05-20 17:42 usr/share/themes/Breeze/assets/radio-unchecked-backdrop-insensitive.png
-rw-r--r-- root/root      1509 2022-05-20 17:42 usr/share/themes/Breeze/assets/radio-unchecked-backdrop-insensitive@2.png
-rw-r--r-- root/root       686 2022-05-20 17:42 usr/share/themes/Breeze/assets/radio-unchecked-backdrop.png
-rw-r--r-- root/root      1609 2022-05-20 17:42 usr/share/themes/Breeze/assets/radio-unchecked-backdrop@2.png
-rw-r--r-- root/root       686 2022-05-20 17:42 usr/share/themes/Breeze/assets/radio-unchecked-hover.png
-rw-r--r-- root/root      1562 2022-05-20 17:42 usr/share/themes/Breeze/assets/radio-unchecked-hover@2.png
-rw-r--r-- root/root       667 2022-05-20 17:42 usr/share/themes/Breeze/assets/radio-unchecked-insensitive.png
-rw-r--r-- root/root      1509 2022-05-20 17:42 usr/share/themes/Breeze/assets/radio-unchecked-insensitive@2.png
-rw-r--r-- root/root       686 2022-05-20 17:42 usr/share/themes/Breeze/assets/radio-unchecked.png
-rw-r--r-- root/root      1609 2022-05-20 17:42 usr/share/themes/Breeze/assets/radio-unchecked@2.png
-rw-r--r-- root/root       694 2022-05-20 17:42 usr/share/themes/Breeze/assets/scale-slider-active.png
-rw-r--r-- root/root       694 2022-05-20 17:42 usr/share/themes/Breeze/assets/scale-slider-hover.png
-rw-r--r-- root/root       605 2022-05-20 17:42 usr/share/themes/Breeze/assets/scale-slider-insensitive.png
-rw-r--r-- root/root       669 2022-05-20 17:42 usr/share/themes/Breeze/assets/scale-slider.png
-rw-r--r-- root/root       193 2022-05-20 17:42 usr/share/themes/Breeze/assets/scale-trough-horizontal.png
-rw-r--r-- root/root       221 2022-05-20 17:42 usr/share/themes/Breeze/assets/scale-trough-vertical.png
-rw-r--r-- root/root       251 2022-05-20 17:42 usr/share/themes/Breeze/assets/scrollbar-slider-horizontal-active.png
-rw-r--r-- root/root       498 2022-05-20 17:42 usr/share/themes/Breeze/assets/scrollbar-slider-horizontal-active@2.png
-rw-r--r-- root/root       199 2022-05-20 17:42 usr/share/themes/Breeze/assets/scrollbar-slider-horizontal-hover.png
-rw-r--r-- root/root       349 2022-05-20 17:42 usr/share/themes/Breeze/assets/scrollbar-slider-horizontal-hover@2.png
-rw-r--r-- root/root       207 2022-05-20 17:42 usr/share/themes/Breeze/assets/scrollbar-slider-horizontal.png
-rw-r--r-- root/root       332 2022-05-20 17:42 usr/share/themes/Breeze/assets/scrollbar-slider-horizontal@2.png
-rw-r--r-- root/root       271 2022-05-20 17:42 usr/share/themes/Breeze/assets/scrollbar-slider-vertical-active.png
-rw-r--r-- root/root       563 2022-05-20 17:42 usr/share/themes/Breeze/assets/scrollbar-slider-vertical-active@2.png
-rw-r--r-- root/root       227 2022-05-20 17:42 usr/share/themes/Breeze/assets/scrollbar-slider-vertical-hover.png
-rw-r--r-- root/root       411 2022-05-20 17:42 usr/share/themes/Breeze/assets/scrollbar-slider-vertical-hover@2.png
-rw-r--r-- root/root       234 2022-05-20 17:42 usr/share/themes/Breeze/assets/scrollbar-slider-vertical.png
-rw-r--r-- root/root       393 2022-05-20 17:42 usr/share/themes/Breeze/assets/scrollbar-slider-vertical@2.png
-rw-r--r-- root/root       271 2022-05-20 17:42 usr/share/themes/Breeze/assets/scrollbar-trough-horizontal.png
-rw-r--r-- root/root       362 2022-05-20 17:42 usr/share/themes/Breeze/assets/scrollbar-trough-horizontal@2.png
-rw-r--r-- root/root       250 2022-05-20 17:42 usr/share/themes/Breeze/assets/scrollbar-trough-vertical.png
-rw-r--r-- root/root       428 2022-05-20 17:42 usr/share/themes/Breeze/assets/scrollbar-trough-vertical@2.png
-rw-r--r-- root/root       168 2022-05-20 17:42 usr/share/themes/Breeze/assets/spinbutton-down-insensitive.png
-rw-r--r-- root/root       158 2022-05-20 17:42 usr/share/themes/Breeze/assets/spinbutton-down-rtl-insensitive.png
-rw-r--r-- root/root       148 2022-05-20 17:42 usr/share/themes/Breeze/assets/spinbutton-down-rtl.png
-rw-r--r-- root/root       155 2022-05-20 17:42 usr/share/themes/Breeze/assets/spinbutton-down.png
-rw-r--r-- root/root       178 2022-05-20 17:42 usr/share/themes/Breeze/assets/spinbutton-up-insensitive.png
-rw-r--r-- root/root       168 2022-05-20 17:42 usr/share/themes/Breeze/assets/spinbutton-up-rtl-insensitive.png
-rw-r--r-- root/root       154 2022-05-20 17:42 usr/share/themes/Breeze/assets/spinbutton-up-rtl.png
-rw-r--r-- root/root       168 2022-05-20 17:42 usr/share/themes/Breeze/assets/spinbutton-up.png
-rw-r--r-- root/root       183 2022-05-20 17:42 usr/share/themes/Breeze/assets/tab-bottom-active.png
-rw-r--r-- root/root       159 2022-05-20 17:42 usr/share/themes/Breeze/assets/tab-bottom-inactive.png
-rw-r--r-- root/root       197 2022-05-20 17:42 usr/share/themes/Breeze/assets/tab-left-active.png
-rw-r--r-- root/root       170 2022-05-20 17:42 usr/share/themes/Breeze/assets/tab-left-inactive.png
-rw-r--r-- root/root       196 2022-05-20 17:42 usr/share/themes/Breeze/assets/tab-right-active.png
-rw-r--r-- root/root       172 2022-05-20 17:42 usr/share/themes/Breeze/assets/tab-right-inactive.png
-rw-r--r-- root/root       198 2022-05-20 17:42 usr/share/themes/Breeze/assets/tab-top-active.png
-rw-r--r-- root/root       170 2022-05-20 17:42 usr/share/themes/Breeze/assets/tab-top-inactive.png
-rw-r--r-- root/root       522 2022-05-20 17:42 usr/share/themes/Breeze/assets/titlebutton-close-active-backdrop.png
-rw-r--r-- root/root      1028 2022-05-20 17:42 usr/share/themes/Breeze/assets/titlebutton-close-active-backdrop@2.png
-rw-r--r-- root/root       522 2022-05-20 17:42 usr/share/themes/Breeze/assets/titlebutton-close-active.png
-rw-r--r-- root/root      1028 2022-05-20 17:42 usr/share/themes/Breeze/assets/titlebutton-close-active@2.png
-rw-r--r-- root/root       530 2022-05-20 17:42 usr/share/themes/Breeze/assets/titlebutton-close-backdrop.png
-rw-r--r-- root/root      1039 2022-05-20 17:42 usr/share/themes/Breeze/assets/titlebutton-close-backdrop@2.png
-rw-r--r-- root/root       492 2022-05-20 17:42 usr/share/themes/Breeze/assets/titlebutton-close-hover-backdrop.png
-rw-r--r-- root/root       963 2022-05-20 17:42 usr/share/themes/Breeze/assets/titlebutton-close-hover-backdrop@2.png
-rw-r--r-- root/root       492 2022-05-20 17:42 usr/share/themes/Breeze/assets/titlebutton-close-hover.png
-rw-r--r-- root/root       963 2022-05-20 17:42 usr/share/themes/Breeze/assets/titlebutton-close-hover@2.png
-rw-r--r-- root/root       506 2022-05-20 17:42 usr/share/themes/Breeze/assets/titlebutton-close.png
-rw-r--r-- root/root      1041 2022-05-20 17:42 usr/share/themes/Breeze/assets/titlebutton-close@2.png
-rw-r--r-- root/root       491 2022-05-20 17:42 usr/share/themes/Breeze/assets/titlebutton-maximize-active-backdrop.png
-rw-r--r-- root/root       969 2022-05-20 17:42 usr/share/themes/Breeze/assets/titlebutton-maximize-active-backdrop@2.png
-rw-r--r-- root/root       475 2022-05-20 17:42 usr/share/themes/Breeze/assets/titlebutton-maximize-active.png
-rw-r--r-- root/root       976 2022-05-20 17:42 usr/share/themes/Breeze/assets/titlebutton-maximize-active@2.png
-rw-r--r-- root/root       233 2022-05-20 17:42 usr/share/themes/Breeze/assets/titlebutton-maximize-backdrop.png
-rw-r--r-- root/root       354 2022-05-20 17:42 usr/share/themes/Breeze/assets/titlebutton-maximize-backdrop@2.png
-rw-r--r-- root/root       491 2022-05-20 17:42 usr/share/themes/Breeze/assets/titlebutton-maximize-hover-backdrop.png
-rw-r--r-- root/root       969 2022-05-20 17:42 usr/share/themes/Breeze/assets/titlebutton-maximize-hover-backdrop@2.png
-rw-r--r-- root/root       475 2022-05-20 17:42 usr/share/themes/Breeze/assets/titlebutton-maximize-hover.png
-rw-r--r-- root/root       976 2022-05-20 17:42 usr/share/themes/Breeze/assets/titlebutton-maximize-hover@2.png
-rw-r--r-- root/root       511 2022-05-20 17:42 usr/share/themes/Breeze/assets/titlebutton-maximize-maximized-active-backdrop.png
-rw-r--r-- root/root      1016 2022-05-20 17:42 usr/share/themes/Breeze/assets/titlebutton-maximize-maximized-active-backdrop@2.png
-rw-r--r-- root/root       488 2022-05-20 17:42 usr/share/themes/Breeze/assets/titlebutton-maximize-maximized-active.png
-rw-r--r-- root/root      1000 2022-05-20 17:42 usr/share/themes/Breeze/assets/titlebutton-maximize-maximized-active@2.png
-rw-r--r-- root/root       260 2022-05-20 17:42 usr/share/themes/Breeze/assets/titlebutton-maximize-maximized-backdrop.png
-rw-r--r-- root/root       392 2022-05-20 17:42 usr/share/themes/Breeze/assets/titlebutton-maximize-maximized-backdrop@2.png
-rw-r--r-- root/root       511 2022-05-20 17:42 usr/share/themes/Breeze/assets/titlebutton-maximize-maximized-hover-backdrop.png
-rw-r--r-- root/root      1016 2022-05-20 17:42 usr/share/themes/Breeze/assets/titlebutton-maximize-maximized-hover-backdrop@2.png
-rw-r--r-- root/root       488 2022-05-20 17:42 usr/share/themes/Breeze/assets/titlebutton-maximize-maximized-hover.png
-rw-r--r-- root/root      1000 2022-05-20 17:42 usr/share/themes/Breeze/assets/titlebutton-maximize-maximized-hover@2.png
-rw-r--r-- root/root       239 2022-05-20 17:42 usr/share/themes/Breeze/assets/titlebutton-maximize-maximized.png
-rw-r--r-- root/root       381 2022-05-20 17:42 usr/share/themes/Breeze/assets/titlebutton-maximize-maximized@2.png
-rw-r--r-- root/root       205 2022-05-20 17:42 usr/share/themes/Breeze/assets/titlebutton-maximize.png
-rw-r--r-- root/root       336 2022-05-20 17:42 usr/share/themes/Breeze/assets/titlebutton-maximize@2.png
-rw-r--r-- root/root       487 2022-05-20 17:42 usr/share/themes/Breeze/assets/titlebutton-minimize-active-backdrop.png
-rw-r--r-- root/root       995 2022-05-20 17:42 usr/share/themes/Breeze/assets/titlebutton-minimize-active-backdrop@2.png
-rw-r--r-- root/root       473 2022-05-20 17:42 usr/share/themes/Breeze/assets/titlebutton-minimize-active.png
-rw-r--r-- root/root       983 2022-05-20 17:42 usr/share/themes/Breeze/assets/titlebutton-minimize-active@2.png
-rw-r--r-- root/root       258 2022-05-20 17:42 usr/share/themes/Breeze/assets/titlebutton-minimize-backdrop.png
-rw-r--r-- root/root       337 2022-05-20 17:42 usr/share/themes/Breeze/assets/titlebutton-minimize-backdrop@2.png
-rw-r--r-- root/root       487 2022-05-20 17:42 usr/share/themes/Breeze/assets/titlebutton-minimize-hover-backdrop.png
-rw-r--r-- root/root       995 2022-05-20 17:42 usr/share/themes/Breeze/assets/titlebutton-minimize-hover-backdrop@2.png
-rw-r--r-- root/root       473 2022-05-20 17:42 usr/share/themes/Breeze/assets/titlebutton-minimize-hover.png
-rw-r--r-- root/root       983 2022-05-20 17:42 usr/share/themes/Breeze/assets/titlebutton-minimize-hover@2.png
-rw-r--r-- root/root       209 2022-05-20 17:42 usr/share/themes/Breeze/assets/titlebutton-minimize.png
-rw-r--r-- root/root       330 2022-05-20 17:42 usr/share/themes/Breeze/assets/titlebutton-minimize@2.png
-rw-r--r-- root/root       274 2022-05-20 17:42 usr/share/themes/Breeze/assets/togglebutton-active.png
-rw-r--r-- root/root       322 2022-05-20 17:42 usr/share/themes/Breeze/assets/togglebutton-hover.png
-rw-r--r-- root/root       281 2022-05-20 17:42 usr/share/themes/Breeze/assets/togglebutton-insensitive.png
-rw-r--r-- root/root       309 2022-05-20 17:42 usr/share/themes/Breeze/assets/togglebutton.png
-rw-r--r-- root/root       104 2022-05-20 17:42 usr/share/themes/Breeze/assets/toolbar-background.png
-rw-r--r-- root/root       225 2022-05-20 17:42 usr/share/themes/Breeze/assets/toolbutton-active.png
-rw-r--r-- root/root       269 2022-05-20 17:42 usr/share/themes/Breeze/assets/toolbutton-hover.png
-rw-r--r-- root/root       221 2022-05-20 17:42 usr/share/themes/Breeze/assets/toolbutton-toggled.png
-rw-r--r-- root/root       118 2022-05-20 17:42 usr/share/themes/Breeze/assets/tree-header.png
drwxr-xr-x root/root         0 2022-05-20 17:42 usr/share/themes/Breeze/gtk-2.0/
-rw-r--r-- root/root      1033 2022-05-20 17:42 usr/share/themes/Breeze/gtk-2.0/gtkrc
drwxr-xr-x root/root         0 2022-05-20 17:42 usr/share/themes/Breeze/gtk-2.0/widgets/
-rw-r--r-- root/root     10071 2022-05-20 17:42 usr/share/themes/Breeze/gtk-2.0/widgets/buttons
-rw-r--r-- root/root     17033 2022-05-20 17:42 usr/share/themes/Breeze/gtk-2.0/widgets/default
-rw-r--r-- root/root      4312 2022-05-20 17:42 usr/share/themes/Breeze/gtk-2.0/widgets/entry
-rw-r--r-- root/root      7814 2022-05-20 17:42 usr/share/themes/Breeze/gtk-2.0/widgets/menu
-rw-r--r-- root/root      5193 2022-05-20 17:42 usr/share/themes/Breeze/gtk-2.0/widgets/misc
-rw-r--r-- root/root      3903 2022-05-20 17:42 usr/share/themes/Breeze/gtk-2.0/widgets/notebook
-rw-r--r-- root/root      1019 2022-05-20 17:42 usr/share/themes/Breeze/gtk-2.0/widgets/progressbar
-rw-r--r-- root/root      2520 2022-05-20 17:42 usr/share/themes/Breeze/gtk-2.0/widgets/range
-rw-r--r-- root/root      2798 2022-05-20 17:42 usr/share/themes/Breeze/gtk-2.0/widgets/scrollbar
-rw-r--r-- root/root      3313 2022-05-20 17:42 usr/share/themes/Breeze/gtk-2.0/widgets/styles
-rw-r--r-- root/root      2525 2022-05-20 17:42 usr/share/themes/Breeze/gtk-2.0/widgets/toolbar
drwxr-xr-x root/root         0 2022-05-20 17:42 usr/share/themes/Breeze/gtk-3.0/
-rw-r--r-- root/root        50 2022-05-20 17:42 usr/share/themes/Breeze/gtk-3.0/gtk-dark.css
-rw-r--r-- root/root    209773 2022-05-20 17:42 usr/share/themes/Breeze/gtk-3.0/gtk.css
drwxr-xr-x root/root         0 2022-05-20 17:42 usr/share/themes/Breeze/gtk-4.0/
-rw-r--r-- root/root    184641 2022-05-20 17:42 usr/share/themes/Breeze/gtk-4.0/gtk.css
-rw-r--r-- root/root       100 2022-05-19 12:14 usr/share/themes/Breeze/settings.ini


