++========================================
||
||   Package:  ./plasma/drkonqi-5.24.90-x86_64-2.txz
||
++========================================
drwxr-xr-x root/root         0 2022-05-28 02:04 ./
drwxr-xr-x root/root         0 2022-05-28 02:04 install/
-rw-r--r-- root/root       651 2022-05-28 02:04 install/slack-desc
drwxr-xr-x root/root         0 2022-05-28 02:04 usr/
drwxr-xr-x root/root         0 2022-05-28 02:04 usr/doc/
drwxr-xr-x root/root         0 2022-05-28 02:04 usr/doc/drkonqi-5.24.90/
drwxr-xr-x root/root         0 2022-05-19 12:16 usr/doc/drkonqi-5.24.90/LICENSES/
-rw-r--r-- root/root      1288 2022-05-19 12:16 usr/doc/drkonqi-5.24.90/LICENSES/BSD-2-Clause.txt
-rw-r--r-- root/root      7048 2022-05-19 12:16 usr/doc/drkonqi-5.24.90/LICENSES/CC0-1.0.txt
-rw-r--r-- root/root     17623 2022-05-19 12:16 usr/doc/drkonqi-5.24.90/LICENSES/GPL-2.0-only.txt
-rw-r--r-- root/root     17622 2022-05-19 12:16 usr/doc/drkonqi-5.24.90/LICENSES/GPL-2.0-or-later.txt
-rw-r--r-- root/root     34470 2022-05-19 12:16 usr/doc/drkonqi-5.24.90/LICENSES/GPL-3.0-only.txt
-rw-r--r-- root/root     25911 2022-05-19 12:16 usr/doc/drkonqi-5.24.90/LICENSES/LGPL-2.1-only.txt
-rw-r--r-- root/root      7431 2022-05-19 12:16 usr/doc/drkonqi-5.24.90/LICENSES/LGPL-3.0-only.txt
-rw-r--r-- root/root       662 2022-05-19 12:16 usr/doc/drkonqi-5.24.90/LICENSES/LicenseRef-KDE-Accepted-GPL.txt
-rw-r--r-- root/root       665 2022-05-19 12:16 usr/doc/drkonqi-5.24.90/LICENSES/LicenseRef-KDE-Accepted-LGPL.txt
-rw-r--r-- root/root      3739 2022-05-19 12:16 usr/doc/drkonqi-5.24.90/README.md
drwxr-xr-x root/root         0 2022-05-28 02:04 usr/lib64/
drwxr-xr-x root/root         0 2022-05-28 02:04 usr/lib64/libexec/
-rwxr-xr-x root/root    749320 2022-05-28 02:04 usr/lib64/libexec/drkonqi
drwxr-xr-x root/root         0 2022-05-28 02:04 usr/share/
drwxr-xr-x root/root         0 2022-05-28 02:04 usr/share/applications/
-rwxr-xr-x root/root      1012 2022-05-28 02:04 usr/share/applications/org.kde.drkonqi.desktop
drwxr-xr-x root/root         0 2022-05-28 02:04 usr/share/drkonqi/
drwxr-xr-x root/root         0 2022-05-28 02:04 usr/share/drkonqi/debuggers/
drwxr-xr-x root/root         0 2022-05-28 02:04 usr/share/drkonqi/debuggers/external/
drwxr-xr-x root/root         0 2022-05-28 02:04 usr/share/drkonqi/debuggers/external.mac/
-rw-r--r-- root/root       681 2022-05-19 12:16 usr/share/drkonqi/debuggers/external.mac/lldbrc
-rw-r--r-- root/root       655 2022-05-19 12:16 usr/share/drkonqi/debuggers/external/cdbrc
-rw-r--r-- root/root      1143 2022-05-19 12:16 usr/share/drkonqi/debuggers/external/gdbrc
-rw-r--r-- root/root      1187 2022-05-19 12:16 usr/share/drkonqi/debuggers/external/kdbgrc
-rw-r--r-- root/root       687 2022-05-19 12:16 usr/share/drkonqi/debuggers/external/lldbrc
drwxr-xr-x root/root         0 2022-05-28 02:04 usr/share/drkonqi/debuggers/internal/
-rw-r--r-- root/root       635 2022-05-19 12:16 usr/share/drkonqi/debuggers/internal/cdbrc
-rw-r--r-- root/root      1067 2022-05-19 12:16 usr/share/drkonqi/debuggers/internal/dbxrc
-rw-r--r-- root/root      1834 2022-05-19 12:16 usr/share/drkonqi/debuggers/internal/gdbrc
-rw-r--r-- root/root      1330 2022-05-19 12:16 usr/share/drkonqi/debuggers/internal/kdbgwinrc
-rw-r--r-- root/root       740 2022-05-19 12:16 usr/share/drkonqi/debuggers/internal/lldbrc
drwxr-xr-x root/root         0 2022-05-28 02:04 usr/share/drkonqi/gdb/
-rw-r--r-- root/root      4728 2022-05-19 12:16 usr/share/drkonqi/gdb/preamble.py
-rw-r--r-- root/root      7930 2022-05-19 12:16 usr/share/drkonqi/mappings
drwxr-xr-x root/root         0 2022-05-28 02:04 usr/share/locale/
drwxr-xr-x root/root         0 2022-05-28 02:04 usr/share/locale/af/
drwxr-xr-x root/root         0 2022-05-28 02:04 usr/share/locale/af/LC_MESSAGES/
-rw-r--r-- root/root       753 2022-05-28 02:04 usr/share/locale/af/LC_MESSAGES/drkonqi5.mo
drwxr-xr-x root/root         0 2022-05-28 02:04 usr/share/locale/ar/
drwxr-xr-x root/root         0 2022-05-28 02:04 usr/share/locale/ar/LC_MESSAGES/
-rw-r--r-- root/root     20494 2022-05-28 02:04 usr/share/locale/ar/LC_MESSAGES/drkonqi5.mo
drwxr-xr-x root/root         0 2022-05-28 02:04 usr/share/locale/az/
drwxr-xr-x root/root         0 2022-05-28 02:04 usr/share/locale/az/LC_MESSAGES/
-rw-r--r-- root/root     39043 2022-05-28 02:04 usr/share/locale/az/LC_MESSAGES/drkonqi5.mo
drwxr-xr-x root/root         0 2022-05-28 02:04 usr/share/locale/be/
drwxr-xr-x root/root         0 2022-05-28 02:04 usr/share/locale/be/LC_MESSAGES/
-rw-r--r-- root/root       755 2022-05-28 02:04 usr/share/locale/be/LC_MESSAGES/drkonqi5.mo
drwxr-xr-x root/root         0 2022-05-28 02:04 usr/share/locale/bg/
drwxr-xr-x root/root         0 2022-05-28 02:04 usr/share/locale/bg/LC_MESSAGES/
-rw-r--r-- root/root      6251 2022-05-28 02:04 usr/share/locale/bg/LC_MESSAGES/drkonqi5.mo
drwxr-xr-x root/root         0 2022-05-28 02:04 usr/share/locale/bn/
drwxr-xr-x root/root         0 2022-05-28 02:04 usr/share/locale/bn/LC_MESSAGES/
-rw-r--r-- root/root      3742 2022-05-28 02:04 usr/share/locale/bn/LC_MESSAGES/drkonqi5.mo
drwxr-xr-x root/root         0 2022-05-28 02:04 usr/share/locale/bn_IN/
drwxr-xr-x root/root         0 2022-05-28 02:04 usr/share/locale/bn_IN/LC_MESSAGES/
-rw-r--r-- root/root       692 2022-05-28 02:04 usr/share/locale/bn_IN/LC_MESSAGES/drkonqi5.mo
drwxr-xr-x root/root         0 2022-05-28 02:04 usr/share/locale/br/
drwxr-xr-x root/root         0 2022-05-28 02:04 usr/share/locale/br/LC_MESSAGES/
-rw-r--r-- root/root       588 2022-05-28 02:04 usr/share/locale/br/LC_MESSAGES/drkonqi5.mo
drwxr-xr-x root/root         0 2022-05-28 02:04 usr/share/locale/bs/
drwxr-xr-x root/root         0 2022-05-28 02:04 usr/share/locale/bs/LC_MESSAGES/
-rw-r--r-- root/root     14033 2022-05-28 02:04 usr/share/locale/bs/LC_MESSAGES/drkonqi5.mo
drwxr-xr-x root/root         0 2022-05-28 02:04 usr/share/locale/ca/
drwxr-xr-x root/root         0 2022-05-28 02:04 usr/share/locale/ca/LC_MESSAGES/
-rw-r--r-- root/root     38085 2022-05-28 02:04 usr/share/locale/ca/LC_MESSAGES/drkonqi5.mo
drwxr-xr-x root/root         0 2022-05-28 02:04 usr/share/locale/ca@valencia/
drwxr-xr-x root/root         0 2022-05-28 02:04 usr/share/locale/ca@valencia/LC_MESSAGES/
-rw-r--r-- root/root     19003 2022-05-28 02:04 usr/share/locale/ca@valencia/LC_MESSAGES/drkonqi5.mo
drwxr-xr-x root/root         0 2022-05-28 02:04 usr/share/locale/cs/
drwxr-xr-x root/root         0 2022-05-28 02:04 usr/share/locale/cs/LC_MESSAGES/
-rw-r--r-- root/root     19066 2022-05-28 02:04 usr/share/locale/cs/LC_MESSAGES/drkonqi5.mo
drwxr-xr-x root/root         0 2022-05-28 02:04 usr/share/locale/csb/
drwxr-xr-x root/root         0 2022-05-28 02:04 usr/share/locale/csb/LC_MESSAGES/
-rw-r--r-- root/root      6301 2022-05-28 02:04 usr/share/locale/csb/LC_MESSAGES/drkonqi5.mo
drwxr-xr-x root/root         0 2022-05-28 02:04 usr/share/locale/cy/
drwxr-xr-x root/root         0 2022-05-28 02:04 usr/share/locale/cy/LC_MESSAGES/
-rw-r--r-- root/root       645 2022-05-28 02:04 usr/share/locale/cy/LC_MESSAGES/drkonqi5.mo
drwxr-xr-x root/root         0 2022-05-28 02:04 usr/share/locale/da/
drwxr-xr-x root/root         0 2022-05-28 02:04 usr/share/locale/da/LC_MESSAGES/
-rw-r--r-- root/root     18125 2022-05-28 02:04 usr/share/locale/da/LC_MESSAGES/drkonqi5.mo
drwxr-xr-x root/root         0 2022-05-28 02:04 usr/share/locale/de/
drwxr-xr-x root/root         0 2022-05-28 02:04 usr/share/locale/de/LC_MESSAGES/
-rw-r--r-- root/root     19161 2022-05-28 02:04 usr/share/locale/de/LC_MESSAGES/drkonqi5.mo
drwxr-xr-x root/root         0 2022-05-28 02:04 usr/share/locale/el/
drwxr-xr-x root/root         0 2022-05-28 02:04 usr/share/locale/el/LC_MESSAGES/
-rw-r--r-- root/root     25870 2022-05-28 02:04 usr/share/locale/el/LC_MESSAGES/drkonqi5.mo
drwxr-xr-x root/root         0 2022-05-28 02:04 usr/share/locale/en_GB/
drwxr-xr-x root/root         0 2022-05-28 02:04 usr/share/locale/en_GB/LC_MESSAGES/
-rw-r--r-- root/root     17711 2022-05-28 02:04 usr/share/locale/en_GB/LC_MESSAGES/drkonqi5.mo
drwxr-xr-x root/root         0 2022-05-28 02:04 usr/share/locale/eo/
drwxr-xr-x root/root         0 2022-05-28 02:04 usr/share/locale/eo/LC_MESSAGES/
-rw-r--r-- root/root      5327 2022-05-28 02:04 usr/share/locale/eo/LC_MESSAGES/drkonqi5.mo
drwxr-xr-x root/root         0 2022-05-28 02:04 usr/share/locale/es/
drwxr-xr-x root/root         0 2022-05-28 02:04 usr/share/locale/es/LC_MESSAGES/
-rw-r--r-- root/root     38360 2022-05-28 02:04 usr/share/locale/es/LC_MESSAGES/drkonqi5.mo
drwxr-xr-x root/root         0 2022-05-28 02:04 usr/share/locale/et/
drwxr-xr-x root/root         0 2022-05-28 02:04 usr/share/locale/et/LC_MESSAGES/
-rw-r--r-- root/root     17785 2022-05-28 02:04 usr/share/locale/et/LC_MESSAGES/drkonqi5.mo
drwxr-xr-x root/root         0 2022-05-28 02:04 usr/share/locale/eu/
drwxr-xr-x root/root         0 2022-05-28 02:04 usr/share/locale/eu/LC_MESSAGES/
-rw-r--r-- root/root     18465 2022-05-28 02:04 usr/share/locale/eu/LC_MESSAGES/drkonqi5.mo
drwxr-xr-x root/root         0 2022-05-28 02:04 usr/share/locale/fa/
drwxr-xr-x root/root         0 2022-05-28 02:04 usr/share/locale/fa/LC_MESSAGES/
-rw-r--r-- root/root      6218 2022-05-28 02:04 usr/share/locale/fa/LC_MESSAGES/drkonqi5.mo
drwxr-xr-x root/root         0 2022-05-28 02:04 usr/share/locale/fi/
drwxr-xr-x root/root         0 2022-05-28 02:04 usr/share/locale/fi/LC_MESSAGES/
-rw-r--r-- root/root     18269 2022-05-28 02:04 usr/share/locale/fi/LC_MESSAGES/drkonqi5.mo
drwxr-xr-x root/root         0 2022-05-28 02:04 usr/share/locale/fr/
drwxr-xr-x root/root         0 2022-05-28 02:04 usr/share/locale/fr/LC_MESSAGES/
-rw-r--r-- root/root     39681 2022-05-28 02:04 usr/share/locale/fr/LC_MESSAGES/drkonqi5.mo
drwxr-xr-x root/root         0 2022-05-28 02:04 usr/share/locale/fy/
drwxr-xr-x root/root         0 2022-05-28 02:04 usr/share/locale/fy/LC_MESSAGES/
-rw-r--r-- root/root     10271 2022-05-28 02:04 usr/share/locale/fy/LC_MESSAGES/drkonqi5.mo
drwxr-xr-x root/root         0 2022-05-28 02:04 usr/share/locale/ga/
drwxr-xr-x root/root         0 2022-05-28 02:04 usr/share/locale/ga/LC_MESSAGES/
-rw-r--r-- root/root     12136 2022-05-28 02:04 usr/share/locale/ga/LC_MESSAGES/drkonqi5.mo
drwxr-xr-x root/root         0 2022-05-28 02:04 usr/share/locale/gl/
drwxr-xr-x root/root         0 2022-05-28 02:04 usr/share/locale/gl/LC_MESSAGES/
-rw-r--r-- root/root     18406 2022-05-28 02:04 usr/share/locale/gl/LC_MESSAGES/drkonqi5.mo
drwxr-xr-x root/root         0 2022-05-28 02:04 usr/share/locale/gu/
drwxr-xr-x root/root         0 2022-05-28 02:04 usr/share/locale/gu/LC_MESSAGES/
-rw-r--r-- root/root      6603 2022-05-28 02:04 usr/share/locale/gu/LC_MESSAGES/drkonqi5.mo
drwxr-xr-x root/root         0 2022-05-28 02:04 usr/share/locale/he/
drwxr-xr-x root/root         0 2022-05-28 02:04 usr/share/locale/he/LC_MESSAGES/
-rw-r--r-- root/root     12323 2022-05-28 02:04 usr/share/locale/he/LC_MESSAGES/drkonqi5.mo
drwxr-xr-x root/root         0 2022-05-28 02:04 usr/share/locale/hi/
drwxr-xr-x root/root         0 2022-05-28 02:04 usr/share/locale/hi/LC_MESSAGES/
-rw-r--r-- root/root      9549 2022-05-28 02:04 usr/share/locale/hi/LC_MESSAGES/drkonqi5.mo
drwxr-xr-x root/root         0 2022-05-28 02:04 usr/share/locale/hne/
drwxr-xr-x root/root         0 2022-05-28 02:04 usr/share/locale/hne/LC_MESSAGES/
-rw-r--r-- root/root       749 2022-05-28 02:04 usr/share/locale/hne/LC_MESSAGES/drkonqi5.mo
drwxr-xr-x root/root         0 2022-05-28 02:04 usr/share/locale/hr/
drwxr-xr-x root/root         0 2022-05-28 02:04 usr/share/locale/hr/LC_MESSAGES/
-rw-r--r-- root/root      7956 2022-05-28 02:04 usr/share/locale/hr/LC_MESSAGES/drkonqi5.mo
drwxr-xr-x root/root         0 2022-05-28 02:04 usr/share/locale/hsb/
drwxr-xr-x root/root         0 2022-05-28 02:04 usr/share/locale/hsb/LC_MESSAGES/
-rw-r--r-- root/root       920 2022-05-28 02:04 usr/share/locale/hsb/LC_MESSAGES/drkonqi5.mo
drwxr-xr-x root/root         0 2022-05-28 02:04 usr/share/locale/hu/
drwxr-xr-x root/root         0 2022-05-28 02:04 usr/share/locale/hu/LC_MESSAGES/
-rw-r--r-- root/root     18681 2022-05-28 02:04 usr/share/locale/hu/LC_MESSAGES/drkonqi5.mo
drwxr-xr-x root/root         0 2022-05-28 02:04 usr/share/locale/ia/
drwxr-xr-x root/root         0 2022-05-28 02:04 usr/share/locale/ia/LC_MESSAGES/
-rw-r--r-- root/root     18587 2022-05-28 02:04 usr/share/locale/ia/LC_MESSAGES/drkonqi5.mo
drwxr-xr-x root/root         0 2022-05-28 02:04 usr/share/locale/id/
drwxr-xr-x root/root         0 2022-05-28 02:04 usr/share/locale/id/LC_MESSAGES/
-rw-r--r-- root/root     17816 2022-05-28 02:04 usr/share/locale/id/LC_MESSAGES/drkonqi5.mo
drwxr-xr-x root/root         0 2022-05-28 02:04 usr/share/locale/is/
drwxr-xr-x root/root         0 2022-05-28 02:04 usr/share/locale/is/LC_MESSAGES/
-rw-r--r-- root/root      4354 2022-05-28 02:04 usr/share/locale/is/LC_MESSAGES/drkonqi5.mo
drwxr-xr-x root/root         0 2022-05-28 02:04 usr/share/locale/it/
drwxr-xr-x root/root         0 2022-05-28 02:04 usr/share/locale/it/LC_MESSAGES/
-rw-r--r-- root/root     37990 2022-05-28 02:04 usr/share/locale/it/LC_MESSAGES/drkonqi5.mo
drwxr-xr-x root/root         0 2022-05-28 02:04 usr/share/locale/ja/
drwxr-xr-x root/root         0 2022-05-28 02:04 usr/share/locale/ja/LC_MESSAGES/
-rw-r--r-- root/root     11512 2022-05-28 02:04 usr/share/locale/ja/LC_MESSAGES/drkonqi5.mo
drwxr-xr-x root/root         0 2022-05-28 02:04 usr/share/locale/kk/
drwxr-xr-x root/root         0 2022-05-28 02:04 usr/share/locale/kk/LC_MESSAGES/
-rw-r--r-- root/root     17121 2022-05-28 02:04 usr/share/locale/kk/LC_MESSAGES/drkonqi5.mo
drwxr-xr-x root/root         0 2022-05-28 02:04 usr/share/locale/km/
drwxr-xr-x root/root         0 2022-05-28 02:04 usr/share/locale/km/LC_MESSAGES/
-rw-r--r-- root/root     18696 2022-05-28 02:04 usr/share/locale/km/LC_MESSAGES/drkonqi5.mo
drwxr-xr-x root/root         0 2022-05-28 02:04 usr/share/locale/kn/
drwxr-xr-x root/root         0 2022-05-28 02:04 usr/share/locale/kn/LC_MESSAGES/
-rw-r--r-- root/root     10376 2022-05-28 02:04 usr/share/locale/kn/LC_MESSAGES/drkonqi5.mo
drwxr-xr-x root/root         0 2022-05-28 02:04 usr/share/locale/ko/
drwxr-xr-x root/root         0 2022-05-28 02:04 usr/share/locale/ko/LC_MESSAGES/
-rw-r--r-- root/root     37825 2022-05-28 02:04 usr/share/locale/ko/LC_MESSAGES/drkonqi5.mo
drwxr-xr-x root/root         0 2022-05-28 02:04 usr/share/locale/ku/
drwxr-xr-x root/root         0 2022-05-28 02:04 usr/share/locale/ku/LC_MESSAGES/
-rw-r--r-- root/root       691 2022-05-28 02:04 usr/share/locale/ku/LC_MESSAGES/drkonqi5.mo
drwxr-xr-x root/root         0 2022-05-28 02:04 usr/share/locale/lt/
drwxr-xr-x root/root         0 2022-05-28 02:04 usr/share/locale/lt/LC_MESSAGES/
-rw-r--r-- root/root     18796 2022-05-28 02:04 usr/share/locale/lt/LC_MESSAGES/drkonqi5.mo
drwxr-xr-x root/root         0 2022-05-28 02:04 usr/share/locale/lv/
drwxr-xr-x root/root         0 2022-05-28 02:04 usr/share/locale/lv/LC_MESSAGES/
-rw-r--r-- root/root     11608 2022-05-28 02:04 usr/share/locale/lv/LC_MESSAGES/drkonqi5.mo
drwxr-xr-x root/root         0 2022-05-28 02:04 usr/share/locale/mai/
drwxr-xr-x root/root         0 2022-05-28 02:04 usr/share/locale/mai/LC_MESSAGES/
-rw-r--r-- root/root      1482 2022-05-28 02:04 usr/share/locale/mai/LC_MESSAGES/drkonqi5.mo
drwxr-xr-x root/root         0 2022-05-28 02:04 usr/share/locale/mk/
drwxr-xr-x root/root         0 2022-05-28 02:04 usr/share/locale/mk/LC_MESSAGES/
-rw-r--r-- root/root      7418 2022-05-28 02:04 usr/share/locale/mk/LC_MESSAGES/drkonqi5.mo
drwxr-xr-x root/root         0 2022-05-28 02:04 usr/share/locale/ml/
drwxr-xr-x root/root         0 2022-05-28 02:04 usr/share/locale/ml/LC_MESSAGES/
-rw-r--r-- root/root      1819 2022-05-28 02:04 usr/share/locale/ml/LC_MESSAGES/drkonqi5.mo
drwxr-xr-x root/root         0 2022-05-28 02:04 usr/share/locale/mr/
drwxr-xr-x root/root         0 2022-05-28 02:04 usr/share/locale/mr/LC_MESSAGES/
-rw-r--r-- root/root     11913 2022-05-28 02:04 usr/share/locale/mr/LC_MESSAGES/drkonqi5.mo
drwxr-xr-x root/root         0 2022-05-28 02:04 usr/share/locale/ms/
drwxr-xr-x root/root         0 2022-05-28 02:04 usr/share/locale/ms/LC_MESSAGES/
-rw-r--r-- root/root      1985 2022-05-28 02:04 usr/share/locale/ms/LC_MESSAGES/drkonqi5.mo
drwxr-xr-x root/root         0 2022-05-28 02:04 usr/share/locale/nb/
drwxr-xr-x root/root         0 2022-05-28 02:04 usr/share/locale/nb/LC_MESSAGES/
-rw-r--r-- root/root     15192 2022-05-28 02:04 usr/share/locale/nb/LC_MESSAGES/drkonqi5.mo
drwxr-xr-x root/root         0 2022-05-28 02:04 usr/share/locale/nds/
drwxr-xr-x root/root         0 2022-05-28 02:04 usr/share/locale/nds/LC_MESSAGES/
-rw-r--r-- root/root     15575 2022-05-28 02:04 usr/share/locale/nds/LC_MESSAGES/drkonqi5.mo
drwxr-xr-x root/root         0 2022-05-28 02:04 usr/share/locale/ne/
drwxr-xr-x root/root         0 2022-05-28 02:04 usr/share/locale/ne/LC_MESSAGES/
-rw-r--r-- root/root       740 2022-05-28 02:04 usr/share/locale/ne/LC_MESSAGES/drkonqi5.mo
drwxr-xr-x root/root         0 2022-05-28 02:04 usr/share/locale/nl/
drwxr-xr-x root/root         0 2022-05-28 02:04 usr/share/locale/nl/LC_MESSAGES/
-rw-r--r-- root/root     36888 2022-05-28 02:04 usr/share/locale/nl/LC_MESSAGES/drkonqi5.mo
drwxr-xr-x root/root         0 2022-05-28 02:04 usr/share/locale/nn/
drwxr-xr-x root/root         0 2022-05-28 02:04 usr/share/locale/nn/LC_MESSAGES/
-rw-r--r-- root/root     18014 2022-05-28 02:04 usr/share/locale/nn/LC_MESSAGES/drkonqi5.mo
drwxr-xr-x root/root         0 2022-05-28 02:04 usr/share/locale/oc/
drwxr-xr-x root/root         0 2022-05-28 02:04 usr/share/locale/oc/LC_MESSAGES/
-rw-r--r-- root/root       634 2022-05-28 02:04 usr/share/locale/oc/LC_MESSAGES/drkonqi5.mo
drwxr-xr-x root/root         0 2022-05-28 02:04 usr/share/locale/pa/
drwxr-xr-x root/root         0 2022-05-28 02:04 usr/share/locale/pa/LC_MESSAGES/
-rw-r--r-- root/root     12177 2022-05-28 02:04 usr/share/locale/pa/LC_MESSAGES/drkonqi5.mo
drwxr-xr-x root/root         0 2022-05-28 02:04 usr/share/locale/pl/
drwxr-xr-x root/root         0 2022-05-28 02:04 usr/share/locale/pl/LC_MESSAGES/
-rw-r--r-- root/root     18639 2022-05-28 02:04 usr/share/locale/pl/LC_MESSAGES/drkonqi5.mo
drwxr-xr-x root/root         0 2022-05-28 02:04 usr/share/locale/pt/
drwxr-xr-x root/root         0 2022-05-28 02:04 usr/share/locale/pt/LC_MESSAGES/
-rw-r--r-- root/root     38603 2022-05-28 02:04 usr/share/locale/pt/LC_MESSAGES/drkonqi5.mo
drwxr-xr-x root/root         0 2022-05-28 02:04 usr/share/locale/pt_BR/
drwxr-xr-x root/root         0 2022-05-28 02:04 usr/share/locale/pt_BR/LC_MESSAGES/
-rw-r--r-- root/root     18798 2022-05-28 02:04 usr/share/locale/pt_BR/LC_MESSAGES/drkonqi5.mo
drwxr-xr-x root/root         0 2022-05-28 02:04 usr/share/locale/ro/
drwxr-xr-x root/root         0 2022-05-28 02:04 usr/share/locale/ro/LC_MESSAGES/
-rw-r--r-- root/root     18965 2022-05-28 02:04 usr/share/locale/ro/LC_MESSAGES/drkonqi5.mo
drwxr-xr-x root/root         0 2022-05-28 02:04 usr/share/locale/ru/
drwxr-xr-x root/root         0 2022-05-28 02:04 usr/share/locale/ru/LC_MESSAGES/
-rw-r--r-- root/root     23665 2022-05-28 02:04 usr/share/locale/ru/LC_MESSAGES/drkonqi5.mo
drwxr-xr-x root/root         0 2022-05-28 02:04 usr/share/locale/se/
drwxr-xr-x root/root         0 2022-05-28 02:04 usr/share/locale/se/LC_MESSAGES/
-rw-r--r-- root/root       758 2022-05-28 02:04 usr/share/locale/se/LC_MESSAGES/drkonqi5.mo
drwxr-xr-x root/root         0 2022-05-28 02:04 usr/share/locale/si/
drwxr-xr-x root/root         0 2022-05-28 02:04 usr/share/locale/si/LC_MESSAGES/
-rw-r--r-- root/root     16557 2022-05-28 02:04 usr/share/locale/si/LC_MESSAGES/drkonqi5.mo
drwxr-xr-x root/root         0 2022-05-28 02:04 usr/share/locale/sk/
drwxr-xr-x root/root         0 2022-05-28 02:04 usr/share/locale/sk/LC_MESSAGES/
-rw-r--r-- root/root     18583 2022-05-28 02:04 usr/share/locale/sk/LC_MESSAGES/drkonqi5.mo
drwxr-xr-x root/root         0 2022-05-28 02:04 usr/share/locale/sl/
drwxr-xr-x root/root         0 2022-05-28 02:04 usr/share/locale/sl/LC_MESSAGES/
-rw-r--r-- root/root     36897 2022-05-28 02:04 usr/share/locale/sl/LC_MESSAGES/drkonqi5.mo
drwxr-xr-x root/root         0 2022-05-28 02:04 usr/share/locale/sq/
drwxr-xr-x root/root         0 2022-05-28 02:04 usr/share/locale/sq/LC_MESSAGES/
-rw-r--r-- root/root      1292 2022-05-28 02:04 usr/share/locale/sq/LC_MESSAGES/drkonqi5.mo
drwxr-xr-x root/root         0 2022-05-28 02:04 usr/share/locale/sr/
drwxr-xr-x root/root         0 2022-05-28 02:04 usr/share/locale/sr/LC_MESSAGES/
-rw-r--r-- root/root     78674 2022-05-28 02:04 usr/share/locale/sr/LC_MESSAGES/drkonqi5.mo
drwxr-xr-x root/root         0 2022-05-28 02:04 usr/share/locale/sr@ijekavian/
drwxr-xr-x root/root         0 2022-05-28 02:04 usr/share/locale/sr@ijekavian/LC_MESSAGES/
-rw-r--r-- root/root     79068 2022-05-28 02:04 usr/share/locale/sr@ijekavian/LC_MESSAGES/drkonqi5.mo
drwxr-xr-x root/root         0 2022-05-28 02:04 usr/share/locale/sr@ijekavianlatin/
drwxr-xr-x root/root         0 2022-05-28 02:04 usr/share/locale/sr@ijekavianlatin/LC_MESSAGES/
-rw-r--r-- root/root     62656 2022-05-28 02:04 usr/share/locale/sr@ijekavianlatin/LC_MESSAGES/drkonqi5.mo
drwxr-xr-x root/root         0 2022-05-28 02:04 usr/share/locale/sr@latin/
drwxr-xr-x root/root         0 2022-05-28 02:04 usr/share/locale/sr@latin/LC_MESSAGES/
-rw-r--r-- root/root     62451 2022-05-28 02:04 usr/share/locale/sr@latin/LC_MESSAGES/drkonqi5.mo
drwxr-xr-x root/root         0 2022-05-28 02:04 usr/share/locale/sv/
drwxr-xr-x root/root         0 2022-05-28 02:04 usr/share/locale/sv/LC_MESSAGES/
-rw-r--r-- root/root     37052 2022-05-28 02:04 usr/share/locale/sv/LC_MESSAGES/drkonqi5.mo
drwxr-xr-x root/root         0 2022-05-28 02:04 usr/share/locale/ta/
drwxr-xr-x root/root         0 2022-05-28 02:04 usr/share/locale/ta/LC_MESSAGES/
-rw-r--r-- root/root       907 2022-05-28 02:04 usr/share/locale/ta/LC_MESSAGES/drkonqi5.mo
drwxr-xr-x root/root         0 2022-05-28 02:04 usr/share/locale/te/
drwxr-xr-x root/root         0 2022-05-28 02:04 usr/share/locale/te/LC_MESSAGES/
-rw-r--r-- root/root       752 2022-05-28 02:04 usr/share/locale/te/LC_MESSAGES/drkonqi5.mo
drwxr-xr-x root/root         0 2022-05-28 02:04 usr/share/locale/tg/
drwxr-xr-x root/root         0 2022-05-28 02:04 usr/share/locale/tg/LC_MESSAGES/
-rw-r--r-- root/root      1132 2022-05-28 02:04 usr/share/locale/tg/LC_MESSAGES/drkonqi5.mo
drwxr-xr-x root/root         0 2022-05-28 02:04 usr/share/locale/th/
drwxr-xr-x root/root         0 2022-05-28 02:04 usr/share/locale/th/LC_MESSAGES/
-rw-r--r-- root/root     19592 2022-05-28 02:04 usr/share/locale/th/LC_MESSAGES/drkonqi5.mo
drwxr-xr-x root/root         0 2022-05-28 02:04 usr/share/locale/tr/
drwxr-xr-x root/root         0 2022-05-28 02:04 usr/share/locale/tr/LC_MESSAGES/
-rw-r--r-- root/root     37494 2022-05-28 02:04 usr/share/locale/tr/LC_MESSAGES/drkonqi5.mo
drwxr-xr-x root/root         0 2022-05-28 02:04 usr/share/locale/ug/
drwxr-xr-x root/root         0 2022-05-28 02:04 usr/share/locale/ug/LC_MESSAGES/
-rw-r--r-- root/root     16895 2022-05-28 02:04 usr/share/locale/ug/LC_MESSAGES/drkonqi5.mo
drwxr-xr-x root/root         0 2022-05-28 02:04 usr/share/locale/uk/
drwxr-xr-x root/root         0 2022-05-28 02:04 usr/share/locale/uk/LC_MESSAGES/
-rw-r--r-- root/root     51360 2022-05-28 02:04 usr/share/locale/uk/LC_MESSAGES/drkonqi5.mo
drwxr-xr-x root/root         0 2022-05-28 02:04 usr/share/locale/uz/
drwxr-xr-x root/root         0 2022-05-28 02:04 usr/share/locale/uz/LC_MESSAGES/
-rw-r--r-- root/root       590 2022-05-28 02:04 usr/share/locale/uz/LC_MESSAGES/drkonqi5.mo
drwxr-xr-x root/root         0 2022-05-28 02:04 usr/share/locale/uz@cyrillic/
drwxr-xr-x root/root         0 2022-05-28 02:04 usr/share/locale/uz@cyrillic/LC_MESSAGES/
-rw-r--r-- root/root       611 2022-05-28 02:04 usr/share/locale/uz@cyrillic/LC_MESSAGES/drkonqi5.mo
drwxr-xr-x root/root         0 2022-05-28 02:04 usr/share/locale/vi/
drwxr-xr-x root/root         0 2022-05-28 02:04 usr/share/locale/vi/LC_MESSAGES/
-rw-r--r-- root/root     11914 2022-05-28 02:04 usr/share/locale/vi/LC_MESSAGES/drkonqi5.mo
drwxr-xr-x root/root         0 2022-05-28 02:04 usr/share/locale/wa/
drwxr-xr-x root/root         0 2022-05-28 02:04 usr/share/locale/wa/LC_MESSAGES/
-rw-r--r-- root/root     12530 2022-05-28 02:04 usr/share/locale/wa/LC_MESSAGES/drkonqi5.mo
drwxr-xr-x root/root         0 2022-05-28 02:04 usr/share/locale/xh/
drwxr-xr-x root/root         0 2022-05-28 02:04 usr/share/locale/xh/LC_MESSAGES/
-rw-r--r-- root/root       663 2022-05-28 02:04 usr/share/locale/xh/LC_MESSAGES/drkonqi5.mo
drwxr-xr-x root/root         0 2022-05-28 02:04 usr/share/locale/zh_CN/
drwxr-xr-x root/root         0 2022-05-28 02:04 usr/share/locale/zh_CN/LC_MESSAGES/
-rw-r--r-- root/root     18896 2022-05-28 02:04 usr/share/locale/zh_CN/LC_MESSAGES/drkonqi5.mo
drwxr-xr-x root/root         0 2022-05-28 02:04 usr/share/locale/zh_TW/
drwxr-xr-x root/root         0 2022-05-28 02:04 usr/share/locale/zh_TW/LC_MESSAGES/
-rw-r--r-- root/root     17657 2022-05-28 02:04 usr/share/locale/zh_TW/LC_MESSAGES/drkonqi5.mo
drwxr-xr-x root/root         0 2022-05-28 02:04 usr/share/qlogging-categories5/
-rw-r--r-- root/root       321 2022-05-28 02:04 usr/share/qlogging-categories5/drkonqi.categories


