++========================================
||
||   Package:  ./plasma/kde-cli-tools-5.24.90-x86_64-1.txz
||
++========================================
drwxr-xr-x root/root         0 2022-05-20 17:52 ./
drwxr-xr-x root/root         0 2022-05-20 17:52 install/
-rw-r--r-- root/root       723 2022-05-20 17:52 install/doinst.sh
-rw-r--r-- root/root       765 2022-05-20 17:52 install/slack-desc
drwxr-xr-x root/root         0 2022-05-20 17:52 usr/
drwxr-xr-x root/root         0 2022-05-20 17:52 usr/bin/
-rwxr-xr-x root/root     23104 2022-05-20 17:52 usr/bin/kbroadcastnotification
-rwxr-xr-x root/root     73072 2022-05-20 17:52 usr/bin/kcmshell5
-rwxr-xr-x root/root     23040 2022-05-20 17:52 usr/bin/kde-inhibit
-rwxr-xr-x root/root     44112 2022-05-20 17:52 usr/bin/kde-open
-rwxr-xr-x root/root     44112 2022-05-20 17:52 usr/bin/kdecp
-rwxr-xr-x root/root     44112 2022-05-20 17:52 usr/bin/kdemv
-rwxr-xr-x root/root    152064 2022-05-20 17:52 usr/bin/keditfiletype
-rwxr-xr-x root/root     56480 2022-05-20 17:52 usr/bin/kioclient
-rwxr-xr-x root/root     18904 2022-05-20 17:52 usr/bin/kmimetypefinder
-rwxr-xr-x root/root     52384 2022-05-20 17:52 usr/bin/kstart
-rwxr-xr-x root/root     14672 2022-05-20 17:52 usr/bin/ksvgtopng
-rwxr-xr-x root/root     23032 2022-05-20 17:52 usr/bin/ktraderclient5
-rwxr-xr-x root/root     23008 2022-05-20 17:52 usr/bin/plasma-open-settings
drwxr-xr-x root/root         0 2022-05-20 17:52 usr/doc/
drwxr-xr-x root/root         0 2022-05-20 17:52 usr/doc/HTML/
drwxr-xr-x root/root         0 2022-05-20 17:52 usr/doc/HTML/ca/
drwxr-xr-x root/root         0 2022-05-20 17:52 usr/doc/HTML/ca/kcontrol5/
drwxr-xr-x root/root         0 2022-05-20 17:52 usr/doc/HTML/ca/kcontrol5/filetypes/
-rw-r--r-- root/root      5772 2022-05-20 17:52 usr/doc/HTML/ca/kcontrol5/filetypes/index.cache.bz2
-rw-r--r-- root/root     16681 2022-05-19 12:17 usr/doc/HTML/ca/kcontrol5/filetypes/index.docbook
drwxr-xr-x root/root         0 2022-05-20 17:52 usr/doc/HTML/ca/kdesu/
-rw-r--r-- root/root      6388 2022-05-20 17:52 usr/doc/HTML/ca/kdesu/index.cache.bz2
-rw-r--r-- root/root     14593 2022-05-19 12:17 usr/doc/HTML/ca/kdesu/index.docbook
drwxr-xr-x root/root         0 2022-05-20 17:52 usr/doc/HTML/de/
drwxr-xr-x root/root         0 2022-05-20 17:52 usr/doc/HTML/de/kcontrol5/
drwxr-xr-x root/root         0 2022-05-20 17:52 usr/doc/HTML/de/kcontrol5/filetypes/
-rw-r--r-- root/root      5616 2022-05-20 17:52 usr/doc/HTML/de/kcontrol5/filetypes/index.cache.bz2
-rw-r--r-- root/root     16189 2022-05-19 12:17 usr/doc/HTML/de/kcontrol5/filetypes/index.docbook
drwxr-xr-x root/root         0 2022-05-20 17:52 usr/doc/HTML/de/kdesu/
-rw-r--r-- root/root      6584 2022-05-20 17:52 usr/doc/HTML/de/kdesu/index.cache.bz2
-rw-r--r-- root/root     15319 2022-05-19 12:17 usr/doc/HTML/de/kdesu/index.docbook
drwxr-xr-x root/root         0 2022-05-20 17:52 usr/doc/HTML/en/
drwxr-xr-x root/root         0 2022-05-20 17:52 usr/doc/HTML/en/kcontrol5/
drwxr-xr-x root/root         0 2022-05-20 17:52 usr/doc/HTML/en/kcontrol5/filetypes/
-rw-r--r-- root/root      5493 2022-05-20 17:52 usr/doc/HTML/en/kcontrol5/filetypes/index.cache.bz2
-rw-r--r-- root/root     15362 2022-05-19 12:17 usr/doc/HTML/en/kcontrol5/filetypes/index.docbook
drwxr-xr-x root/root         0 2022-05-20 17:52 usr/doc/HTML/en/kdesu/
-rw-r--r-- root/root      5939 2022-05-20 17:52 usr/doc/HTML/en/kdesu/index.cache.bz2
-rw-r--r-- root/root     13164 2022-05-19 12:17 usr/doc/HTML/en/kdesu/index.docbook
drwxr-xr-x root/root         0 2022-05-20 17:52 usr/doc/HTML/es/
drwxr-xr-x root/root         0 2022-05-20 17:52 usr/doc/HTML/es/kcontrol5/
drwxr-xr-x root/root         0 2022-05-20 17:52 usr/doc/HTML/es/kcontrol5/filetypes/
-rw-r--r-- root/root      5755 2022-05-20 17:52 usr/doc/HTML/es/kcontrol5/filetypes/index.cache.bz2
-rw-r--r-- root/root     17240 2022-05-19 12:17 usr/doc/HTML/es/kcontrol5/filetypes/index.docbook
drwxr-xr-x root/root         0 2022-05-20 17:52 usr/doc/HTML/es/kdesu/
-rw-r--r-- root/root      6309 2022-05-20 17:52 usr/doc/HTML/es/kdesu/index.cache.bz2
-rw-r--r-- root/root     14910 2022-05-19 12:17 usr/doc/HTML/es/kdesu/index.docbook
drwxr-xr-x root/root         0 2022-05-20 17:52 usr/doc/HTML/et/
drwxr-xr-x root/root         0 2022-05-20 17:52 usr/doc/HTML/et/kdesu/
-rw-r--r-- root/root      6154 2022-05-20 17:52 usr/doc/HTML/et/kdesu/index.cache.bz2
-rw-r--r-- root/root     13392 2022-05-19 12:17 usr/doc/HTML/et/kdesu/index.docbook
drwxr-xr-x root/root         0 2022-05-20 17:52 usr/doc/HTML/fr/
drwxr-xr-x root/root         0 2022-05-20 17:52 usr/doc/HTML/fr/kdesu/
-rw-r--r-- root/root      6598 2022-05-20 17:52 usr/doc/HTML/fr/kdesu/index.cache.bz2
-rw-r--r-- root/root     15280 2022-05-19 12:17 usr/doc/HTML/fr/kdesu/index.docbook
drwxr-xr-x root/root         0 2022-05-20 17:52 usr/doc/HTML/id/
drwxr-xr-x root/root         0 2022-05-20 17:52 usr/doc/HTML/id/kcontrol5/
drwxr-xr-x root/root         0 2022-05-20 17:52 usr/doc/HTML/id/kcontrol5/filetypes/
-rw-r--r-- root/root      5437 2022-05-20 17:52 usr/doc/HTML/id/kcontrol5/filetypes/index.cache.bz2
-rw-r--r-- root/root     16607 2022-05-19 12:17 usr/doc/HTML/id/kcontrol5/filetypes/index.docbook
drwxr-xr-x root/root         0 2022-05-20 17:52 usr/doc/HTML/id/kdesu/
-rw-r--r-- root/root      6055 2022-05-20 17:52 usr/doc/HTML/id/kdesu/index.cache.bz2
-rw-r--r-- root/root     14246 2022-05-19 12:17 usr/doc/HTML/id/kdesu/index.docbook
drwxr-xr-x root/root         0 2022-05-20 17:52 usr/doc/HTML/it/
drwxr-xr-x root/root         0 2022-05-20 17:52 usr/doc/HTML/it/kcontrol5/
drwxr-xr-x root/root         0 2022-05-20 17:52 usr/doc/HTML/it/kcontrol5/filetypes/
-rw-r--r-- root/root      5697 2022-05-20 17:52 usr/doc/HTML/it/kcontrol5/filetypes/index.cache.bz2
-rw-r--r-- root/root     17003 2022-05-19 12:17 usr/doc/HTML/it/kcontrol5/filetypes/index.docbook
drwxr-xr-x root/root         0 2022-05-20 17:52 usr/doc/HTML/it/kdesu/
-rw-r--r-- root/root      6379 2022-05-20 17:52 usr/doc/HTML/it/kdesu/index.cache.bz2
-rw-r--r-- root/root     15315 2022-05-19 12:17 usr/doc/HTML/it/kdesu/index.docbook
drwxr-xr-x root/root         0 2022-05-20 17:52 usr/doc/HTML/nl/
drwxr-xr-x root/root         0 2022-05-20 17:52 usr/doc/HTML/nl/kcontrol5/
drwxr-xr-x root/root         0 2022-05-20 17:52 usr/doc/HTML/nl/kcontrol5/filetypes/
-rw-r--r-- root/root      5711 2022-05-20 17:52 usr/doc/HTML/nl/kcontrol5/filetypes/index.cache.bz2
-rw-r--r-- root/root     16816 2022-05-19 12:17 usr/doc/HTML/nl/kcontrol5/filetypes/index.docbook
drwxr-xr-x root/root         0 2022-05-20 17:52 usr/doc/HTML/nl/kdesu/
-rw-r--r-- root/root      6391 2022-05-20 17:52 usr/doc/HTML/nl/kdesu/index.cache.bz2
-rw-r--r-- root/root     14152 2022-05-19 12:17 usr/doc/HTML/nl/kdesu/index.docbook
drwxr-xr-x root/root         0 2022-05-20 17:52 usr/doc/HTML/pt/
drwxr-xr-x root/root         0 2022-05-20 17:52 usr/doc/HTML/pt/kcontrol5/
drwxr-xr-x root/root         0 2022-05-20 17:52 usr/doc/HTML/pt/kcontrol5/filetypes/
-rw-r--r-- root/root      5690 2022-05-20 17:52 usr/doc/HTML/pt/kcontrol5/filetypes/index.cache.bz2
-rw-r--r-- root/root     16568 2022-05-19 12:17 usr/doc/HTML/pt/kcontrol5/filetypes/index.docbook
drwxr-xr-x root/root         0 2022-05-20 17:52 usr/doc/HTML/pt/kdesu/
-rw-r--r-- root/root      6220 2022-05-20 17:52 usr/doc/HTML/pt/kdesu/index.cache.bz2
-rw-r--r-- root/root     14405 2022-05-19 12:17 usr/doc/HTML/pt/kdesu/index.docbook
drwxr-xr-x root/root         0 2022-05-20 17:52 usr/doc/HTML/pt_BR/
drwxr-xr-x root/root         0 2022-05-20 17:52 usr/doc/HTML/pt_BR/kcontrol5/
drwxr-xr-x root/root         0 2022-05-20 17:52 usr/doc/HTML/pt_BR/kcontrol5/filetypes/
-rw-r--r-- root/root      5617 2022-05-20 17:52 usr/doc/HTML/pt_BR/kcontrol5/filetypes/index.cache.bz2
-rw-r--r-- root/root     16799 2022-05-19 12:17 usr/doc/HTML/pt_BR/kcontrol5/filetypes/index.docbook
drwxr-xr-x root/root         0 2022-05-20 17:52 usr/doc/HTML/pt_BR/kdesu/
-rw-r--r-- root/root      6079 2022-05-20 17:52 usr/doc/HTML/pt_BR/kdesu/index.cache.bz2
-rw-r--r-- root/root     14291 2022-05-19 12:17 usr/doc/HTML/pt_BR/kdesu/index.docbook
drwxr-xr-x root/root         0 2022-05-20 17:52 usr/doc/HTML/ru/
drwxr-xr-x root/root         0 2022-05-20 17:52 usr/doc/HTML/ru/kcontrol5/
drwxr-xr-x root/root         0 2022-05-20 17:52 usr/doc/HTML/ru/kcontrol5/filetypes/
-rw-r--r-- root/root      5853 2022-05-20 17:52 usr/doc/HTML/ru/kcontrol5/filetypes/index.cache.bz2
-rw-r--r-- root/root     24218 2022-05-19 12:17 usr/doc/HTML/ru/kcontrol5/filetypes/index.docbook
drwxr-xr-x root/root         0 2022-05-20 17:52 usr/doc/HTML/ru/kdesu/
-rw-r--r-- root/root      6314 2022-05-20 17:52 usr/doc/HTML/ru/kdesu/index.cache.bz2
-rw-r--r-- root/root     20898 2022-05-19 12:17 usr/doc/HTML/ru/kdesu/index.docbook
drwxr-xr-x root/root         0 2022-05-20 17:52 usr/doc/HTML/sr/
drwxr-xr-x root/root         0 2022-05-20 17:52 usr/doc/HTML/sr/kcontrol5/
drwxr-xr-x root/root         0 2022-05-20 17:52 usr/doc/HTML/sr/kcontrol5/filetypes/
-rw-r--r-- root/root      5400 2022-05-20 17:52 usr/doc/HTML/sr/kcontrol5/filetypes/index.cache.bz2
-rw-r--r-- root/root     22201 2022-05-19 12:17 usr/doc/HTML/sr/kcontrol5/filetypes/index.docbook
drwxr-xr-x root/root         0 2022-05-20 17:52 usr/doc/HTML/sr/kdesu/
-rw-r--r-- root/root      5959 2022-05-20 17:52 usr/doc/HTML/sr/kdesu/index.cache.bz2
-rw-r--r-- root/root     19495 2022-05-19 12:17 usr/doc/HTML/sr/kdesu/index.docbook
drwxr-xr-x root/root         0 2022-05-20 17:52 usr/doc/HTML/sr@latin/
drwxr-xr-x root/root         0 2022-05-20 17:52 usr/doc/HTML/sr@latin/kcontrol5/
drwxr-xr-x root/root         0 2022-05-20 17:52 usr/doc/HTML/sr@latin/kcontrol5/filetypes/
-rw-r--r-- root/root      5425 2022-05-20 17:52 usr/doc/HTML/sr@latin/kcontrol5/filetypes/index.cache.bz2
-rw-r--r-- root/root     15416 2022-05-19 12:17 usr/doc/HTML/sr@latin/kcontrol5/filetypes/index.docbook
drwxr-xr-x root/root         0 2022-05-20 17:52 usr/doc/HTML/sr@latin/kdesu/
-rw-r--r-- root/root      6061 2022-05-20 17:52 usr/doc/HTML/sr@latin/kdesu/index.cache.bz2
-rw-r--r-- root/root     14422 2022-05-19 12:17 usr/doc/HTML/sr@latin/kdesu/index.docbook
drwxr-xr-x root/root         0 2022-05-20 17:52 usr/doc/HTML/sv/
drwxr-xr-x root/root         0 2022-05-20 17:52 usr/doc/HTML/sv/kcontrol5/
drwxr-xr-x root/root         0 2022-05-20 17:52 usr/doc/HTML/sv/kcontrol5/filetypes/
-rw-r--r-- root/root      5449 2022-05-20 17:52 usr/doc/HTML/sv/kcontrol5/filetypes/index.cache.bz2
-rw-r--r-- root/root     15729 2022-05-19 12:17 usr/doc/HTML/sv/kcontrol5/filetypes/index.docbook
drwxr-xr-x root/root         0 2022-05-20 17:52 usr/doc/HTML/sv/kdesu/
-rw-r--r-- root/root      6071 2022-05-20 17:52 usr/doc/HTML/sv/kdesu/index.cache.bz2
-rw-r--r-- root/root     14291 2022-05-19 12:17 usr/doc/HTML/sv/kdesu/index.docbook
drwxr-xr-x root/root         0 2022-05-20 17:52 usr/doc/HTML/uk/
drwxr-xr-x root/root         0 2022-05-20 17:52 usr/doc/HTML/uk/kcontrol5/
drwxr-xr-x root/root         0 2022-05-20 17:52 usr/doc/HTML/uk/kcontrol5/filetypes/
-rw-r--r-- root/root      6225 2022-05-20 17:52 usr/doc/HTML/uk/kcontrol5/filetypes/index.cache.bz2
-rw-r--r-- root/root     26589 2022-05-19 12:17 usr/doc/HTML/uk/kcontrol5/filetypes/index.docbook
drwxr-xr-x root/root         0 2022-05-20 17:52 usr/doc/HTML/uk/kdesu/
-rw-r--r-- root/root      6668 2022-05-20 17:52 usr/doc/HTML/uk/kdesu/index.cache.bz2
-rw-r--r-- root/root     22874 2022-05-19 12:17 usr/doc/HTML/uk/kdesu/index.docbook
drwxr-xr-x root/root         0 2022-05-20 17:52 usr/doc/kde-cli-tools-5.24.90/
drwxr-xr-x root/root         0 2022-05-19 12:17 usr/doc/kde-cli-tools-5.24.90/LICENSES/
-rw-r--r-- root/root      8764 2022-05-19 12:17 usr/doc/kde-cli-tools-5.24.90/LICENSES/Artistic-2.0.txt
-rw-r--r-- root/root     20272 2022-05-19 12:17 usr/doc/kde-cli-tools-5.24.90/LICENSES/GFDL-1.2-or-later.txt
-rw-r--r-- root/root     17277 2022-05-19 12:17 usr/doc/kde-cli-tools-5.24.90/LICENSES/GPL-2.0-only.txt
-rw-r--r-- root/root     17277 2022-05-19 12:17 usr/doc/kde-cli-tools-5.24.90/LICENSES/GPL-2.0-or-later.txt
-rw-r--r-- root/root     34575 2022-05-19 12:17 usr/doc/kde-cli-tools-5.24.90/LICENSES/GPL-3.0-only.txt
-rw-r--r-- root/root     24782 2022-05-19 12:17 usr/doc/kde-cli-tools-5.24.90/LICENSES/LGPL-2.0-only.txt
-rw-r--r-- root/root     24782 2022-05-19 12:17 usr/doc/kde-cli-tools-5.24.90/LICENSES/LGPL-2.0-or-later.txt
-rw-r--r-- root/root     25902 2022-05-19 12:17 usr/doc/kde-cli-tools-5.24.90/LICENSES/LGPL-2.1-only.txt
-rw-r--r-- root/root      7356 2022-05-19 12:17 usr/doc/kde-cli-tools-5.24.90/LICENSES/LGPL-3.0-only.txt
-rw-r--r-- root/root       662 2022-05-19 12:17 usr/doc/kde-cli-tools-5.24.90/LICENSES/LicenseRef-KDE-Accepted-GPL.txt
-rw-r--r-- root/root       665 2022-05-19 12:17 usr/doc/kde-cli-tools-5.24.90/LICENSES/LicenseRef-KDE-Accepted-LGPL.txt
drwxr-xr-x root/root         0 2022-05-20 17:52 usr/lib64/
drwxr-xr-x root/root         0 2022-05-20 17:52 usr/lib64/libexec/
drwxr-xr-x root/root         0 2022-05-20 17:52 usr/lib64/libexec/kf5/
-rwxr-xr-x root/root       906 2022-05-19 12:17 usr/lib64/libexec/kf5/kdeeject
-rwxr-xr-x root/root     60832 2022-05-20 17:52 usr/lib64/libexec/kf5/kdesu
drwxr-xr-x root/root         0 2022-05-20 17:52 usr/lib64/qt5/
drwxr-xr-x root/root         0 2022-05-20 17:52 usr/lib64/qt5/plugins/
drwxr-xr-x root/root         0 2022-05-20 17:52 usr/lib64/qt5/plugins/plasma/
drwxr-xr-x root/root         0 2022-05-20 17:52 usr/lib64/qt5/plugins/plasma/kcms/
drwxr-xr-x root/root         0 2022-05-20 17:52 usr/lib64/qt5/plugins/plasma/kcms/systemsettings_qwidgets/
-rwxr-xr-x root/root    205408 2022-05-20 17:52 usr/lib64/qt5/plugins/plasma/kcms/systemsettings_qwidgets/kcm_filetypes.so
drwxr-xr-x root/root         0 2022-05-20 17:52 usr/man/
drwxr-xr-x root/root         0 2022-05-20 17:52 usr/man/ca/
drwxr-xr-x root/root         0 2022-05-20 17:52 usr/man/ca/man1/
-rw-r--r-- root/root      2366 2022-05-20 17:52 usr/man/ca/man1/kdesu.1.gz
drwxr-xr-x root/root         0 2022-05-20 17:52 usr/man/de/
drwxr-xr-x root/root         0 2022-05-20 17:52 usr/man/de/man1/
-rw-r--r-- root/root      2411 2022-05-20 17:52 usr/man/de/man1/kdesu.1.gz
drwxr-xr-x root/root         0 2022-05-20 17:52 usr/man/es/
drwxr-xr-x root/root         0 2022-05-20 17:52 usr/man/es/man1/
-rw-r--r-- root/root      2331 2022-05-20 17:52 usr/man/es/man1/kdesu.1.gz
drwxr-xr-x root/root         0 2022-05-20 17:52 usr/man/et/
drwxr-xr-x root/root         0 2022-05-20 17:52 usr/man/et/man1/
-rw-r--r-- root/root      2186 2022-05-20 17:52 usr/man/et/man1/kdesu.1.gz
drwxr-xr-x root/root         0 2022-05-20 17:52 usr/man/fr/
drwxr-xr-x root/root         0 2022-05-20 17:52 usr/man/fr/man1/
-rw-r--r-- root/root      2468 2022-05-20 17:52 usr/man/fr/man1/kdesu.1.gz
drwxr-xr-x root/root         0 2022-05-20 17:52 usr/man/id/
drwxr-xr-x root/root         0 2022-05-20 17:52 usr/man/id/man1/
-rw-r--r-- root/root      2245 2022-05-20 17:52 usr/man/id/man1/kdesu.1.gz
drwxr-xr-x root/root         0 2022-05-20 17:52 usr/man/it/
drwxr-xr-x root/root         0 2022-05-20 17:52 usr/man/it/man1/
-rw-r--r-- root/root      2323 2022-05-20 17:52 usr/man/it/man1/kdesu.1.gz
drwxr-xr-x root/root         0 2022-05-20 17:52 usr/man/man1/
-rw-r--r-- root/root      2166 2022-05-20 17:52 usr/man/man1/kdesu.1.gz
drwxr-xr-x root/root         0 2022-05-20 17:52 usr/man/nb/
drwxr-xr-x root/root         0 2022-05-20 17:52 usr/man/nb/man1/
-rw-r--r-- root/root      2238 2022-05-20 17:52 usr/man/nb/man1/kdesu.1.gz
drwxr-xr-x root/root         0 2022-05-20 17:52 usr/man/nl/
drwxr-xr-x root/root         0 2022-05-20 17:52 usr/man/nl/man1/
-rw-r--r-- root/root      2360 2022-05-20 17:52 usr/man/nl/man1/kdesu.1.gz
drwxr-xr-x root/root         0 2022-05-20 17:52 usr/man/pt/
drwxr-xr-x root/root         0 2022-05-20 17:52 usr/man/pt/man1/
-rw-r--r-- root/root      2344 2022-05-20 17:52 usr/man/pt/man1/kdesu.1.gz
drwxr-xr-x root/root         0 2022-05-20 17:52 usr/man/pt_BR/
drwxr-xr-x root/root         0 2022-05-20 17:52 usr/man/pt_BR/man1/
-rw-r--r-- root/root      2353 2022-05-20 17:52 usr/man/pt_BR/man1/kdesu.1.gz
drwxr-xr-x root/root         0 2022-05-20 17:52 usr/man/ru/
drwxr-xr-x root/root         0 2022-05-20 17:52 usr/man/ru/man1/
-rw-r--r-- root/root      2803 2022-05-20 17:52 usr/man/ru/man1/kdesu.1.gz
drwxr-xr-x root/root         0 2022-05-20 17:52 usr/man/sr/
drwxr-xr-x root/root         0 2022-05-20 17:52 usr/man/sr/man1/
-rw-r--r-- root/root      2635 2022-05-20 17:52 usr/man/sr/man1/kdesu.1.gz
drwxr-xr-x root/root         0 2022-05-20 17:52 usr/man/sr@latin/
drwxr-xr-x root/root         0 2022-05-20 17:52 usr/man/sr@latin/man1/
-rw-r--r-- root/root      2241 2022-05-20 17:52 usr/man/sr@latin/man1/kdesu.1.gz
drwxr-xr-x root/root         0 2022-05-20 17:52 usr/man/sv/
drwxr-xr-x root/root         0 2022-05-20 17:52 usr/man/sv/man1/
-rw-r--r-- root/root      2273 2022-05-20 17:52 usr/man/sv/man1/kdesu.1.gz
drwxr-xr-x root/root         0 2022-05-20 17:52 usr/man/uk/
drwxr-xr-x root/root         0 2022-05-20 17:52 usr/man/uk/man1/
-rw-r--r-- root/root      3123 2022-05-20 17:52 usr/man/uk/man1/kdesu.1.gz
drwxr-xr-x root/root         0 2022-05-20 17:52 usr/share/
drwxr-xr-x root/root         0 2022-05-20 17:52 usr/share/applications/
-rw-r--r-- root/root      3561 2022-05-19 12:17 usr/share/applications/kcm_filetypes.desktop
-rwxr-xr-x root/root      2634 2022-05-19 12:17 usr/share/applications/org.kde.keditfiletype.desktop
-rw-r--r-- root/root      1475 2022-05-19 12:17 usr/share/applications/org.kde.plasma.settings.open.desktop
drwxr-xr-x root/root         0 2022-05-20 17:52 usr/share/locale/
drwxr-xr-x root/root         0 2022-05-20 17:52 usr/share/locale/af/
drwxr-xr-x root/root         0 2022-05-20 17:52 usr/share/locale/af/LC_MESSAGES/
-rw-r--r-- root/root      6957 2022-05-20 17:52 usr/share/locale/af/LC_MESSAGES/kcm5_filetypes.mo
-rw-r--r-- root/root      1108 2022-05-20 17:52 usr/share/locale/af/LC_MESSAGES/kcmshell5.mo
-rw-r--r-- root/root      2453 2022-05-20 17:52 usr/share/locale/af/LC_MESSAGES/kdesu5.mo
-rw-r--r-- root/root      3516 2022-05-20 17:52 usr/share/locale/af/LC_MESSAGES/kstart5.mo
drwxr-xr-x root/root         0 2022-05-20 17:52 usr/share/locale/ar/
drwxr-xr-x root/root         0 2022-05-20 17:52 usr/share/locale/ar/LC_MESSAGES/
-rw-r--r-- root/root     15322 2022-05-20 17:52 usr/share/locale/ar/LC_MESSAGES/kcm5_filetypes.mo
-rw-r--r-- root/root      1798 2022-05-20 17:52 usr/share/locale/ar/LC_MESSAGES/kcmshell5.mo
-rw-r--r-- root/root      5738 2022-05-20 17:52 usr/share/locale/ar/LC_MESSAGES/kdesu5.mo
-rw-r--r-- root/root      1330 2022-05-20 17:52 usr/share/locale/ar/LC_MESSAGES/kioclient.mo
-rw-r--r-- root/root      1318 2022-05-20 17:52 usr/share/locale/ar/LC_MESSAGES/kmimetypefinder5.mo
-rw-r--r-- root/root      4879 2022-05-20 17:52 usr/share/locale/ar/LC_MESSAGES/kstart5.mo
-rw-r--r-- root/root      1031 2022-05-20 17:52 usr/share/locale/ar/LC_MESSAGES/ktraderclient5.mo
drwxr-xr-x root/root         0 2022-05-20 17:52 usr/share/locale/ast/
drwxr-xr-x root/root         0 2022-05-20 17:52 usr/share/locale/ast/LC_MESSAGES/
-rw-r--r-- root/root      4276 2022-05-20 17:52 usr/share/locale/ast/LC_MESSAGES/kcm5_filetypes.mo
-rw-r--r-- root/root      5375 2022-05-20 17:52 usr/share/locale/ast/LC_MESSAGES/kdesu5.mo
-rw-r--r-- root/root      1245 2022-05-20 17:52 usr/share/locale/ast/LC_MESSAGES/kmimetypefinder5.mo
drwxr-xr-x root/root         0 2022-05-20 17:52 usr/share/locale/az/
drwxr-xr-x root/root         0 2022-05-20 17:52 usr/share/locale/az/LC_MESSAGES/
-rw-r--r-- root/root      1846 2022-05-20 17:52 usr/share/locale/az/LC_MESSAGES/kbroadcastnotification.mo
-rw-r--r-- root/root     16075 2022-05-20 17:52 usr/share/locale/az/LC_MESSAGES/kcm5_filetypes.mo
-rw-r--r-- root/root      2399 2022-05-20 17:52 usr/share/locale/az/LC_MESSAGES/kcmshell5.mo
-rw-r--r-- root/root      5652 2022-05-20 17:52 usr/share/locale/az/LC_MESSAGES/kdesu5.mo
-rw-r--r-- root/root      7418 2022-05-20 17:52 usr/share/locale/az/LC_MESSAGES/kioclient.mo
-rw-r--r-- root/root      1315 2022-05-20 17:52 usr/share/locale/az/LC_MESSAGES/kmimetypefinder5.mo
-rw-r--r-- root/root      4590 2022-05-20 17:52 usr/share/locale/az/LC_MESSAGES/kstart5.mo
-rw-r--r-- root/root      1266 2022-05-20 17:52 usr/share/locale/az/LC_MESSAGES/ktraderclient5.mo
-rw-r--r-- root/root       909 2022-05-20 17:52 usr/share/locale/az/LC_MESSAGES/plasma-open-settings.mo
drwxr-xr-x root/root         0 2022-05-20 17:52 usr/share/locale/be/
drwxr-xr-x root/root         0 2022-05-20 17:52 usr/share/locale/be/LC_MESSAGES/
-rw-r--r-- root/root      9015 2022-05-20 17:52 usr/share/locale/be/LC_MESSAGES/kcm5_filetypes.mo
-rw-r--r-- root/root      1678 2022-05-20 17:52 usr/share/locale/be/LC_MESSAGES/kcmshell5.mo
-rw-r--r-- root/root      5197 2022-05-20 17:52 usr/share/locale/be/LC_MESSAGES/kdesu5.mo
-rw-r--r-- root/root      1047 2022-05-20 17:52 usr/share/locale/be/LC_MESSAGES/kioclient.mo
-rw-r--r-- root/root       525 2022-05-20 17:52 usr/share/locale/be/LC_MESSAGES/kmimetypefinder5.mo
-rw-r--r-- root/root      4924 2022-05-20 17:52 usr/share/locale/be/LC_MESSAGES/kstart5.mo
-rw-r--r-- root/root      1095 2022-05-20 17:52 usr/share/locale/be/LC_MESSAGES/ktraderclient5.mo
drwxr-xr-x root/root         0 2022-05-20 17:52 usr/share/locale/be@latin/
drwxr-xr-x root/root         0 2022-05-20 17:52 usr/share/locale/be@latin/LC_MESSAGES/
-rw-r--r-- root/root     11474 2022-05-20 17:52 usr/share/locale/be@latin/LC_MESSAGES/kcm5_filetypes.mo
-rw-r--r-- root/root      4336 2022-05-20 17:52 usr/share/locale/be@latin/LC_MESSAGES/kdesu5.mo
-rw-r--r-- root/root       539 2022-05-20 17:52 usr/share/locale/be@latin/LC_MESSAGES/kmimetypefinder5.mo
-rw-r--r-- root/root      4075 2022-05-20 17:52 usr/share/locale/be@latin/LC_MESSAGES/kstart5.mo
drwxr-xr-x root/root         0 2022-05-20 17:52 usr/share/locale/bg/
drwxr-xr-x root/root         0 2022-05-20 17:52 usr/share/locale/bg/LC_MESSAGES/
-rw-r--r-- root/root     18777 2022-05-20 17:52 usr/share/locale/bg/LC_MESSAGES/kcm5_filetypes.mo
-rw-r--r-- root/root      1616 2022-05-20 17:52 usr/share/locale/bg/LC_MESSAGES/kcmshell5.mo
-rw-r--r-- root/root      6405 2022-05-20 17:52 usr/share/locale/bg/LC_MESSAGES/kdesu5.mo
-rw-r--r-- root/root      1886 2022-05-20 17:52 usr/share/locale/bg/LC_MESSAGES/kioclient.mo
-rw-r--r-- root/root       611 2022-05-20 17:52 usr/share/locale/bg/LC_MESSAGES/kmimetypefinder5.mo
-rw-r--r-- root/root      2641 2022-05-20 17:52 usr/share/locale/bg/LC_MESSAGES/kstart5.mo
-rw-r--r-- root/root       996 2022-05-20 17:52 usr/share/locale/bg/LC_MESSAGES/ktraderclient5.mo
drwxr-xr-x root/root         0 2022-05-20 17:52 usr/share/locale/bn/
drwxr-xr-x root/root         0 2022-05-20 17:52 usr/share/locale/bn/LC_MESSAGES/
-rw-r--r-- root/root      5206 2022-05-20 17:52 usr/share/locale/bn/LC_MESSAGES/kcm5_filetypes.mo
-rw-r--r-- root/root      1879 2022-05-20 17:52 usr/share/locale/bn/LC_MESSAGES/kcmshell5.mo
-rw-r--r-- root/root      2318 2022-05-20 17:52 usr/share/locale/bn/LC_MESSAGES/kstart5.mo
drwxr-xr-x root/root         0 2022-05-20 17:52 usr/share/locale/bn_IN/
drwxr-xr-x root/root         0 2022-05-20 17:52 usr/share/locale/bn_IN/LC_MESSAGES/
-rw-r--r-- root/root      6012 2022-05-20 17:52 usr/share/locale/bn_IN/LC_MESSAGES/kcm5_filetypes.mo
-rw-r--r-- root/root      2053 2022-05-20 17:52 usr/share/locale/bn_IN/LC_MESSAGES/kcmshell5.mo
-rw-r--r-- root/root      6787 2022-05-20 17:52 usr/share/locale/bn_IN/LC_MESSAGES/kdesu5.mo
-rw-r--r-- root/root      1062 2022-05-20 17:52 usr/share/locale/bn_IN/LC_MESSAGES/kioclient.mo
-rw-r--r-- root/root       666 2022-05-20 17:52 usr/share/locale/bn_IN/LC_MESSAGES/kmimetypefinder5.mo
-rw-r--r-- root/root      4432 2022-05-20 17:52 usr/share/locale/bn_IN/LC_MESSAGES/kstart5.mo
-rw-r--r-- root/root      1243 2022-05-20 17:52 usr/share/locale/bn_IN/LC_MESSAGES/ktraderclient5.mo
drwxr-xr-x root/root         0 2022-05-20 17:52 usr/share/locale/br/
drwxr-xr-x root/root         0 2022-05-20 17:52 usr/share/locale/br/LC_MESSAGES/
-rw-r--r-- root/root      1961 2022-05-20 17:52 usr/share/locale/br/LC_MESSAGES/kcm5_filetypes.mo
-rw-r--r-- root/root      1075 2022-05-20 17:52 usr/share/locale/br/LC_MESSAGES/kcmshell5.mo
-rw-r--r-- root/root      1086 2022-05-20 17:52 usr/share/locale/br/LC_MESSAGES/kdesu5.mo
-rw-r--r-- root/root      1378 2022-05-20 17:52 usr/share/locale/br/LC_MESSAGES/kstart5.mo
drwxr-xr-x root/root         0 2022-05-20 17:52 usr/share/locale/bs/
drwxr-xr-x root/root         0 2022-05-20 17:52 usr/share/locale/bs/LC_MESSAGES/
-rw-r--r-- root/root     15008 2022-05-20 17:52 usr/share/locale/bs/LC_MESSAGES/kcm5_filetypes.mo
-rw-r--r-- root/root      1852 2022-05-20 17:52 usr/share/locale/bs/LC_MESSAGES/kcmshell5.mo
-rw-r--r-- root/root      5448 2022-05-20 17:52 usr/share/locale/bs/LC_MESSAGES/kdesu5.mo
-rw-r--r-- root/root      2303 2022-05-20 17:52 usr/share/locale/bs/LC_MESSAGES/kioclient.mo
-rw-r--r-- root/root       702 2022-05-20 17:52 usr/share/locale/bs/LC_MESSAGES/kmimetypefinder5.mo
-rw-r--r-- root/root      3854 2022-05-20 17:52 usr/share/locale/bs/LC_MESSAGES/kstart5.mo
-rw-r--r-- root/root       994 2022-05-20 17:52 usr/share/locale/bs/LC_MESSAGES/ktraderclient5.mo
drwxr-xr-x root/root         0 2022-05-20 17:52 usr/share/locale/ca/
drwxr-xr-x root/root         0 2022-05-20 17:52 usr/share/locale/ca/LC_MESSAGES/
-rw-r--r-- root/root      1917 2022-05-20 17:52 usr/share/locale/ca/LC_MESSAGES/kbroadcastnotification.mo
-rw-r--r-- root/root     15933 2022-05-20 17:52 usr/share/locale/ca/LC_MESSAGES/kcm5_filetypes.mo
-rw-r--r-- root/root      2519 2022-05-20 17:52 usr/share/locale/ca/LC_MESSAGES/kcmshell5.mo
-rw-r--r-- root/root      5481 2022-05-20 17:52 usr/share/locale/ca/LC_MESSAGES/kdesu5.mo
-rw-r--r-- root/root      7153 2022-05-20 17:52 usr/share/locale/ca/LC_MESSAGES/kioclient.mo
-rw-r--r-- root/root      1265 2022-05-20 17:52 usr/share/locale/ca/LC_MESSAGES/kmimetypefinder5.mo
-rw-r--r-- root/root      4547 2022-05-20 17:52 usr/share/locale/ca/LC_MESSAGES/kstart5.mo
-rw-r--r-- root/root      1317 2022-05-20 17:52 usr/share/locale/ca/LC_MESSAGES/ktraderclient5.mo
-rw-r--r-- root/root       957 2022-05-20 17:52 usr/share/locale/ca/LC_MESSAGES/plasma-open-settings.mo
drwxr-xr-x root/root         0 2022-05-20 17:52 usr/share/locale/ca@valencia/
drwxr-xr-x root/root         0 2022-05-20 17:52 usr/share/locale/ca@valencia/LC_MESSAGES/
-rw-r--r-- root/root      1921 2022-05-20 17:52 usr/share/locale/ca@valencia/LC_MESSAGES/kbroadcastnotification.mo
-rw-r--r-- root/root     15912 2022-05-20 17:52 usr/share/locale/ca@valencia/LC_MESSAGES/kcm5_filetypes.mo
-rw-r--r-- root/root      2544 2022-05-20 17:52 usr/share/locale/ca@valencia/LC_MESSAGES/kcmshell5.mo
-rw-r--r-- root/root      5484 2022-05-20 17:52 usr/share/locale/ca@valencia/LC_MESSAGES/kdesu5.mo
-rw-r--r-- root/root      7206 2022-05-20 17:52 usr/share/locale/ca@valencia/LC_MESSAGES/kioclient.mo
-rw-r--r-- root/root      1274 2022-05-20 17:52 usr/share/locale/ca@valencia/LC_MESSAGES/kmimetypefinder5.mo
-rw-r--r-- root/root      4568 2022-05-20 17:52 usr/share/locale/ca@valencia/LC_MESSAGES/kstart5.mo
-rw-r--r-- root/root      1325 2022-05-20 17:52 usr/share/locale/ca@valencia/LC_MESSAGES/ktraderclient5.mo
-rw-r--r-- root/root       965 2022-05-20 17:52 usr/share/locale/ca@valencia/LC_MESSAGES/plasma-open-settings.mo
drwxr-xr-x root/root         0 2022-05-20 17:52 usr/share/locale/cs/
drwxr-xr-x root/root         0 2022-05-20 17:52 usr/share/locale/cs/LC_MESSAGES/
-rw-r--r-- root/root      1303 2022-05-20 17:52 usr/share/locale/cs/LC_MESSAGES/kbroadcastnotification.mo
-rw-r--r-- root/root     15381 2022-05-20 17:52 usr/share/locale/cs/LC_MESSAGES/kcm5_filetypes.mo
-rw-r--r-- root/root      2330 2022-05-20 17:52 usr/share/locale/cs/LC_MESSAGES/kcmshell5.mo
-rw-r--r-- root/root      5413 2022-05-20 17:52 usr/share/locale/cs/LC_MESSAGES/kdesu5.mo
-rw-r--r-- root/root      2443 2022-05-20 17:52 usr/share/locale/cs/LC_MESSAGES/kioclient.mo
-rw-r--r-- root/root      1199 2022-05-20 17:52 usr/share/locale/cs/LC_MESSAGES/kmimetypefinder5.mo
-rw-r--r-- root/root      4355 2022-05-20 17:52 usr/share/locale/cs/LC_MESSAGES/kstart5.mo
-rw-r--r-- root/root      1149 2022-05-20 17:52 usr/share/locale/cs/LC_MESSAGES/ktraderclient5.mo
-rw-r--r-- root/root       928 2022-05-20 17:52 usr/share/locale/cs/LC_MESSAGES/plasma-open-settings.mo
drwxr-xr-x root/root         0 2022-05-20 17:52 usr/share/locale/csb/
drwxr-xr-x root/root         0 2022-05-20 17:52 usr/share/locale/csb/LC_MESSAGES/
-rw-r--r-- root/root     15683 2022-05-20 17:52 usr/share/locale/csb/LC_MESSAGES/kcm5_filetypes.mo
-rw-r--r-- root/root      1507 2022-05-20 17:52 usr/share/locale/csb/LC_MESSAGES/kcmshell5.mo
-rw-r--r-- root/root      4596 2022-05-20 17:52 usr/share/locale/csb/LC_MESSAGES/kdesu5.mo
-rw-r--r-- root/root      1074 2022-05-20 17:52 usr/share/locale/csb/LC_MESSAGES/kioclient.mo
-rw-r--r-- root/root       637 2022-05-20 17:52 usr/share/locale/csb/LC_MESSAGES/kmimetypefinder5.mo
-rw-r--r-- root/root      4085 2022-05-20 17:52 usr/share/locale/csb/LC_MESSAGES/kstart5.mo
-rw-r--r-- root/root       961 2022-05-20 17:52 usr/share/locale/csb/LC_MESSAGES/ktraderclient5.mo
drwxr-xr-x root/root         0 2022-05-20 17:52 usr/share/locale/cy/
drwxr-xr-x root/root         0 2022-05-20 17:52 usr/share/locale/cy/LC_MESSAGES/
-rw-r--r-- root/root      6828 2022-05-20 17:52 usr/share/locale/cy/LC_MESSAGES/kcm5_filetypes.mo
-rw-r--r-- root/root      1047 2022-05-20 17:52 usr/share/locale/cy/LC_MESSAGES/kcmshell5.mo
-rw-r--r-- root/root      1398 2022-05-20 17:52 usr/share/locale/cy/LC_MESSAGES/kdesu5.mo
-rw-r--r-- root/root      1956 2022-05-20 17:52 usr/share/locale/cy/LC_MESSAGES/kstart5.mo
drwxr-xr-x root/root         0 2022-05-20 17:52 usr/share/locale/da/
drwxr-xr-x root/root         0 2022-05-20 17:52 usr/share/locale/da/LC_MESSAGES/
-rw-r--r-- root/root      1892 2022-05-20 17:52 usr/share/locale/da/LC_MESSAGES/kbroadcastnotification.mo
-rw-r--r-- root/root     14790 2022-05-20 17:52 usr/share/locale/da/LC_MESSAGES/kcm5_filetypes.mo
-rw-r--r-- root/root      2357 2022-05-20 17:52 usr/share/locale/da/LC_MESSAGES/kcmshell5.mo
-rw-r--r-- root/root      5240 2022-05-20 17:52 usr/share/locale/da/LC_MESSAGES/kdesu5.mo
-rw-r--r-- root/root      2374 2022-05-20 17:52 usr/share/locale/da/LC_MESSAGES/kioclient.mo
-rw-r--r-- root/root      1208 2022-05-20 17:52 usr/share/locale/da/LC_MESSAGES/kmimetypefinder5.mo
-rw-r--r-- root/root      4382 2022-05-20 17:52 usr/share/locale/da/LC_MESSAGES/kstart5.mo
-rw-r--r-- root/root      1237 2022-05-20 17:52 usr/share/locale/da/LC_MESSAGES/ktraderclient5.mo
drwxr-xr-x root/root         0 2022-05-20 17:52 usr/share/locale/de/
drwxr-xr-x root/root         0 2022-05-20 17:52 usr/share/locale/de/LC_MESSAGES/
-rw-r--r-- root/root      1911 2022-05-20 17:52 usr/share/locale/de/LC_MESSAGES/kbroadcastnotification.mo
-rw-r--r-- root/root     15901 2022-05-20 17:52 usr/share/locale/de/LC_MESSAGES/kcm5_filetypes.mo
-rw-r--r-- root/root      2424 2022-05-20 17:52 usr/share/locale/de/LC_MESSAGES/kcmshell5.mo
-rw-r--r-- root/root      5723 2022-05-20 17:52 usr/share/locale/de/LC_MESSAGES/kdesu5.mo
-rw-r--r-- root/root      2569 2022-05-20 17:52 usr/share/locale/de/LC_MESSAGES/kioclient.mo
-rw-r--r-- root/root      1238 2022-05-20 17:52 usr/share/locale/de/LC_MESSAGES/kmimetypefinder5.mo
-rw-r--r-- root/root      4644 2022-05-20 17:52 usr/share/locale/de/LC_MESSAGES/kstart5.mo
-rw-r--r-- root/root      1196 2022-05-20 17:52 usr/share/locale/de/LC_MESSAGES/ktraderclient5.mo
-rw-r--r-- root/root       956 2022-05-20 17:52 usr/share/locale/de/LC_MESSAGES/plasma-open-settings.mo
drwxr-xr-x root/root         0 2022-05-20 17:52 usr/share/locale/el/
drwxr-xr-x root/root         0 2022-05-20 17:52 usr/share/locale/el/LC_MESSAGES/
-rw-r--r-- root/root      2400 2022-05-20 17:52 usr/share/locale/el/LC_MESSAGES/kbroadcastnotification.mo
-rw-r--r-- root/root     22006 2022-05-20 17:52 usr/share/locale/el/LC_MESSAGES/kcm5_filetypes.mo
-rw-r--r-- root/root      3089 2022-05-20 17:52 usr/share/locale/el/LC_MESSAGES/kcmshell5.mo
-rw-r--r-- root/root      7431 2022-05-20 17:52 usr/share/locale/el/LC_MESSAGES/kdesu5.mo
-rw-r--r-- root/root      2795 2022-05-20 17:52 usr/share/locale/el/LC_MESSAGES/kioclient.mo
-rw-r--r-- root/root      1534 2022-05-20 17:52 usr/share/locale/el/LC_MESSAGES/kmimetypefinder5.mo
-rw-r--r-- root/root      6218 2022-05-20 17:52 usr/share/locale/el/LC_MESSAGES/kstart5.mo
-rw-r--r-- root/root      1478 2022-05-20 17:52 usr/share/locale/el/LC_MESSAGES/ktraderclient5.mo
-rw-r--r-- root/root      1020 2022-05-20 17:52 usr/share/locale/el/LC_MESSAGES/plasma-open-settings.mo
drwxr-xr-x root/root         0 2022-05-20 17:52 usr/share/locale/en_GB/
drwxr-xr-x root/root         0 2022-05-20 17:52 usr/share/locale/en_GB/LC_MESSAGES/
-rw-r--r-- root/root      1854 2022-05-20 17:52 usr/share/locale/en_GB/LC_MESSAGES/kbroadcastnotification.mo
-rw-r--r-- root/root     14884 2022-05-20 17:52 usr/share/locale/en_GB/LC_MESSAGES/kcm5_filetypes.mo
-rw-r--r-- root/root      2354 2022-05-20 17:52 usr/share/locale/en_GB/LC_MESSAGES/kcmshell5.mo
-rw-r--r-- root/root      5155 2022-05-20 17:52 usr/share/locale/en_GB/LC_MESSAGES/kdesu5.mo
-rw-r--r-- root/root      6964 2022-05-20 17:52 usr/share/locale/en_GB/LC_MESSAGES/kioclient.mo
-rw-r--r-- root/root      1209 2022-05-20 17:52 usr/share/locale/en_GB/LC_MESSAGES/kmimetypefinder5.mo
-rw-r--r-- root/root      4330 2022-05-20 17:52 usr/share/locale/en_GB/LC_MESSAGES/kstart5.mo
-rw-r--r-- root/root      1225 2022-05-20 17:52 usr/share/locale/en_GB/LC_MESSAGES/ktraderclient5.mo
-rw-r--r-- root/root       909 2022-05-20 17:52 usr/share/locale/en_GB/LC_MESSAGES/plasma-open-settings.mo
drwxr-xr-x root/root         0 2022-05-20 17:52 usr/share/locale/eo/
drwxr-xr-x root/root         0 2022-05-20 17:52 usr/share/locale/eo/LC_MESSAGES/
-rw-r--r-- root/root     14494 2022-05-20 17:52 usr/share/locale/eo/LC_MESSAGES/kcm5_filetypes.mo
-rw-r--r-- root/root      1730 2022-05-20 17:52 usr/share/locale/eo/LC_MESSAGES/kcmshell5.mo
-rw-r--r-- root/root      4103 2022-05-20 17:52 usr/share/locale/eo/LC_MESSAGES/kdesu5.mo
-rw-r--r-- root/root       870 2022-05-20 17:52 usr/share/locale/eo/LC_MESSAGES/kioclient.mo
-rw-r--r-- root/root       572 2022-05-20 17:52 usr/share/locale/eo/LC_MESSAGES/kmimetypefinder5.mo
-rw-r--r-- root/root      4207 2022-05-20 17:52 usr/share/locale/eo/LC_MESSAGES/kstart5.mo
-rw-r--r-- root/root       884 2022-05-20 17:52 usr/share/locale/eo/LC_MESSAGES/ktraderclient5.mo
drwxr-xr-x root/root         0 2022-05-20 17:52 usr/share/locale/es/
drwxr-xr-x root/root         0 2022-05-20 17:52 usr/share/locale/es/LC_MESSAGES/
-rw-r--r-- root/root      1920 2022-05-20 17:52 usr/share/locale/es/LC_MESSAGES/kbroadcastnotification.mo
-rw-r--r-- root/root     16031 2022-05-20 17:52 usr/share/locale/es/LC_MESSAGES/kcm5_filetypes.mo
-rw-r--r-- root/root      2451 2022-05-20 17:52 usr/share/locale/es/LC_MESSAGES/kcmshell5.mo
-rw-r--r-- root/root      5610 2022-05-20 17:52 usr/share/locale/es/LC_MESSAGES/kdesu5.mo
-rw-r--r-- root/root      7134 2022-05-20 17:52 usr/share/locale/es/LC_MESSAGES/kioclient.mo
-rw-r--r-- root/root      1235 2022-05-20 17:52 usr/share/locale/es/LC_MESSAGES/kmimetypefinder5.mo
-rw-r--r-- root/root      4797 2022-05-20 17:52 usr/share/locale/es/LC_MESSAGES/kstart5.mo
-rw-r--r-- root/root      1270 2022-05-20 17:52 usr/share/locale/es/LC_MESSAGES/ktraderclient5.mo
-rw-r--r-- root/root       947 2022-05-20 17:52 usr/share/locale/es/LC_MESSAGES/plasma-open-settings.mo
drwxr-xr-x root/root         0 2022-05-20 17:52 usr/share/locale/et/
drwxr-xr-x root/root         0 2022-05-20 17:52 usr/share/locale/et/LC_MESSAGES/
-rw-r--r-- root/root      1771 2022-05-20 17:52 usr/share/locale/et/LC_MESSAGES/kbroadcastnotification.mo
-rw-r--r-- root/root     14818 2022-05-20 17:52 usr/share/locale/et/LC_MESSAGES/kcm5_filetypes.mo
-rw-r--r-- root/root      2329 2022-05-20 17:52 usr/share/locale/et/LC_MESSAGES/kcmshell5.mo
-rw-r--r-- root/root      5342 2022-05-20 17:52 usr/share/locale/et/LC_MESSAGES/kdesu5.mo
-rw-r--r-- root/root      2284 2022-05-20 17:52 usr/share/locale/et/LC_MESSAGES/kioclient.mo
-rw-r--r-- root/root      1202 2022-05-20 17:52 usr/share/locale/et/LC_MESSAGES/kmimetypefinder5.mo
-rw-r--r-- root/root      4279 2022-05-20 17:52 usr/share/locale/et/LC_MESSAGES/kstart5.mo
-rw-r--r-- root/root      1194 2022-05-20 17:52 usr/share/locale/et/LC_MESSAGES/ktraderclient5.mo
drwxr-xr-x root/root         0 2022-05-20 17:52 usr/share/locale/eu/
drwxr-xr-x root/root         0 2022-05-20 17:52 usr/share/locale/eu/LC_MESSAGES/
-rw-r--r-- root/root      1919 2022-05-20 17:52 usr/share/locale/eu/LC_MESSAGES/kbroadcastnotification.mo
-rw-r--r-- root/root     16014 2022-05-20 17:52 usr/share/locale/eu/LC_MESSAGES/kcm5_filetypes.mo
-rw-r--r-- root/root      2499 2022-05-20 17:52 usr/share/locale/eu/LC_MESSAGES/kcmshell5.mo
-rw-r--r-- root/root      5661 2022-05-20 17:52 usr/share/locale/eu/LC_MESSAGES/kdesu5.mo
-rw-r--r-- root/root      2631 2022-05-20 17:52 usr/share/locale/eu/LC_MESSAGES/kioclient.mo
-rw-r--r-- root/root      1343 2022-05-20 17:52 usr/share/locale/eu/LC_MESSAGES/kmimetypefinder5.mo
-rw-r--r-- root/root      4598 2022-05-20 17:52 usr/share/locale/eu/LC_MESSAGES/kstart5.mo
-rw-r--r-- root/root      1341 2022-05-20 17:52 usr/share/locale/eu/LC_MESSAGES/ktraderclient5.mo
-rw-r--r-- root/root       925 2022-05-20 17:52 usr/share/locale/eu/LC_MESSAGES/plasma-open-settings.mo
drwxr-xr-x root/root         0 2022-05-20 17:52 usr/share/locale/fa/
drwxr-xr-x root/root         0 2022-05-20 17:52 usr/share/locale/fa/LC_MESSAGES/
-rw-r--r-- root/root     17409 2022-05-20 17:52 usr/share/locale/fa/LC_MESSAGES/kcm5_filetypes.mo
-rw-r--r-- root/root      1673 2022-05-20 17:52 usr/share/locale/fa/LC_MESSAGES/kcmshell5.mo
-rw-r--r-- root/root      6401 2022-05-20 17:52 usr/share/locale/fa/LC_MESSAGES/kdesu5.mo
-rw-r--r-- root/root      1236 2022-05-20 17:52 usr/share/locale/fa/LC_MESSAGES/kioclient.mo
-rw-r--r-- root/root       588 2022-05-20 17:52 usr/share/locale/fa/LC_MESSAGES/kmimetypefinder5.mo
-rw-r--r-- root/root      4776 2022-05-20 17:52 usr/share/locale/fa/LC_MESSAGES/kstart5.mo
-rw-r--r-- root/root       944 2022-05-20 17:52 usr/share/locale/fa/LC_MESSAGES/ktraderclient5.mo
drwxr-xr-x root/root         0 2022-05-20 17:52 usr/share/locale/fi/
drwxr-xr-x root/root         0 2022-05-20 17:52 usr/share/locale/fi/LC_MESSAGES/
-rw-r--r-- root/root      1823 2022-05-20 17:52 usr/share/locale/fi/LC_MESSAGES/kbroadcastnotification.mo
-rw-r--r-- root/root     15407 2022-05-20 17:52 usr/share/locale/fi/LC_MESSAGES/kcm5_filetypes.mo
-rw-r--r-- root/root      2415 2022-05-20 17:52 usr/share/locale/fi/LC_MESSAGES/kcmshell5.mo
-rw-r--r-- root/root      5523 2022-05-20 17:52 usr/share/locale/fi/LC_MESSAGES/kdesu5.mo
-rw-r--r-- root/root      2747 2022-05-20 17:52 usr/share/locale/fi/LC_MESSAGES/kioclient.mo
-rw-r--r-- root/root      1332 2022-05-20 17:52 usr/share/locale/fi/LC_MESSAGES/kmimetypefinder5.mo
-rw-r--r-- root/root      4540 2022-05-20 17:52 usr/share/locale/fi/LC_MESSAGES/kstart5.mo
-rw-r--r-- root/root      1365 2022-05-20 17:52 usr/share/locale/fi/LC_MESSAGES/ktraderclient5.mo
-rw-r--r-- root/root       916 2022-05-20 17:52 usr/share/locale/fi/LC_MESSAGES/plasma-open-settings.mo
drwxr-xr-x root/root         0 2022-05-20 17:52 usr/share/locale/fr/
drwxr-xr-x root/root         0 2022-05-20 17:52 usr/share/locale/fr/LC_MESSAGES/
-rw-r--r-- root/root      2131 2022-05-20 17:52 usr/share/locale/fr/LC_MESSAGES/kbroadcastnotification.mo
-rw-r--r-- root/root     16793 2022-05-20 17:52 usr/share/locale/fr/LC_MESSAGES/kcm5_filetypes.mo
-rw-r--r-- root/root      2642 2022-05-20 17:52 usr/share/locale/fr/LC_MESSAGES/kcmshell5.mo
-rw-r--r-- root/root      6004 2022-05-20 17:52 usr/share/locale/fr/LC_MESSAGES/kdesu5.mo
-rw-r--r-- root/root      7705 2022-05-20 17:52 usr/share/locale/fr/LC_MESSAGES/kioclient.mo
-rw-r--r-- root/root      1332 2022-05-20 17:52 usr/share/locale/fr/LC_MESSAGES/kmimetypefinder5.mo
-rw-r--r-- root/root      4999 2022-05-20 17:52 usr/share/locale/fr/LC_MESSAGES/kstart5.mo
-rw-r--r-- root/root      1357 2022-05-20 17:52 usr/share/locale/fr/LC_MESSAGES/ktraderclient5.mo
-rw-r--r-- root/root       958 2022-05-20 17:52 usr/share/locale/fr/LC_MESSAGES/plasma-open-settings.mo
drwxr-xr-x root/root         0 2022-05-20 17:52 usr/share/locale/fy/
drwxr-xr-x root/root         0 2022-05-20 17:52 usr/share/locale/fy/LC_MESSAGES/
-rw-r--r-- root/root     15011 2022-05-20 17:52 usr/share/locale/fy/LC_MESSAGES/kcm5_filetypes.mo
-rw-r--r-- root/root      1485 2022-05-20 17:52 usr/share/locale/fy/LC_MESSAGES/kcmshell5.mo
-rw-r--r-- root/root      4522 2022-05-20 17:52 usr/share/locale/fy/LC_MESSAGES/kdesu5.mo
-rw-r--r-- root/root      1138 2022-05-20 17:52 usr/share/locale/fy/LC_MESSAGES/kioclient.mo
-rw-r--r-- root/root       567 2022-05-20 17:52 usr/share/locale/fy/LC_MESSAGES/kmimetypefinder5.mo
-rw-r--r-- root/root      4026 2022-05-20 17:52 usr/share/locale/fy/LC_MESSAGES/kstart5.mo
-rw-r--r-- root/root       444 2022-05-20 17:52 usr/share/locale/fy/LC_MESSAGES/ktraderclient5.mo
drwxr-xr-x root/root         0 2022-05-20 17:52 usr/share/locale/ga/
drwxr-xr-x root/root         0 2022-05-20 17:52 usr/share/locale/ga/LC_MESSAGES/
-rw-r--r-- root/root     15910 2022-05-20 17:52 usr/share/locale/ga/LC_MESSAGES/kcm5_filetypes.mo
-rw-r--r-- root/root      1602 2022-05-20 17:52 usr/share/locale/ga/LC_MESSAGES/kcmshell5.mo
-rw-r--r-- root/root      5500 2022-05-20 17:52 usr/share/locale/ga/LC_MESSAGES/kdesu5.mo
-rw-r--r-- root/root      1211 2022-05-20 17:52 usr/share/locale/ga/LC_MESSAGES/kioclient.mo
-rw-r--r-- root/root       641 2022-05-20 17:52 usr/share/locale/ga/LC_MESSAGES/kmimetypefinder5.mo
-rw-r--r-- root/root      4235 2022-05-20 17:52 usr/share/locale/ga/LC_MESSAGES/kstart5.mo
-rw-r--r-- root/root       951 2022-05-20 17:52 usr/share/locale/ga/LC_MESSAGES/ktraderclient5.mo
drwxr-xr-x root/root         0 2022-05-20 17:52 usr/share/locale/gl/
drwxr-xr-x root/root         0 2022-05-20 17:52 usr/share/locale/gl/LC_MESSAGES/
-rw-r--r-- root/root      1858 2022-05-20 17:52 usr/share/locale/gl/LC_MESSAGES/kbroadcastnotification.mo
-rw-r--r-- root/root     15740 2022-05-20 17:52 usr/share/locale/gl/LC_MESSAGES/kcm5_filetypes.mo
-rw-r--r-- root/root      2497 2022-05-20 17:52 usr/share/locale/gl/LC_MESSAGES/kcmshell5.mo
-rw-r--r-- root/root      5459 2022-05-20 17:52 usr/share/locale/gl/LC_MESSAGES/kdesu5.mo
-rw-r--r-- root/root      2306 2022-05-20 17:52 usr/share/locale/gl/LC_MESSAGES/kioclient.mo
-rw-r--r-- root/root      1288 2022-05-20 17:52 usr/share/locale/gl/LC_MESSAGES/kmimetypefinder5.mo
-rw-r--r-- root/root      4154 2022-05-20 17:52 usr/share/locale/gl/LC_MESSAGES/kstart5.mo
-rw-r--r-- root/root      1306 2022-05-20 17:52 usr/share/locale/gl/LC_MESSAGES/ktraderclient5.mo
drwxr-xr-x root/root         0 2022-05-20 17:52 usr/share/locale/gu/
drwxr-xr-x root/root         0 2022-05-20 17:52 usr/share/locale/gu/LC_MESSAGES/
-rw-r--r-- root/root      5224 2022-05-20 17:52 usr/share/locale/gu/LC_MESSAGES/kcm5_filetypes.mo
-rw-r--r-- root/root      1858 2022-05-20 17:52 usr/share/locale/gu/LC_MESSAGES/kcmshell5.mo
-rw-r--r-- root/root      7428 2022-05-20 17:52 usr/share/locale/gu/LC_MESSAGES/kdesu5.mo
-rw-r--r-- root/root      1142 2022-05-20 17:52 usr/share/locale/gu/LC_MESSAGES/kioclient.mo
-rw-r--r-- root/root       613 2022-05-20 17:52 usr/share/locale/gu/LC_MESSAGES/kmimetypefinder5.mo
-rw-r--r-- root/root      2104 2022-05-20 17:52 usr/share/locale/gu/LC_MESSAGES/kstart5.mo
-rw-r--r-- root/root      1056 2022-05-20 17:52 usr/share/locale/gu/LC_MESSAGES/ktraderclient5.mo
drwxr-xr-x root/root         0 2022-05-20 17:52 usr/share/locale/he/
drwxr-xr-x root/root         0 2022-05-20 17:52 usr/share/locale/he/LC_MESSAGES/
-rw-r--r-- root/root      1920 2022-05-20 17:52 usr/share/locale/he/LC_MESSAGES/kbroadcastnotification.mo
-rw-r--r-- root/root     17033 2022-05-20 17:52 usr/share/locale/he/LC_MESSAGES/kcm5_filetypes.mo
-rw-r--r-- root/root      2608 2022-05-20 17:52 usr/share/locale/he/LC_MESSAGES/kcmshell5.mo
-rw-r--r-- root/root      6198 2022-05-20 17:52 usr/share/locale/he/LC_MESSAGES/kdesu5.mo
-rw-r--r-- root/root       525 2022-05-20 17:52 usr/share/locale/he/LC_MESSAGES/kioclient.mo
-rw-r--r-- root/root       931 2022-05-20 17:52 usr/share/locale/he/LC_MESSAGES/kmimetypefinder5.mo
-rw-r--r-- root/root      4713 2022-05-20 17:52 usr/share/locale/he/LC_MESSAGES/kstart5.mo
-rw-r--r-- root/root      1289 2022-05-20 17:52 usr/share/locale/he/LC_MESSAGES/ktraderclient5.mo
drwxr-xr-x root/root         0 2022-05-20 17:52 usr/share/locale/hi/
drwxr-xr-x root/root         0 2022-05-20 17:52 usr/share/locale/hi/LC_MESSAGES/
-rw-r--r-- root/root      8925 2022-05-20 17:52 usr/share/locale/hi/LC_MESSAGES/kcm5_filetypes.mo
-rw-r--r-- root/root      2072 2022-05-20 17:52 usr/share/locale/hi/LC_MESSAGES/kcmshell5.mo
-rw-r--r-- root/root      7958 2022-05-20 17:52 usr/share/locale/hi/LC_MESSAGES/kdesu5.mo
-rw-r--r-- root/root      1502 2022-05-20 17:52 usr/share/locale/hi/LC_MESSAGES/kioclient.mo
-rw-r--r-- root/root       641 2022-05-20 17:52 usr/share/locale/hi/LC_MESSAGES/kmimetypefinder5.mo
-rw-r--r-- root/root      5451 2022-05-20 17:52 usr/share/locale/hi/LC_MESSAGES/kstart5.mo
-rw-r--r-- root/root      1197 2022-05-20 17:52 usr/share/locale/hi/LC_MESSAGES/ktraderclient5.mo
drwxr-xr-x root/root         0 2022-05-20 17:52 usr/share/locale/hne/
drwxr-xr-x root/root         0 2022-05-20 17:52 usr/share/locale/hne/LC_MESSAGES/
-rw-r--r-- root/root      6670 2022-05-20 17:52 usr/share/locale/hne/LC_MESSAGES/kcm5_filetypes.mo
-rw-r--r-- root/root      1937 2022-05-20 17:52 usr/share/locale/hne/LC_MESSAGES/kcmshell5.mo
-rw-r--r-- root/root      6592 2022-05-20 17:52 usr/share/locale/hne/LC_MESSAGES/kdesu5.mo
-rw-r--r-- root/root      1244 2022-05-20 17:52 usr/share/locale/hne/LC_MESSAGES/kioclient.mo
-rw-r--r-- root/root       460 2022-05-20 17:52 usr/share/locale/hne/LC_MESSAGES/kmimetypefinder5.mo
-rw-r--r-- root/root      4402 2022-05-20 17:52 usr/share/locale/hne/LC_MESSAGES/kstart5.mo
-rw-r--r-- root/root      1211 2022-05-20 17:52 usr/share/locale/hne/LC_MESSAGES/ktraderclient5.mo
drwxr-xr-x root/root         0 2022-05-20 17:52 usr/share/locale/hr/
drwxr-xr-x root/root         0 2022-05-20 17:52 usr/share/locale/hr/LC_MESSAGES/
-rw-r--r-- root/root     14872 2022-05-20 17:52 usr/share/locale/hr/LC_MESSAGES/kcm5_filetypes.mo
-rw-r--r-- root/root      1701 2022-05-20 17:52 usr/share/locale/hr/LC_MESSAGES/kcmshell5.mo
-rw-r--r-- root/root      5304 2022-05-20 17:52 usr/share/locale/hr/LC_MESSAGES/kdesu5.mo
-rw-r--r-- root/root      1271 2022-05-20 17:52 usr/share/locale/hr/LC_MESSAGES/kioclient.mo
-rw-r--r-- root/root       729 2022-05-20 17:52 usr/share/locale/hr/LC_MESSAGES/kmimetypefinder5.mo
-rw-r--r-- root/root      4277 2022-05-20 17:52 usr/share/locale/hr/LC_MESSAGES/kstart5.mo
-rw-r--r-- root/root      1026 2022-05-20 17:52 usr/share/locale/hr/LC_MESSAGES/ktraderclient5.mo
drwxr-xr-x root/root         0 2022-05-20 17:52 usr/share/locale/hsb/
drwxr-xr-x root/root         0 2022-05-20 17:52 usr/share/locale/hsb/LC_MESSAGES/
-rw-r--r-- root/root     13622 2022-05-20 17:52 usr/share/locale/hsb/LC_MESSAGES/kcm5_filetypes.mo
-rw-r--r-- root/root       643 2022-05-20 17:52 usr/share/locale/hsb/LC_MESSAGES/kcmshell5.mo
-rw-r--r-- root/root      1671 2022-05-20 17:52 usr/share/locale/hsb/LC_MESSAGES/kdesu5.mo
-rw-r--r-- root/root      1032 2022-05-20 17:52 usr/share/locale/hsb/LC_MESSAGES/kioclient.mo
-rw-r--r-- root/root       475 2022-05-20 17:52 usr/share/locale/hsb/LC_MESSAGES/kmimetypefinder5.mo
-rw-r--r-- root/root      1867 2022-05-20 17:52 usr/share/locale/hsb/LC_MESSAGES/kstart5.mo
-rw-r--r-- root/root       945 2022-05-20 17:52 usr/share/locale/hsb/LC_MESSAGES/ktraderclient5.mo
drwxr-xr-x root/root         0 2022-05-20 17:52 usr/share/locale/hu/
drwxr-xr-x root/root         0 2022-05-20 17:52 usr/share/locale/hu/LC_MESSAGES/
-rw-r--r-- root/root      1852 2022-05-20 17:52 usr/share/locale/hu/LC_MESSAGES/kbroadcastnotification.mo
-rw-r--r-- root/root     15801 2022-05-20 17:52 usr/share/locale/hu/LC_MESSAGES/kcm5_filetypes.mo
-rw-r--r-- root/root      2392 2022-05-20 17:52 usr/share/locale/hu/LC_MESSAGES/kcmshell5.mo
-rw-r--r-- root/root      5732 2022-05-20 17:52 usr/share/locale/hu/LC_MESSAGES/kdesu5.mo
-rw-r--r-- root/root      2401 2022-05-20 17:52 usr/share/locale/hu/LC_MESSAGES/kioclient.mo
-rw-r--r-- root/root      1255 2022-05-20 17:52 usr/share/locale/hu/LC_MESSAGES/kmimetypefinder5.mo
-rw-r--r-- root/root      4741 2022-05-20 17:52 usr/share/locale/hu/LC_MESSAGES/kstart5.mo
-rw-r--r-- root/root      1280 2022-05-20 17:52 usr/share/locale/hu/LC_MESSAGES/ktraderclient5.mo
-rw-r--r-- root/root       960 2022-05-20 17:52 usr/share/locale/hu/LC_MESSAGES/plasma-open-settings.mo
drwxr-xr-x root/root         0 2022-05-20 17:52 usr/share/locale/ia/
drwxr-xr-x root/root         0 2022-05-20 17:52 usr/share/locale/ia/LC_MESSAGES/
-rw-r--r-- root/root      1885 2022-05-20 17:52 usr/share/locale/ia/LC_MESSAGES/kbroadcastnotification.mo
-rw-r--r-- root/root     15638 2022-05-20 17:52 usr/share/locale/ia/LC_MESSAGES/kcm5_filetypes.mo
-rw-r--r-- root/root      2399 2022-05-20 17:52 usr/share/locale/ia/LC_MESSAGES/kcmshell5.mo
-rw-r--r-- root/root      5465 2022-05-20 17:52 usr/share/locale/ia/LC_MESSAGES/kdesu5.mo
-rw-r--r-- root/root      7085 2022-05-20 17:52 usr/share/locale/ia/LC_MESSAGES/kioclient.mo
-rw-r--r-- root/root      1211 2022-05-20 17:52 usr/share/locale/ia/LC_MESSAGES/kmimetypefinder5.mo
-rw-r--r-- root/root      4507 2022-05-20 17:52 usr/share/locale/ia/LC_MESSAGES/kstart5.mo
-rw-r--r-- root/root      1246 2022-05-20 17:52 usr/share/locale/ia/LC_MESSAGES/ktraderclient5.mo
-rw-r--r-- root/root       915 2022-05-20 17:52 usr/share/locale/ia/LC_MESSAGES/plasma-open-settings.mo
drwxr-xr-x root/root         0 2022-05-20 17:52 usr/share/locale/id/
drwxr-xr-x root/root         0 2022-05-20 17:52 usr/share/locale/id/LC_MESSAGES/
-rw-r--r-- root/root      1842 2022-05-20 17:52 usr/share/locale/id/LC_MESSAGES/kbroadcastnotification.mo
-rw-r--r-- root/root     15387 2022-05-20 17:52 usr/share/locale/id/LC_MESSAGES/kcm5_filetypes.mo
-rw-r--r-- root/root      2337 2022-05-20 17:52 usr/share/locale/id/LC_MESSAGES/kcmshell5.mo
-rw-r--r-- root/root      5310 2022-05-20 17:52 usr/share/locale/id/LC_MESSAGES/kdesu5.mo
-rw-r--r-- root/root      2494 2022-05-20 17:52 usr/share/locale/id/LC_MESSAGES/kioclient.mo
-rw-r--r-- root/root      1172 2022-05-20 17:52 usr/share/locale/id/LC_MESSAGES/kmimetypefinder5.mo
-rw-r--r-- root/root      3933 2022-05-20 17:52 usr/share/locale/id/LC_MESSAGES/kstart5.mo
-rw-r--r-- root/root      1201 2022-05-20 17:52 usr/share/locale/id/LC_MESSAGES/ktraderclient5.mo
drwxr-xr-x root/root         0 2022-05-20 17:52 usr/share/locale/is/
drwxr-xr-x root/root         0 2022-05-20 17:52 usr/share/locale/is/LC_MESSAGES/
-rw-r--r-- root/root     15042 2022-05-20 17:52 usr/share/locale/is/LC_MESSAGES/kcm5_filetypes.mo
-rw-r--r-- root/root      1519 2022-05-20 17:52 usr/share/locale/is/LC_MESSAGES/kcmshell5.mo
-rw-r--r-- root/root      5239 2022-05-20 17:52 usr/share/locale/is/LC_MESSAGES/kdesu5.mo
-rw-r--r-- root/root      1140 2022-05-20 17:52 usr/share/locale/is/LC_MESSAGES/kioclient.mo
-rw-r--r-- root/root       586 2022-05-20 17:52 usr/share/locale/is/LC_MESSAGES/kmimetypefinder5.mo
-rw-r--r-- root/root      4049 2022-05-20 17:52 usr/share/locale/is/LC_MESSAGES/kstart5.mo
-rw-r--r-- root/root       895 2022-05-20 17:52 usr/share/locale/is/LC_MESSAGES/ktraderclient5.mo
drwxr-xr-x root/root         0 2022-05-20 17:52 usr/share/locale/it/
drwxr-xr-x root/root         0 2022-05-20 17:52 usr/share/locale/it/LC_MESSAGES/
-rw-r--r-- root/root      1886 2022-05-20 17:52 usr/share/locale/it/LC_MESSAGES/kbroadcastnotification.mo
-rw-r--r-- root/root     15872 2022-05-20 17:52 usr/share/locale/it/LC_MESSAGES/kcm5_filetypes.mo
-rw-r--r-- root/root      2438 2022-05-20 17:52 usr/share/locale/it/LC_MESSAGES/kcmshell5.mo
-rw-r--r-- root/root      5487 2022-05-20 17:52 usr/share/locale/it/LC_MESSAGES/kdesu5.mo
-rw-r--r-- root/root      7210 2022-05-20 17:52 usr/share/locale/it/LC_MESSAGES/kioclient.mo
-rw-r--r-- root/root      1219 2022-05-20 17:52 usr/share/locale/it/LC_MESSAGES/kmimetypefinder5.mo
-rw-r--r-- root/root      4551 2022-05-20 17:52 usr/share/locale/it/LC_MESSAGES/kstart5.mo
-rw-r--r-- root/root      1243 2022-05-20 17:52 usr/share/locale/it/LC_MESSAGES/ktraderclient5.mo
-rw-r--r-- root/root       934 2022-05-20 17:52 usr/share/locale/it/LC_MESSAGES/plasma-open-settings.mo
drwxr-xr-x root/root         0 2022-05-20 17:52 usr/share/locale/ja/
drwxr-xr-x root/root         0 2022-05-20 17:52 usr/share/locale/ja/LC_MESSAGES/
-rw-r--r-- root/root       477 2022-05-20 17:52 usr/share/locale/ja/LC_MESSAGES/kbroadcastnotification.mo
-rw-r--r-- root/root     17347 2022-05-20 17:52 usr/share/locale/ja/LC_MESSAGES/kcm5_filetypes.mo
-rw-r--r-- root/root      1732 2022-05-20 17:52 usr/share/locale/ja/LC_MESSAGES/kcmshell5.mo
-rw-r--r-- root/root      5059 2022-05-20 17:52 usr/share/locale/ja/LC_MESSAGES/kdesu5.mo
-rw-r--r-- root/root      1658 2022-05-20 17:52 usr/share/locale/ja/LC_MESSAGES/kioclient.mo
-rw-r--r-- root/root       627 2022-05-20 17:52 usr/share/locale/ja/LC_MESSAGES/kmimetypefinder5.mo
-rw-r--r-- root/root      4448 2022-05-20 17:52 usr/share/locale/ja/LC_MESSAGES/kstart5.mo
-rw-r--r-- root/root       507 2022-05-20 17:52 usr/share/locale/ja/LC_MESSAGES/ktraderclient5.mo
drwxr-xr-x root/root         0 2022-05-20 17:52 usr/share/locale/kk/
drwxr-xr-x root/root         0 2022-05-20 17:52 usr/share/locale/kk/LC_MESSAGES/
-rw-r--r-- root/root     18762 2022-05-20 17:52 usr/share/locale/kk/LC_MESSAGES/kcm5_filetypes.mo
-rw-r--r-- root/root      1665 2022-05-20 17:52 usr/share/locale/kk/LC_MESSAGES/kcmshell5.mo
-rw-r--r-- root/root      6333 2022-05-20 17:52 usr/share/locale/kk/LC_MESSAGES/kdesu5.mo
-rw-r--r-- root/root      1771 2022-05-20 17:52 usr/share/locale/kk/LC_MESSAGES/kioclient.mo
-rw-r--r-- root/root       616 2022-05-20 17:52 usr/share/locale/kk/LC_MESSAGES/kmimetypefinder5.mo
-rw-r--r-- root/root      4866 2022-05-20 17:52 usr/share/locale/kk/LC_MESSAGES/kstart5.mo
-rw-r--r-- root/root       949 2022-05-20 17:52 usr/share/locale/kk/LC_MESSAGES/ktraderclient5.mo
drwxr-xr-x root/root         0 2022-05-20 17:52 usr/share/locale/km/
drwxr-xr-x root/root         0 2022-05-20 17:52 usr/share/locale/km/LC_MESSAGES/
-rw-r--r-- root/root     28265 2022-05-20 17:52 usr/share/locale/km/LC_MESSAGES/kcm5_filetypes.mo
-rw-r--r-- root/root      1991 2022-05-20 17:52 usr/share/locale/km/LC_MESSAGES/kcmshell5.mo
-rw-r--r-- root/root      8584 2022-05-20 17:52 usr/share/locale/km/LC_MESSAGES/kdesu5.mo
-rw-r--r-- root/root      1586 2022-05-20 17:52 usr/share/locale/km/LC_MESSAGES/kioclient.mo
-rw-r--r-- root/root       654 2022-05-20 17:52 usr/share/locale/km/LC_MESSAGES/kmimetypefinder5.mo
-rw-r--r-- root/root      6554 2022-05-20 17:52 usr/share/locale/km/LC_MESSAGES/kstart5.mo
-rw-r--r-- root/root      1085 2022-05-20 17:52 usr/share/locale/km/LC_MESSAGES/ktraderclient5.mo
drwxr-xr-x root/root         0 2022-05-20 17:52 usr/share/locale/kn/
drwxr-xr-x root/root         0 2022-05-20 17:52 usr/share/locale/kn/LC_MESSAGES/
-rw-r--r-- root/root     10974 2022-05-20 17:52 usr/share/locale/kn/LC_MESSAGES/kcm5_filetypes.mo
-rw-r--r-- root/root      1798 2022-05-20 17:52 usr/share/locale/kn/LC_MESSAGES/kcmshell5.mo
-rw-r--r-- root/root      7147 2022-05-20 17:52 usr/share/locale/kn/LC_MESSAGES/kdesu5.mo
-rw-r--r-- root/root      1331 2022-05-20 17:52 usr/share/locale/kn/LC_MESSAGES/kioclient.mo
-rw-r--r-- root/root       430 2022-05-20 17:52 usr/share/locale/kn/LC_MESSAGES/kmimetypefinder5.mo
-rw-r--r-- root/root      2413 2022-05-20 17:52 usr/share/locale/kn/LC_MESSAGES/kstart5.mo
-rw-r--r-- root/root      1051 2022-05-20 17:52 usr/share/locale/kn/LC_MESSAGES/ktraderclient5.mo
drwxr-xr-x root/root         0 2022-05-20 17:52 usr/share/locale/ko/
drwxr-xr-x root/root         0 2022-05-20 17:52 usr/share/locale/ko/LC_MESSAGES/
-rw-r--r-- root/root      1729 2022-05-20 17:52 usr/share/locale/ko/LC_MESSAGES/kbroadcastnotification.mo
-rw-r--r-- root/root     15776 2022-05-20 17:52 usr/share/locale/ko/LC_MESSAGES/kcm5_filetypes.mo
-rw-r--r-- root/root      2340 2022-05-20 17:52 usr/share/locale/ko/LC_MESSAGES/kcmshell5.mo
-rw-r--r-- root/root      5501 2022-05-20 17:52 usr/share/locale/ko/LC_MESSAGES/kdesu5.mo
-rw-r--r-- root/root      7182 2022-05-20 17:52 usr/share/locale/ko/LC_MESSAGES/kioclient.mo
-rw-r--r-- root/root      1238 2022-05-20 17:52 usr/share/locale/ko/LC_MESSAGES/kmimetypefinder5.mo
-rw-r--r-- root/root      4370 2022-05-20 17:52 usr/share/locale/ko/LC_MESSAGES/kstart5.mo
-rw-r--r-- root/root      1204 2022-05-20 17:52 usr/share/locale/ko/LC_MESSAGES/ktraderclient5.mo
-rw-r--r-- root/root       868 2022-05-20 17:52 usr/share/locale/ko/LC_MESSAGES/plasma-open-settings.mo
drwxr-xr-x root/root         0 2022-05-20 17:52 usr/share/locale/ku/
drwxr-xr-x root/root         0 2022-05-20 17:52 usr/share/locale/ku/LC_MESSAGES/
-rw-r--r-- root/root     11200 2022-05-20 17:52 usr/share/locale/ku/LC_MESSAGES/kcm5_filetypes.mo
-rw-r--r-- root/root      1493 2022-05-20 17:52 usr/share/locale/ku/LC_MESSAGES/kcmshell5.mo
-rw-r--r-- root/root      1451 2022-05-20 17:52 usr/share/locale/ku/LC_MESSAGES/kdesu5.mo
-rw-r--r-- root/root      1002 2022-05-20 17:52 usr/share/locale/ku/LC_MESSAGES/kioclient.mo
-rw-r--r-- root/root       447 2022-05-20 17:52 usr/share/locale/ku/LC_MESSAGES/kmimetypefinder5.mo
-rw-r--r-- root/root      3047 2022-05-20 17:52 usr/share/locale/ku/LC_MESSAGES/kstart5.mo
-rw-r--r-- root/root       946 2022-05-20 17:52 usr/share/locale/ku/LC_MESSAGES/ktraderclient5.mo
drwxr-xr-x root/root         0 2022-05-20 17:52 usr/share/locale/lb/
drwxr-xr-x root/root         0 2022-05-20 17:52 usr/share/locale/lb/LC_MESSAGES/
-rw-r--r-- root/root      1152 2022-05-20 17:52 usr/share/locale/lb/LC_MESSAGES/kcmshell5.mo
drwxr-xr-x root/root         0 2022-05-20 17:52 usr/share/locale/lt/
drwxr-xr-x root/root         0 2022-05-20 17:52 usr/share/locale/lt/LC_MESSAGES/
-rw-r--r-- root/root      1879 2022-05-20 17:52 usr/share/locale/lt/LC_MESSAGES/kbroadcastnotification.mo
-rw-r--r-- root/root     15747 2022-05-20 17:52 usr/share/locale/lt/LC_MESSAGES/kcm5_filetypes.mo
-rw-r--r-- root/root      2461 2022-05-20 17:52 usr/share/locale/lt/LC_MESSAGES/kcmshell5.mo
-rw-r--r-- root/root      5717 2022-05-20 17:52 usr/share/locale/lt/LC_MESSAGES/kdesu5.mo
-rw-r--r-- root/root      2386 2022-05-20 17:52 usr/share/locale/lt/LC_MESSAGES/kioclient.mo
-rw-r--r-- root/root      1258 2022-05-20 17:52 usr/share/locale/lt/LC_MESSAGES/kmimetypefinder5.mo
-rw-r--r-- root/root      4165 2022-05-20 17:52 usr/share/locale/lt/LC_MESSAGES/kstart5.mo
-rw-r--r-- root/root      1296 2022-05-20 17:52 usr/share/locale/lt/LC_MESSAGES/ktraderclient5.mo
drwxr-xr-x root/root         0 2022-05-20 17:52 usr/share/locale/lv/
drwxr-xr-x root/root         0 2022-05-20 17:52 usr/share/locale/lv/LC_MESSAGES/
-rw-r--r-- root/root     15406 2022-05-20 17:52 usr/share/locale/lv/LC_MESSAGES/kcm5_filetypes.mo
-rw-r--r-- root/root      1654 2022-05-20 17:52 usr/share/locale/lv/LC_MESSAGES/kcmshell5.mo
-rw-r--r-- root/root      5415 2022-05-20 17:52 usr/share/locale/lv/LC_MESSAGES/kdesu5.mo
-rw-r--r-- root/root      1170 2022-05-20 17:52 usr/share/locale/lv/LC_MESSAGES/kioclient.mo
-rw-r--r-- root/root       614 2022-05-20 17:52 usr/share/locale/lv/LC_MESSAGES/kmimetypefinder5.mo
-rw-r--r-- root/root      4047 2022-05-20 17:52 usr/share/locale/lv/LC_MESSAGES/kstart5.mo
-rw-r--r-- root/root       930 2022-05-20 17:52 usr/share/locale/lv/LC_MESSAGES/ktraderclient5.mo
drwxr-xr-x root/root         0 2022-05-20 17:52 usr/share/locale/mai/
drwxr-xr-x root/root         0 2022-05-20 17:52 usr/share/locale/mai/LC_MESSAGES/
-rw-r--r-- root/root      7292 2022-05-20 17:52 usr/share/locale/mai/LC_MESSAGES/kcm5_filetypes.mo
-rw-r--r-- root/root      1915 2022-05-20 17:52 usr/share/locale/mai/LC_MESSAGES/kcmshell5.mo
-rw-r--r-- root/root      3808 2022-05-20 17:52 usr/share/locale/mai/LC_MESSAGES/kdesu5.mo
-rw-r--r-- root/root      1143 2022-05-20 17:52 usr/share/locale/mai/LC_MESSAGES/kioclient.mo
-rw-r--r-- root/root       406 2022-05-20 17:52 usr/share/locale/mai/LC_MESSAGES/kmimetypefinder5.mo
-rw-r--r-- root/root      3875 2022-05-20 17:52 usr/share/locale/mai/LC_MESSAGES/kstart5.mo
-rw-r--r-- root/root      1181 2022-05-20 17:52 usr/share/locale/mai/LC_MESSAGES/ktraderclient5.mo
drwxr-xr-x root/root         0 2022-05-20 17:52 usr/share/locale/mk/
drwxr-xr-x root/root         0 2022-05-20 17:52 usr/share/locale/mk/LC_MESSAGES/
-rw-r--r-- root/root     20658 2022-05-20 17:52 usr/share/locale/mk/LC_MESSAGES/kcm5_filetypes.mo
-rw-r--r-- root/root      1644 2022-05-20 17:52 usr/share/locale/mk/LC_MESSAGES/kcmshell5.mo
-rw-r--r-- root/root      5638 2022-05-20 17:52 usr/share/locale/mk/LC_MESSAGES/kdesu5.mo
-rw-r--r-- root/root      1201 2022-05-20 17:52 usr/share/locale/mk/LC_MESSAGES/kioclient.mo
-rw-r--r-- root/root       690 2022-05-20 17:52 usr/share/locale/mk/LC_MESSAGES/kmimetypefinder5.mo
-rw-r--r-- root/root      5215 2022-05-20 17:52 usr/share/locale/mk/LC_MESSAGES/kstart5.mo
-rw-r--r-- root/root       556 2022-05-20 17:52 usr/share/locale/mk/LC_MESSAGES/ktraderclient5.mo
drwxr-xr-x root/root         0 2022-05-20 17:52 usr/share/locale/ml/
drwxr-xr-x root/root         0 2022-05-20 17:52 usr/share/locale/ml/LC_MESSAGES/
-rw-r--r-- root/root       660 2022-05-20 17:52 usr/share/locale/ml/LC_MESSAGES/kbroadcastnotification.mo
-rw-r--r-- root/root     28617 2022-05-20 17:52 usr/share/locale/ml/LC_MESSAGES/kcm5_filetypes.mo
-rw-r--r-- root/root      2228 2022-05-20 17:52 usr/share/locale/ml/LC_MESSAGES/kcmshell5.mo
-rw-r--r-- root/root      7956 2022-05-20 17:52 usr/share/locale/ml/LC_MESSAGES/kdesu5.mo
-rw-r--r-- root/root      1457 2022-05-20 17:52 usr/share/locale/ml/LC_MESSAGES/kioclient.mo
-rw-r--r-- root/root       672 2022-05-20 17:52 usr/share/locale/ml/LC_MESSAGES/kmimetypefinder5.mo
-rw-r--r-- root/root      6835 2022-05-20 17:52 usr/share/locale/ml/LC_MESSAGES/kstart5.mo
-rw-r--r-- root/root      1412 2022-05-20 17:52 usr/share/locale/ml/LC_MESSAGES/ktraderclient5.mo
drwxr-xr-x root/root         0 2022-05-20 17:52 usr/share/locale/mr/
drwxr-xr-x root/root         0 2022-05-20 17:52 usr/share/locale/mr/LC_MESSAGES/
-rw-r--r-- root/root     24210 2022-05-20 17:52 usr/share/locale/mr/LC_MESSAGES/kcm5_filetypes.mo
-rw-r--r-- root/root      1829 2022-05-20 17:52 usr/share/locale/mr/LC_MESSAGES/kcmshell5.mo
-rw-r--r-- root/root      8064 2022-05-20 17:52 usr/share/locale/mr/LC_MESSAGES/kdesu5.mo
-rw-r--r-- root/root      1378 2022-05-20 17:52 usr/share/locale/mr/LC_MESSAGES/kioclient.mo
-rw-r--r-- root/root       615 2022-05-20 17:52 usr/share/locale/mr/LC_MESSAGES/kmimetypefinder5.mo
-rw-r--r-- root/root      5877 2022-05-20 17:52 usr/share/locale/mr/LC_MESSAGES/kstart5.mo
-rw-r--r-- root/root      1055 2022-05-20 17:52 usr/share/locale/mr/LC_MESSAGES/ktraderclient5.mo
drwxr-xr-x root/root         0 2022-05-20 17:52 usr/share/locale/ms/
drwxr-xr-x root/root         0 2022-05-20 17:52 usr/share/locale/ms/LC_MESSAGES/
-rw-r--r-- root/root     12517 2022-05-20 17:52 usr/share/locale/ms/LC_MESSAGES/kcm5_filetypes.mo
-rw-r--r-- root/root      1557 2022-05-20 17:52 usr/share/locale/ms/LC_MESSAGES/kcmshell5.mo
-rw-r--r-- root/root      4673 2022-05-20 17:52 usr/share/locale/ms/LC_MESSAGES/kdesu5.mo
-rw-r--r-- root/root      1116 2022-05-20 17:52 usr/share/locale/ms/LC_MESSAGES/kioclient.mo
-rw-r--r-- root/root       585 2022-05-20 17:52 usr/share/locale/ms/LC_MESSAGES/kmimetypefinder5.mo
-rw-r--r-- root/root      4023 2022-05-20 17:52 usr/share/locale/ms/LC_MESSAGES/kstart5.mo
-rw-r--r-- root/root       896 2022-05-20 17:52 usr/share/locale/ms/LC_MESSAGES/ktraderclient5.mo
drwxr-xr-x root/root         0 2022-05-20 17:52 usr/share/locale/nb/
drwxr-xr-x root/root         0 2022-05-20 17:52 usr/share/locale/nb/LC_MESSAGES/
-rw-r--r-- root/root     14781 2022-05-20 17:52 usr/share/locale/nb/LC_MESSAGES/kcm5_filetypes.mo
-rw-r--r-- root/root      2017 2022-05-20 17:52 usr/share/locale/nb/LC_MESSAGES/kcmshell5.mo
-rw-r--r-- root/root      5273 2022-05-20 17:52 usr/share/locale/nb/LC_MESSAGES/kdesu5.mo
-rw-r--r-- root/root      2363 2022-05-20 17:52 usr/share/locale/nb/LC_MESSAGES/kioclient.mo
-rw-r--r-- root/root       817 2022-05-20 17:52 usr/share/locale/nb/LC_MESSAGES/kmimetypefinder5.mo
-rw-r--r-- root/root      3988 2022-05-20 17:52 usr/share/locale/nb/LC_MESSAGES/kstart5.mo
-rw-r--r-- root/root      1184 2022-05-20 17:52 usr/share/locale/nb/LC_MESSAGES/ktraderclient5.mo
drwxr-xr-x root/root         0 2022-05-20 17:52 usr/share/locale/nds/
drwxr-xr-x root/root         0 2022-05-20 17:52 usr/share/locale/nds/LC_MESSAGES/
-rw-r--r-- root/root     14768 2022-05-20 17:52 usr/share/locale/nds/LC_MESSAGES/kcm5_filetypes.mo
-rw-r--r-- root/root      1694 2022-05-20 17:52 usr/share/locale/nds/LC_MESSAGES/kcmshell5.mo
-rw-r--r-- root/root      5268 2022-05-20 17:52 usr/share/locale/nds/LC_MESSAGES/kdesu5.mo
-rw-r--r-- root/root      2059 2022-05-20 17:52 usr/share/locale/nds/LC_MESSAGES/kioclient.mo
-rw-r--r-- root/root       598 2022-05-20 17:52 usr/share/locale/nds/LC_MESSAGES/kmimetypefinder5.mo
-rw-r--r-- root/root      4064 2022-05-20 17:52 usr/share/locale/nds/LC_MESSAGES/kstart5.mo
-rw-r--r-- root/root       888 2022-05-20 17:52 usr/share/locale/nds/LC_MESSAGES/ktraderclient5.mo
drwxr-xr-x root/root         0 2022-05-20 17:52 usr/share/locale/ne/
drwxr-xr-x root/root         0 2022-05-20 17:52 usr/share/locale/ne/LC_MESSAGES/
-rw-r--r-- root/root     11751 2022-05-20 17:52 usr/share/locale/ne/LC_MESSAGES/kcm5_filetypes.mo
-rw-r--r-- root/root      2044 2022-05-20 17:52 usr/share/locale/ne/LC_MESSAGES/kcmshell5.mo
-rw-r--r-- root/root      5725 2022-05-20 17:52 usr/share/locale/ne/LC_MESSAGES/kdesu5.mo
-rw-r--r-- root/root      1071 2022-05-20 17:52 usr/share/locale/ne/LC_MESSAGES/kioclient.mo
-rw-r--r-- root/root       436 2022-05-20 17:52 usr/share/locale/ne/LC_MESSAGES/kmimetypefinder5.mo
-rw-r--r-- root/root      6112 2022-05-20 17:52 usr/share/locale/ne/LC_MESSAGES/kstart5.mo
-rw-r--r-- root/root       769 2022-05-20 17:52 usr/share/locale/ne/LC_MESSAGES/ktraderclient5.mo
drwxr-xr-x root/root         0 2022-05-20 17:52 usr/share/locale/nl/
drwxr-xr-x root/root         0 2022-05-20 17:52 usr/share/locale/nl/LC_MESSAGES/
-rw-r--r-- root/root      1883 2022-05-20 17:52 usr/share/locale/nl/LC_MESSAGES/kbroadcastnotification.mo
-rw-r--r-- root/root     15928 2022-05-20 17:52 usr/share/locale/nl/LC_MESSAGES/kcm5_filetypes.mo
-rw-r--r-- root/root      2414 2022-05-20 17:52 usr/share/locale/nl/LC_MESSAGES/kcmshell5.mo
-rw-r--r-- root/root      5547 2022-05-20 17:52 usr/share/locale/nl/LC_MESSAGES/kdesu5.mo
-rw-r--r-- root/root      7298 2022-05-20 17:52 usr/share/locale/nl/LC_MESSAGES/kioclient.mo
-rw-r--r-- root/root      1263 2022-05-20 17:52 usr/share/locale/nl/LC_MESSAGES/kmimetypefinder5.mo
-rw-r--r-- root/root      4547 2022-05-20 17:52 usr/share/locale/nl/LC_MESSAGES/kstart5.mo
-rw-r--r-- root/root      1224 2022-05-20 17:52 usr/share/locale/nl/LC_MESSAGES/ktraderclient5.mo
-rw-r--r-- root/root       914 2022-05-20 17:52 usr/share/locale/nl/LC_MESSAGES/plasma-open-settings.mo
drwxr-xr-x root/root         0 2022-05-20 17:52 usr/share/locale/nn/
drwxr-xr-x root/root         0 2022-05-20 17:52 usr/share/locale/nn/LC_MESSAGES/
-rw-r--r-- root/root      1834 2022-05-20 17:52 usr/share/locale/nn/LC_MESSAGES/kbroadcastnotification.mo
-rw-r--r-- root/root     14804 2022-05-20 17:52 usr/share/locale/nn/LC_MESSAGES/kcm5_filetypes.mo
-rw-r--r-- root/root      2431 2022-05-20 17:52 usr/share/locale/nn/LC_MESSAGES/kcmshell5.mo
-rw-r--r-- root/root      5351 2022-05-20 17:52 usr/share/locale/nn/LC_MESSAGES/kdesu5.mo
-rw-r--r-- root/root      2572 2022-05-20 17:52 usr/share/locale/nn/LC_MESSAGES/kioclient.mo
-rw-r--r-- root/root      1301 2022-05-20 17:52 usr/share/locale/nn/LC_MESSAGES/kmimetypefinder5.mo
-rw-r--r-- root/root      4497 2022-05-20 17:52 usr/share/locale/nn/LC_MESSAGES/kstart5.mo
-rw-r--r-- root/root      1294 2022-05-20 17:52 usr/share/locale/nn/LC_MESSAGES/ktraderclient5.mo
-rw-r--r-- root/root       983 2022-05-20 17:52 usr/share/locale/nn/LC_MESSAGES/plasma-open-settings.mo
drwxr-xr-x root/root         0 2022-05-20 17:52 usr/share/locale/oc/
drwxr-xr-x root/root         0 2022-05-20 17:52 usr/share/locale/oc/LC_MESSAGES/
-rw-r--r-- root/root      1841 2022-05-20 17:52 usr/share/locale/oc/LC_MESSAGES/kcm5_filetypes.mo
-rw-r--r-- root/root       995 2022-05-20 17:52 usr/share/locale/oc/LC_MESSAGES/kcmshell5.mo
-rw-r--r-- root/root       809 2022-05-20 17:52 usr/share/locale/oc/LC_MESSAGES/kdesu5.mo
-rw-r--r-- root/root       483 2022-05-20 17:52 usr/share/locale/oc/LC_MESSAGES/kioclient.mo
-rw-r--r-- root/root       489 2022-05-20 17:52 usr/share/locale/oc/LC_MESSAGES/kmimetypefinder5.mo
-rw-r--r-- root/root       805 2022-05-20 17:52 usr/share/locale/oc/LC_MESSAGES/kstart5.mo
-rw-r--r-- root/root       487 2022-05-20 17:52 usr/share/locale/oc/LC_MESSAGES/ktraderclient5.mo
drwxr-xr-x root/root         0 2022-05-20 17:52 usr/share/locale/pa/
drwxr-xr-x root/root         0 2022-05-20 17:52 usr/share/locale/pa/LC_MESSAGES/
-rw-r--r-- root/root     17685 2022-05-20 17:52 usr/share/locale/pa/LC_MESSAGES/kcm5_filetypes.mo
-rw-r--r-- root/root      1786 2022-05-20 17:52 usr/share/locale/pa/LC_MESSAGES/kcmshell5.mo
-rw-r--r-- root/root      7285 2022-05-20 17:52 usr/share/locale/pa/LC_MESSAGES/kdesu5.mo
-rw-r--r-- root/root      1436 2022-05-20 17:52 usr/share/locale/pa/LC_MESSAGES/kioclient.mo
-rw-r--r-- root/root       609 2022-05-20 17:52 usr/share/locale/pa/LC_MESSAGES/kmimetypefinder5.mo
-rw-r--r-- root/root      4306 2022-05-20 17:52 usr/share/locale/pa/LC_MESSAGES/kstart5.mo
-rw-r--r-- root/root      1047 2022-05-20 17:52 usr/share/locale/pa/LC_MESSAGES/ktraderclient5.mo
drwxr-xr-x root/root         0 2022-05-20 17:52 usr/share/locale/pl/
drwxr-xr-x root/root         0 2022-05-20 17:52 usr/share/locale/pl/LC_MESSAGES/
-rw-r--r-- root/root      2007 2022-05-20 17:52 usr/share/locale/pl/LC_MESSAGES/kbroadcastnotification.mo
-rw-r--r-- root/root     15569 2022-05-20 17:52 usr/share/locale/pl/LC_MESSAGES/kcm5_filetypes.mo
-rw-r--r-- root/root      2476 2022-05-20 17:52 usr/share/locale/pl/LC_MESSAGES/kcmshell5.mo
-rw-r--r-- root/root      5551 2022-05-20 17:52 usr/share/locale/pl/LC_MESSAGES/kdesu5.mo
-rw-r--r-- root/root      2678 2022-05-20 17:52 usr/share/locale/pl/LC_MESSAGES/kioclient.mo
-rw-r--r-- root/root      1318 2022-05-20 17:52 usr/share/locale/pl/LC_MESSAGES/kmimetypefinder5.mo
-rw-r--r-- root/root      4487 2022-05-20 17:52 usr/share/locale/pl/LC_MESSAGES/kstart5.mo
-rw-r--r-- root/root      1304 2022-05-20 17:52 usr/share/locale/pl/LC_MESSAGES/ktraderclient5.mo
-rw-r--r-- root/root      1001 2022-05-20 17:52 usr/share/locale/pl/LC_MESSAGES/plasma-open-settings.mo
drwxr-xr-x root/root         0 2022-05-20 17:52 usr/share/locale/pt/
drwxr-xr-x root/root         0 2022-05-20 17:52 usr/share/locale/pt/LC_MESSAGES/
-rw-r--r-- root/root      1964 2022-05-20 17:52 usr/share/locale/pt/LC_MESSAGES/kbroadcastnotification.mo
-rw-r--r-- root/root     16113 2022-05-20 17:52 usr/share/locale/pt/LC_MESSAGES/kcm5_filetypes.mo
-rw-r--r-- root/root      2645 2022-05-20 17:52 usr/share/locale/pt/LC_MESSAGES/kcmshell5.mo
-rw-r--r-- root/root      5576 2022-05-20 17:52 usr/share/locale/pt/LC_MESSAGES/kdesu5.mo
-rw-r--r-- root/root      7320 2022-05-20 17:52 usr/share/locale/pt/LC_MESSAGES/kioclient.mo
-rw-r--r-- root/root      1211 2022-05-20 17:52 usr/share/locale/pt/LC_MESSAGES/kmimetypefinder5.mo
-rw-r--r-- root/root      4640 2022-05-20 17:52 usr/share/locale/pt/LC_MESSAGES/kstart5.mo
-rw-r--r-- root/root      1342 2022-05-20 17:52 usr/share/locale/pt/LC_MESSAGES/ktraderclient5.mo
-rw-r--r-- root/root       919 2022-05-20 17:52 usr/share/locale/pt/LC_MESSAGES/plasma-open-settings.mo
drwxr-xr-x root/root         0 2022-05-20 17:52 usr/share/locale/pt_BR/
drwxr-xr-x root/root         0 2022-05-20 17:52 usr/share/locale/pt_BR/LC_MESSAGES/
-rw-r--r-- root/root      1939 2022-05-20 17:52 usr/share/locale/pt_BR/LC_MESSAGES/kbroadcastnotification.mo
-rw-r--r-- root/root     16137 2022-05-20 17:52 usr/share/locale/pt_BR/LC_MESSAGES/kcm5_filetypes.mo
-rw-r--r-- root/root      2525 2022-05-20 17:52 usr/share/locale/pt_BR/LC_MESSAGES/kcmshell5.mo
-rw-r--r-- root/root      5518 2022-05-20 17:52 usr/share/locale/pt_BR/LC_MESSAGES/kdesu5.mo
-rw-r--r-- root/root      7196 2022-05-20 17:52 usr/share/locale/pt_BR/LC_MESSAGES/kioclient.mo
-rw-r--r-- root/root      1264 2022-05-20 17:52 usr/share/locale/pt_BR/LC_MESSAGES/kmimetypefinder5.mo
-rw-r--r-- root/root      4573 2022-05-20 17:52 usr/share/locale/pt_BR/LC_MESSAGES/kstart5.mo
-rw-r--r-- root/root      1304 2022-05-20 17:52 usr/share/locale/pt_BR/LC_MESSAGES/ktraderclient5.mo
-rw-r--r-- root/root      1001 2022-05-20 17:52 usr/share/locale/pt_BR/LC_MESSAGES/plasma-open-settings.mo
drwxr-xr-x root/root         0 2022-05-20 17:52 usr/share/locale/ro/
drwxr-xr-x root/root         0 2022-05-20 17:52 usr/share/locale/ro/LC_MESSAGES/
-rw-r--r-- root/root     16199 2022-05-20 17:52 usr/share/locale/ro/LC_MESSAGES/kcm5_filetypes.mo
-rw-r--r-- root/root      2465 2022-05-20 17:52 usr/share/locale/ro/LC_MESSAGES/kcmshell5.mo
-rw-r--r-- root/root      5263 2022-05-20 17:52 usr/share/locale/ro/LC_MESSAGES/kdesu5.mo
-rw-r--r-- root/root      1585 2022-05-20 17:52 usr/share/locale/ro/LC_MESSAGES/kioclient.mo
-rw-r--r-- root/root       602 2022-05-20 17:52 usr/share/locale/ro/LC_MESSAGES/kmimetypefinder5.mo
-rw-r--r-- root/root      4204 2022-05-20 17:52 usr/share/locale/ro/LC_MESSAGES/kstart5.mo
-rw-r--r-- root/root       943 2022-05-20 17:52 usr/share/locale/ro/LC_MESSAGES/ktraderclient5.mo
-rw-r--r-- root/root       934 2022-05-20 17:52 usr/share/locale/ro/LC_MESSAGES/plasma-open-settings.mo
drwxr-xr-x root/root         0 2022-05-20 17:52 usr/share/locale/ru/
drwxr-xr-x root/root         0 2022-05-20 17:52 usr/share/locale/ru/LC_MESSAGES/
-rw-r--r-- root/root      2393 2022-05-20 17:52 usr/share/locale/ru/LC_MESSAGES/kbroadcastnotification.mo
-rw-r--r-- root/root     19094 2022-05-20 17:52 usr/share/locale/ru/LC_MESSAGES/kcm5_filetypes.mo
-rw-r--r-- root/root      2929 2022-05-20 17:52 usr/share/locale/ru/LC_MESSAGES/kcmshell5.mo
-rw-r--r-- root/root      7141 2022-05-20 17:52 usr/share/locale/ru/LC_MESSAGES/kdesu5.mo
-rw-r--r-- root/root      3707 2022-05-20 17:52 usr/share/locale/ru/LC_MESSAGES/kioclient.mo
-rw-r--r-- root/root      1603 2022-05-20 17:52 usr/share/locale/ru/LC_MESSAGES/kmimetypefinder5.mo
-rw-r--r-- root/root      5906 2022-05-20 17:52 usr/share/locale/ru/LC_MESSAGES/kstart5.mo
-rw-r--r-- root/root      1555 2022-05-20 17:52 usr/share/locale/ru/LC_MESSAGES/ktraderclient5.mo
-rw-r--r-- root/root      1164 2022-05-20 17:52 usr/share/locale/ru/LC_MESSAGES/plasma-open-settings.mo
drwxr-xr-x root/root         0 2022-05-20 17:52 usr/share/locale/se/
drwxr-xr-x root/root         0 2022-05-20 17:52 usr/share/locale/se/LC_MESSAGES/
-rw-r--r-- root/root      7258 2022-05-20 17:52 usr/share/locale/se/LC_MESSAGES/kcm5_filetypes.mo
-rw-r--r-- root/root      1510 2022-05-20 17:52 usr/share/locale/se/LC_MESSAGES/kcmshell5.mo
-rw-r--r-- root/root      2522 2022-05-20 17:52 usr/share/locale/se/LC_MESSAGES/kdesu5.mo
-rw-r--r-- root/root       540 2022-05-20 17:52 usr/share/locale/se/LC_MESSAGES/kioclient.mo
-rw-r--r-- root/root       546 2022-05-20 17:52 usr/share/locale/se/LC_MESSAGES/kmimetypefinder5.mo
-rw-r--r-- root/root      2637 2022-05-20 17:52 usr/share/locale/se/LC_MESSAGES/kstart5.mo
-rw-r--r-- root/root       592 2022-05-20 17:52 usr/share/locale/se/LC_MESSAGES/ktraderclient5.mo
drwxr-xr-x root/root         0 2022-05-20 17:52 usr/share/locale/si/
drwxr-xr-x root/root         0 2022-05-20 17:52 usr/share/locale/si/LC_MESSAGES/
-rw-r--r-- root/root     20029 2022-05-20 17:52 usr/share/locale/si/LC_MESSAGES/kcm5_filetypes.mo
-rw-r--r-- root/root      1693 2022-05-20 17:52 usr/share/locale/si/LC_MESSAGES/kcmshell5.mo
-rw-r--r-- root/root      7192 2022-05-20 17:52 usr/share/locale/si/LC_MESSAGES/kdesu5.mo
-rw-r--r-- root/root      1157 2022-05-20 17:52 usr/share/locale/si/LC_MESSAGES/kioclient.mo
-rw-r--r-- root/root       637 2022-05-20 17:52 usr/share/locale/si/LC_MESSAGES/kmimetypefinder5.mo
-rw-r--r-- root/root      5206 2022-05-20 17:52 usr/share/locale/si/LC_MESSAGES/kstart5.mo
-rw-r--r-- root/root       498 2022-05-20 17:52 usr/share/locale/si/LC_MESSAGES/ktraderclient5.mo
drwxr-xr-x root/root         0 2022-05-20 17:52 usr/share/locale/sk/
drwxr-xr-x root/root         0 2022-05-20 17:52 usr/share/locale/sk/LC_MESSAGES/
-rw-r--r-- root/root      1922 2022-05-20 17:52 usr/share/locale/sk/LC_MESSAGES/kbroadcastnotification.mo
-rw-r--r-- root/root     15431 2022-05-20 17:52 usr/share/locale/sk/LC_MESSAGES/kcm5_filetypes.mo
-rw-r--r-- root/root      2371 2022-05-20 17:52 usr/share/locale/sk/LC_MESSAGES/kcmshell5.mo
-rw-r--r-- root/root      5450 2022-05-20 17:52 usr/share/locale/sk/LC_MESSAGES/kdesu5.mo
-rw-r--r-- root/root      7113 2022-05-20 17:52 usr/share/locale/sk/LC_MESSAGES/kioclient.mo
-rw-r--r-- root/root      1217 2022-05-20 17:52 usr/share/locale/sk/LC_MESSAGES/kmimetypefinder5.mo
-rw-r--r-- root/root      4473 2022-05-20 17:52 usr/share/locale/sk/LC_MESSAGES/kstart5.mo
-rw-r--r-- root/root      1239 2022-05-20 17:52 usr/share/locale/sk/LC_MESSAGES/ktraderclient5.mo
-rw-r--r-- root/root       951 2022-05-20 17:52 usr/share/locale/sk/LC_MESSAGES/plasma-open-settings.mo
drwxr-xr-x root/root         0 2022-05-20 17:52 usr/share/locale/sl/
drwxr-xr-x root/root         0 2022-05-20 17:52 usr/share/locale/sl/LC_MESSAGES/
-rw-r--r-- root/root      1822 2022-05-20 17:52 usr/share/locale/sl/LC_MESSAGES/kbroadcastnotification.mo
-rw-r--r-- root/root     14874 2022-05-20 17:52 usr/share/locale/sl/LC_MESSAGES/kcm5_filetypes.mo
-rw-r--r-- root/root      2401 2022-05-20 17:52 usr/share/locale/sl/LC_MESSAGES/kcmshell5.mo
-rw-r--r-- root/root      5393 2022-05-20 17:52 usr/share/locale/sl/LC_MESSAGES/kdesu5.mo
-rw-r--r-- root/root      7134 2022-05-20 17:52 usr/share/locale/sl/LC_MESSAGES/kioclient.mo
-rw-r--r-- root/root      1318 2022-05-20 17:52 usr/share/locale/sl/LC_MESSAGES/kmimetypefinder5.mo
-rw-r--r-- root/root      4430 2022-05-20 17:52 usr/share/locale/sl/LC_MESSAGES/kstart5.mo
-rw-r--r-- root/root      1293 2022-05-20 17:52 usr/share/locale/sl/LC_MESSAGES/ktraderclient5.mo
-rw-r--r-- root/root       960 2022-05-20 17:52 usr/share/locale/sl/LC_MESSAGES/plasma-open-settings.mo
drwxr-xr-x root/root         0 2022-05-20 17:52 usr/share/locale/sq/
drwxr-xr-x root/root         0 2022-05-20 17:52 usr/share/locale/sq/LC_MESSAGES/
-rw-r--r-- root/root      4675 2022-05-20 17:52 usr/share/locale/sq/LC_MESSAGES/kcm5_filetypes.mo
-rw-r--r-- root/root      1091 2022-05-20 17:52 usr/share/locale/sq/LC_MESSAGES/kcmshell5.mo
-rw-r--r-- root/root      1346 2022-05-20 17:52 usr/share/locale/sq/LC_MESSAGES/kdesu5.mo
-rw-r--r-- root/root       797 2022-05-20 17:52 usr/share/locale/sq/LC_MESSAGES/kioclient.mo
-rw-r--r-- root/root       625 2022-05-20 17:52 usr/share/locale/sq/LC_MESSAGES/kmimetypefinder5.mo
-rw-r--r-- root/root      1138 2022-05-20 17:52 usr/share/locale/sq/LC_MESSAGES/kstart5.mo
-rw-r--r-- root/root       944 2022-05-20 17:52 usr/share/locale/sq/LC_MESSAGES/ktraderclient5.mo
drwxr-xr-x root/root         0 2022-05-20 17:52 usr/share/locale/sr/
drwxr-xr-x root/root         0 2022-05-20 17:52 usr/share/locale/sr/LC_MESSAGES/
-rw-r--r-- root/root      2330 2022-05-20 17:52 usr/share/locale/sr/LC_MESSAGES/kbroadcastnotification.mo
-rw-r--r-- root/root     19213 2022-05-20 17:52 usr/share/locale/sr/LC_MESSAGES/kcm5_filetypes.mo
-rw-r--r-- root/root      2930 2022-05-20 17:52 usr/share/locale/sr/LC_MESSAGES/kcmshell5.mo
-rw-r--r-- root/root      6658 2022-05-20 17:52 usr/share/locale/sr/LC_MESSAGES/kdesu5.mo
-rw-r--r-- root/root      2965 2022-05-20 17:52 usr/share/locale/sr/LC_MESSAGES/kioclient.mo
-rw-r--r-- root/root      1509 2022-05-20 17:52 usr/share/locale/sr/LC_MESSAGES/kmimetypefinder5.mo
-rw-r--r-- root/root      5054 2022-05-20 17:52 usr/share/locale/sr/LC_MESSAGES/kstart5.mo
-rw-r--r-- root/root      1488 2022-05-20 17:52 usr/share/locale/sr/LC_MESSAGES/ktraderclient5.mo
drwxr-xr-x root/root         0 2022-05-20 17:52 usr/share/locale/sr@ijekavian/
drwxr-xr-x root/root         0 2022-05-20 17:52 usr/share/locale/sr@ijekavian/LC_MESSAGES/
-rw-r--r-- root/root      2340 2022-05-20 17:52 usr/share/locale/sr@ijekavian/LC_MESSAGES/kbroadcastnotification.mo
-rw-r--r-- root/root     19337 2022-05-20 17:52 usr/share/locale/sr@ijekavian/LC_MESSAGES/kcm5_filetypes.mo
-rw-r--r-- root/root      2940 2022-05-20 17:52 usr/share/locale/sr@ijekavian/LC_MESSAGES/kcmshell5.mo
-rw-r--r-- root/root      6694 2022-05-20 17:52 usr/share/locale/sr@ijekavian/LC_MESSAGES/kdesu5.mo
-rw-r--r-- root/root      2983 2022-05-20 17:52 usr/share/locale/sr@ijekavian/LC_MESSAGES/kioclient.mo
-rw-r--r-- root/root      1521 2022-05-20 17:52 usr/share/locale/sr@ijekavian/LC_MESSAGES/kmimetypefinder5.mo
-rw-r--r-- root/root      5080 2022-05-20 17:52 usr/share/locale/sr@ijekavian/LC_MESSAGES/kstart5.mo
-rw-r--r-- root/root      1498 2022-05-20 17:52 usr/share/locale/sr@ijekavian/LC_MESSAGES/ktraderclient5.mo
drwxr-xr-x root/root         0 2022-05-20 17:52 usr/share/locale/sr@ijekavianlatin/
drwxr-xr-x root/root         0 2022-05-20 17:52 usr/share/locale/sr@ijekavianlatin/LC_MESSAGES/
-rw-r--r-- root/root      1974 2022-05-20 17:52 usr/share/locale/sr@ijekavianlatin/LC_MESSAGES/kbroadcastnotification.mo
-rw-r--r-- root/root     14935 2022-05-20 17:52 usr/share/locale/sr@ijekavianlatin/LC_MESSAGES/kcm5_filetypes.mo
-rw-r--r-- root/root      2477 2022-05-20 17:52 usr/share/locale/sr@ijekavianlatin/LC_MESSAGES/kcmshell5.mo
-rw-r--r-- root/root      5399 2022-05-20 17:52 usr/share/locale/sr@ijekavianlatin/LC_MESSAGES/kdesu5.mo
-rw-r--r-- root/root      2524 2022-05-20 17:52 usr/share/locale/sr@ijekavianlatin/LC_MESSAGES/kioclient.mo
-rw-r--r-- root/root      1334 2022-05-20 17:52 usr/share/locale/sr@ijekavianlatin/LC_MESSAGES/kmimetypefinder5.mo
-rw-r--r-- root/root      4055 2022-05-20 17:52 usr/share/locale/sr@ijekavianlatin/LC_MESSAGES/kstart5.mo
-rw-r--r-- root/root      1345 2022-05-20 17:52 usr/share/locale/sr@ijekavianlatin/LC_MESSAGES/ktraderclient5.mo
drwxr-xr-x root/root         0 2022-05-20 17:52 usr/share/locale/sr@latin/
drwxr-xr-x root/root         0 2022-05-20 17:52 usr/share/locale/sr@latin/LC_MESSAGES/
-rw-r--r-- root/root      1965 2022-05-20 17:52 usr/share/locale/sr@latin/LC_MESSAGES/kbroadcastnotification.mo
-rw-r--r-- root/root     14866 2022-05-20 17:52 usr/share/locale/sr@latin/LC_MESSAGES/kcm5_filetypes.mo
-rw-r--r-- root/root      2467 2022-05-20 17:52 usr/share/locale/sr@latin/LC_MESSAGES/kcmshell5.mo
-rw-r--r-- root/root      5377 2022-05-20 17:52 usr/share/locale/sr@latin/LC_MESSAGES/kdesu5.mo
-rw-r--r-- root/root      2511 2022-05-20 17:52 usr/share/locale/sr@latin/LC_MESSAGES/kioclient.mo
-rw-r--r-- root/root      1324 2022-05-20 17:52 usr/share/locale/sr@latin/LC_MESSAGES/kmimetypefinder5.mo
-rw-r--r-- root/root      4037 2022-05-20 17:52 usr/share/locale/sr@latin/LC_MESSAGES/kstart5.mo
-rw-r--r-- root/root      1336 2022-05-20 17:52 usr/share/locale/sr@latin/LC_MESSAGES/ktraderclient5.mo
drwxr-xr-x root/root         0 2022-05-20 17:52 usr/share/locale/sv/
drwxr-xr-x root/root         0 2022-05-20 17:52 usr/share/locale/sv/LC_MESSAGES/
-rw-r--r-- root/root      1935 2022-05-20 17:52 usr/share/locale/sv/LC_MESSAGES/kbroadcastnotification.mo
-rw-r--r-- root/root     15090 2022-05-20 17:52 usr/share/locale/sv/LC_MESSAGES/kcm5_filetypes.mo
-rw-r--r-- root/root      2387 2022-05-20 17:52 usr/share/locale/sv/LC_MESSAGES/kcmshell5.mo
-rw-r--r-- root/root      5330 2022-05-20 17:52 usr/share/locale/sv/LC_MESSAGES/kdesu5.mo
-rw-r--r-- root/root      7306 2022-05-20 17:52 usr/share/locale/sv/LC_MESSAGES/kioclient.mo
-rw-r--r-- root/root      1226 2022-05-20 17:52 usr/share/locale/sv/LC_MESSAGES/kmimetypefinder5.mo
-rw-r--r-- root/root      4539 2022-05-20 17:52 usr/share/locale/sv/LC_MESSAGES/kstart5.mo
-rw-r--r-- root/root      1280 2022-05-20 17:52 usr/share/locale/sv/LC_MESSAGES/ktraderclient5.mo
-rw-r--r-- root/root       948 2022-05-20 17:52 usr/share/locale/sv/LC_MESSAGES/plasma-open-settings.mo
drwxr-xr-x root/root         0 2022-05-20 17:52 usr/share/locale/ta/
drwxr-xr-x root/root         0 2022-05-20 17:52 usr/share/locale/ta/LC_MESSAGES/
-rw-r--r-- root/root     16272 2022-05-20 17:52 usr/share/locale/ta/LC_MESSAGES/kcm5_filetypes.mo
-rw-r--r-- root/root      1420 2022-05-20 17:52 usr/share/locale/ta/LC_MESSAGES/kcmshell5.mo
-rw-r--r-- root/root      4033 2022-05-20 17:52 usr/share/locale/ta/LC_MESSAGES/kdesu5.mo
-rw-r--r-- root/root      1041 2022-05-20 17:52 usr/share/locale/ta/LC_MESSAGES/kioclient.mo
-rw-r--r-- root/root       424 2022-05-20 17:52 usr/share/locale/ta/LC_MESSAGES/kmimetypefinder5.mo
-rw-r--r-- root/root      5402 2022-05-20 17:52 usr/share/locale/ta/LC_MESSAGES/kstart5.mo
-rw-r--r-- root/root       897 2022-05-20 17:52 usr/share/locale/ta/LC_MESSAGES/ktraderclient5.mo
drwxr-xr-x root/root         0 2022-05-20 17:52 usr/share/locale/te/
drwxr-xr-x root/root         0 2022-05-20 17:52 usr/share/locale/te/LC_MESSAGES/
-rw-r--r-- root/root      9707 2022-05-20 17:52 usr/share/locale/te/LC_MESSAGES/kcm5_filetypes.mo
-rw-r--r-- root/root      2112 2022-05-20 17:52 usr/share/locale/te/LC_MESSAGES/kcmshell5.mo
-rw-r--r-- root/root       925 2022-05-20 17:52 usr/share/locale/te/LC_MESSAGES/kdesu5.mo
-rw-r--r-- root/root       431 2022-05-20 17:52 usr/share/locale/te/LC_MESSAGES/kioclient.mo
-rw-r--r-- root/root       437 2022-05-20 17:52 usr/share/locale/te/LC_MESSAGES/kmimetypefinder5.mo
-rw-r--r-- root/root       930 2022-05-20 17:52 usr/share/locale/te/LC_MESSAGES/kstart5.mo
-rw-r--r-- root/root       435 2022-05-20 17:52 usr/share/locale/te/LC_MESSAGES/ktraderclient5.mo
drwxr-xr-x root/root         0 2022-05-20 17:52 usr/share/locale/tg/
drwxr-xr-x root/root         0 2022-05-20 17:52 usr/share/locale/tg/LC_MESSAGES/
-rw-r--r-- root/root      1155 2022-05-20 17:52 usr/share/locale/tg/LC_MESSAGES/kcm5_filetypes.mo
-rw-r--r-- root/root      1038 2022-05-20 17:52 usr/share/locale/tg/LC_MESSAGES/kcmshell5.mo
-rw-r--r-- root/root       785 2022-05-20 17:52 usr/share/locale/tg/LC_MESSAGES/kdesu5.mo
-rw-r--r-- root/root       689 2022-05-20 17:52 usr/share/locale/tg/LC_MESSAGES/kioclient.mo
-rw-r--r-- root/root      1528 2022-05-20 17:52 usr/share/locale/tg/LC_MESSAGES/kmimetypefinder5.mo
-rw-r--r-- root/root       717 2022-05-20 17:52 usr/share/locale/tg/LC_MESSAGES/kstart5.mo
-rw-r--r-- root/root       654 2022-05-20 17:52 usr/share/locale/tg/LC_MESSAGES/ktraderclient5.mo
drwxr-xr-x root/root         0 2022-05-20 17:52 usr/share/locale/th/
drwxr-xr-x root/root         0 2022-05-20 17:52 usr/share/locale/th/LC_MESSAGES/
-rw-r--r-- root/root     24655 2022-05-20 17:52 usr/share/locale/th/LC_MESSAGES/kcm5_filetypes.mo
-rw-r--r-- root/root      1786 2022-05-20 17:52 usr/share/locale/th/LC_MESSAGES/kcmshell5.mo
-rw-r--r-- root/root      8737 2022-05-20 17:52 usr/share/locale/th/LC_MESSAGES/kdesu5.mo
-rw-r--r-- root/root      1625 2022-05-20 17:52 usr/share/locale/th/LC_MESSAGES/kioclient.mo
-rw-r--r-- root/root       722 2022-05-20 17:52 usr/share/locale/th/LC_MESSAGES/kmimetypefinder5.mo
-rw-r--r-- root/root      6307 2022-05-20 17:52 usr/share/locale/th/LC_MESSAGES/kstart5.mo
-rw-r--r-- root/root      1133 2022-05-20 17:52 usr/share/locale/th/LC_MESSAGES/ktraderclient5.mo
drwxr-xr-x root/root         0 2022-05-20 17:52 usr/share/locale/tr/
drwxr-xr-x root/root         0 2022-05-20 17:52 usr/share/locale/tr/LC_MESSAGES/
-rw-r--r-- root/root      1823 2022-05-20 17:52 usr/share/locale/tr/LC_MESSAGES/kbroadcastnotification.mo
-rw-r--r-- root/root     15627 2022-05-20 17:52 usr/share/locale/tr/LC_MESSAGES/kcm5_filetypes.mo
-rw-r--r-- root/root      2467 2022-05-20 17:52 usr/share/locale/tr/LC_MESSAGES/kcmshell5.mo
-rw-r--r-- root/root      5557 2022-05-20 17:52 usr/share/locale/tr/LC_MESSAGES/kdesu5.mo
-rw-r--r-- root/root      7196 2022-05-20 17:52 usr/share/locale/tr/LC_MESSAGES/kioclient.mo
-rw-r--r-- root/root      1252 2022-05-20 17:52 usr/share/locale/tr/LC_MESSAGES/kmimetypefinder5.mo
-rw-r--r-- root/root      4537 2022-05-20 17:52 usr/share/locale/tr/LC_MESSAGES/kstart5.mo
-rw-r--r-- root/root      1251 2022-05-20 17:52 usr/share/locale/tr/LC_MESSAGES/ktraderclient5.mo
-rw-r--r-- root/root       913 2022-05-20 17:52 usr/share/locale/tr/LC_MESSAGES/plasma-open-settings.mo
drwxr-xr-x root/root         0 2022-05-20 17:52 usr/share/locale/ug/
drwxr-xr-x root/root         0 2022-05-20 17:52 usr/share/locale/ug/LC_MESSAGES/
-rw-r--r-- root/root     16482 2022-05-20 17:52 usr/share/locale/ug/LC_MESSAGES/kcm5_filetypes.mo
-rw-r--r-- root/root      1753 2022-05-20 17:52 usr/share/locale/ug/LC_MESSAGES/kcmshell5.mo
-rw-r--r-- root/root      5403 2022-05-20 17:52 usr/share/locale/ug/LC_MESSAGES/kdesu5.mo
-rw-r--r-- root/root      1739 2022-05-20 17:52 usr/share/locale/ug/LC_MESSAGES/kioclient.mo
-rw-r--r-- root/root       653 2022-05-20 17:52 usr/share/locale/ug/LC_MESSAGES/kmimetypefinder5.mo
-rw-r--r-- root/root      2044 2022-05-20 17:52 usr/share/locale/ug/LC_MESSAGES/kstart5.mo
-rw-r--r-- root/root       833 2022-05-20 17:52 usr/share/locale/ug/LC_MESSAGES/ktraderclient5.mo
drwxr-xr-x root/root         0 2022-05-20 17:52 usr/share/locale/uk/
drwxr-xr-x root/root         0 2022-05-20 17:52 usr/share/locale/uk/LC_MESSAGES/
-rw-r--r-- root/root      2434 2022-05-20 17:52 usr/share/locale/uk/LC_MESSAGES/kbroadcastnotification.mo
-rw-r--r-- root/root     20984 2022-05-20 17:52 usr/share/locale/uk/LC_MESSAGES/kcm5_filetypes.mo
-rw-r--r-- root/root      2973 2022-05-20 17:52 usr/share/locale/uk/LC_MESSAGES/kcmshell5.mo
-rw-r--r-- root/root      7013 2022-05-20 17:52 usr/share/locale/uk/LC_MESSAGES/kdesu5.mo
-rw-r--r-- root/root      9070 2022-05-20 17:52 usr/share/locale/uk/LC_MESSAGES/kioclient.mo
-rw-r--r-- root/root      1506 2022-05-20 17:52 usr/share/locale/uk/LC_MESSAGES/kmimetypefinder5.mo
-rw-r--r-- root/root      5785 2022-05-20 17:52 usr/share/locale/uk/LC_MESSAGES/kstart5.mo
-rw-r--r-- root/root      1488 2022-05-20 17:52 usr/share/locale/uk/LC_MESSAGES/ktraderclient5.mo
-rw-r--r-- root/root      1128 2022-05-20 17:52 usr/share/locale/uk/LC_MESSAGES/plasma-open-settings.mo
drwxr-xr-x root/root         0 2022-05-20 17:52 usr/share/locale/uz/
drwxr-xr-x root/root         0 2022-05-20 17:52 usr/share/locale/uz/LC_MESSAGES/
-rw-r--r-- root/root      2330 2022-05-20 17:52 usr/share/locale/uz/LC_MESSAGES/kcm5_filetypes.mo
-rw-r--r-- root/root      2281 2022-05-20 17:52 usr/share/locale/uz/LC_MESSAGES/kdesu5.mo
-rw-r--r-- root/root      1695 2022-05-20 17:52 usr/share/locale/uz/LC_MESSAGES/kstart5.mo
drwxr-xr-x root/root         0 2022-05-20 17:52 usr/share/locale/uz@cyrillic/
drwxr-xr-x root/root         0 2022-05-20 17:52 usr/share/locale/uz@cyrillic/LC_MESSAGES/
-rw-r--r-- root/root      2730 2022-05-20 17:52 usr/share/locale/uz@cyrillic/LC_MESSAGES/kcm5_filetypes.mo
-rw-r--r-- root/root      2776 2022-05-20 17:52 usr/share/locale/uz@cyrillic/LC_MESSAGES/kdesu5.mo
-rw-r--r-- root/root      1962 2022-05-20 17:52 usr/share/locale/uz@cyrillic/LC_MESSAGES/kstart5.mo
drwxr-xr-x root/root         0 2022-05-20 17:52 usr/share/locale/vi/
drwxr-xr-x root/root         0 2022-05-20 17:52 usr/share/locale/vi/LC_MESSAGES/
-rw-r--r-- root/root      1995 2022-05-20 17:52 usr/share/locale/vi/LC_MESSAGES/kbroadcastnotification.mo
-rw-r--r-- root/root     17050 2022-05-20 17:52 usr/share/locale/vi/LC_MESSAGES/kcm5_filetypes.mo
-rw-r--r-- root/root      2592 2022-05-20 17:52 usr/share/locale/vi/LC_MESSAGES/kcmshell5.mo
-rw-r--r-- root/root      5998 2022-05-20 17:52 usr/share/locale/vi/LC_MESSAGES/kdesu5.mo
-rw-r--r-- root/root      7450 2022-05-20 17:52 usr/share/locale/vi/LC_MESSAGES/kioclient.mo
-rw-r--r-- root/root      1254 2022-05-20 17:52 usr/share/locale/vi/LC_MESSAGES/kmimetypefinder5.mo
-rw-r--r-- root/root      4901 2022-05-20 17:52 usr/share/locale/vi/LC_MESSAGES/kstart5.mo
-rw-r--r-- root/root      1337 2022-05-20 17:52 usr/share/locale/vi/LC_MESSAGES/ktraderclient5.mo
-rw-r--r-- root/root       969 2022-05-20 17:52 usr/share/locale/vi/LC_MESSAGES/plasma-open-settings.mo
drwxr-xr-x root/root         0 2022-05-20 17:52 usr/share/locale/wa/
drwxr-xr-x root/root         0 2022-05-20 17:52 usr/share/locale/wa/LC_MESSAGES/
-rw-r--r-- root/root      9157 2022-05-20 17:52 usr/share/locale/wa/LC_MESSAGES/kcm5_filetypes.mo
-rw-r--r-- root/root      1505 2022-05-20 17:52 usr/share/locale/wa/LC_MESSAGES/kcmshell5.mo
-rw-r--r-- root/root      5319 2022-05-20 17:52 usr/share/locale/wa/LC_MESSAGES/kdesu5.mo
-rw-r--r-- root/root       853 2022-05-20 17:52 usr/share/locale/wa/LC_MESSAGES/kioclient.mo
-rw-r--r-- root/root       566 2022-05-20 17:52 usr/share/locale/wa/LC_MESSAGES/kmimetypefinder5.mo
-rw-r--r-- root/root      4154 2022-05-20 17:52 usr/share/locale/wa/LC_MESSAGES/kstart5.mo
-rw-r--r-- root/root       897 2022-05-20 17:52 usr/share/locale/wa/LC_MESSAGES/ktraderclient5.mo
drwxr-xr-x root/root         0 2022-05-20 17:52 usr/share/locale/xh/
drwxr-xr-x root/root         0 2022-05-20 17:52 usr/share/locale/xh/LC_MESSAGES/
-rw-r--r-- root/root      5910 2022-05-20 17:52 usr/share/locale/xh/LC_MESSAGES/kcm5_filetypes.mo
-rw-r--r-- root/root      1185 2022-05-20 17:52 usr/share/locale/xh/LC_MESSAGES/kdesu5.mo
-rw-r--r-- root/root      1635 2022-05-20 17:52 usr/share/locale/xh/LC_MESSAGES/kstart5.mo
drwxr-xr-x root/root         0 2022-05-20 17:52 usr/share/locale/zh_CN/
drwxr-xr-x root/root         0 2022-05-20 17:52 usr/share/locale/zh_CN/LC_MESSAGES/
-rw-r--r-- root/root      1832 2022-05-20 17:52 usr/share/locale/zh_CN/LC_MESSAGES/kbroadcastnotification.mo
-rw-r--r-- root/root     14321 2022-05-20 17:52 usr/share/locale/zh_CN/LC_MESSAGES/kcm5_filetypes.mo
-rw-r--r-- root/root      2320 2022-05-20 17:52 usr/share/locale/zh_CN/LC_MESSAGES/kcmshell5.mo
-rw-r--r-- root/root      5108 2022-05-20 17:52 usr/share/locale/zh_CN/LC_MESSAGES/kdesu5.mo
-rw-r--r-- root/root      6954 2022-05-20 17:52 usr/share/locale/zh_CN/LC_MESSAGES/kioclient.mo
-rw-r--r-- root/root      1270 2022-05-20 17:52 usr/share/locale/zh_CN/LC_MESSAGES/kmimetypefinder5.mo
-rw-r--r-- root/root      4272 2022-05-20 17:52 usr/share/locale/zh_CN/LC_MESSAGES/kstart5.mo
-rw-r--r-- root/root      1252 2022-05-20 17:52 usr/share/locale/zh_CN/LC_MESSAGES/ktraderclient5.mo
-rw-r--r-- root/root       972 2022-05-20 17:52 usr/share/locale/zh_CN/LC_MESSAGES/plasma-open-settings.mo
drwxr-xr-x root/root         0 2022-05-20 17:52 usr/share/locale/zh_TW/
drwxr-xr-x root/root         0 2022-05-20 17:52 usr/share/locale/zh_TW/LC_MESSAGES/
-rw-r--r-- root/root      1751 2022-05-20 17:52 usr/share/locale/zh_TW/LC_MESSAGES/kbroadcastnotification.mo
-rw-r--r-- root/root     13840 2022-05-20 17:52 usr/share/locale/zh_TW/LC_MESSAGES/kcm5_filetypes.mo
-rw-r--r-- root/root      2237 2022-05-20 17:52 usr/share/locale/zh_TW/LC_MESSAGES/kcmshell5.mo
-rw-r--r-- root/root      5014 2022-05-20 17:52 usr/share/locale/zh_TW/LC_MESSAGES/kdesu5.mo
-rw-r--r-- root/root      2226 2022-05-20 17:52 usr/share/locale/zh_TW/LC_MESSAGES/kioclient.mo
-rw-r--r-- root/root      1214 2022-05-20 17:52 usr/share/locale/zh_TW/LC_MESSAGES/kmimetypefinder5.mo
-rw-r--r-- root/root      3777 2022-05-20 17:52 usr/share/locale/zh_TW/LC_MESSAGES/kstart5.mo
-rw-r--r-- root/root      1205 2022-05-20 17:52 usr/share/locale/zh_TW/LC_MESSAGES/ktraderclient5.mo


