++========================================
||
||   Package:  ./plasma/kgamma5-5.24.90-x86_64-2.txz
||
++========================================
drwxr-xr-x root/root         0 2022-05-28 01:33 ./
drwxr-xr-x root/root         0 2022-05-28 01:33 install/
-rw-r--r-- root/root       181 2022-05-28 01:33 install/doinst.sh
-rw-r--r-- root/root       649 2022-05-28 01:33 install/slack-desc
drwxr-xr-x root/root         0 2022-05-28 01:33 usr/
drwxr-xr-x root/root         0 2022-05-28 01:33 usr/doc/
drwxr-xr-x root/root         0 2022-05-28 01:33 usr/doc/HTML/
drwxr-xr-x root/root         0 2022-05-28 01:33 usr/doc/HTML/ca/
drwxr-xr-x root/root         0 2022-05-28 01:33 usr/doc/HTML/ca/kcontrol/
drwxr-xr-x root/root         0 2022-05-28 01:33 usr/doc/HTML/ca/kcontrol/kgamma5/
-rw-r--r-- root/root      3428 2022-05-28 01:33 usr/doc/HTML/ca/kcontrol/kgamma5/index.cache.bz2
-rw-r--r-- root/root      6611 2022-05-19 12:20 usr/doc/HTML/ca/kcontrol/kgamma5/index.docbook
drwxr-xr-x root/root         0 2022-05-28 01:33 usr/doc/HTML/cs/
drwxr-xr-x root/root         0 2022-05-28 01:33 usr/doc/HTML/cs/kcontrol/
drwxr-xr-x root/root         0 2022-05-28 01:33 usr/doc/HTML/cs/kcontrol/kgamma5/
-rw-r--r-- root/root      3498 2022-05-28 01:33 usr/doc/HTML/cs/kcontrol/kgamma5/index.cache.bz2
-rw-r--r-- root/root      6536 2022-05-19 12:20 usr/doc/HTML/cs/kcontrol/kgamma5/index.docbook
drwxr-xr-x root/root         0 2022-05-28 01:33 usr/doc/HTML/de/
drwxr-xr-x root/root         0 2022-05-28 01:33 usr/doc/HTML/de/kcontrol/
drwxr-xr-x root/root         0 2022-05-28 01:33 usr/doc/HTML/de/kcontrol/kgamma5/
-rw-r--r-- root/root      3632 2022-05-28 01:33 usr/doc/HTML/de/kcontrol/kgamma5/index.cache.bz2
-rw-r--r-- root/root      7245 2022-05-19 12:20 usr/doc/HTML/de/kcontrol/kgamma5/index.docbook
drwxr-xr-x root/root         0 2022-05-28 01:33 usr/doc/HTML/en/
drwxr-xr-x root/root         0 2022-05-28 01:33 usr/doc/HTML/en/kcontrol/
drwxr-xr-x root/root         0 2022-05-28 01:33 usr/doc/HTML/en/kcontrol/kgamma5/
-rw-r--r-- root/root      3191 2022-05-28 01:33 usr/doc/HTML/en/kcontrol/kgamma5/index.cache.bz2
-rw-r--r-- root/root      5798 2022-05-19 12:19 usr/doc/HTML/en/kcontrol/kgamma5/index.docbook
drwxr-xr-x root/root         0 2022-05-28 01:33 usr/doc/HTML/es/
drwxr-xr-x root/root         0 2022-05-28 01:33 usr/doc/HTML/es/kcontrol/
drwxr-xr-x root/root         0 2022-05-28 01:33 usr/doc/HTML/es/kcontrol/kgamma5/
-rw-r--r-- root/root      3546 2022-05-28 01:33 usr/doc/HTML/es/kcontrol/kgamma5/index.cache.bz2
-rw-r--r-- root/root      7236 2022-05-19 12:20 usr/doc/HTML/es/kcontrol/kgamma5/index.docbook
drwxr-xr-x root/root         0 2022-05-28 01:33 usr/doc/HTML/et/
drwxr-xr-x root/root         0 2022-05-28 01:33 usr/doc/HTML/et/kcontrol/
drwxr-xr-x root/root         0 2022-05-28 01:33 usr/doc/HTML/et/kcontrol/kgamma5/
-rw-r--r-- root/root      3453 2022-05-28 01:33 usr/doc/HTML/et/kcontrol/kgamma5/index.cache.bz2
-rw-r--r-- root/root      6311 2022-05-19 12:20 usr/doc/HTML/et/kcontrol/kgamma5/index.docbook
drwxr-xr-x root/root         0 2022-05-28 01:33 usr/doc/HTML/fr/
drwxr-xr-x root/root         0 2022-05-28 01:33 usr/doc/HTML/fr/kcontrol/
drwxr-xr-x root/root         0 2022-05-28 01:33 usr/doc/HTML/fr/kcontrol/kgamma5/
-rw-r--r-- root/root      3512 2022-05-28 01:33 usr/doc/HTML/fr/kcontrol/kgamma5/index.cache.bz2
-rw-r--r-- root/root      6697 2022-05-19 12:20 usr/doc/HTML/fr/kcontrol/kgamma5/index.docbook
drwxr-xr-x root/root         0 2022-05-28 01:33 usr/doc/HTML/id/
drwxr-xr-x root/root         0 2022-05-28 01:33 usr/doc/HTML/id/kcontrol/
drwxr-xr-x root/root         0 2022-05-28 01:33 usr/doc/HTML/id/kcontrol/kgamma5/
-rw-r--r-- root/root      3299 2022-05-28 01:33 usr/doc/HTML/id/kcontrol/kgamma5/index.cache.bz2
-rw-r--r-- root/root      6523 2022-05-19 12:20 usr/doc/HTML/id/kcontrol/kgamma5/index.docbook
drwxr-xr-x root/root         0 2022-05-28 01:33 usr/doc/HTML/it/
drwxr-xr-x root/root         0 2022-05-28 01:33 usr/doc/HTML/it/kcontrol/
drwxr-xr-x root/root         0 2022-05-28 01:33 usr/doc/HTML/it/kcontrol/kgamma5/
-rw-r--r-- root/root      3415 2022-05-28 01:33 usr/doc/HTML/it/kcontrol/kgamma5/index.cache.bz2
-rw-r--r-- root/root      6898 2022-05-19 12:20 usr/doc/HTML/it/kcontrol/kgamma5/index.docbook
drwxr-xr-x root/root         0 2022-05-28 01:33 usr/doc/HTML/nl/
drwxr-xr-x root/root         0 2022-05-28 01:33 usr/doc/HTML/nl/kcontrol/
drwxr-xr-x root/root         0 2022-05-28 01:33 usr/doc/HTML/nl/kcontrol/kgamma5/
-rw-r--r-- root/root      3431 2022-05-28 01:33 usr/doc/HTML/nl/kcontrol/kgamma5/index.cache.bz2
-rw-r--r-- root/root      6350 2022-05-19 12:20 usr/doc/HTML/nl/kcontrol/kgamma5/index.docbook
drwxr-xr-x root/root         0 2022-05-28 01:33 usr/doc/HTML/pt/
drwxr-xr-x root/root         0 2022-05-28 01:33 usr/doc/HTML/pt/kcontrol/
drwxr-xr-x root/root         0 2022-05-28 01:33 usr/doc/HTML/pt/kcontrol/kgamma5/
-rw-r--r-- root/root      3525 2022-05-28 01:33 usr/doc/HTML/pt/kcontrol/kgamma5/index.cache.bz2
-rw-r--r-- root/root      7035 2022-05-19 12:20 usr/doc/HTML/pt/kcontrol/kgamma5/index.docbook
drwxr-xr-x root/root         0 2022-05-28 01:33 usr/doc/HTML/pt_BR/
drwxr-xr-x root/root         0 2022-05-28 01:33 usr/doc/HTML/pt_BR/kcontrol/
drwxr-xr-x root/root         0 2022-05-28 01:33 usr/doc/HTML/pt_BR/kcontrol/kgamma5/
-rw-r--r-- root/root      3401 2022-05-28 01:33 usr/doc/HTML/pt_BR/kcontrol/kgamma5/index.cache.bz2
-rw-r--r-- root/root      7146 2022-05-19 12:20 usr/doc/HTML/pt_BR/kcontrol/kgamma5/index.docbook
drwxr-xr-x root/root         0 2022-05-28 01:33 usr/doc/HTML/ru/
drwxr-xr-x root/root         0 2022-05-28 01:33 usr/doc/HTML/ru/kcontrol/
drwxr-xr-x root/root         0 2022-05-28 01:33 usr/doc/HTML/ru/kcontrol/kgamma5/
-rw-r--r-- root/root      3764 2022-05-28 01:33 usr/doc/HTML/ru/kcontrol/kgamma5/index.cache.bz2
-rw-r--r-- root/root     11306 2022-05-19 12:20 usr/doc/HTML/ru/kcontrol/kgamma5/index.docbook
drwxr-xr-x root/root         0 2022-05-28 01:33 usr/doc/HTML/sv/
drwxr-xr-x root/root         0 2022-05-28 01:33 usr/doc/HTML/sv/kcontrol/
drwxr-xr-x root/root         0 2022-05-28 01:33 usr/doc/HTML/sv/kcontrol/kgamma5/
-rw-r--r-- root/root      3302 2022-05-28 01:33 usr/doc/HTML/sv/kcontrol/kgamma5/index.cache.bz2
-rw-r--r-- root/root      6310 2022-05-19 12:20 usr/doc/HTML/sv/kcontrol/kgamma5/index.docbook
drwxr-xr-x root/root         0 2022-05-28 01:33 usr/doc/HTML/uk/
drwxr-xr-x root/root         0 2022-05-28 01:33 usr/doc/HTML/uk/kcontrol/
drwxr-xr-x root/root         0 2022-05-28 01:33 usr/doc/HTML/uk/kcontrol/kgamma5/
-rw-r--r-- root/root      3578 2022-05-28 01:33 usr/doc/HTML/uk/kcontrol/kgamma5/index.cache.bz2
-rw-r--r-- root/root     10692 2022-05-19 12:20 usr/doc/HTML/uk/kcontrol/kgamma5/index.docbook
drwxr-xr-x root/root         0 2022-05-28 01:33 usr/doc/kgamma5-5.24.90/
-rw-r--r-- root/root      1613 2022-05-19 12:19 usr/doc/kgamma5-5.24.90/ChangeLog
drwxr-xr-x root/root         0 2022-05-19 12:19 usr/doc/kgamma5-5.24.90/LICENSES/
-rw-r--r-- root/root     17622 2022-05-19 12:19 usr/doc/kgamma5-5.24.90/LICENSES/GPL-2.0-or-later.txt
drwxr-xr-x root/root         0 2022-05-28 01:33 usr/lib64/
drwxr-xr-x root/root         0 2022-05-28 01:33 usr/lib64/qt5/
drwxr-xr-x root/root         0 2022-05-28 01:33 usr/lib64/qt5/plugins/
drwxr-xr-x root/root         0 2022-05-28 01:33 usr/lib64/qt5/plugins/plasma/
drwxr-xr-x root/root         0 2022-05-28 01:33 usr/lib64/qt5/plugins/plasma/kcminit/
drwxr-xr-x root/root         0 2022-05-28 01:33 usr/lib64/qt5/plugins/plasma/kcms/
drwxr-xr-x root/root         0 2022-05-28 01:33 usr/lib64/qt5/plugins/plasma/kcms/systemsettings/
-rwxr-xr-x root/root    105864 2022-05-28 01:33 usr/lib64/qt5/plugins/plasma/kcms/systemsettings/kcm_kgamma.so
drwxr-xr-x root/root         0 2022-05-28 01:33 usr/share/
drwxr-xr-x root/root         0 2022-05-28 01:33 usr/share/kgamma/
drwxr-xr-x root/root         0 2022-05-28 01:33 usr/share/kgamma/pics/
-rw-r--r-- root/root       146 2022-05-19 12:19 usr/share/kgamma/pics/background.png
-rw-r--r-- root/root       617 2022-05-19 12:19 usr/share/kgamma/pics/cmyscale.png
-rw-r--r-- root/root       307 2022-05-19 12:19 usr/share/kgamma/pics/darkgrey.png
-rw-r--r-- root/root       362 2022-05-19 12:19 usr/share/kgamma/pics/greyscale.png
-rw-r--r-- root/root       348 2022-05-19 12:19 usr/share/kgamma/pics/lightgrey.png
-rw-r--r-- root/root       373 2022-05-19 12:19 usr/share/kgamma/pics/midgrey.png
-rw-r--r-- root/root       570 2022-05-19 12:19 usr/share/kgamma/pics/rgbscale.png
drwxr-xr-x root/root         0 2022-05-28 01:33 usr/share/locale/
drwxr-xr-x root/root         0 2022-05-28 01:33 usr/share/locale/ar/
drwxr-xr-x root/root         0 2022-05-28 01:33 usr/share/locale/ar/LC_MESSAGES/
-rw-r--r-- root/root      2961 2022-05-28 01:33 usr/share/locale/ar/LC_MESSAGES/kcmkgamma.mo
drwxr-xr-x root/root         0 2022-05-28 01:33 usr/share/locale/ast/
drwxr-xr-x root/root         0 2022-05-28 01:33 usr/share/locale/ast/LC_MESSAGES/
-rw-r--r-- root/root       983 2022-05-28 01:33 usr/share/locale/ast/LC_MESSAGES/kcmkgamma.mo
drwxr-xr-x root/root         0 2022-05-28 01:33 usr/share/locale/az/
drwxr-xr-x root/root         0 2022-05-28 01:33 usr/share/locale/az/LC_MESSAGES/
-rw-r--r-- root/root      2533 2022-05-28 01:33 usr/share/locale/az/LC_MESSAGES/kcmkgamma.mo
drwxr-xr-x root/root         0 2022-05-28 01:33 usr/share/locale/be/
drwxr-xr-x root/root         0 2022-05-28 01:33 usr/share/locale/be/LC_MESSAGES/
-rw-r--r-- root/root       613 2022-05-28 01:33 usr/share/locale/be/LC_MESSAGES/kcmkgamma.mo
drwxr-xr-x root/root         0 2022-05-28 01:33 usr/share/locale/bg/
drwxr-xr-x root/root         0 2022-05-28 01:33 usr/share/locale/bg/LC_MESSAGES/
-rw-r--r-- root/root      2928 2022-05-28 01:33 usr/share/locale/bg/LC_MESSAGES/kcmkgamma.mo
drwxr-xr-x root/root         0 2022-05-28 01:33 usr/share/locale/br/
drwxr-xr-x root/root         0 2022-05-28 01:33 usr/share/locale/br/LC_MESSAGES/
-rw-r--r-- root/root       771 2022-05-28 01:33 usr/share/locale/br/LC_MESSAGES/kcmkgamma.mo
drwxr-xr-x root/root         0 2022-05-28 01:33 usr/share/locale/bs/
drwxr-xr-x root/root         0 2022-05-28 01:33 usr/share/locale/bs/LC_MESSAGES/
-rw-r--r-- root/root      2528 2022-05-28 01:33 usr/share/locale/bs/LC_MESSAGES/kcmkgamma.mo
drwxr-xr-x root/root         0 2022-05-28 01:33 usr/share/locale/ca/
drwxr-xr-x root/root         0 2022-05-28 01:33 usr/share/locale/ca/LC_MESSAGES/
-rw-r--r-- root/root      2549 2022-05-28 01:33 usr/share/locale/ca/LC_MESSAGES/kcmkgamma.mo
drwxr-xr-x root/root         0 2022-05-28 01:33 usr/share/locale/ca@valencia/
drwxr-xr-x root/root         0 2022-05-28 01:33 usr/share/locale/ca@valencia/LC_MESSAGES/
-rw-r--r-- root/root      2558 2022-05-28 01:33 usr/share/locale/ca@valencia/LC_MESSAGES/kcmkgamma.mo
drwxr-xr-x root/root         0 2022-05-28 01:33 usr/share/locale/cs/
drwxr-xr-x root/root         0 2022-05-28 01:33 usr/share/locale/cs/LC_MESSAGES/
-rw-r--r-- root/root      2478 2022-05-28 01:33 usr/share/locale/cs/LC_MESSAGES/kcmkgamma.mo
drwxr-xr-x root/root         0 2022-05-28 01:33 usr/share/locale/cy/
drwxr-xr-x root/root         0 2022-05-28 01:33 usr/share/locale/cy/LC_MESSAGES/
-rw-r--r-- root/root       740 2022-05-28 01:33 usr/share/locale/cy/LC_MESSAGES/kcmkgamma.mo
drwxr-xr-x root/root         0 2022-05-28 01:33 usr/share/locale/da/
drwxr-xr-x root/root         0 2022-05-28 01:33 usr/share/locale/da/LC_MESSAGES/
-rw-r--r-- root/root      2364 2022-05-28 01:33 usr/share/locale/da/LC_MESSAGES/kcmkgamma.mo
drwxr-xr-x root/root         0 2022-05-28 01:33 usr/share/locale/de/
drwxr-xr-x root/root         0 2022-05-28 01:33 usr/share/locale/de/LC_MESSAGES/
-rw-r--r-- root/root      2522 2022-05-28 01:33 usr/share/locale/de/LC_MESSAGES/kcmkgamma.mo
drwxr-xr-x root/root         0 2022-05-28 01:33 usr/share/locale/el/
drwxr-xr-x root/root         0 2022-05-28 01:33 usr/share/locale/el/LC_MESSAGES/
-rw-r--r-- root/root      3190 2022-05-28 01:33 usr/share/locale/el/LC_MESSAGES/kcmkgamma.mo
drwxr-xr-x root/root         0 2022-05-28 01:33 usr/share/locale/en_GB/
drwxr-xr-x root/root         0 2022-05-28 01:33 usr/share/locale/en_GB/LC_MESSAGES/
-rw-r--r-- root/root      2320 2022-05-28 01:33 usr/share/locale/en_GB/LC_MESSAGES/kcmkgamma.mo
drwxr-xr-x root/root         0 2022-05-28 01:33 usr/share/locale/eo/
drwxr-xr-x root/root         0 2022-05-28 01:33 usr/share/locale/eo/LC_MESSAGES/
-rw-r--r-- root/root      2368 2022-05-28 01:33 usr/share/locale/eo/LC_MESSAGES/kcmkgamma.mo
drwxr-xr-x root/root         0 2022-05-28 01:33 usr/share/locale/es/
drwxr-xr-x root/root         0 2022-05-28 01:33 usr/share/locale/es/LC_MESSAGES/
-rw-r--r-- root/root      2534 2022-05-28 01:33 usr/share/locale/es/LC_MESSAGES/kcmkgamma.mo
drwxr-xr-x root/root         0 2022-05-28 01:33 usr/share/locale/et/
drwxr-xr-x root/root         0 2022-05-28 01:33 usr/share/locale/et/LC_MESSAGES/
-rw-r--r-- root/root      2385 2022-05-28 01:33 usr/share/locale/et/LC_MESSAGES/kcmkgamma.mo
drwxr-xr-x root/root         0 2022-05-28 01:33 usr/share/locale/eu/
drwxr-xr-x root/root         0 2022-05-28 01:33 usr/share/locale/eu/LC_MESSAGES/
-rw-r--r-- root/root      2374 2022-05-28 01:33 usr/share/locale/eu/LC_MESSAGES/kcmkgamma.mo
drwxr-xr-x root/root         0 2022-05-28 01:33 usr/share/locale/fa/
drwxr-xr-x root/root         0 2022-05-28 01:33 usr/share/locale/fa/LC_MESSAGES/
-rw-r--r-- root/root      2963 2022-05-28 01:33 usr/share/locale/fa/LC_MESSAGES/kcmkgamma.mo
drwxr-xr-x root/root         0 2022-05-28 01:33 usr/share/locale/fi/
drwxr-xr-x root/root         0 2022-05-28 01:33 usr/share/locale/fi/LC_MESSAGES/
-rw-r--r-- root/root      2454 2022-05-28 01:33 usr/share/locale/fi/LC_MESSAGES/kcmkgamma.mo
drwxr-xr-x root/root         0 2022-05-28 01:33 usr/share/locale/fr/
drwxr-xr-x root/root         0 2022-05-28 01:33 usr/share/locale/fr/LC_MESSAGES/
-rw-r--r-- root/root      2722 2022-05-28 01:33 usr/share/locale/fr/LC_MESSAGES/kcmkgamma.mo
drwxr-xr-x root/root         0 2022-05-28 01:33 usr/share/locale/fy/
drwxr-xr-x root/root         0 2022-05-28 01:33 usr/share/locale/fy/LC_MESSAGES/
-rw-r--r-- root/root      2576 2022-05-28 01:33 usr/share/locale/fy/LC_MESSAGES/kcmkgamma.mo
drwxr-xr-x root/root         0 2022-05-28 01:33 usr/share/locale/ga/
drwxr-xr-x root/root         0 2022-05-28 01:33 usr/share/locale/ga/LC_MESSAGES/
-rw-r--r-- root/root      2557 2022-05-28 01:33 usr/share/locale/ga/LC_MESSAGES/kcmkgamma.mo
drwxr-xr-x root/root         0 2022-05-28 01:33 usr/share/locale/gl/
drwxr-xr-x root/root         0 2022-05-28 01:33 usr/share/locale/gl/LC_MESSAGES/
-rw-r--r-- root/root      2458 2022-05-28 01:33 usr/share/locale/gl/LC_MESSAGES/kcmkgamma.mo
drwxr-xr-x root/root         0 2022-05-28 01:33 usr/share/locale/he/
drwxr-xr-x root/root         0 2022-05-28 01:33 usr/share/locale/he/LC_MESSAGES/
-rw-r--r-- root/root      2771 2022-05-28 01:33 usr/share/locale/he/LC_MESSAGES/kcmkgamma.mo
drwxr-xr-x root/root         0 2022-05-28 01:33 usr/share/locale/hi/
drwxr-xr-x root/root         0 2022-05-28 01:33 usr/share/locale/hi/LC_MESSAGES/
-rw-r--r-- root/root      3605 2022-05-28 01:33 usr/share/locale/hi/LC_MESSAGES/kcmkgamma.mo
drwxr-xr-x root/root         0 2022-05-28 01:33 usr/share/locale/hne/
drwxr-xr-x root/root         0 2022-05-28 01:33 usr/share/locale/hne/LC_MESSAGES/
-rw-r--r-- root/root      1613 2022-05-28 01:33 usr/share/locale/hne/LC_MESSAGES/kcmkgamma.mo
drwxr-xr-x root/root         0 2022-05-28 01:33 usr/share/locale/hr/
drwxr-xr-x root/root         0 2022-05-28 01:33 usr/share/locale/hr/LC_MESSAGES/
-rw-r--r-- root/root      2582 2022-05-28 01:33 usr/share/locale/hr/LC_MESSAGES/kcmkgamma.mo
drwxr-xr-x root/root         0 2022-05-28 01:33 usr/share/locale/hu/
drwxr-xr-x root/root         0 2022-05-28 01:33 usr/share/locale/hu/LC_MESSAGES/
-rw-r--r-- root/root      2527 2022-05-28 01:33 usr/share/locale/hu/LC_MESSAGES/kcmkgamma.mo
drwxr-xr-x root/root         0 2022-05-28 01:33 usr/share/locale/ia/
drwxr-xr-x root/root         0 2022-05-28 01:33 usr/share/locale/ia/LC_MESSAGES/
-rw-r--r-- root/root      2477 2022-05-28 01:33 usr/share/locale/ia/LC_MESSAGES/kcmkgamma.mo
drwxr-xr-x root/root         0 2022-05-28 01:33 usr/share/locale/id/
drwxr-xr-x root/root         0 2022-05-28 01:33 usr/share/locale/id/LC_MESSAGES/
-rw-r--r-- root/root      2326 2022-05-28 01:33 usr/share/locale/id/LC_MESSAGES/kcmkgamma.mo
drwxr-xr-x root/root         0 2022-05-28 01:33 usr/share/locale/is/
drwxr-xr-x root/root         0 2022-05-28 01:33 usr/share/locale/is/LC_MESSAGES/
-rw-r--r-- root/root      2406 2022-05-28 01:33 usr/share/locale/is/LC_MESSAGES/kcmkgamma.mo
drwxr-xr-x root/root         0 2022-05-28 01:33 usr/share/locale/it/
drwxr-xr-x root/root         0 2022-05-28 01:33 usr/share/locale/it/LC_MESSAGES/
-rw-r--r-- root/root      2467 2022-05-28 01:33 usr/share/locale/it/LC_MESSAGES/kcmkgamma.mo
drwxr-xr-x root/root         0 2022-05-28 01:33 usr/share/locale/ja/
drwxr-xr-x root/root         0 2022-05-28 01:33 usr/share/locale/ja/LC_MESSAGES/
-rw-r--r-- root/root      2780 2022-05-28 01:33 usr/share/locale/ja/LC_MESSAGES/kcmkgamma.mo
drwxr-xr-x root/root         0 2022-05-28 01:33 usr/share/locale/kk/
drwxr-xr-x root/root         0 2022-05-28 01:33 usr/share/locale/kk/LC_MESSAGES/
-rw-r--r-- root/root      2834 2022-05-28 01:33 usr/share/locale/kk/LC_MESSAGES/kcmkgamma.mo
drwxr-xr-x root/root         0 2022-05-28 01:33 usr/share/locale/km/
drwxr-xr-x root/root         0 2022-05-28 01:33 usr/share/locale/km/LC_MESSAGES/
-rw-r--r-- root/root      4064 2022-05-28 01:33 usr/share/locale/km/LC_MESSAGES/kcmkgamma.mo
drwxr-xr-x root/root         0 2022-05-28 01:33 usr/share/locale/ko/
drwxr-xr-x root/root         0 2022-05-28 01:33 usr/share/locale/ko/LC_MESSAGES/
-rw-r--r-- root/root      2528 2022-05-28 01:33 usr/share/locale/ko/LC_MESSAGES/kcmkgamma.mo
drwxr-xr-x root/root         0 2022-05-28 01:33 usr/share/locale/lt/
drwxr-xr-x root/root         0 2022-05-28 01:33 usr/share/locale/lt/LC_MESSAGES/
-rw-r--r-- root/root      2534 2022-05-28 01:33 usr/share/locale/lt/LC_MESSAGES/kcmkgamma.mo
drwxr-xr-x root/root         0 2022-05-28 01:33 usr/share/locale/lv/
drwxr-xr-x root/root         0 2022-05-28 01:33 usr/share/locale/lv/LC_MESSAGES/
-rw-r--r-- root/root      2498 2022-05-28 01:33 usr/share/locale/lv/LC_MESSAGES/kcmkgamma.mo
drwxr-xr-x root/root         0 2022-05-28 01:33 usr/share/locale/mk/
drwxr-xr-x root/root         0 2022-05-28 01:33 usr/share/locale/mk/LC_MESSAGES/
-rw-r--r-- root/root      3217 2022-05-28 01:33 usr/share/locale/mk/LC_MESSAGES/kcmkgamma.mo
drwxr-xr-x root/root         0 2022-05-28 01:33 usr/share/locale/mr/
drwxr-xr-x root/root         0 2022-05-28 01:33 usr/share/locale/mr/LC_MESSAGES/
-rw-r--r-- root/root      1612 2022-05-28 01:33 usr/share/locale/mr/LC_MESSAGES/kcmkgamma.mo
drwxr-xr-x root/root         0 2022-05-28 01:33 usr/share/locale/ms/
drwxr-xr-x root/root         0 2022-05-28 01:33 usr/share/locale/ms/LC_MESSAGES/
-rw-r--r-- root/root      2281 2022-05-28 01:33 usr/share/locale/ms/LC_MESSAGES/kcmkgamma.mo
drwxr-xr-x root/root         0 2022-05-28 01:33 usr/share/locale/nb/
drwxr-xr-x root/root         0 2022-05-28 01:33 usr/share/locale/nb/LC_MESSAGES/
-rw-r--r-- root/root      2858 2022-05-28 01:33 usr/share/locale/nb/LC_MESSAGES/kcmkgamma.mo
drwxr-xr-x root/root         0 2022-05-28 01:33 usr/share/locale/nds/
drwxr-xr-x root/root         0 2022-05-28 01:33 usr/share/locale/nds/LC_MESSAGES/
-rw-r--r-- root/root      2437 2022-05-28 01:33 usr/share/locale/nds/LC_MESSAGES/kcmkgamma.mo
drwxr-xr-x root/root         0 2022-05-28 01:33 usr/share/locale/ne/
drwxr-xr-x root/root         0 2022-05-28 01:33 usr/share/locale/ne/LC_MESSAGES/
-rw-r--r-- root/root      3731 2022-05-28 01:33 usr/share/locale/ne/LC_MESSAGES/kcmkgamma.mo
drwxr-xr-x root/root         0 2022-05-28 01:33 usr/share/locale/nl/
drwxr-xr-x root/root         0 2022-05-28 01:33 usr/share/locale/nl/LC_MESSAGES/
-rw-r--r-- root/root      2475 2022-05-28 01:33 usr/share/locale/nl/LC_MESSAGES/kcmkgamma.mo
drwxr-xr-x root/root         0 2022-05-28 01:33 usr/share/locale/nn/
drwxr-xr-x root/root         0 2022-05-28 01:33 usr/share/locale/nn/LC_MESSAGES/
-rw-r--r-- root/root      2444 2022-05-28 01:33 usr/share/locale/nn/LC_MESSAGES/kcmkgamma.mo
drwxr-xr-x root/root         0 2022-05-28 01:33 usr/share/locale/oc/
drwxr-xr-x root/root         0 2022-05-28 01:33 usr/share/locale/oc/LC_MESSAGES/
-rw-r--r-- root/root       621 2022-05-28 01:33 usr/share/locale/oc/LC_MESSAGES/kcmkgamma.mo
drwxr-xr-x root/root         0 2022-05-28 01:33 usr/share/locale/pa/
drwxr-xr-x root/root         0 2022-05-28 01:33 usr/share/locale/pa/LC_MESSAGES/
-rw-r--r-- root/root      1509 2022-05-28 01:33 usr/share/locale/pa/LC_MESSAGES/kcmkgamma.mo
drwxr-xr-x root/root         0 2022-05-28 01:33 usr/share/locale/pl/
drwxr-xr-x root/root         0 2022-05-28 01:33 usr/share/locale/pl/LC_MESSAGES/
-rw-r--r-- root/root      2490 2022-05-28 01:33 usr/share/locale/pl/LC_MESSAGES/kcmkgamma.mo
drwxr-xr-x root/root         0 2022-05-28 01:33 usr/share/locale/pt/
drwxr-xr-x root/root         0 2022-05-28 01:33 usr/share/locale/pt/LC_MESSAGES/
-rw-r--r-- root/root      2504 2022-05-28 01:33 usr/share/locale/pt/LC_MESSAGES/kcmkgamma.mo
drwxr-xr-x root/root         0 2022-05-28 01:33 usr/share/locale/pt_BR/
drwxr-xr-x root/root         0 2022-05-28 01:33 usr/share/locale/pt_BR/LC_MESSAGES/
-rw-r--r-- root/root      2534 2022-05-28 01:33 usr/share/locale/pt_BR/LC_MESSAGES/kcmkgamma.mo
drwxr-xr-x root/root         0 2022-05-28 01:33 usr/share/locale/ro/
drwxr-xr-x root/root         0 2022-05-28 01:33 usr/share/locale/ro/LC_MESSAGES/
-rw-r--r-- root/root      2569 2022-05-28 01:33 usr/share/locale/ro/LC_MESSAGES/kcmkgamma.mo
drwxr-xr-x root/root         0 2022-05-28 01:33 usr/share/locale/ru/
drwxr-xr-x root/root         0 2022-05-28 01:33 usr/share/locale/ru/LC_MESSAGES/
-rw-r--r-- root/root      3323 2022-05-28 01:33 usr/share/locale/ru/LC_MESSAGES/kcmkgamma.mo
drwxr-xr-x root/root         0 2022-05-28 01:33 usr/share/locale/se/
drwxr-xr-x root/root         0 2022-05-28 01:33 usr/share/locale/se/LC_MESSAGES/
-rw-r--r-- root/root      1262 2022-05-28 01:33 usr/share/locale/se/LC_MESSAGES/kcmkgamma.mo
drwxr-xr-x root/root         0 2022-05-28 01:33 usr/share/locale/si/
drwxr-xr-x root/root         0 2022-05-28 01:33 usr/share/locale/si/LC_MESSAGES/
-rw-r--r-- root/root       475 2022-05-28 01:33 usr/share/locale/si/LC_MESSAGES/kcmkgamma.mo
drwxr-xr-x root/root         0 2022-05-28 01:33 usr/share/locale/sk/
drwxr-xr-x root/root         0 2022-05-28 01:33 usr/share/locale/sk/LC_MESSAGES/
-rw-r--r-- root/root      2501 2022-05-28 01:33 usr/share/locale/sk/LC_MESSAGES/kcmkgamma.mo
drwxr-xr-x root/root         0 2022-05-28 01:33 usr/share/locale/sl/
drwxr-xr-x root/root         0 2022-05-28 01:33 usr/share/locale/sl/LC_MESSAGES/
-rw-r--r-- root/root      2402 2022-05-28 01:33 usr/share/locale/sl/LC_MESSAGES/kcmkgamma.mo
drwxr-xr-x root/root         0 2022-05-28 01:33 usr/share/locale/sq/
drwxr-xr-x root/root         0 2022-05-28 01:33 usr/share/locale/sq/LC_MESSAGES/
-rw-r--r-- root/root      2605 2022-05-28 01:33 usr/share/locale/sq/LC_MESSAGES/kcmkgamma.mo
drwxr-xr-x root/root         0 2022-05-28 01:33 usr/share/locale/sr/
drwxr-xr-x root/root         0 2022-05-28 01:33 usr/share/locale/sr/LC_MESSAGES/
-rw-r--r-- root/root      3099 2022-05-28 01:33 usr/share/locale/sr/LC_MESSAGES/kcmkgamma.mo
drwxr-xr-x root/root         0 2022-05-28 01:33 usr/share/locale/sr@ijekavian/
drwxr-xr-x root/root         0 2022-05-28 01:33 usr/share/locale/sr@ijekavian/LC_MESSAGES/
-rw-r--r-- root/root      3109 2022-05-28 01:33 usr/share/locale/sr@ijekavian/LC_MESSAGES/kcmkgamma.mo
drwxr-xr-x root/root         0 2022-05-28 01:33 usr/share/locale/sr@ijekavianlatin/
drwxr-xr-x root/root         0 2022-05-28 01:33 usr/share/locale/sr@ijekavianlatin/LC_MESSAGES/
-rw-r--r-- root/root      2510 2022-05-28 01:33 usr/share/locale/sr@ijekavianlatin/LC_MESSAGES/kcmkgamma.mo
drwxr-xr-x root/root         0 2022-05-28 01:33 usr/share/locale/sr@latin/
drwxr-xr-x root/root         0 2022-05-28 01:33 usr/share/locale/sr@latin/LC_MESSAGES/
-rw-r--r-- root/root      2501 2022-05-28 01:33 usr/share/locale/sr@latin/LC_MESSAGES/kcmkgamma.mo
drwxr-xr-x root/root         0 2022-05-28 01:33 usr/share/locale/sv/
drwxr-xr-x root/root         0 2022-05-28 01:33 usr/share/locale/sv/LC_MESSAGES/
-rw-r--r-- root/root      2418 2022-05-28 01:33 usr/share/locale/sv/LC_MESSAGES/kcmkgamma.mo
drwxr-xr-x root/root         0 2022-05-28 01:33 usr/share/locale/ta/
drwxr-xr-x root/root         0 2022-05-28 01:33 usr/share/locale/ta/LC_MESSAGES/
-rw-r--r-- root/root      3292 2022-05-28 01:33 usr/share/locale/ta/LC_MESSAGES/kcmkgamma.mo
drwxr-xr-x root/root         0 2022-05-28 01:33 usr/share/locale/tg/
drwxr-xr-x root/root         0 2022-05-28 01:33 usr/share/locale/tg/LC_MESSAGES/
-rw-r--r-- root/root      1342 2022-05-28 01:33 usr/share/locale/tg/LC_MESSAGES/kcmkgamma.mo
drwxr-xr-x root/root         0 2022-05-28 01:33 usr/share/locale/th/
drwxr-xr-x root/root         0 2022-05-28 01:33 usr/share/locale/th/LC_MESSAGES/
-rw-r--r-- root/root      4250 2022-05-28 01:33 usr/share/locale/th/LC_MESSAGES/kcmkgamma.mo
drwxr-xr-x root/root         0 2022-05-28 01:33 usr/share/locale/tr/
drwxr-xr-x root/root         0 2022-05-28 01:33 usr/share/locale/tr/LC_MESSAGES/
-rw-r--r-- root/root      2438 2022-05-28 01:33 usr/share/locale/tr/LC_MESSAGES/kcmkgamma.mo
drwxr-xr-x root/root         0 2022-05-28 01:33 usr/share/locale/ug/
drwxr-xr-x root/root         0 2022-05-28 01:33 usr/share/locale/ug/LC_MESSAGES/
-rw-r--r-- root/root       847 2022-05-28 01:33 usr/share/locale/ug/LC_MESSAGES/kcmkgamma.mo
drwxr-xr-x root/root         0 2022-05-28 01:33 usr/share/locale/uk/
drwxr-xr-x root/root         0 2022-05-28 01:33 usr/share/locale/uk/LC_MESSAGES/
-rw-r--r-- root/root      3350 2022-05-28 01:33 usr/share/locale/uk/LC_MESSAGES/kcmkgamma.mo
drwxr-xr-x root/root         0 2022-05-28 01:33 usr/share/locale/vi/
drwxr-xr-x root/root         0 2022-05-28 01:33 usr/share/locale/vi/LC_MESSAGES/
-rw-r--r-- root/root      2700 2022-05-28 01:33 usr/share/locale/vi/LC_MESSAGES/kcmkgamma.mo
drwxr-xr-x root/root         0 2022-05-28 01:33 usr/share/locale/zh_CN/
drwxr-xr-x root/root         0 2022-05-28 01:33 usr/share/locale/zh_CN/LC_MESSAGES/
-rw-r--r-- root/root      2492 2022-05-28 01:33 usr/share/locale/zh_CN/LC_MESSAGES/kcmkgamma.mo
drwxr-xr-x root/root         0 2022-05-28 01:33 usr/share/locale/zh_HK/
drwxr-xr-x root/root         0 2022-05-28 01:33 usr/share/locale/zh_HK/LC_MESSAGES/
-rw-r--r-- root/root       782 2022-05-28 01:33 usr/share/locale/zh_HK/LC_MESSAGES/kcmkgamma.mo
drwxr-xr-x root/root         0 2022-05-28 01:33 usr/share/locale/zh_TW/
drwxr-xr-x root/root         0 2022-05-28 01:33 usr/share/locale/zh_TW/LC_MESSAGES/
-rw-r--r-- root/root      2299 2022-05-28 01:33 usr/share/locale/zh_TW/LC_MESSAGES/kcmkgamma.mo


