++========================================
||
||   Package:  ./plasma/kmenuedit-5.24.90-x86_64-1.txz
||
++========================================
drwxr-xr-x root/root         0 2022-05-20 18:05 ./
drwxr-xr-x root/root         0 2022-05-20 18:05 install/
-rw-r--r-- root/root       754 2022-05-20 18:05 install/slack-desc
drwxr-xr-x root/root         0 2022-05-20 18:05 usr/
drwxr-xr-x root/root         0 2022-05-20 18:05 usr/bin/
-rwxr-xr-x root/root    276320 2022-05-20 18:05 usr/bin/kmenuedit
drwxr-xr-x root/root         0 2022-05-20 18:05 usr/doc/
drwxr-xr-x root/root         0 2022-05-20 18:05 usr/doc/HTML/
drwxr-xr-x root/root         0 2022-05-20 18:05 usr/doc/HTML/ca/
drwxr-xr-x root/root         0 2022-05-20 18:05 usr/doc/HTML/ca/kmenuedit/
-rw-r--r-- root/root     74316 2022-05-19 12:22 usr/doc/HTML/ca/kmenuedit/done.png
-rw-r--r-- root/root      9002 2022-05-20 18:05 usr/doc/HTML/ca/kmenuedit/index.cache.bz2
-rw-r--r-- root/root     27993 2022-05-19 12:22 usr/doc/HTML/ca/kmenuedit/index.docbook
-rw-r--r-- root/root     12251 2022-05-19 12:22 usr/doc/HTML/ca/kmenuedit/itemname.png
-rw-r--r-- root/root     18082 2022-05-19 12:22 usr/doc/HTML/ca/kmenuedit/new.png
-rw-r--r-- root/root     54568 2022-05-19 12:22 usr/doc/HTML/ca/kmenuedit/selecticon.png
-rw-r--r-- root/root     55812 2022-05-19 12:22 usr/doc/HTML/ca/kmenuedit/selectinternet.png
drwxr-xr-x root/root         0 2022-05-20 18:05 usr/doc/HTML/de/
drwxr-xr-x root/root         0 2022-05-20 18:05 usr/doc/HTML/de/kmenuedit/
-rw-r--r-- root/root      9475 2022-05-20 18:05 usr/doc/HTML/de/kmenuedit/index.cache.bz2
-rw-r--r-- root/root     30073 2022-05-19 12:22 usr/doc/HTML/de/kmenuedit/index.docbook
drwxr-xr-x root/root         0 2022-05-20 18:05 usr/doc/HTML/en/
drwxr-xr-x root/root         0 2022-05-20 18:05 usr/doc/HTML/en/kmenuedit/
-rw-r--r-- root/root     21836 2022-05-19 12:21 usr/doc/HTML/en/kmenuedit/done.png
-rw-r--r-- root/root      8445 2022-05-20 18:05 usr/doc/HTML/en/kmenuedit/index.cache.bz2
-rw-r--r-- root/root     25410 2022-05-19 12:21 usr/doc/HTML/en/kmenuedit/index.docbook
-rw-r--r-- root/root      6618 2022-05-19 12:21 usr/doc/HTML/en/kmenuedit/itemname.png
-rw-r--r-- root/root      5460 2022-05-19 12:21 usr/doc/HTML/en/kmenuedit/new.png
-rw-r--r-- root/root       362 2022-05-19 12:21 usr/doc/HTML/en/kmenuedit/reset.png
-rw-r--r-- root/root     14467 2022-05-19 12:21 usr/doc/HTML/en/kmenuedit/selecticon.png
-rw-r--r-- root/root     15292 2022-05-19 12:21 usr/doc/HTML/en/kmenuedit/selectinternet.png
drwxr-xr-x root/root         0 2022-05-20 18:05 usr/doc/HTML/id/
drwxr-xr-x root/root         0 2022-05-20 18:05 usr/doc/HTML/id/kmenuedit/
-rw-r--r-- root/root      8642 2022-05-20 18:05 usr/doc/HTML/id/kmenuedit/index.cache.bz2
-rw-r--r-- root/root     27372 2022-05-19 12:22 usr/doc/HTML/id/kmenuedit/index.docbook
drwxr-xr-x root/root         0 2022-05-20 18:05 usr/doc/HTML/it/
drwxr-xr-x root/root         0 2022-05-20 18:05 usr/doc/HTML/it/kmenuedit/
-rw-r--r-- root/root     18737 2022-05-19 12:22 usr/doc/HTML/it/kmenuedit/done.png
-rw-r--r-- root/root      9141 2022-05-20 18:05 usr/doc/HTML/it/kmenuedit/index.cache.bz2
-rw-r--r-- root/root     29538 2022-05-19 12:22 usr/doc/HTML/it/kmenuedit/index.docbook
-rw-r--r-- root/root     12891 2022-05-19 12:22 usr/doc/HTML/it/kmenuedit/itemname.png
-rw-r--r-- root/root      5016 2022-05-19 12:22 usr/doc/HTML/it/kmenuedit/new.png
-rw-r--r-- root/root     19034 2022-05-19 12:22 usr/doc/HTML/it/kmenuedit/selecticon.png
-rw-r--r-- root/root     23312 2022-05-19 12:22 usr/doc/HTML/it/kmenuedit/selectinternet.png
-rw-r--r-- root/root      6987 2022-05-19 12:22 usr/doc/HTML/it/kmenuedit/toolbars-toolbar.png
drwxr-xr-x root/root         0 2022-05-20 18:05 usr/doc/HTML/nl/
drwxr-xr-x root/root         0 2022-05-20 18:05 usr/doc/HTML/nl/kmenuedit/
-rw-r--r-- root/root      9116 2022-05-20 18:05 usr/doc/HTML/nl/kmenuedit/index.cache.bz2
-rw-r--r-- root/root     27966 2022-05-19 12:22 usr/doc/HTML/nl/kmenuedit/index.docbook
drwxr-xr-x root/root         0 2022-05-20 18:05 usr/doc/HTML/pt/
drwxr-xr-x root/root         0 2022-05-20 18:05 usr/doc/HTML/pt/kmenuedit/
-rw-r--r-- root/root      9003 2022-05-20 18:05 usr/doc/HTML/pt/kmenuedit/index.cache.bz2
-rw-r--r-- root/root     28271 2022-05-19 12:22 usr/doc/HTML/pt/kmenuedit/index.docbook
drwxr-xr-x root/root         0 2022-05-20 18:05 usr/doc/HTML/pt_BR/
drwxr-xr-x root/root         0 2022-05-20 18:05 usr/doc/HTML/pt_BR/kmenuedit/
-rw-r--r-- root/root     51833 2022-05-19 12:22 usr/doc/HTML/pt_BR/kmenuedit/done.png
-rw-r--r-- root/root      8967 2022-05-20 18:05 usr/doc/HTML/pt_BR/kmenuedit/index.cache.bz2
-rw-r--r-- root/root     28518 2022-05-19 12:22 usr/doc/HTML/pt_BR/kmenuedit/index.docbook
-rw-r--r-- root/root      7258 2022-05-19 12:22 usr/doc/HTML/pt_BR/kmenuedit/itemname.png
-rw-r--r-- root/root     10980 2022-05-19 12:22 usr/doc/HTML/pt_BR/kmenuedit/new.png
-rw-r--r-- root/root       662 2022-05-19 12:22 usr/doc/HTML/pt_BR/kmenuedit/reset.png
-rw-r--r-- root/root     28214 2022-05-19 12:22 usr/doc/HTML/pt_BR/kmenuedit/selecticon.png
-rw-r--r-- root/root     37273 2022-05-19 12:22 usr/doc/HTML/pt_BR/kmenuedit/selectinternet.png
drwxr-xr-x root/root         0 2022-05-20 18:05 usr/doc/HTML/ru/
drwxr-xr-x root/root         0 2022-05-20 18:05 usr/doc/HTML/ru/kmenuedit/
-rw-r--r-- root/root     53030 2022-05-19 12:22 usr/doc/HTML/ru/kmenuedit/done.png
-rw-r--r-- root/root      9257 2022-05-20 18:05 usr/doc/HTML/ru/kmenuedit/index.cache.bz2
-rw-r--r-- root/root     40369 2022-05-19 12:22 usr/doc/HTML/ru/kmenuedit/index.docbook
-rw-r--r-- root/root      8978 2022-05-19 12:22 usr/doc/HTML/ru/kmenuedit/itemname.png
-rw-r--r-- root/root     16628 2022-05-19 12:22 usr/doc/HTML/ru/kmenuedit/new.png
-rw-r--r-- root/root     33916 2022-05-19 12:22 usr/doc/HTML/ru/kmenuedit/selecticon.png
-rw-r--r-- root/root     46074 2022-05-19 12:22 usr/doc/HTML/ru/kmenuedit/selectinternet.png
drwxr-xr-x root/root         0 2022-05-20 18:05 usr/doc/HTML/sv/
drwxr-xr-x root/root         0 2022-05-20 18:05 usr/doc/HTML/sv/kmenuedit/
-rw-r--r-- root/root      8731 2022-05-20 18:05 usr/doc/HTML/sv/kmenuedit/index.cache.bz2
-rw-r--r-- root/root     27061 2022-05-19 12:22 usr/doc/HTML/sv/kmenuedit/index.docbook
drwxr-xr-x root/root         0 2022-05-20 18:05 usr/doc/HTML/uk/
drwxr-xr-x root/root         0 2022-05-20 18:05 usr/doc/HTML/uk/kmenuedit/
-rw-r--r-- root/root     22964 2022-05-19 12:22 usr/doc/HTML/uk/kmenuedit/done.png
-rw-r--r-- root/root      9369 2022-05-20 18:05 usr/doc/HTML/uk/kmenuedit/index.cache.bz2
-rw-r--r-- root/root     41599 2022-05-19 12:22 usr/doc/HTML/uk/kmenuedit/index.docbook
-rw-r--r-- root/root      7259 2022-05-19 12:22 usr/doc/HTML/uk/kmenuedit/itemname.png
-rw-r--r-- root/root      5912 2022-05-19 12:22 usr/doc/HTML/uk/kmenuedit/new.png
-rw-r--r-- root/root     14642 2022-05-19 12:22 usr/doc/HTML/uk/kmenuedit/selecticon.png
-rw-r--r-- root/root     16216 2022-05-19 12:22 usr/doc/HTML/uk/kmenuedit/selectinternet.png
drwxr-xr-x root/root         0 2022-05-20 18:05 usr/doc/kmenuedit-5.24.90/
drwxr-xr-x root/root         0 2022-05-19 12:21 usr/doc/kmenuedit-5.24.90/LICENSES/
-rw-r--r-- root/root     20272 2022-05-19 12:21 usr/doc/kmenuedit-5.24.90/LICENSES/GFDL-1.2-or-later.txt
-rw-r--r-- root/root     17277 2022-05-19 12:21 usr/doc/kmenuedit-5.24.90/LICENSES/GPL-2.0-only.txt
-rw-r--r-- root/root     17622 2022-05-19 12:21 usr/doc/kmenuedit-5.24.90/LICENSES/GPL-2.0-or-later.txt
drwxr-xr-x root/root         0 2022-05-20 18:05 usr/lib64/
drwxr-xr-x root/root         0 2022-05-20 18:05 usr/lib64/kconf_update_bin/
-rwxr-xr-x root/root     23160 2022-05-20 18:05 usr/lib64/kconf_update_bin/kmenuedit_globalaccel
drwxr-xr-x root/root         0 2022-05-20 18:05 usr/share/
drwxr-xr-x root/root         0 2022-05-20 18:05 usr/share/applications/
-rwxr-xr-x root/root      5469 2022-05-19 12:21 usr/share/applications/org.kde.kmenuedit.desktop
drwxr-xr-x root/root         0 2022-05-20 18:05 usr/share/icons/
drwxr-xr-x root/root         0 2022-05-20 18:05 usr/share/icons/hicolor/
drwxr-xr-x root/root         0 2022-05-20 18:05 usr/share/icons/hicolor/16x16/
drwxr-xr-x root/root         0 2022-05-20 18:05 usr/share/icons/hicolor/16x16/apps/
-rw-r--r-- root/root       649 2022-05-19 12:21 usr/share/icons/hicolor/16x16/apps/kmenuedit.png
drwxr-xr-x root/root         0 2022-05-20 18:05 usr/share/icons/hicolor/22x22/
drwxr-xr-x root/root         0 2022-05-20 18:05 usr/share/icons/hicolor/22x22/apps/
-rw-r--r-- root/root      1450 2022-05-19 12:21 usr/share/icons/hicolor/22x22/apps/kmenuedit.png
drwxr-xr-x root/root         0 2022-05-20 18:05 usr/share/icons/hicolor/32x32/
drwxr-xr-x root/root         0 2022-05-20 18:05 usr/share/icons/hicolor/32x32/apps/
-rw-r--r-- root/root      2054 2022-05-19 12:21 usr/share/icons/hicolor/32x32/apps/kmenuedit.png
drwxr-xr-x root/root         0 2022-05-20 18:05 usr/share/icons/hicolor/48x48/
drwxr-xr-x root/root         0 2022-05-20 18:05 usr/share/icons/hicolor/48x48/apps/
-rw-r--r-- root/root      1518 2022-05-19 12:21 usr/share/icons/hicolor/48x48/apps/kmenuedit.png
drwxr-xr-x root/root         0 2022-05-20 18:05 usr/share/kmenuedit/
drwxr-xr-x root/root         0 2022-05-20 18:05 usr/share/kmenuedit/icons/
drwxr-xr-x root/root         0 2022-05-20 18:05 usr/share/kmenuedit/icons/hicolor/
drwxr-xr-x root/root         0 2022-05-20 18:05 usr/share/kmenuedit/icons/hicolor/22x22/
drwxr-xr-x root/root         0 2022-05-20 18:05 usr/share/kmenuedit/icons/hicolor/22x22/actions/
-rw-r--r-- root/root      1247 2022-05-19 12:21 usr/share/kmenuedit/icons/hicolor/22x22/actions/menu_new.png
-rw-r--r-- root/root       138 2022-05-19 12:21 usr/share/kmenuedit/icons/hicolor/22x22/actions/menu_new_sep.png
drwxr-xr-x root/root         0 2022-05-20 18:05 usr/share/kmenuedit/icons/hicolor/32x32/
drwxr-xr-x root/root         0 2022-05-20 18:05 usr/share/kmenuedit/icons/hicolor/32x32/actions/
-rw-r--r-- root/root      2054 2022-05-19 12:21 usr/share/kmenuedit/icons/hicolor/32x32/actions/menu_new.png
-rw-r--r-- root/root       562 2022-05-19 12:21 usr/share/kmenuedit/icons/hicolor/32x32/actions/menu_new_sep.png
drwxr-xr-x root/root         0 2022-05-20 18:05 usr/share/kxmlgui5/
drwxr-xr-x root/root         0 2022-05-20 18:05 usr/share/kxmlgui5/kmenuedit/
-rw-r--r-- root/root      1174 2022-05-19 12:21 usr/share/kxmlgui5/kmenuedit/kmenueditui.rc
drwxr-xr-x root/root         0 2022-05-20 18:05 usr/share/locale/
drwxr-xr-x root/root         0 2022-05-20 18:05 usr/share/locale/af/
drwxr-xr-x root/root         0 2022-05-20 18:05 usr/share/locale/af/LC_MESSAGES/
-rw-r--r-- root/root      3391 2022-05-20 18:05 usr/share/locale/af/LC_MESSAGES/kmenuedit.mo
drwxr-xr-x root/root         0 2022-05-20 18:05 usr/share/locale/ar/
drwxr-xr-x root/root         0 2022-05-20 18:05 usr/share/locale/ar/LC_MESSAGES/
-rw-r--r-- root/root      6325 2022-05-20 18:05 usr/share/locale/ar/LC_MESSAGES/kmenuedit.mo
drwxr-xr-x root/root         0 2022-05-20 18:05 usr/share/locale/be/
drwxr-xr-x root/root         0 2022-05-20 18:05 usr/share/locale/be/LC_MESSAGES/
-rw-r--r-- root/root      4688 2022-05-20 18:05 usr/share/locale/be/LC_MESSAGES/kmenuedit.mo
drwxr-xr-x root/root         0 2022-05-20 18:05 usr/share/locale/bg/
drwxr-xr-x root/root         0 2022-05-20 18:05 usr/share/locale/bg/LC_MESSAGES/
-rw-r--r-- root/root      5504 2022-05-20 18:05 usr/share/locale/bg/LC_MESSAGES/kmenuedit.mo
drwxr-xr-x root/root         0 2022-05-20 18:05 usr/share/locale/bn/
drwxr-xr-x root/root         0 2022-05-20 18:05 usr/share/locale/bn/LC_MESSAGES/
-rw-r--r-- root/root      3531 2022-05-20 18:05 usr/share/locale/bn/LC_MESSAGES/kmenuedit.mo
drwxr-xr-x root/root         0 2022-05-20 18:05 usr/share/locale/bn_IN/
drwxr-xr-x root/root         0 2022-05-20 18:05 usr/share/locale/bn_IN/LC_MESSAGES/
-rw-r--r-- root/root      5649 2022-05-20 18:05 usr/share/locale/bn_IN/LC_MESSAGES/kmenuedit.mo
drwxr-xr-x root/root         0 2022-05-20 18:05 usr/share/locale/br/
drwxr-xr-x root/root         0 2022-05-20 18:05 usr/share/locale/br/LC_MESSAGES/
-rw-r--r-- root/root      2082 2022-05-20 18:05 usr/share/locale/br/LC_MESSAGES/kmenuedit.mo
drwxr-xr-x root/root         0 2022-05-20 18:05 usr/share/locale/bs/
drwxr-xr-x root/root         0 2022-05-20 18:05 usr/share/locale/bs/LC_MESSAGES/
-rw-r--r-- root/root      5114 2022-05-20 18:05 usr/share/locale/bs/LC_MESSAGES/kmenuedit.mo
drwxr-xr-x root/root         0 2022-05-20 18:05 usr/share/locale/ca/
drwxr-xr-x root/root         0 2022-05-20 18:05 usr/share/locale/ca/LC_MESSAGES/
-rw-r--r-- root/root      5461 2022-05-20 18:05 usr/share/locale/ca/LC_MESSAGES/kmenuedit.mo
drwxr-xr-x root/root         0 2022-05-20 18:05 usr/share/locale/ca@valencia/
drwxr-xr-x root/root         0 2022-05-20 18:05 usr/share/locale/ca@valencia/LC_MESSAGES/
-rw-r--r-- root/root      5479 2022-05-20 18:05 usr/share/locale/ca@valencia/LC_MESSAGES/kmenuedit.mo
drwxr-xr-x root/root         0 2022-05-20 18:05 usr/share/locale/cs/
drwxr-xr-x root/root         0 2022-05-20 18:05 usr/share/locale/cs/LC_MESSAGES/
-rw-r--r-- root/root      5241 2022-05-20 18:05 usr/share/locale/cs/LC_MESSAGES/kmenuedit.mo
drwxr-xr-x root/root         0 2022-05-20 18:05 usr/share/locale/csb/
drwxr-xr-x root/root         0 2022-05-20 18:05 usr/share/locale/csb/LC_MESSAGES/
-rw-r--r-- root/root      4656 2022-05-20 18:05 usr/share/locale/csb/LC_MESSAGES/kmenuedit.mo
drwxr-xr-x root/root         0 2022-05-20 18:05 usr/share/locale/cy/
drwxr-xr-x root/root         0 2022-05-20 18:05 usr/share/locale/cy/LC_MESSAGES/
-rw-r--r-- root/root      2931 2022-05-20 18:05 usr/share/locale/cy/LC_MESSAGES/kmenuedit.mo
drwxr-xr-x root/root         0 2022-05-20 18:05 usr/share/locale/da/
drwxr-xr-x root/root         0 2022-05-20 18:05 usr/share/locale/da/LC_MESSAGES/
-rw-r--r-- root/root      5317 2022-05-20 18:05 usr/share/locale/da/LC_MESSAGES/kmenuedit.mo
drwxr-xr-x root/root         0 2022-05-20 18:05 usr/share/locale/de/
drwxr-xr-x root/root         0 2022-05-20 18:05 usr/share/locale/de/LC_MESSAGES/
-rw-r--r-- root/root      5521 2022-05-20 18:05 usr/share/locale/de/LC_MESSAGES/kmenuedit.mo
drwxr-xr-x root/root         0 2022-05-20 18:05 usr/share/locale/el/
drwxr-xr-x root/root         0 2022-05-20 18:05 usr/share/locale/el/LC_MESSAGES/
-rw-r--r-- root/root      7108 2022-05-20 18:05 usr/share/locale/el/LC_MESSAGES/kmenuedit.mo
drwxr-xr-x root/root         0 2022-05-20 18:05 usr/share/locale/en_GB/
drwxr-xr-x root/root         0 2022-05-20 18:05 usr/share/locale/en_GB/LC_MESSAGES/
-rw-r--r-- root/root      5261 2022-05-20 18:05 usr/share/locale/en_GB/LC_MESSAGES/kmenuedit.mo
drwxr-xr-x root/root         0 2022-05-20 18:05 usr/share/locale/eo/
drwxr-xr-x root/root         0 2022-05-20 18:05 usr/share/locale/eo/LC_MESSAGES/
-rw-r--r-- root/root      3946 2022-05-20 18:05 usr/share/locale/eo/LC_MESSAGES/kmenuedit.mo
drwxr-xr-x root/root         0 2022-05-20 18:05 usr/share/locale/es/
drwxr-xr-x root/root         0 2022-05-20 18:05 usr/share/locale/es/LC_MESSAGES/
-rw-r--r-- root/root      5709 2022-05-20 18:05 usr/share/locale/es/LC_MESSAGES/kmenuedit.mo
drwxr-xr-x root/root         0 2022-05-20 18:05 usr/share/locale/et/
drwxr-xr-x root/root         0 2022-05-20 18:05 usr/share/locale/et/LC_MESSAGES/
-rw-r--r-- root/root      5187 2022-05-20 18:05 usr/share/locale/et/LC_MESSAGES/kmenuedit.mo
drwxr-xr-x root/root         0 2022-05-20 18:05 usr/share/locale/eu/
drwxr-xr-x root/root         0 2022-05-20 18:05 usr/share/locale/eu/LC_MESSAGES/
-rw-r--r-- root/root      5605 2022-05-20 18:05 usr/share/locale/eu/LC_MESSAGES/kmenuedit.mo
drwxr-xr-x root/root         0 2022-05-20 18:05 usr/share/locale/fa/
drwxr-xr-x root/root         0 2022-05-20 18:05 usr/share/locale/fa/LC_MESSAGES/
-rw-r--r-- root/root      5030 2022-05-20 18:05 usr/share/locale/fa/LC_MESSAGES/kmenuedit.mo
drwxr-xr-x root/root         0 2022-05-20 18:05 usr/share/locale/fi/
drwxr-xr-x root/root         0 2022-05-20 18:05 usr/share/locale/fi/LC_MESSAGES/
-rw-r--r-- root/root      5618 2022-05-20 18:05 usr/share/locale/fi/LC_MESSAGES/kmenuedit.mo
drwxr-xr-x root/root         0 2022-05-20 18:05 usr/share/locale/fr/
drwxr-xr-x root/root         0 2022-05-20 18:05 usr/share/locale/fr/LC_MESSAGES/
-rw-r--r-- root/root      5861 2022-05-20 18:05 usr/share/locale/fr/LC_MESSAGES/kmenuedit.mo
drwxr-xr-x root/root         0 2022-05-20 18:05 usr/share/locale/fy/
drwxr-xr-x root/root         0 2022-05-20 18:05 usr/share/locale/fy/LC_MESSAGES/
-rw-r--r-- root/root      4622 2022-05-20 18:05 usr/share/locale/fy/LC_MESSAGES/kmenuedit.mo
drwxr-xr-x root/root         0 2022-05-20 18:05 usr/share/locale/ga/
drwxr-xr-x root/root         0 2022-05-20 18:05 usr/share/locale/ga/LC_MESSAGES/
-rw-r--r-- root/root      4800 2022-05-20 18:05 usr/share/locale/ga/LC_MESSAGES/kmenuedit.mo
drwxr-xr-x root/root         0 2022-05-20 18:05 usr/share/locale/gl/
drwxr-xr-x root/root         0 2022-05-20 18:05 usr/share/locale/gl/LC_MESSAGES/
-rw-r--r-- root/root      5405 2022-05-20 18:05 usr/share/locale/gl/LC_MESSAGES/kmenuedit.mo
drwxr-xr-x root/root         0 2022-05-20 18:05 usr/share/locale/gu/
drwxr-xr-x root/root         0 2022-05-20 18:05 usr/share/locale/gu/LC_MESSAGES/
-rw-r--r-- root/root      6516 2022-05-20 18:05 usr/share/locale/gu/LC_MESSAGES/kmenuedit.mo
drwxr-xr-x root/root         0 2022-05-20 18:05 usr/share/locale/he/
drwxr-xr-x root/root         0 2022-05-20 18:05 usr/share/locale/he/LC_MESSAGES/
-rw-r--r-- root/root      5565 2022-05-20 18:05 usr/share/locale/he/LC_MESSAGES/kmenuedit.mo
drwxr-xr-x root/root         0 2022-05-20 18:05 usr/share/locale/hi/
drwxr-xr-x root/root         0 2022-05-20 18:05 usr/share/locale/hi/LC_MESSAGES/
-rw-r--r-- root/root      5005 2022-05-20 18:05 usr/share/locale/hi/LC_MESSAGES/kmenuedit.mo
drwxr-xr-x root/root         0 2022-05-20 18:05 usr/share/locale/hne/
drwxr-xr-x root/root         0 2022-05-20 18:05 usr/share/locale/hne/LC_MESSAGES/
-rw-r--r-- root/root      5288 2022-05-20 18:05 usr/share/locale/hne/LC_MESSAGES/kmenuedit.mo
drwxr-xr-x root/root         0 2022-05-20 18:05 usr/share/locale/hr/
drwxr-xr-x root/root         0 2022-05-20 18:05 usr/share/locale/hr/LC_MESSAGES/
-rw-r--r-- root/root      4840 2022-05-20 18:05 usr/share/locale/hr/LC_MESSAGES/kmenuedit.mo
drwxr-xr-x root/root         0 2022-05-20 18:05 usr/share/locale/hsb/
drwxr-xr-x root/root         0 2022-05-20 18:05 usr/share/locale/hsb/LC_MESSAGES/
-rw-r--r-- root/root       974 2022-05-20 18:05 usr/share/locale/hsb/LC_MESSAGES/kmenuedit.mo
drwxr-xr-x root/root         0 2022-05-20 18:05 usr/share/locale/hu/
drwxr-xr-x root/root         0 2022-05-20 18:05 usr/share/locale/hu/LC_MESSAGES/
-rw-r--r-- root/root      5614 2022-05-20 18:05 usr/share/locale/hu/LC_MESSAGES/kmenuedit.mo
drwxr-xr-x root/root         0 2022-05-20 18:05 usr/share/locale/ia/
drwxr-xr-x root/root         0 2022-05-20 18:05 usr/share/locale/ia/LC_MESSAGES/
-rw-r--r-- root/root      5424 2022-05-20 18:05 usr/share/locale/ia/LC_MESSAGES/kmenuedit.mo
drwxr-xr-x root/root         0 2022-05-20 18:05 usr/share/locale/id/
drwxr-xr-x root/root         0 2022-05-20 18:05 usr/share/locale/id/LC_MESSAGES/
-rw-r--r-- root/root      5259 2022-05-20 18:05 usr/share/locale/id/LC_MESSAGES/kmenuedit.mo
drwxr-xr-x root/root         0 2022-05-20 18:05 usr/share/locale/is/
drwxr-xr-x root/root         0 2022-05-20 18:05 usr/share/locale/is/LC_MESSAGES/
-rw-r--r-- root/root      5377 2022-05-20 18:05 usr/share/locale/is/LC_MESSAGES/kmenuedit.mo
drwxr-xr-x root/root         0 2022-05-20 18:05 usr/share/locale/it/
drwxr-xr-x root/root         0 2022-05-20 18:05 usr/share/locale/it/LC_MESSAGES/
-rw-r--r-- root/root      5467 2022-05-20 18:05 usr/share/locale/it/LC_MESSAGES/kmenuedit.mo
drwxr-xr-x root/root         0 2022-05-20 18:05 usr/share/locale/ja/
drwxr-xr-x root/root         0 2022-05-20 18:05 usr/share/locale/ja/LC_MESSAGES/
-rw-r--r-- root/root      5175 2022-05-20 18:05 usr/share/locale/ja/LC_MESSAGES/kmenuedit.mo
drwxr-xr-x root/root         0 2022-05-20 18:05 usr/share/locale/kk/
drwxr-xr-x root/root         0 2022-05-20 18:05 usr/share/locale/kk/LC_MESSAGES/
-rw-r--r-- root/root      6201 2022-05-20 18:05 usr/share/locale/kk/LC_MESSAGES/kmenuedit.mo
drwxr-xr-x root/root         0 2022-05-20 18:05 usr/share/locale/km/
drwxr-xr-x root/root         0 2022-05-20 18:05 usr/share/locale/km/LC_MESSAGES/
-rw-r--r-- root/root      7407 2022-05-20 18:05 usr/share/locale/km/LC_MESSAGES/kmenuedit.mo
drwxr-xr-x root/root         0 2022-05-20 18:05 usr/share/locale/kn/
drwxr-xr-x root/root         0 2022-05-20 18:05 usr/share/locale/kn/LC_MESSAGES/
-rw-r--r-- root/root      5430 2022-05-20 18:05 usr/share/locale/kn/LC_MESSAGES/kmenuedit.mo
drwxr-xr-x root/root         0 2022-05-20 18:05 usr/share/locale/ko/
drwxr-xr-x root/root         0 2022-05-20 18:05 usr/share/locale/ko/LC_MESSAGES/
-rw-r--r-- root/root      5436 2022-05-20 18:05 usr/share/locale/ko/LC_MESSAGES/kmenuedit.mo
drwxr-xr-x root/root         0 2022-05-20 18:05 usr/share/locale/ku/
drwxr-xr-x root/root         0 2022-05-20 18:05 usr/share/locale/ku/LC_MESSAGES/
-rw-r--r-- root/root      3153 2022-05-20 18:05 usr/share/locale/ku/LC_MESSAGES/kmenuedit.mo
drwxr-xr-x root/root         0 2022-05-20 18:05 usr/share/locale/lt/
drwxr-xr-x root/root         0 2022-05-20 18:05 usr/share/locale/lt/LC_MESSAGES/
-rw-r--r-- root/root      5674 2022-05-20 18:05 usr/share/locale/lt/LC_MESSAGES/kmenuedit.mo
drwxr-xr-x root/root         0 2022-05-20 18:05 usr/share/locale/lv/
drwxr-xr-x root/root         0 2022-05-20 18:05 usr/share/locale/lv/LC_MESSAGES/
-rw-r--r-- root/root      4903 2022-05-20 18:05 usr/share/locale/lv/LC_MESSAGES/kmenuedit.mo
drwxr-xr-x root/root         0 2022-05-20 18:05 usr/share/locale/mai/
drwxr-xr-x root/root         0 2022-05-20 18:05 usr/share/locale/mai/LC_MESSAGES/
-rw-r--r-- root/root      4920 2022-05-20 18:05 usr/share/locale/mai/LC_MESSAGES/kmenuedit.mo
drwxr-xr-x root/root         0 2022-05-20 18:05 usr/share/locale/mk/
drwxr-xr-x root/root         0 2022-05-20 18:05 usr/share/locale/mk/LC_MESSAGES/
-rw-r--r-- root/root      5786 2022-05-20 18:05 usr/share/locale/mk/LC_MESSAGES/kmenuedit.mo
drwxr-xr-x root/root         0 2022-05-20 18:05 usr/share/locale/ml/
drwxr-xr-x root/root         0 2022-05-20 18:05 usr/share/locale/ml/LC_MESSAGES/
-rw-r--r-- root/root      8037 2022-05-20 18:05 usr/share/locale/ml/LC_MESSAGES/kmenuedit.mo
drwxr-xr-x root/root         0 2022-05-20 18:05 usr/share/locale/mr/
drwxr-xr-x root/root         0 2022-05-20 18:05 usr/share/locale/mr/LC_MESSAGES/
-rw-r--r-- root/root      6102 2022-05-20 18:05 usr/share/locale/mr/LC_MESSAGES/kmenuedit.mo
drwxr-xr-x root/root         0 2022-05-20 18:05 usr/share/locale/ms/
drwxr-xr-x root/root         0 2022-05-20 18:05 usr/share/locale/ms/LC_MESSAGES/
-rw-r--r-- root/root      4543 2022-05-20 18:05 usr/share/locale/ms/LC_MESSAGES/kmenuedit.mo
drwxr-xr-x root/root         0 2022-05-20 18:05 usr/share/locale/nb/
drwxr-xr-x root/root         0 2022-05-20 18:05 usr/share/locale/nb/LC_MESSAGES/
-rw-r--r-- root/root      5198 2022-05-20 18:05 usr/share/locale/nb/LC_MESSAGES/kmenuedit.mo
drwxr-xr-x root/root         0 2022-05-20 18:05 usr/share/locale/nds/
drwxr-xr-x root/root         0 2022-05-20 18:05 usr/share/locale/nds/LC_MESSAGES/
-rw-r--r-- root/root      5093 2022-05-20 18:05 usr/share/locale/nds/LC_MESSAGES/kmenuedit.mo
drwxr-xr-x root/root         0 2022-05-20 18:05 usr/share/locale/ne/
drwxr-xr-x root/root         0 2022-05-20 18:05 usr/share/locale/ne/LC_MESSAGES/
-rw-r--r-- root/root      5472 2022-05-20 18:05 usr/share/locale/ne/LC_MESSAGES/kmenuedit.mo
drwxr-xr-x root/root         0 2022-05-20 18:05 usr/share/locale/nl/
drwxr-xr-x root/root         0 2022-05-20 18:05 usr/share/locale/nl/LC_MESSAGES/
-rw-r--r-- root/root      5569 2022-05-20 18:05 usr/share/locale/nl/LC_MESSAGES/kmenuedit.mo
drwxr-xr-x root/root         0 2022-05-20 18:05 usr/share/locale/nn/
drwxr-xr-x root/root         0 2022-05-20 18:05 usr/share/locale/nn/LC_MESSAGES/
-rw-r--r-- root/root      5410 2022-05-20 18:05 usr/share/locale/nn/LC_MESSAGES/kmenuedit.mo
drwxr-xr-x root/root         0 2022-05-20 18:05 usr/share/locale/oc/
drwxr-xr-x root/root         0 2022-05-20 18:05 usr/share/locale/oc/LC_MESSAGES/
-rw-r--r-- root/root      1381 2022-05-20 18:05 usr/share/locale/oc/LC_MESSAGES/kmenuedit.mo
drwxr-xr-x root/root         0 2022-05-20 18:05 usr/share/locale/pa/
drwxr-xr-x root/root         0 2022-05-20 18:05 usr/share/locale/pa/LC_MESSAGES/
-rw-r--r-- root/root      6248 2022-05-20 18:05 usr/share/locale/pa/LC_MESSAGES/kmenuedit.mo
drwxr-xr-x root/root         0 2022-05-20 18:05 usr/share/locale/pl/
drwxr-xr-x root/root         0 2022-05-20 18:05 usr/share/locale/pl/LC_MESSAGES/
-rw-r--r-- root/root      5428 2022-05-20 18:05 usr/share/locale/pl/LC_MESSAGES/kmenuedit.mo
drwxr-xr-x root/root         0 2022-05-20 18:05 usr/share/locale/pt/
drwxr-xr-x root/root         0 2022-05-20 18:05 usr/share/locale/pt/LC_MESSAGES/
-rw-r--r-- root/root      5656 2022-05-20 18:05 usr/share/locale/pt/LC_MESSAGES/kmenuedit.mo
drwxr-xr-x root/root         0 2022-05-20 18:05 usr/share/locale/pt_BR/
drwxr-xr-x root/root         0 2022-05-20 18:05 usr/share/locale/pt_BR/LC_MESSAGES/
-rw-r--r-- root/root      5584 2022-05-20 18:05 usr/share/locale/pt_BR/LC_MESSAGES/kmenuedit.mo
drwxr-xr-x root/root         0 2022-05-20 18:05 usr/share/locale/ro/
drwxr-xr-x root/root         0 2022-05-20 18:05 usr/share/locale/ro/LC_MESSAGES/
-rw-r--r-- root/root      5529 2022-05-20 18:05 usr/share/locale/ro/LC_MESSAGES/kmenuedit.mo
drwxr-xr-x root/root         0 2022-05-20 18:05 usr/share/locale/ru/
drwxr-xr-x root/root         0 2022-05-20 18:05 usr/share/locale/ru/LC_MESSAGES/
-rw-r--r-- root/root      7075 2022-05-20 18:05 usr/share/locale/ru/LC_MESSAGES/kmenuedit.mo
drwxr-xr-x root/root         0 2022-05-20 18:05 usr/share/locale/se/
drwxr-xr-x root/root         0 2022-05-20 18:05 usr/share/locale/se/LC_MESSAGES/
-rw-r--r-- root/root      3551 2022-05-20 18:05 usr/share/locale/se/LC_MESSAGES/kmenuedit.mo
drwxr-xr-x root/root         0 2022-05-20 18:05 usr/share/locale/si/
drwxr-xr-x root/root         0 2022-05-20 18:05 usr/share/locale/si/LC_MESSAGES/
-rw-r--r-- root/root      6434 2022-05-20 18:05 usr/share/locale/si/LC_MESSAGES/kmenuedit.mo
drwxr-xr-x root/root         0 2022-05-20 18:05 usr/share/locale/sk/
drwxr-xr-x root/root         0 2022-05-20 18:05 usr/share/locale/sk/LC_MESSAGES/
-rw-r--r-- root/root      5590 2022-05-20 18:05 usr/share/locale/sk/LC_MESSAGES/kmenuedit.mo
drwxr-xr-x root/root         0 2022-05-20 18:05 usr/share/locale/sl/
drwxr-xr-x root/root         0 2022-05-20 18:05 usr/share/locale/sl/LC_MESSAGES/
-rw-r--r-- root/root      5454 2022-05-20 18:05 usr/share/locale/sl/LC_MESSAGES/kmenuedit.mo
drwxr-xr-x root/root         0 2022-05-20 18:05 usr/share/locale/sq/
drwxr-xr-x root/root         0 2022-05-20 18:05 usr/share/locale/sq/LC_MESSAGES/
-rw-r--r-- root/root      2960 2022-05-20 18:05 usr/share/locale/sq/LC_MESSAGES/kmenuedit.mo
drwxr-xr-x root/root         0 2022-05-20 18:05 usr/share/locale/sr/
drwxr-xr-x root/root         0 2022-05-20 18:05 usr/share/locale/sr/LC_MESSAGES/
-rw-r--r-- root/root      6518 2022-05-20 18:05 usr/share/locale/sr/LC_MESSAGES/kmenuedit.mo
drwxr-xr-x root/root         0 2022-05-20 18:05 usr/share/locale/sr@ijekavian/
drwxr-xr-x root/root         0 2022-05-20 18:05 usr/share/locale/sr@ijekavian/LC_MESSAGES/
-rw-r--r-- root/root      6552 2022-05-20 18:05 usr/share/locale/sr@ijekavian/LC_MESSAGES/kmenuedit.mo
drwxr-xr-x root/root         0 2022-05-20 18:05 usr/share/locale/sr@ijekavianlatin/
drwxr-xr-x root/root         0 2022-05-20 18:05 usr/share/locale/sr@ijekavianlatin/LC_MESSAGES/
-rw-r--r-- root/root      5300 2022-05-20 18:05 usr/share/locale/sr@ijekavianlatin/LC_MESSAGES/kmenuedit.mo
drwxr-xr-x root/root         0 2022-05-20 18:05 usr/share/locale/sr@latin/
drwxr-xr-x root/root         0 2022-05-20 18:05 usr/share/locale/sr@latin/LC_MESSAGES/
-rw-r--r-- root/root      5278 2022-05-20 18:05 usr/share/locale/sr@latin/LC_MESSAGES/kmenuedit.mo
drwxr-xr-x root/root         0 2022-05-20 18:05 usr/share/locale/sv/
drwxr-xr-x root/root         0 2022-05-20 18:05 usr/share/locale/sv/LC_MESSAGES/
-rw-r--r-- root/root      5354 2022-05-20 18:05 usr/share/locale/sv/LC_MESSAGES/kmenuedit.mo
drwxr-xr-x root/root         0 2022-05-20 18:05 usr/share/locale/ta/
drwxr-xr-x root/root         0 2022-05-20 18:05 usr/share/locale/ta/LC_MESSAGES/
-rw-r--r-- root/root      7061 2022-05-20 18:05 usr/share/locale/ta/LC_MESSAGES/kmenuedit.mo
drwxr-xr-x root/root         0 2022-05-20 18:05 usr/share/locale/te/
drwxr-xr-x root/root         0 2022-05-20 18:05 usr/share/locale/te/LC_MESSAGES/
-rw-r--r-- root/root      1417 2022-05-20 18:05 usr/share/locale/te/LC_MESSAGES/kmenuedit.mo
drwxr-xr-x root/root         0 2022-05-20 18:05 usr/share/locale/tg/
drwxr-xr-x root/root         0 2022-05-20 18:05 usr/share/locale/tg/LC_MESSAGES/
-rw-r--r-- root/root      1137 2022-05-20 18:05 usr/share/locale/tg/LC_MESSAGES/kmenuedit.mo
drwxr-xr-x root/root         0 2022-05-20 18:05 usr/share/locale/th/
drwxr-xr-x root/root         0 2022-05-20 18:05 usr/share/locale/th/LC_MESSAGES/
-rw-r--r-- root/root      7107 2022-05-20 18:05 usr/share/locale/th/LC_MESSAGES/kmenuedit.mo
drwxr-xr-x root/root         0 2022-05-20 18:05 usr/share/locale/tr/
drwxr-xr-x root/root         0 2022-05-20 18:05 usr/share/locale/tr/LC_MESSAGES/
-rw-r--r-- root/root      5551 2022-05-20 18:05 usr/share/locale/tr/LC_MESSAGES/kmenuedit.mo
drwxr-xr-x root/root         0 2022-05-20 18:05 usr/share/locale/ug/
drwxr-xr-x root/root         0 2022-05-20 18:05 usr/share/locale/ug/LC_MESSAGES/
-rw-r--r-- root/root      3170 2022-05-20 18:05 usr/share/locale/ug/LC_MESSAGES/kmenuedit.mo
drwxr-xr-x root/root         0 2022-05-20 18:05 usr/share/locale/uk/
drwxr-xr-x root/root         0 2022-05-20 18:05 usr/share/locale/uk/LC_MESSAGES/
-rw-r--r-- root/root      6776 2022-05-20 18:05 usr/share/locale/uk/LC_MESSAGES/kmenuedit.mo
drwxr-xr-x root/root         0 2022-05-20 18:05 usr/share/locale/uz/
drwxr-xr-x root/root         0 2022-05-20 18:05 usr/share/locale/uz/LC_MESSAGES/
-rw-r--r-- root/root      2313 2022-05-20 18:05 usr/share/locale/uz/LC_MESSAGES/kmenuedit.mo
drwxr-xr-x root/root         0 2022-05-20 18:05 usr/share/locale/uz@cyrillic/
drwxr-xr-x root/root         0 2022-05-20 18:05 usr/share/locale/uz@cyrillic/LC_MESSAGES/
-rw-r--r-- root/root      2752 2022-05-20 18:05 usr/share/locale/uz@cyrillic/LC_MESSAGES/kmenuedit.mo
drwxr-xr-x root/root         0 2022-05-20 18:05 usr/share/locale/vi/
drwxr-xr-x root/root         0 2022-05-20 18:05 usr/share/locale/vi/LC_MESSAGES/
-rw-r--r-- root/root      5942 2022-05-20 18:05 usr/share/locale/vi/LC_MESSAGES/kmenuedit.mo
drwxr-xr-x root/root         0 2022-05-20 18:05 usr/share/locale/wa/
drwxr-xr-x root/root         0 2022-05-20 18:05 usr/share/locale/wa/LC_MESSAGES/
-rw-r--r-- root/root      3988 2022-05-20 18:05 usr/share/locale/wa/LC_MESSAGES/kmenuedit.mo
drwxr-xr-x root/root         0 2022-05-20 18:05 usr/share/locale/xh/
drwxr-xr-x root/root         0 2022-05-20 18:05 usr/share/locale/xh/LC_MESSAGES/
-rw-r--r-- root/root      1517 2022-05-20 18:05 usr/share/locale/xh/LC_MESSAGES/kmenuedit.mo
drwxr-xr-x root/root         0 2022-05-20 18:05 usr/share/locale/zh_CN/
drwxr-xr-x root/root         0 2022-05-20 18:05 usr/share/locale/zh_CN/LC_MESSAGES/
-rw-r--r-- root/root      5382 2022-05-20 18:05 usr/share/locale/zh_CN/LC_MESSAGES/kmenuedit.mo
drwxr-xr-x root/root         0 2022-05-20 18:05 usr/share/locale/zh_TW/
drwxr-xr-x root/root         0 2022-05-20 18:05 usr/share/locale/zh_TW/LC_MESSAGES/
-rw-r--r-- root/root      5125 2022-05-20 18:05 usr/share/locale/zh_TW/LC_MESSAGES/kmenuedit.mo
drwxr-xr-x root/root         0 2022-05-20 18:05 usr/share/metainfo/
-rw-r--r-- root/root      9175 2022-05-19 12:21 usr/share/metainfo/org.kde.kmenuedit.appdata.xml
drwxr-xr-x root/root         0 2022-05-20 18:05 usr/share/qlogging-categories5/
-rw-r--r-- root/root       162 2022-05-20 18:05 usr/share/qlogging-categories5/kmenuedit.categories


