++========================================
||
||   Package:  ./plasma/kscreen-5.24.90-x86_64-1.txz
||
++========================================
drwxr-xr-x root/root         0 2022-05-20 18:06 ./
drwxr-xr-x root/root         0 2022-05-20 18:06 install/
-rw-r--r-- root/root       863 2022-05-20 18:06 install/slack-desc
drwxr-xr-x root/root         0 2022-05-20 18:06 usr/
drwxr-xr-x root/root         0 2022-05-20 18:06 usr/bin/
-rwxr-xr-x root/root     60768 2022-05-20 18:06 usr/bin/kscreen-console
drwxr-xr-x root/root         0 2022-05-20 18:06 usr/doc/
drwxr-xr-x root/root         0 2022-05-20 18:06 usr/doc/kscreen-5.24.90/
-rw-r--r-- root/root      2104 2022-05-19 12:22 usr/doc/kscreen-5.24.90/CONTRIBUTING.md
drwxr-xr-x root/root         0 2022-05-19 12:22 usr/doc/kscreen-5.24.90/LICENSES/
-rw-r--r-- root/root     17277 2022-05-19 12:22 usr/doc/kscreen-5.24.90/LICENSES/GPL-2.0-only.txt
-rw-r--r-- root/root     17277 2022-05-19 12:22 usr/doc/kscreen-5.24.90/LICENSES/GPL-2.0-or-later.txt
-rw-r--r-- root/root     34575 2022-05-19 12:22 usr/doc/kscreen-5.24.90/LICENSES/GPL-3.0-only.txt
-rw-r--r-- root/root     25902 2022-05-19 12:22 usr/doc/kscreen-5.24.90/LICENSES/LGPL-2.1-or-later.txt
-rw-r--r-- root/root       662 2022-05-19 12:22 usr/doc/kscreen-5.24.90/LICENSES/LicenseRef-KDE-Accepted-GPL.txt
-rw-r--r-- root/root       669 2022-05-19 12:22 usr/doc/kscreen-5.24.90/README.md
drwxr-xr-x root/root         0 2022-05-20 18:06 usr/lib64/
drwxr-xr-x root/root         0 2022-05-20 18:06 usr/lib64/qt5/
drwxr-xr-x root/root         0 2022-05-20 18:06 usr/lib64/qt5/plugins/
drwxr-xr-x root/root         0 2022-05-20 18:06 usr/lib64/qt5/plugins/kcms/
-rwxr-xr-x root/root    254224 2022-05-20 18:06 usr/lib64/qt5/plugins/kcms/kcm_kscreen.so
drwxr-xr-x root/root         0 2022-05-20 18:06 usr/lib64/qt5/plugins/kf5/
drwxr-xr-x root/root         0 2022-05-20 18:06 usr/lib64/qt5/plugins/kf5/kded/
-rwxr-xr-x root/root    287128 2022-05-20 18:06 usr/lib64/qt5/plugins/kf5/kded/kscreen.so
drwxr-xr-x root/root         0 2022-05-20 18:06 usr/lib64/qt5/plugins/plasma/
drwxr-xr-x root/root         0 2022-05-20 18:06 usr/lib64/qt5/plugins/plasma/applets/
-rwxr-xr-x root/root     47784 2022-05-20 18:06 usr/lib64/qt5/plugins/plasma/applets/plasma_applet_kscreen.so
drwxr-xr-x root/root         0 2022-05-20 18:06 usr/share/
drwxr-xr-x root/root         0 2022-05-20 18:06 usr/share/kded_kscreen/
drwxr-xr-x root/root         0 2022-05-20 18:06 usr/share/kded_kscreen/qml/
-rw-r--r-- root/root      4292 2022-05-19 12:22 usr/share/kded_kscreen/qml/OsdSelector.qml
drwxr-xr-x root/root         0 2022-05-20 18:06 usr/share/kpackage/
drwxr-xr-x root/root         0 2022-05-20 18:06 usr/share/kpackage/kcms/
drwxr-xr-x root/root         0 2022-05-20 18:06 usr/share/kpackage/kcms/kcm_kscreen/
drwxr-xr-x root/root         0 2022-05-20 18:06 usr/share/kpackage/kcms/kcm_kscreen/contents/
drwxr-xr-x root/root         0 2022-05-20 18:06 usr/share/kpackage/kcms/kcm_kscreen/contents/ui/
-rw-r--r-- root/root      2029 2022-05-19 12:22 usr/share/kpackage/kcms/kcm_kscreen/contents/ui/Orientation.qml
-rw-r--r-- root/root      7373 2022-05-19 12:22 usr/share/kpackage/kcms/kcm_kscreen/contents/ui/Output.qml
-rw-r--r-- root/root      1240 2022-05-19 12:22 usr/share/kpackage/kcms/kcm_kscreen/contents/ui/OutputIdentifier.qml
-rw-r--r-- root/root      8893 2022-05-19 12:22 usr/share/kpackage/kcms/kcm_kscreen/contents/ui/OutputPanel.qml
-rw-r--r-- root/root      5451 2022-05-19 12:22 usr/share/kpackage/kcms/kcm_kscreen/contents/ui/Panel.qml
-rw-r--r-- root/root      1543 2022-05-19 12:22 usr/share/kpackage/kcms/kcm_kscreen/contents/ui/RotationButton.qml
-rw-r--r-- root/root      2221 2022-05-19 12:22 usr/share/kpackage/kcms/kcm_kscreen/contents/ui/Screen.qml
-rw-r--r-- root/root      8175 2022-05-19 12:22 usr/share/kpackage/kcms/kcm_kscreen/contents/ui/main.qml
drwxr-xr-x root/root         0 2022-05-20 18:06 usr/share/kservices5/
-rw-r--r-- root/root     26358 2022-05-19 12:22 usr/share/kservices5/kcm_kscreen.desktop
-rw-r--r-- root/root      5778 2022-05-19 12:22 usr/share/kservices5/plasma-applet-org.kde.kscreen.desktop
drwxr-xr-x root/root         0 2022-05-20 18:06 usr/share/locale/
drwxr-xr-x root/root         0 2022-05-20 18:06 usr/share/locale/ar/
drwxr-xr-x root/root         0 2022-05-20 18:06 usr/share/locale/ar/LC_MESSAGES/
-rw-r--r-- root/root      6558 2022-05-20 18:06 usr/share/locale/ar/LC_MESSAGES/kcm_kscreen.mo
-rw-r--r-- root/root       971 2022-05-20 18:06 usr/share/locale/ar/LC_MESSAGES/kscreen.mo
-rw-r--r-- root/root      2206 2022-05-20 18:06 usr/share/locale/ar/LC_MESSAGES/plasma_applet_org.kde.kscreen.mo
drwxr-xr-x root/root         0 2022-05-20 18:06 usr/share/locale/ast/
drwxr-xr-x root/root         0 2022-05-20 18:06 usr/share/locale/ast/LC_MESSAGES/
-rw-r--r-- root/root       986 2022-05-20 18:06 usr/share/locale/ast/LC_MESSAGES/kcm_kscreen.mo
drwxr-xr-x root/root         0 2022-05-20 18:06 usr/share/locale/bs/
drwxr-xr-x root/root         0 2022-05-20 18:06 usr/share/locale/bs/LC_MESSAGES/
-rw-r--r-- root/root       677 2022-05-20 18:06 usr/share/locale/bs/LC_MESSAGES/kcm_kscreen.mo
-rw-r--r-- root/root       601 2022-05-20 18:06 usr/share/locale/bs/LC_MESSAGES/kscreen.mo
drwxr-xr-x root/root         0 2022-05-20 18:06 usr/share/locale/ca/
drwxr-xr-x root/root         0 2022-05-20 18:06 usr/share/locale/ca/LC_MESSAGES/
-rw-r--r-- root/root      5703 2022-05-20 18:06 usr/share/locale/ca/LC_MESSAGES/kcm_kscreen.mo
-rw-r--r-- root/root       893 2022-05-20 18:06 usr/share/locale/ca/LC_MESSAGES/kscreen.mo
-rw-r--r-- root/root      1916 2022-05-20 18:06 usr/share/locale/ca/LC_MESSAGES/plasma_applet_org.kde.kscreen.mo
drwxr-xr-x root/root         0 2022-05-20 18:06 usr/share/locale/ca@valencia/
drwxr-xr-x root/root         0 2022-05-20 18:06 usr/share/locale/ca@valencia/LC_MESSAGES/
-rw-r--r-- root/root      5689 2022-05-20 18:06 usr/share/locale/ca@valencia/LC_MESSAGES/kcm_kscreen.mo
-rw-r--r-- root/root       901 2022-05-20 18:06 usr/share/locale/ca@valencia/LC_MESSAGES/kscreen.mo
-rw-r--r-- root/root      1917 2022-05-20 18:06 usr/share/locale/ca@valencia/LC_MESSAGES/plasma_applet_org.kde.kscreen.mo
drwxr-xr-x root/root         0 2022-05-20 18:06 usr/share/locale/cs/
drwxr-xr-x root/root         0 2022-05-20 18:06 usr/share/locale/cs/LC_MESSAGES/
-rw-r--r-- root/root      3698 2022-05-20 18:06 usr/share/locale/cs/LC_MESSAGES/kcm_kscreen.mo
-rw-r--r-- root/root       891 2022-05-20 18:06 usr/share/locale/cs/LC_MESSAGES/kscreen.mo
-rw-r--r-- root/root      1148 2022-05-20 18:06 usr/share/locale/cs/LC_MESSAGES/plasma_applet_org.kde.kscreen.mo
drwxr-xr-x root/root         0 2022-05-20 18:06 usr/share/locale/da/
drwxr-xr-x root/root         0 2022-05-20 18:06 usr/share/locale/da/LC_MESSAGES/
-rw-r--r-- root/root      3107 2022-05-20 18:06 usr/share/locale/da/LC_MESSAGES/kcm_kscreen.mo
-rw-r--r-- root/root       842 2022-05-20 18:06 usr/share/locale/da/LC_MESSAGES/kscreen.mo
-rw-r--r-- root/root      1758 2022-05-20 18:06 usr/share/locale/da/LC_MESSAGES/plasma_applet_org.kde.kscreen.mo
drwxr-xr-x root/root         0 2022-05-20 18:06 usr/share/locale/de/
drwxr-xr-x root/root         0 2022-05-20 18:06 usr/share/locale/de/LC_MESSAGES/
-rw-r--r-- root/root      4169 2022-05-20 18:06 usr/share/locale/de/LC_MESSAGES/kcm_kscreen.mo
-rw-r--r-- root/root       852 2022-05-20 18:06 usr/share/locale/de/LC_MESSAGES/kscreen.mo
-rw-r--r-- root/root      1877 2022-05-20 18:06 usr/share/locale/de/LC_MESSAGES/plasma_applet_org.kde.kscreen.mo
drwxr-xr-x root/root         0 2022-05-20 18:06 usr/share/locale/el/
drwxr-xr-x root/root         0 2022-05-20 18:06 usr/share/locale/el/LC_MESSAGES/
-rw-r--r-- root/root      6061 2022-05-20 18:06 usr/share/locale/el/LC_MESSAGES/kcm_kscreen.mo
-rw-r--r-- root/root       994 2022-05-20 18:06 usr/share/locale/el/LC_MESSAGES/kscreen.mo
-rw-r--r-- root/root      2240 2022-05-20 18:06 usr/share/locale/el/LC_MESSAGES/plasma_applet_org.kde.kscreen.mo
drwxr-xr-x root/root         0 2022-05-20 18:06 usr/share/locale/en_GB/
drwxr-xr-x root/root         0 2022-05-20 18:06 usr/share/locale/en_GB/LC_MESSAGES/
-rw-r--r-- root/root      5349 2022-05-20 18:06 usr/share/locale/en_GB/LC_MESSAGES/kcm_kscreen.mo
-rw-r--r-- root/root       846 2022-05-20 18:06 usr/share/locale/en_GB/LC_MESSAGES/kscreen.mo
-rw-r--r-- root/root      1847 2022-05-20 18:06 usr/share/locale/en_GB/LC_MESSAGES/plasma_applet_org.kde.kscreen.mo
drwxr-xr-x root/root         0 2022-05-20 18:06 usr/share/locale/es/
drwxr-xr-x root/root         0 2022-05-20 18:06 usr/share/locale/es/LC_MESSAGES/
-rw-r--r-- root/root      5760 2022-05-20 18:06 usr/share/locale/es/LC_MESSAGES/kcm_kscreen.mo
-rw-r--r-- root/root       880 2022-05-20 18:06 usr/share/locale/es/LC_MESSAGES/kscreen.mo
-rw-r--r-- root/root      1928 2022-05-20 18:06 usr/share/locale/es/LC_MESSAGES/plasma_applet_org.kde.kscreen.mo
drwxr-xr-x root/root         0 2022-05-20 18:06 usr/share/locale/et/
drwxr-xr-x root/root         0 2022-05-20 18:06 usr/share/locale/et/LC_MESSAGES/
-rw-r--r-- root/root      3086 2022-05-20 18:06 usr/share/locale/et/LC_MESSAGES/kcm_kscreen.mo
-rw-r--r-- root/root       842 2022-05-20 18:06 usr/share/locale/et/LC_MESSAGES/kscreen.mo
-rw-r--r-- root/root      1715 2022-05-20 18:06 usr/share/locale/et/LC_MESSAGES/plasma_applet_org.kde.kscreen.mo
drwxr-xr-x root/root         0 2022-05-20 18:06 usr/share/locale/eu/
drwxr-xr-x root/root         0 2022-05-20 18:06 usr/share/locale/eu/LC_MESSAGES/
-rw-r--r-- root/root      4132 2022-05-20 18:06 usr/share/locale/eu/LC_MESSAGES/kcm_kscreen.mo
-rw-r--r-- root/root       878 2022-05-20 18:06 usr/share/locale/eu/LC_MESSAGES/kscreen.mo
-rw-r--r-- root/root      1802 2022-05-20 18:06 usr/share/locale/eu/LC_MESSAGES/plasma_applet_org.kde.kscreen.mo
drwxr-xr-x root/root         0 2022-05-20 18:06 usr/share/locale/fi/
drwxr-xr-x root/root         0 2022-05-20 18:06 usr/share/locale/fi/LC_MESSAGES/
-rw-r--r-- root/root      4881 2022-05-20 18:06 usr/share/locale/fi/LC_MESSAGES/kcm_kscreen.mo
-rw-r--r-- root/root       855 2022-05-20 18:06 usr/share/locale/fi/LC_MESSAGES/kscreen.mo
-rw-r--r-- root/root      1763 2022-05-20 18:06 usr/share/locale/fi/LC_MESSAGES/plasma_applet_org.kde.kscreen.mo
drwxr-xr-x root/root         0 2022-05-20 18:06 usr/share/locale/fr/
drwxr-xr-x root/root         0 2022-05-20 18:06 usr/share/locale/fr/LC_MESSAGES/
-rw-r--r-- root/root      6004 2022-05-20 18:06 usr/share/locale/fr/LC_MESSAGES/kcm_kscreen.mo
-rw-r--r-- root/root       950 2022-05-20 18:06 usr/share/locale/fr/LC_MESSAGES/kscreen.mo
-rw-r--r-- root/root      2061 2022-05-20 18:06 usr/share/locale/fr/LC_MESSAGES/plasma_applet_org.kde.kscreen.mo
drwxr-xr-x root/root         0 2022-05-20 18:06 usr/share/locale/gl/
drwxr-xr-x root/root         0 2022-05-20 18:06 usr/share/locale/gl/LC_MESSAGES/
-rw-r--r-- root/root       887 2022-05-20 18:06 usr/share/locale/gl/LC_MESSAGES/kcm_kscreen.mo
-rw-r--r-- root/root       851 2022-05-20 18:06 usr/share/locale/gl/LC_MESSAGES/kscreen.mo
-rw-r--r-- root/root      1832 2022-05-20 18:06 usr/share/locale/gl/LC_MESSAGES/plasma_applet_org.kde.kscreen.mo
drwxr-xr-x root/root         0 2022-05-20 18:06 usr/share/locale/he/
drwxr-xr-x root/root         0 2022-05-20 18:06 usr/share/locale/he/LC_MESSAGES/
-rw-r--r-- root/root       917 2022-05-20 18:06 usr/share/locale/he/LC_MESSAGES/kcm_kscreen.mo
-rw-r--r-- root/root       509 2022-05-20 18:06 usr/share/locale/he/LC_MESSAGES/kscreen.mo
drwxr-xr-x root/root         0 2022-05-20 18:06 usr/share/locale/hsb/
drwxr-xr-x root/root         0 2022-05-20 18:06 usr/share/locale/hsb/LC_MESSAGES/
-rw-r--r-- root/root      3289 2022-05-20 18:06 usr/share/locale/hsb/LC_MESSAGES/kcm_kscreen.mo
-rw-r--r-- root/root       901 2022-05-20 18:06 usr/share/locale/hsb/LC_MESSAGES/kscreen.mo
-rw-r--r-- root/root      1923 2022-05-20 18:06 usr/share/locale/hsb/LC_MESSAGES/plasma_applet_org.kde.kscreen.mo
drwxr-xr-x root/root         0 2022-05-20 18:06 usr/share/locale/hu/
drwxr-xr-x root/root         0 2022-05-20 18:06 usr/share/locale/hu/LC_MESSAGES/
-rw-r--r-- root/root      3272 2022-05-20 18:06 usr/share/locale/hu/LC_MESSAGES/kcm_kscreen.mo
-rw-r--r-- root/root       868 2022-05-20 18:06 usr/share/locale/hu/LC_MESSAGES/kscreen.mo
-rw-r--r-- root/root      1843 2022-05-20 18:06 usr/share/locale/hu/LC_MESSAGES/plasma_applet_org.kde.kscreen.mo
drwxr-xr-x root/root         0 2022-05-20 18:06 usr/share/locale/ia/
drwxr-xr-x root/root         0 2022-05-20 18:06 usr/share/locale/ia/LC_MESSAGES/
-rw-r--r-- root/root      4714 2022-05-20 18:06 usr/share/locale/ia/LC_MESSAGES/kcm_kscreen.mo
-rw-r--r-- root/root       857 2022-05-20 18:06 usr/share/locale/ia/LC_MESSAGES/kscreen.mo
-rw-r--r-- root/root      1911 2022-05-20 18:06 usr/share/locale/ia/LC_MESSAGES/plasma_applet_org.kde.kscreen.mo
drwxr-xr-x root/root         0 2022-05-20 18:06 usr/share/locale/id/
drwxr-xr-x root/root         0 2022-05-20 18:06 usr/share/locale/id/LC_MESSAGES/
-rw-r--r-- root/root      3165 2022-05-20 18:06 usr/share/locale/id/LC_MESSAGES/kcm_kscreen.mo
-rw-r--r-- root/root       794 2022-05-20 18:06 usr/share/locale/id/LC_MESSAGES/kscreen.mo
-rw-r--r-- root/root      1717 2022-05-20 18:06 usr/share/locale/id/LC_MESSAGES/plasma_applet_org.kde.kscreen.mo
drwxr-xr-x root/root         0 2022-05-20 18:06 usr/share/locale/it/
drwxr-xr-x root/root         0 2022-05-20 18:06 usr/share/locale/it/LC_MESSAGES/
-rw-r--r-- root/root      5806 2022-05-20 18:06 usr/share/locale/it/LC_MESSAGES/kcm_kscreen.mo
-rw-r--r-- root/root       857 2022-05-20 18:06 usr/share/locale/it/LC_MESSAGES/kscreen.mo
-rw-r--r-- root/root      1929 2022-05-20 18:06 usr/share/locale/it/LC_MESSAGES/plasma_applet_org.kde.kscreen.mo
drwxr-xr-x root/root         0 2022-05-20 18:06 usr/share/locale/ja/
drwxr-xr-x root/root         0 2022-05-20 18:06 usr/share/locale/ja/LC_MESSAGES/
-rw-r--r-- root/root       889 2022-05-20 18:06 usr/share/locale/ja/LC_MESSAGES/kcm_kscreen.mo
-rw-r--r-- root/root       462 2022-05-20 18:06 usr/share/locale/ja/LC_MESSAGES/kscreen.mo
-rw-r--r-- root/root       462 2022-05-20 18:06 usr/share/locale/ja/LC_MESSAGES/plasma_applet_org.kde.kscreen.mo
drwxr-xr-x root/root         0 2022-05-20 18:06 usr/share/locale/ko/
drwxr-xr-x root/root         0 2022-05-20 18:06 usr/share/locale/ko/LC_MESSAGES/
-rw-r--r-- root/root      5627 2022-05-20 18:06 usr/share/locale/ko/LC_MESSAGES/kcm_kscreen.mo
-rw-r--r-- root/root       832 2022-05-20 18:06 usr/share/locale/ko/LC_MESSAGES/kscreen.mo
-rw-r--r-- root/root      1890 2022-05-20 18:06 usr/share/locale/ko/LC_MESSAGES/plasma_applet_org.kde.kscreen.mo
drwxr-xr-x root/root         0 2022-05-20 18:06 usr/share/locale/lt/
drwxr-xr-x root/root         0 2022-05-20 18:06 usr/share/locale/lt/LC_MESSAGES/
-rw-r--r-- root/root      4948 2022-05-20 18:06 usr/share/locale/lt/LC_MESSAGES/kcm_kscreen.mo
-rw-r--r-- root/root       945 2022-05-20 18:06 usr/share/locale/lt/LC_MESSAGES/kscreen.mo
-rw-r--r-- root/root      2005 2022-05-20 18:06 usr/share/locale/lt/LC_MESSAGES/plasma_applet_org.kde.kscreen.mo
drwxr-xr-x root/root         0 2022-05-20 18:06 usr/share/locale/lv/
drwxr-xr-x root/root         0 2022-05-20 18:06 usr/share/locale/lv/LC_MESSAGES/
-rw-r--r-- root/root       914 2022-05-20 18:06 usr/share/locale/lv/LC_MESSAGES/kscreen.mo
-rw-r--r-- root/root      1830 2022-05-20 18:06 usr/share/locale/lv/LC_MESSAGES/plasma_applet_org.kde.kscreen.mo
drwxr-xr-x root/root         0 2022-05-20 18:06 usr/share/locale/nb/
drwxr-xr-x root/root         0 2022-05-20 18:06 usr/share/locale/nb/LC_MESSAGES/
-rw-r--r-- root/root       886 2022-05-20 18:06 usr/share/locale/nb/LC_MESSAGES/kcm_kscreen.mo
-rw-r--r-- root/root       619 2022-05-20 18:06 usr/share/locale/nb/LC_MESSAGES/kscreen.mo
drwxr-xr-x root/root         0 2022-05-20 18:06 usr/share/locale/nl/
drwxr-xr-x root/root         0 2022-05-20 18:06 usr/share/locale/nl/LC_MESSAGES/
-rw-r--r-- root/root      5591 2022-05-20 18:06 usr/share/locale/nl/LC_MESSAGES/kcm_kscreen.mo
-rw-r--r-- root/root       863 2022-05-20 18:06 usr/share/locale/nl/LC_MESSAGES/kscreen.mo
-rw-r--r-- root/root      1828 2022-05-20 18:06 usr/share/locale/nl/LC_MESSAGES/plasma_applet_org.kde.kscreen.mo
drwxr-xr-x root/root         0 2022-05-20 18:06 usr/share/locale/nn/
drwxr-xr-x root/root         0 2022-05-20 18:06 usr/share/locale/nn/LC_MESSAGES/
-rw-r--r-- root/root      5491 2022-05-20 18:06 usr/share/locale/nn/LC_MESSAGES/kcm_kscreen.mo
-rw-r--r-- root/root       919 2022-05-20 18:06 usr/share/locale/nn/LC_MESSAGES/kscreen.mo
-rw-r--r-- root/root      1923 2022-05-20 18:06 usr/share/locale/nn/LC_MESSAGES/plasma_applet_org.kde.kscreen.mo
drwxr-xr-x root/root         0 2022-05-20 18:06 usr/share/locale/pa/
drwxr-xr-x root/root         0 2022-05-20 18:06 usr/share/locale/pa/LC_MESSAGES/
-rw-r--r-- root/root      4509 2022-05-20 18:06 usr/share/locale/pa/LC_MESSAGES/kcm_kscreen.mo
-rw-r--r-- root/root      1013 2022-05-20 18:06 usr/share/locale/pa/LC_MESSAGES/kscreen.mo
-rw-r--r-- root/root      2357 2022-05-20 18:06 usr/share/locale/pa/LC_MESSAGES/plasma_applet_org.kde.kscreen.mo
drwxr-xr-x root/root         0 2022-05-20 18:06 usr/share/locale/pl/
drwxr-xr-x root/root         0 2022-05-20 18:06 usr/share/locale/pl/LC_MESSAGES/
-rw-r--r-- root/root      5735 2022-05-20 18:06 usr/share/locale/pl/LC_MESSAGES/kcm_kscreen.mo
-rw-r--r-- root/root       925 2022-05-20 18:06 usr/share/locale/pl/LC_MESSAGES/kscreen.mo
-rw-r--r-- root/root      1950 2022-05-20 18:06 usr/share/locale/pl/LC_MESSAGES/plasma_applet_org.kde.kscreen.mo
drwxr-xr-x root/root         0 2022-05-20 18:06 usr/share/locale/pt/
drwxr-xr-x root/root         0 2022-05-20 18:06 usr/share/locale/pt/LC_MESSAGES/
-rw-r--r-- root/root      5684 2022-05-20 18:06 usr/share/locale/pt/LC_MESSAGES/kcm_kscreen.mo
-rw-r--r-- root/root       845 2022-05-20 18:06 usr/share/locale/pt/LC_MESSAGES/kscreen.mo
-rw-r--r-- root/root      1887 2022-05-20 18:06 usr/share/locale/pt/LC_MESSAGES/plasma_applet_org.kde.kscreen.mo
drwxr-xr-x root/root         0 2022-05-20 18:06 usr/share/locale/pt_BR/
drwxr-xr-x root/root         0 2022-05-20 18:06 usr/share/locale/pt_BR/LC_MESSAGES/
-rw-r--r-- root/root      4744 2022-05-20 18:06 usr/share/locale/pt_BR/LC_MESSAGES/kcm_kscreen.mo
-rw-r--r-- root/root       891 2022-05-20 18:06 usr/share/locale/pt_BR/LC_MESSAGES/kscreen.mo
-rw-r--r-- root/root      1917 2022-05-20 18:06 usr/share/locale/pt_BR/LC_MESSAGES/plasma_applet_org.kde.kscreen.mo
drwxr-xr-x root/root         0 2022-05-20 18:06 usr/share/locale/ro/
drwxr-xr-x root/root         0 2022-05-20 18:06 usr/share/locale/ro/LC_MESSAGES/
-rw-r--r-- root/root      5730 2022-05-20 18:06 usr/share/locale/ro/LC_MESSAGES/kcm_kscreen.mo
-rw-r--r-- root/root       875 2022-05-20 18:06 usr/share/locale/ro/LC_MESSAGES/kscreen.mo
-rw-r--r-- root/root      1952 2022-05-20 18:06 usr/share/locale/ro/LC_MESSAGES/plasma_applet_org.kde.kscreen.mo
drwxr-xr-x root/root         0 2022-05-20 18:06 usr/share/locale/ru/
drwxr-xr-x root/root         0 2022-05-20 18:06 usr/share/locale/ru/LC_MESSAGES/
-rw-r--r-- root/root      7642 2022-05-20 18:06 usr/share/locale/ru/LC_MESSAGES/kcm_kscreen.mo
-rw-r--r-- root/root      1150 2022-05-20 18:06 usr/share/locale/ru/LC_MESSAGES/kscreen.mo
-rw-r--r-- root/root      2579 2022-05-20 18:06 usr/share/locale/ru/LC_MESSAGES/plasma_applet_org.kde.kscreen.mo
drwxr-xr-x root/root         0 2022-05-20 18:06 usr/share/locale/sk/
drwxr-xr-x root/root         0 2022-05-20 18:06 usr/share/locale/sk/LC_MESSAGES/
-rw-r--r-- root/root      4787 2022-05-20 18:06 usr/share/locale/sk/LC_MESSAGES/kcm_kscreen.mo
-rw-r--r-- root/root       895 2022-05-20 18:06 usr/share/locale/sk/LC_MESSAGES/kscreen.mo
-rw-r--r-- root/root      1948 2022-05-20 18:06 usr/share/locale/sk/LC_MESSAGES/plasma_applet_org.kde.kscreen.mo
drwxr-xr-x root/root         0 2022-05-20 18:06 usr/share/locale/sl/
drwxr-xr-x root/root         0 2022-05-20 18:06 usr/share/locale/sl/LC_MESSAGES/
-rw-r--r-- root/root      5685 2022-05-20 18:06 usr/share/locale/sl/LC_MESSAGES/kcm_kscreen.mo
-rw-r--r-- root/root       946 2022-05-20 18:06 usr/share/locale/sl/LC_MESSAGES/kscreen.mo
-rw-r--r-- root/root      2030 2022-05-20 18:06 usr/share/locale/sl/LC_MESSAGES/plasma_applet_org.kde.kscreen.mo
drwxr-xr-x root/root         0 2022-05-20 18:06 usr/share/locale/sr/
drwxr-xr-x root/root         0 2022-05-20 18:06 usr/share/locale/sr/LC_MESSAGES/
-rw-r--r-- root/root      1291 2022-05-20 18:06 usr/share/locale/sr/LC_MESSAGES/kcm_kscreen.mo
-rw-r--r-- root/root       627 2022-05-20 18:06 usr/share/locale/sr/LC_MESSAGES/kscreen.mo
drwxr-xr-x root/root         0 2022-05-20 18:06 usr/share/locale/sr@ijekavian/
drwxr-xr-x root/root         0 2022-05-20 18:06 usr/share/locale/sr@ijekavian/LC_MESSAGES/
-rw-r--r-- root/root      1301 2022-05-20 18:06 usr/share/locale/sr@ijekavian/LC_MESSAGES/kcm_kscreen.mo
-rw-r--r-- root/root       637 2022-05-20 18:06 usr/share/locale/sr@ijekavian/LC_MESSAGES/kscreen.mo
drwxr-xr-x root/root         0 2022-05-20 18:06 usr/share/locale/sr@ijekavianlatin/
drwxr-xr-x root/root         0 2022-05-20 18:06 usr/share/locale/sr@ijekavianlatin/LC_MESSAGES/
-rw-r--r-- root/root      1207 2022-05-20 18:06 usr/share/locale/sr@ijekavianlatin/LC_MESSAGES/kcm_kscreen.mo
-rw-r--r-- root/root       630 2022-05-20 18:06 usr/share/locale/sr@ijekavianlatin/LC_MESSAGES/kscreen.mo
drwxr-xr-x root/root         0 2022-05-20 18:06 usr/share/locale/sr@latin/
drwxr-xr-x root/root         0 2022-05-20 18:06 usr/share/locale/sr@latin/LC_MESSAGES/
-rw-r--r-- root/root      1198 2022-05-20 18:06 usr/share/locale/sr@latin/LC_MESSAGES/kcm_kscreen.mo
-rw-r--r-- root/root       621 2022-05-20 18:06 usr/share/locale/sr@latin/LC_MESSAGES/kscreen.mo
drwxr-xr-x root/root         0 2022-05-20 18:06 usr/share/locale/sv/
drwxr-xr-x root/root         0 2022-05-20 18:06 usr/share/locale/sv/LC_MESSAGES/
-rw-r--r-- root/root      5578 2022-05-20 18:06 usr/share/locale/sv/LC_MESSAGES/kcm_kscreen.mo
-rw-r--r-- root/root       861 2022-05-20 18:06 usr/share/locale/sv/LC_MESSAGES/kscreen.mo
-rw-r--r-- root/root      1832 2022-05-20 18:06 usr/share/locale/sv/LC_MESSAGES/plasma_applet_org.kde.kscreen.mo
drwxr-xr-x root/root         0 2022-05-20 18:06 usr/share/locale/tg/
drwxr-xr-x root/root         0 2022-05-20 18:06 usr/share/locale/tg/LC_MESSAGES/
-rw-r--r-- root/root      3244 2022-05-20 18:06 usr/share/locale/tg/LC_MESSAGES/kcm_kscreen.mo
-rw-r--r-- root/root      1060 2022-05-20 18:06 usr/share/locale/tg/LC_MESSAGES/kscreen.mo
-rw-r--r-- root/root       700 2022-05-20 18:06 usr/share/locale/tg/LC_MESSAGES/plasma_applet_org.kde.kscreen.mo
drwxr-xr-x root/root         0 2022-05-20 18:06 usr/share/locale/tr/
drwxr-xr-x root/root         0 2022-05-20 18:06 usr/share/locale/tr/LC_MESSAGES/
-rw-r--r-- root/root      5716 2022-05-20 18:06 usr/share/locale/tr/LC_MESSAGES/kcm_kscreen.mo
-rw-r--r-- root/root       844 2022-05-20 18:06 usr/share/locale/tr/LC_MESSAGES/kscreen.mo
-rw-r--r-- root/root      1816 2022-05-20 18:06 usr/share/locale/tr/LC_MESSAGES/plasma_applet_org.kde.kscreen.mo
drwxr-xr-x root/root         0 2022-05-20 18:06 usr/share/locale/uk/
drwxr-xr-x root/root         0 2022-05-20 18:06 usr/share/locale/uk/LC_MESSAGES/
-rw-r--r-- root/root      7900 2022-05-20 18:06 usr/share/locale/uk/LC_MESSAGES/kcm_kscreen.mo
-rw-r--r-- root/root      1091 2022-05-20 18:06 usr/share/locale/uk/LC_MESSAGES/kscreen.mo
-rw-r--r-- root/root      2663 2022-05-20 18:06 usr/share/locale/uk/LC_MESSAGES/plasma_applet_org.kde.kscreen.mo
drwxr-xr-x root/root         0 2022-05-20 18:06 usr/share/locale/zh_CN/
drwxr-xr-x root/root         0 2022-05-20 18:06 usr/share/locale/zh_CN/LC_MESSAGES/
-rw-r--r-- root/root      5302 2022-05-20 18:06 usr/share/locale/zh_CN/LC_MESSAGES/kcm_kscreen.mo
-rw-r--r-- root/root       903 2022-05-20 18:06 usr/share/locale/zh_CN/LC_MESSAGES/kscreen.mo
-rw-r--r-- root/root      1799 2022-05-20 18:06 usr/share/locale/zh_CN/LC_MESSAGES/plasma_applet_org.kde.kscreen.mo
drwxr-xr-x root/root         0 2022-05-20 18:06 usr/share/locale/zh_TW/
drwxr-xr-x root/root         0 2022-05-20 18:06 usr/share/locale/zh_TW/LC_MESSAGES/
-rw-r--r-- root/root      2990 2022-05-20 18:06 usr/share/locale/zh_TW/LC_MESSAGES/kcm_kscreen.mo
-rw-r--r-- root/root       808 2022-05-20 18:06 usr/share/locale/zh_TW/LC_MESSAGES/kscreen.mo
-rw-r--r-- root/root      1642 2022-05-20 18:06 usr/share/locale/zh_TW/LC_MESSAGES/plasma_applet_org.kde.kscreen.mo
drwxr-xr-x root/root         0 2022-05-20 18:06 usr/share/metainfo/
-rw-r--r-- root/root      7744 2022-05-20 18:06 usr/share/metainfo/org.kde.kscreen.appdata.xml
drwxr-xr-x root/root         0 2022-05-20 18:06 usr/share/plasma/
drwxr-xr-x root/root         0 2022-05-20 18:06 usr/share/plasma/plasmoids/
drwxr-xr-x root/root         0 2022-05-20 18:06 usr/share/plasma/plasmoids/org.kde.kscreen/
drwxr-xr-x root/root         0 2022-05-20 18:06 usr/share/plasma/plasmoids/org.kde.kscreen/contents/
drwxr-xr-x root/root         0 2022-05-20 18:06 usr/share/plasma/plasmoids/org.kde.kscreen/contents/ui/
-rw-r--r-- root/root      1033 2022-05-19 12:22 usr/share/plasma/plasmoids/org.kde.kscreen/contents/ui/InhibitionHint.qml
-rw-r--r-- root/root      3544 2022-05-19 12:22 usr/share/plasma/plasmoids/org.kde.kscreen/contents/ui/PresentationModeItem.qml
-rw-r--r-- root/root      2876 2022-05-19 12:22 usr/share/plasma/plasmoids/org.kde.kscreen/contents/ui/ScreenLayoutSelection.qml
-rw-r--r-- root/root      3215 2022-05-19 12:22 usr/share/plasma/plasmoids/org.kde.kscreen/contents/ui/main.qml
-rw-r--r-- root/root      5778 2022-05-19 12:22 usr/share/plasma/plasmoids/org.kde.kscreen/metadata.desktop
-rw-r--r-- root/root      7247 2022-05-20 18:06 usr/share/plasma/plasmoids/org.kde.kscreen/metadata.json
drwxr-xr-x root/root         0 2022-05-20 18:06 usr/share/qlogging-categories5/
-rw-r--r-- root/root       228 2022-05-20 18:06 usr/share/qlogging-categories5/kscreen.categories


