++========================================
||
||   Package:  ./plasma/kscreenlocker-5.24.90-x86_64-1.txz
||
++========================================
drwxr-xr-x root/root         0 2022-05-20 17:44 ./
drwxr-xr-x root/root         0 2022-05-20 17:44 install/
-rw-r--r-- root/root       567 2022-05-20 17:44 install/doinst.sh
-rw-r--r-- root/root       783 2022-05-20 17:44 install/slack-desc
drwxr-xr-x root/root         0 2022-05-20 17:44 usr/
drwxr-xr-x root/root         0 2022-05-20 17:44 usr/doc/
drwxr-xr-x root/root         0 2022-05-20 17:44 usr/doc/kscreenlocker-5.24.90/
-rw-r--r-- root/root     18092 2022-05-19 12:22 usr/doc/kscreenlocker-5.24.90/COPYING
-rw-r--r-- root/root      2821 2022-05-19 12:22 usr/doc/kscreenlocker-5.24.90/README.pam
drwxr-xr-x root/root         0 2022-05-20 17:44 usr/include/
drwxr-xr-x root/root         0 2022-05-20 17:44 usr/include/KScreenLocker/
drwxr-xr-x root/root         0 2022-05-20 17:44 usr/include/KScreenLocker/KScreenLocker/
-rw-r--r-- root/root        21 2022-05-20 17:44 usr/include/KScreenLocker/KScreenLocker/KsldApp
-rw-r--r-- root/root      1175 2022-05-20 17:44 usr/include/KScreenLocker/KScreenLocker/kscreenlocker_export.h
-rw-r--r-- root/root      4920 2022-05-19 12:22 usr/include/KScreenLocker/KScreenLocker/ksldapp.h
drwxr-xr-x root/root         0 2022-05-20 17:44 usr/lib64/
drwxr-xr-x root/root         0 2022-05-20 17:44 usr/lib64/cmake/
drwxr-xr-x root/root         0 2022-05-20 17:44 usr/lib64/cmake/KScreenLocker/
-rw-r--r-- root/root      1695 2022-05-20 17:44 usr/lib64/cmake/KScreenLocker/KScreenLockerConfig.cmake
-rw-r--r-- root/root      1979 2022-05-20 17:44 usr/lib64/cmake/KScreenLocker/KScreenLockerConfigVersion.cmake
-rw-r--r-- root/root      1062 2022-05-20 17:44 usr/lib64/cmake/KScreenLocker/KScreenLockerTargets-release.cmake
-rw-r--r-- root/root      3879 2022-05-20 17:44 usr/lib64/cmake/KScreenLocker/KScreenLockerTargets.cmake
drwxr-xr-x root/root         0 2022-05-20 17:44 usr/lib64/cmake/ScreenSaverDBusInterface/
-rw-r--r-- root/root      1400 2022-05-20 17:44 usr/lib64/cmake/ScreenSaverDBusInterface/ScreenSaverDBusInterfaceConfig.cmake
-rwxr-xr-x root/root    255312 2022-05-20 17:44 usr/lib64/libKScreenLocker.so.5.24.90
drwxr-xr-x root/root         0 2022-05-20 17:44 usr/lib64/libexec/
-rwxr-xr-x root/root    168760 2022-05-20 17:44 usr/lib64/libexec/kscreenlocker_greet
drwxr-xr-x root/root         0 2022-05-20 17:44 usr/lib64/qt5/
drwxr-xr-x root/root         0 2022-05-20 17:44 usr/lib64/qt5/plugins/
drwxr-xr-x root/root         0 2022-05-20 17:44 usr/lib64/qt5/plugins/plasma/
drwxr-xr-x root/root         0 2022-05-20 17:44 usr/lib64/qt5/plugins/plasma/kcms/
drwxr-xr-x root/root         0 2022-05-20 17:44 usr/lib64/qt5/plugins/plasma/kcms/systemsettings/
-rwxr-xr-x root/root    114096 2022-05-20 17:44 usr/lib64/qt5/plugins/plasma/kcms/systemsettings/kcm_screenlocker.so
drwxr-xr-x root/root         0 2022-05-20 17:44 usr/share/
drwxr-xr-x root/root         0 2022-05-20 17:44 usr/share/applications/
-rw-r--r-- root/root      1568 2022-05-19 12:22 usr/share/applications/kcm_screenlocker.desktop
drwxr-xr-x root/root         0 2022-05-20 17:44 usr/share/dbus-1/
drwxr-xr-x root/root         0 2022-05-20 17:44 usr/share/dbus-1/interfaces/
-rw-r--r-- root/root      1431 2022-05-19 12:22 usr/share/dbus-1/interfaces/kf5_org.freedesktop.ScreenSaver.xml
-rw-r--r-- root/root       504 2022-05-19 12:22 usr/share/dbus-1/interfaces/org.kde.screensaver.xml
drwxr-xr-x root/root         0 2022-05-20 17:44 usr/share/kconf_update/
-rw-r--r-- root/root       110 2022-05-19 12:22 usr/share/kconf_update/kscreenlocker.upd
-rwxr-xr-x root/root       531 2022-05-19 12:22 usr/share/kconf_update/ksreenlocker_5_3_separate_autologin.pl
drwxr-xr-x root/root         0 2022-05-20 17:44 usr/share/knotifications5/
-rw-r--r-- root/root      8706 2022-05-19 12:22 usr/share/knotifications5/ksmserver.notifyrc
drwxr-xr-x root/root         0 2022-05-20 17:44 usr/share/kpackage/
drwxr-xr-x root/root         0 2022-05-20 17:44 usr/share/kpackage/kcms/
drwxr-xr-x root/root         0 2022-05-20 17:44 usr/share/kpackage/kcms/kcm_screenlocker/
drwxr-xr-x root/root         0 2022-05-20 17:44 usr/share/kpackage/kcms/kcm_screenlocker/contents/
drwxr-xr-x root/root         0 2022-05-20 17:44 usr/share/kpackage/kcms/kcm_screenlocker/contents/ui/
-rw-r--r-- root/root      2568 2022-05-19 12:22 usr/share/kpackage/kcms/kcm_screenlocker/contents/ui/Appearance.qml
-rw-r--r-- root/root      2624 2022-05-19 12:22 usr/share/kpackage/kcms/kcm_screenlocker/contents/ui/LnfConfig.qml
-rw-r--r-- root/root      2604 2022-05-19 12:22 usr/share/kpackage/kcms/kcm_screenlocker/contents/ui/WallpaperConfig.qml
-rw-r--r-- root/root      4602 2022-05-19 12:22 usr/share/kpackage/kcms/kcm_screenlocker/contents/ui/main.qml
drwxr-xr-x root/root         0 2022-05-20 17:44 usr/share/ksmserver/
drwxr-xr-x root/root         0 2022-05-20 17:44 usr/share/ksmserver/screenlocker/
drwxr-xr-x root/root         0 2022-05-20 17:44 usr/share/ksmserver/screenlocker/org.kde.passworddialog/
-rw-r--r-- root/root      7792 2022-05-19 12:22 usr/share/ksmserver/screenlocker/org.kde.passworddialog/metadata.desktop
drwxr-xr-x root/root         0 2022-05-20 17:44 usr/share/locale/
drwxr-xr-x root/root         0 2022-05-20 17:44 usr/share/locale/ar/
drwxr-xr-x root/root         0 2022-05-20 17:44 usr/share/locale/ar/LC_MESSAGES/
-rw-r--r-- root/root      1599 2022-05-20 17:44 usr/share/locale/ar/LC_MESSAGES/kcm_screenlocker.mo
-rw-r--r-- root/root      2782 2022-05-20 17:44 usr/share/locale/ar/LC_MESSAGES/kscreenlocker.mo
-rw-r--r-- root/root      1535 2022-05-20 17:44 usr/share/locale/ar/LC_MESSAGES/kscreenlocker_greet.mo
drwxr-xr-x root/root         0 2022-05-20 17:44 usr/share/locale/ast/
drwxr-xr-x root/root         0 2022-05-20 17:44 usr/share/locale/ast/LC_MESSAGES/
-rw-r--r-- root/root      1292 2022-05-20 17:44 usr/share/locale/ast/LC_MESSAGES/kcm_screenlocker.mo
drwxr-xr-x root/root         0 2022-05-20 17:44 usr/share/locale/bs/
drwxr-xr-x root/root         0 2022-05-20 17:44 usr/share/locale/bs/LC_MESSAGES/
-rw-r--r-- root/root       565 2022-05-20 17:44 usr/share/locale/bs/LC_MESSAGES/kcm_screenlocker.mo
-rw-r--r-- root/root       592 2022-05-20 17:44 usr/share/locale/bs/LC_MESSAGES/kscreenlocker.mo
-rw-r--r-- root/root      1175 2022-05-20 17:44 usr/share/locale/bs/LC_MESSAGES/kscreenlocker_greet.mo
drwxr-xr-x root/root         0 2022-05-20 17:44 usr/share/locale/ca/
drwxr-xr-x root/root         0 2022-05-20 17:44 usr/share/locale/ca/LC_MESSAGES/
-rw-r--r-- root/root      1395 2022-05-20 17:44 usr/share/locale/ca/LC_MESSAGES/kcm_screenlocker.mo
-rw-r--r-- root/root      2483 2022-05-20 17:44 usr/share/locale/ca/LC_MESSAGES/kscreenlocker.mo
-rw-r--r-- root/root      1551 2022-05-20 17:44 usr/share/locale/ca/LC_MESSAGES/kscreenlocker_greet.mo
drwxr-xr-x root/root         0 2022-05-20 17:44 usr/share/locale/ca@valencia/
drwxr-xr-x root/root         0 2022-05-20 17:44 usr/share/locale/ca@valencia/LC_MESSAGES/
-rw-r--r-- root/root       550 2022-05-20 17:44 usr/share/locale/ca@valencia/LC_MESSAGES/kcm_screenlocker.mo
-rw-r--r-- root/root      2490 2022-05-20 17:44 usr/share/locale/ca@valencia/LC_MESSAGES/kscreenlocker.mo
-rw-r--r-- root/root      1556 2022-05-20 17:44 usr/share/locale/ca@valencia/LC_MESSAGES/kscreenlocker_greet.mo
drwxr-xr-x root/root         0 2022-05-20 17:44 usr/share/locale/cs/
drwxr-xr-x root/root         0 2022-05-20 17:44 usr/share/locale/cs/LC_MESSAGES/
-rw-r--r-- root/root      1392 2022-05-20 17:44 usr/share/locale/cs/LC_MESSAGES/kcm_screenlocker.mo
-rw-r--r-- root/root       995 2022-05-20 17:44 usr/share/locale/cs/LC_MESSAGES/kscreenlocker.mo
-rw-r--r-- root/root      1488 2022-05-20 17:44 usr/share/locale/cs/LC_MESSAGES/kscreenlocker_greet.mo
drwxr-xr-x root/root         0 2022-05-20 17:44 usr/share/locale/da/
drwxr-xr-x root/root         0 2022-05-20 17:44 usr/share/locale/da/LC_MESSAGES/
-rw-r--r-- root/root      1349 2022-05-20 17:44 usr/share/locale/da/LC_MESSAGES/kcm_screenlocker.mo
-rw-r--r-- root/root       925 2022-05-20 17:44 usr/share/locale/da/LC_MESSAGES/kscreenlocker.mo
-rw-r--r-- root/root      1367 2022-05-20 17:44 usr/share/locale/da/LC_MESSAGES/kscreenlocker_greet.mo
drwxr-xr-x root/root         0 2022-05-20 17:44 usr/share/locale/de/
drwxr-xr-x root/root         0 2022-05-20 17:44 usr/share/locale/de/LC_MESSAGES/
-rw-r--r-- root/root      1330 2022-05-20 17:44 usr/share/locale/de/LC_MESSAGES/kcm_screenlocker.mo
-rw-r--r-- root/root       917 2022-05-20 17:44 usr/share/locale/de/LC_MESSAGES/kscreenlocker.mo
-rw-r--r-- root/root      1432 2022-05-20 17:44 usr/share/locale/de/LC_MESSAGES/kscreenlocker_greet.mo
drwxr-xr-x root/root         0 2022-05-20 17:44 usr/share/locale/el/
drwxr-xr-x root/root         0 2022-05-20 17:44 usr/share/locale/el/LC_MESSAGES/
-rw-r--r-- root/root      1500 2022-05-20 17:44 usr/share/locale/el/LC_MESSAGES/kcm_screenlocker.mo
-rw-r--r-- root/root      1015 2022-05-20 17:44 usr/share/locale/el/LC_MESSAGES/kscreenlocker.mo
-rw-r--r-- root/root      1932 2022-05-20 17:44 usr/share/locale/el/LC_MESSAGES/kscreenlocker_greet.mo
drwxr-xr-x root/root         0 2022-05-20 17:44 usr/share/locale/en_GB/
drwxr-xr-x root/root         0 2022-05-20 17:44 usr/share/locale/en_GB/LC_MESSAGES/
-rw-r--r-- root/root      1352 2022-05-20 17:44 usr/share/locale/en_GB/LC_MESSAGES/kcm_screenlocker.mo
-rw-r--r-- root/root      2402 2022-05-20 17:44 usr/share/locale/en_GB/LC_MESSAGES/kscreenlocker.mo
-rw-r--r-- root/root      1359 2022-05-20 17:44 usr/share/locale/en_GB/LC_MESSAGES/kscreenlocker_greet.mo
drwxr-xr-x root/root         0 2022-05-20 17:44 usr/share/locale/es/
drwxr-xr-x root/root         0 2022-05-20 17:44 usr/share/locale/es/LC_MESSAGES/
-rw-r--r-- root/root      1387 2022-05-20 17:44 usr/share/locale/es/LC_MESSAGES/kcm_screenlocker.mo
-rw-r--r-- root/root      2456 2022-05-20 17:44 usr/share/locale/es/LC_MESSAGES/kscreenlocker.mo
-rw-r--r-- root/root      1447 2022-05-20 17:44 usr/share/locale/es/LC_MESSAGES/kscreenlocker_greet.mo
drwxr-xr-x root/root         0 2022-05-20 17:44 usr/share/locale/et/
drwxr-xr-x root/root         0 2022-05-20 17:44 usr/share/locale/et/LC_MESSAGES/
-rw-r--r-- root/root      1343 2022-05-20 17:44 usr/share/locale/et/LC_MESSAGES/kcm_screenlocker.mo
-rw-r--r-- root/root       911 2022-05-20 17:44 usr/share/locale/et/LC_MESSAGES/kscreenlocker.mo
-rw-r--r-- root/root      1393 2022-05-20 17:44 usr/share/locale/et/LC_MESSAGES/kscreenlocker_greet.mo
drwxr-xr-x root/root         0 2022-05-20 17:44 usr/share/locale/eu/
drwxr-xr-x root/root         0 2022-05-20 17:44 usr/share/locale/eu/LC_MESSAGES/
-rw-r--r-- root/root      1382 2022-05-20 17:44 usr/share/locale/eu/LC_MESSAGES/kcm_screenlocker.mo
-rw-r--r-- root/root       954 2022-05-20 17:44 usr/share/locale/eu/LC_MESSAGES/kscreenlocker.mo
-rw-r--r-- root/root      1458 2022-05-20 17:44 usr/share/locale/eu/LC_MESSAGES/kscreenlocker_greet.mo
drwxr-xr-x root/root         0 2022-05-20 17:44 usr/share/locale/fi/
drwxr-xr-x root/root         0 2022-05-20 17:44 usr/share/locale/fi/LC_MESSAGES/
-rw-r--r-- root/root      1330 2022-05-20 17:44 usr/share/locale/fi/LC_MESSAGES/kcm_screenlocker.mo
-rw-r--r-- root/root       990 2022-05-20 17:44 usr/share/locale/fi/LC_MESSAGES/kscreenlocker.mo
-rw-r--r-- root/root      1459 2022-05-20 17:44 usr/share/locale/fi/LC_MESSAGES/kscreenlocker_greet.mo
drwxr-xr-x root/root         0 2022-05-20 17:44 usr/share/locale/fr/
drwxr-xr-x root/root         0 2022-05-20 17:44 usr/share/locale/fr/LC_MESSAGES/
-rw-r--r-- root/root      1453 2022-05-20 17:44 usr/share/locale/fr/LC_MESSAGES/kcm_screenlocker.mo
-rw-r--r-- root/root      2919 2022-05-20 17:44 usr/share/locale/fr/LC_MESSAGES/kscreenlocker.mo
-rw-r--r-- root/root      1564 2022-05-20 17:44 usr/share/locale/fr/LC_MESSAGES/kscreenlocker_greet.mo
drwxr-xr-x root/root         0 2022-05-20 17:44 usr/share/locale/ga/
drwxr-xr-x root/root         0 2022-05-20 17:44 usr/share/locale/ga/LC_MESSAGES/
-rw-r--r-- root/root       666 2022-05-20 17:44 usr/share/locale/ga/LC_MESSAGES/kscreenlocker.mo
-rw-r--r-- root/root       478 2022-05-20 17:44 usr/share/locale/ga/LC_MESSAGES/kscreenlocker_greet.mo
drwxr-xr-x root/root         0 2022-05-20 17:44 usr/share/locale/gl/
drwxr-xr-x root/root         0 2022-05-20 17:44 usr/share/locale/gl/LC_MESSAGES/
-rw-r--r-- root/root       507 2022-05-20 17:44 usr/share/locale/gl/LC_MESSAGES/kcm_screenlocker.mo
-rw-r--r-- root/root       786 2022-05-20 17:44 usr/share/locale/gl/LC_MESSAGES/kscreenlocker.mo
-rw-r--r-- root/root      1467 2022-05-20 17:44 usr/share/locale/gl/LC_MESSAGES/kscreenlocker_greet.mo
drwxr-xr-x root/root         0 2022-05-20 17:44 usr/share/locale/he/
drwxr-xr-x root/root         0 2022-05-20 17:44 usr/share/locale/he/LC_MESSAGES/
-rw-r--r-- root/root       457 2022-05-20 17:44 usr/share/locale/he/LC_MESSAGES/kcm_screenlocker.mo
-rw-r--r-- root/root       814 2022-05-20 17:44 usr/share/locale/he/LC_MESSAGES/kscreenlocker.mo
-rw-r--r-- root/root      1428 2022-05-20 17:44 usr/share/locale/he/LC_MESSAGES/kscreenlocker_greet.mo
drwxr-xr-x root/root         0 2022-05-20 17:44 usr/share/locale/hi/
drwxr-xr-x root/root         0 2022-05-20 17:44 usr/share/locale/hi/LC_MESSAGES/
-rw-r--r-- root/root      1686 2022-05-20 17:44 usr/share/locale/hi/LC_MESSAGES/kcm_screenlocker.mo
drwxr-xr-x root/root         0 2022-05-20 17:44 usr/share/locale/hu/
drwxr-xr-x root/root         0 2022-05-20 17:44 usr/share/locale/hu/LC_MESSAGES/
-rw-r--r-- root/root      1392 2022-05-20 17:44 usr/share/locale/hu/LC_MESSAGES/kcm_screenlocker.mo
-rw-r--r-- root/root       989 2022-05-20 17:44 usr/share/locale/hu/LC_MESSAGES/kscreenlocker.mo
-rw-r--r-- root/root      1447 2022-05-20 17:44 usr/share/locale/hu/LC_MESSAGES/kscreenlocker_greet.mo
drwxr-xr-x root/root         0 2022-05-20 17:44 usr/share/locale/ia/
drwxr-xr-x root/root         0 2022-05-20 17:44 usr/share/locale/ia/LC_MESSAGES/
-rw-r--r-- root/root      1345 2022-05-20 17:44 usr/share/locale/ia/LC_MESSAGES/kcm_screenlocker.mo
-rw-r--r-- root/root       917 2022-05-20 17:44 usr/share/locale/ia/LC_MESSAGES/kscreenlocker.mo
-rw-r--r-- root/root      1474 2022-05-20 17:44 usr/share/locale/ia/LC_MESSAGES/kscreenlocker_greet.mo
drwxr-xr-x root/root         0 2022-05-20 17:44 usr/share/locale/id/
drwxr-xr-x root/root         0 2022-05-20 17:44 usr/share/locale/id/LC_MESSAGES/
-rw-r--r-- root/root      1195 2022-05-20 17:44 usr/share/locale/id/LC_MESSAGES/kcm_screenlocker.mo
-rw-r--r-- root/root       749 2022-05-20 17:44 usr/share/locale/id/LC_MESSAGES/kscreenlocker.mo
-rw-r--r-- root/root      1297 2022-05-20 17:44 usr/share/locale/id/LC_MESSAGES/kscreenlocker_greet.mo
drwxr-xr-x root/root         0 2022-05-20 17:44 usr/share/locale/it/
drwxr-xr-x root/root         0 2022-05-20 17:44 usr/share/locale/it/LC_MESSAGES/
-rw-r--r-- root/root      1355 2022-05-20 17:44 usr/share/locale/it/LC_MESSAGES/kcm_screenlocker.mo
-rw-r--r-- root/root      2449 2022-05-20 17:44 usr/share/locale/it/LC_MESSAGES/kscreenlocker.mo
-rw-r--r-- root/root      1502 2022-05-20 17:44 usr/share/locale/it/LC_MESSAGES/kscreenlocker_greet.mo
drwxr-xr-x root/root         0 2022-05-20 17:44 usr/share/locale/ja/
drwxr-xr-x root/root         0 2022-05-20 17:44 usr/share/locale/ja/LC_MESSAGES/
-rw-r--r-- root/root      1288 2022-05-20 17:44 usr/share/locale/ja/LC_MESSAGES/kcm_screenlocker.mo
-rw-r--r-- root/root       468 2022-05-20 17:44 usr/share/locale/ja/LC_MESSAGES/kscreenlocker.mo
-rw-r--r-- root/root       474 2022-05-20 17:44 usr/share/locale/ja/LC_MESSAGES/kscreenlocker_greet.mo
drwxr-xr-x root/root         0 2022-05-20 17:44 usr/share/locale/kk/
drwxr-xr-x root/root         0 2022-05-20 17:44 usr/share/locale/kk/LC_MESSAGES/
-rw-r--r-- root/root       642 2022-05-20 17:44 usr/share/locale/kk/LC_MESSAGES/kscreenlocker.mo
-rw-r--r-- root/root       677 2022-05-20 17:44 usr/share/locale/kk/LC_MESSAGES/kscreenlocker_greet.mo
drwxr-xr-x root/root         0 2022-05-20 17:44 usr/share/locale/ko/
drwxr-xr-x root/root         0 2022-05-20 17:44 usr/share/locale/ko/LC_MESSAGES/
-rw-r--r-- root/root      1306 2022-05-20 17:44 usr/share/locale/ko/LC_MESSAGES/kcm_screenlocker.mo
-rw-r--r-- root/root      2583 2022-05-20 17:44 usr/share/locale/ko/LC_MESSAGES/kscreenlocker.mo
-rw-r--r-- root/root      1410 2022-05-20 17:44 usr/share/locale/ko/LC_MESSAGES/kscreenlocker_greet.mo
drwxr-xr-x root/root         0 2022-05-20 17:44 usr/share/locale/lt/
drwxr-xr-x root/root         0 2022-05-20 17:44 usr/share/locale/lt/LC_MESSAGES/
-rw-r--r-- root/root      1415 2022-05-20 17:44 usr/share/locale/lt/LC_MESSAGES/kcm_screenlocker.mo
-rw-r--r-- root/root       957 2022-05-20 17:44 usr/share/locale/lt/LC_MESSAGES/kscreenlocker.mo
-rw-r--r-- root/root      1511 2022-05-20 17:44 usr/share/locale/lt/LC_MESSAGES/kscreenlocker_greet.mo
drwxr-xr-x root/root         0 2022-05-20 17:44 usr/share/locale/lv/
drwxr-xr-x root/root         0 2022-05-20 17:44 usr/share/locale/lv/LC_MESSAGES/
-rw-r--r-- root/root       849 2022-05-20 17:44 usr/share/locale/lv/LC_MESSAGES/kscreenlocker.mo
-rw-r--r-- root/root      1455 2022-05-20 17:44 usr/share/locale/lv/LC_MESSAGES/kscreenlocker_greet.mo
drwxr-xr-x root/root         0 2022-05-20 17:44 usr/share/locale/mr/
drwxr-xr-x root/root         0 2022-05-20 17:44 usr/share/locale/mr/LC_MESSAGES/
-rw-r--r-- root/root       664 2022-05-20 17:44 usr/share/locale/mr/LC_MESSAGES/kscreenlocker.mo
-rw-r--r-- root/root       848 2022-05-20 17:44 usr/share/locale/mr/LC_MESSAGES/kscreenlocker_greet.mo
drwxr-xr-x root/root         0 2022-05-20 17:44 usr/share/locale/nb/
drwxr-xr-x root/root         0 2022-05-20 17:44 usr/share/locale/nb/LC_MESSAGES/
-rw-r--r-- root/root       523 2022-05-20 17:44 usr/share/locale/nb/LC_MESSAGES/kcm_screenlocker.mo
-rw-r--r-- root/root       871 2022-05-20 17:44 usr/share/locale/nb/LC_MESSAGES/kscreenlocker.mo
-rw-r--r-- root/root      1420 2022-05-20 17:44 usr/share/locale/nb/LC_MESSAGES/kscreenlocker_greet.mo
drwxr-xr-x root/root         0 2022-05-20 17:44 usr/share/locale/nds/
drwxr-xr-x root/root         0 2022-05-20 17:44 usr/share/locale/nds/LC_MESSAGES/
-rw-r--r-- root/root       432 2022-05-20 17:44 usr/share/locale/nds/LC_MESSAGES/kcm_screenlocker.mo
-rw-r--r-- root/root       484 2022-05-20 17:44 usr/share/locale/nds/LC_MESSAGES/kscreenlocker.mo
-rw-r--r-- root/root      1042 2022-05-20 17:44 usr/share/locale/nds/LC_MESSAGES/kscreenlocker_greet.mo
drwxr-xr-x root/root         0 2022-05-20 17:44 usr/share/locale/nl/
drwxr-xr-x root/root         0 2022-05-20 17:44 usr/share/locale/nl/LC_MESSAGES/
-rw-r--r-- root/root      1357 2022-05-20 17:44 usr/share/locale/nl/LC_MESSAGES/kcm_screenlocker.mo
-rw-r--r-- root/root      2470 2022-05-20 17:44 usr/share/locale/nl/LC_MESSAGES/kscreenlocker.mo
-rw-r--r-- root/root      1421 2022-05-20 17:44 usr/share/locale/nl/LC_MESSAGES/kscreenlocker_greet.mo
drwxr-xr-x root/root         0 2022-05-20 17:44 usr/share/locale/nn/
drwxr-xr-x root/root         0 2022-05-20 17:44 usr/share/locale/nn/LC_MESSAGES/
-rw-r--r-- root/root      1406 2022-05-20 17:44 usr/share/locale/nn/LC_MESSAGES/kcm_screenlocker.mo
-rw-r--r-- root/root      1006 2022-05-20 17:44 usr/share/locale/nn/LC_MESSAGES/kscreenlocker.mo
-rw-r--r-- root/root      1422 2022-05-20 17:44 usr/share/locale/nn/LC_MESSAGES/kscreenlocker_greet.mo
drwxr-xr-x root/root         0 2022-05-20 17:44 usr/share/locale/pa/
drwxr-xr-x root/root         0 2022-05-20 17:44 usr/share/locale/pa/LC_MESSAGES/
-rw-r--r-- root/root       523 2022-05-20 17:44 usr/share/locale/pa/LC_MESSAGES/kcm_screenlocker.mo
-rw-r--r-- root/root       890 2022-05-20 17:44 usr/share/locale/pa/LC_MESSAGES/kscreenlocker.mo
-rw-r--r-- root/root      1108 2022-05-20 17:44 usr/share/locale/pa/LC_MESSAGES/kscreenlocker_greet.mo
drwxr-xr-x root/root         0 2022-05-20 17:44 usr/share/locale/pl/
drwxr-xr-x root/root         0 2022-05-20 17:44 usr/share/locale/pl/LC_MESSAGES/
-rw-r--r-- root/root      1434 2022-05-20 17:44 usr/share/locale/pl/LC_MESSAGES/kcm_screenlocker.mo
-rw-r--r-- root/root      2544 2022-05-20 17:44 usr/share/locale/pl/LC_MESSAGES/kscreenlocker.mo
-rw-r--r-- root/root      1546 2022-05-20 17:44 usr/share/locale/pl/LC_MESSAGES/kscreenlocker_greet.mo
drwxr-xr-x root/root         0 2022-05-20 17:44 usr/share/locale/pt/
drwxr-xr-x root/root         0 2022-05-20 17:44 usr/share/locale/pt/LC_MESSAGES/
-rw-r--r-- root/root      1407 2022-05-20 17:44 usr/share/locale/pt/LC_MESSAGES/kcm_screenlocker.mo
-rw-r--r-- root/root      2567 2022-05-20 17:44 usr/share/locale/pt/LC_MESSAGES/kscreenlocker.mo
-rw-r--r-- root/root      1639 2022-05-20 17:44 usr/share/locale/pt/LC_MESSAGES/kscreenlocker_greet.mo
drwxr-xr-x root/root         0 2022-05-20 17:44 usr/share/locale/pt_BR/
drwxr-xr-x root/root         0 2022-05-20 17:44 usr/share/locale/pt_BR/LC_MESSAGES/
-rw-r--r-- root/root      1409 2022-05-20 17:44 usr/share/locale/pt_BR/LC_MESSAGES/kcm_screenlocker.mo
-rw-r--r-- root/root       989 2022-05-20 17:44 usr/share/locale/pt_BR/LC_MESSAGES/kscreenlocker.mo
-rw-r--r-- root/root      1498 2022-05-20 17:44 usr/share/locale/pt_BR/LC_MESSAGES/kscreenlocker_greet.mo
drwxr-xr-x root/root         0 2022-05-20 17:44 usr/share/locale/ro/
drwxr-xr-x root/root         0 2022-05-20 17:44 usr/share/locale/ro/LC_MESSAGES/
-rw-r--r-- root/root      1361 2022-05-20 17:44 usr/share/locale/ro/LC_MESSAGES/kcm_screenlocker.mo
-rw-r--r-- root/root      2454 2022-05-20 17:44 usr/share/locale/ro/LC_MESSAGES/kscreenlocker.mo
-rw-r--r-- root/root      1457 2022-05-20 17:44 usr/share/locale/ro/LC_MESSAGES/kscreenlocker_greet.mo
drwxr-xr-x root/root         0 2022-05-20 17:44 usr/share/locale/ru/
drwxr-xr-x root/root         0 2022-05-20 17:44 usr/share/locale/ru/LC_MESSAGES/
-rw-r--r-- root/root      1736 2022-05-20 17:44 usr/share/locale/ru/LC_MESSAGES/kcm_screenlocker.mo
-rw-r--r-- root/root      1171 2022-05-20 17:44 usr/share/locale/ru/LC_MESSAGES/kscreenlocker.mo
-rw-r--r-- root/root      1833 2022-05-20 17:44 usr/share/locale/ru/LC_MESSAGES/kscreenlocker_greet.mo
drwxr-xr-x root/root         0 2022-05-20 17:44 usr/share/locale/sk/
drwxr-xr-x root/root         0 2022-05-20 17:44 usr/share/locale/sk/LC_MESSAGES/
-rw-r--r-- root/root      1398 2022-05-20 17:44 usr/share/locale/sk/LC_MESSAGES/kcm_screenlocker.mo
-rw-r--r-- root/root       971 2022-05-20 17:44 usr/share/locale/sk/LC_MESSAGES/kscreenlocker.mo
-rw-r--r-- root/root      1458 2022-05-20 17:44 usr/share/locale/sk/LC_MESSAGES/kscreenlocker_greet.mo
drwxr-xr-x root/root         0 2022-05-20 17:44 usr/share/locale/sl/
drwxr-xr-x root/root         0 2022-05-20 17:44 usr/share/locale/sl/LC_MESSAGES/
-rw-r--r-- root/root      1465 2022-05-20 17:44 usr/share/locale/sl/LC_MESSAGES/kcm_screenlocker.mo
-rw-r--r-- root/root      2532 2022-05-20 17:44 usr/share/locale/sl/LC_MESSAGES/kscreenlocker.mo
-rw-r--r-- root/root      1475 2022-05-20 17:44 usr/share/locale/sl/LC_MESSAGES/kscreenlocker_greet.mo
drwxr-xr-x root/root         0 2022-05-20 17:44 usr/share/locale/sr/
drwxr-xr-x root/root         0 2022-05-20 17:44 usr/share/locale/sr/LC_MESSAGES/
-rw-r--r-- root/root      1069 2022-05-20 17:44 usr/share/locale/sr/LC_MESSAGES/kcm_screenlocker.mo
-rw-r--r-- root/root      2227 2022-05-20 17:44 usr/share/locale/sr/LC_MESSAGES/kscreenlocker.mo
-rw-r--r-- root/root      1848 2022-05-20 17:44 usr/share/locale/sr/LC_MESSAGES/kscreenlocker_greet.mo
drwxr-xr-x root/root         0 2022-05-20 17:44 usr/share/locale/sr@ijekavian/
drwxr-xr-x root/root         0 2022-05-20 17:44 usr/share/locale/sr@ijekavian/LC_MESSAGES/
-rw-r--r-- root/root      1079 2022-05-20 17:44 usr/share/locale/sr@ijekavian/LC_MESSAGES/kcm_screenlocker.mo
-rw-r--r-- root/root      2237 2022-05-20 17:44 usr/share/locale/sr@ijekavian/LC_MESSAGES/kscreenlocker.mo
-rw-r--r-- root/root      1858 2022-05-20 17:44 usr/share/locale/sr@ijekavian/LC_MESSAGES/kscreenlocker_greet.mo
drwxr-xr-x root/root         0 2022-05-20 17:44 usr/share/locale/sr@ijekavianlatin/
drwxr-xr-x root/root         0 2022-05-20 17:44 usr/share/locale/sr@ijekavianlatin/LC_MESSAGES/
-rw-r--r-- root/root       978 2022-05-20 17:44 usr/share/locale/sr@ijekavianlatin/LC_MESSAGES/kcm_screenlocker.mo
-rw-r--r-- root/root      1889 2022-05-20 17:44 usr/share/locale/sr@ijekavianlatin/LC_MESSAGES/kscreenlocker.mo
-rw-r--r-- root/root      1553 2022-05-20 17:44 usr/share/locale/sr@ijekavianlatin/LC_MESSAGES/kscreenlocker_greet.mo
drwxr-xr-x root/root         0 2022-05-20 17:44 usr/share/locale/sr@latin/
drwxr-xr-x root/root         0 2022-05-20 17:44 usr/share/locale/sr@latin/LC_MESSAGES/
-rw-r--r-- root/root       969 2022-05-20 17:44 usr/share/locale/sr@latin/LC_MESSAGES/kcm_screenlocker.mo
-rw-r--r-- root/root      1880 2022-05-20 17:44 usr/share/locale/sr@latin/LC_MESSAGES/kscreenlocker.mo
-rw-r--r-- root/root      1544 2022-05-20 17:44 usr/share/locale/sr@latin/LC_MESSAGES/kscreenlocker_greet.mo
drwxr-xr-x root/root         0 2022-05-20 17:44 usr/share/locale/sv/
drwxr-xr-x root/root         0 2022-05-20 17:44 usr/share/locale/sv/LC_MESSAGES/
-rw-r--r-- root/root      1365 2022-05-20 17:44 usr/share/locale/sv/LC_MESSAGES/kcm_screenlocker.mo
-rw-r--r-- root/root      2485 2022-05-20 17:44 usr/share/locale/sv/LC_MESSAGES/kscreenlocker.mo
-rw-r--r-- root/root      1410 2022-05-20 17:44 usr/share/locale/sv/LC_MESSAGES/kscreenlocker_greet.mo
drwxr-xr-x root/root         0 2022-05-20 17:44 usr/share/locale/ta/
drwxr-xr-x root/root         0 2022-05-20 17:44 usr/share/locale/ta/LC_MESSAGES/
-rw-r--r-- root/root      1645 2022-05-20 17:44 usr/share/locale/ta/LC_MESSAGES/kcm_screenlocker.mo
drwxr-xr-x root/root         0 2022-05-20 17:44 usr/share/locale/tg/
drwxr-xr-x root/root         0 2022-05-20 17:44 usr/share/locale/tg/LC_MESSAGES/
-rw-r--r-- root/root      1415 2022-05-20 17:44 usr/share/locale/tg/LC_MESSAGES/kcm_screenlocker.mo
-rw-r--r-- root/root       748 2022-05-20 17:44 usr/share/locale/tg/LC_MESSAGES/kscreenlocker.mo
drwxr-xr-x root/root         0 2022-05-20 17:44 usr/share/locale/tr/
drwxr-xr-x root/root         0 2022-05-20 17:44 usr/share/locale/tr/LC_MESSAGES/
-rw-r--r-- root/root      1336 2022-05-20 17:44 usr/share/locale/tr/LC_MESSAGES/kcm_screenlocker.mo
-rw-r--r-- root/root      2388 2022-05-20 17:44 usr/share/locale/tr/LC_MESSAGES/kscreenlocker.mo
-rw-r--r-- root/root      1427 2022-05-20 17:44 usr/share/locale/tr/LC_MESSAGES/kscreenlocker_greet.mo
drwxr-xr-x root/root         0 2022-05-20 17:44 usr/share/locale/ug/
drwxr-xr-x root/root         0 2022-05-20 17:44 usr/share/locale/ug/LC_MESSAGES/
-rw-r--r-- root/root       678 2022-05-20 17:44 usr/share/locale/ug/LC_MESSAGES/kscreenlocker.mo
-rw-r--r-- root/root       416 2022-05-20 17:44 usr/share/locale/ug/LC_MESSAGES/kscreenlocker_greet.mo
drwxr-xr-x root/root         0 2022-05-20 17:44 usr/share/locale/uk/
drwxr-xr-x root/root         0 2022-05-20 17:44 usr/share/locale/uk/LC_MESSAGES/
-rw-r--r-- root/root      1705 2022-05-20 17:44 usr/share/locale/uk/LC_MESSAGES/kcm_screenlocker.mo
-rw-r--r-- root/root      3494 2022-05-20 17:44 usr/share/locale/uk/LC_MESSAGES/kscreenlocker.mo
-rw-r--r-- root/root      1946 2022-05-20 17:44 usr/share/locale/uk/LC_MESSAGES/kscreenlocker_greet.mo
drwxr-xr-x root/root         0 2022-05-20 17:44 usr/share/locale/wa/
drwxr-xr-x root/root         0 2022-05-20 17:44 usr/share/locale/wa/LC_MESSAGES/
-rw-r--r-- root/root       429 2022-05-20 17:44 usr/share/locale/wa/LC_MESSAGES/kscreenlocker.mo
-rw-r--r-- root/root       816 2022-05-20 17:44 usr/share/locale/wa/LC_MESSAGES/kscreenlocker_greet.mo
drwxr-xr-x root/root         0 2022-05-20 17:44 usr/share/locale/zh_CN/
drwxr-xr-x root/root         0 2022-05-20 17:44 usr/share/locale/zh_CN/LC_MESSAGES/
-rw-r--r-- root/root      1506 2022-05-20 17:44 usr/share/locale/zh_CN/LC_MESSAGES/kcm_screenlocker.mo
-rw-r--r-- root/root      2373 2022-05-20 17:44 usr/share/locale/zh_CN/LC_MESSAGES/kscreenlocker.mo
-rw-r--r-- root/root      1387 2022-05-20 17:44 usr/share/locale/zh_CN/LC_MESSAGES/kscreenlocker_greet.mo
drwxr-xr-x root/root         0 2022-05-20 17:44 usr/share/locale/zh_TW/
drwxr-xr-x root/root         0 2022-05-20 17:44 usr/share/locale/zh_TW/LC_MESSAGES/
-rw-r--r-- root/root       495 2022-05-20 17:44 usr/share/locale/zh_TW/LC_MESSAGES/kcm_screenlocker.mo
-rw-r--r-- root/root       773 2022-05-20 17:44 usr/share/locale/zh_TW/LC_MESSAGES/kscreenlocker.mo
-rw-r--r-- root/root      1336 2022-05-20 17:44 usr/share/locale/zh_TW/LC_MESSAGES/kscreenlocker_greet.mo


