++========================================
||
||   Package:  ./plasma/ksshaskpass-5.24.90-x86_64-2.txz
||
++========================================
drwxr-xr-x root/root         0 2022-05-28 02:02 ./
drwxr-xr-x root/root         0 2022-05-28 02:02 install/
-rw-r--r-- root/root       786 2022-05-28 02:02 install/slack-desc
drwxr-xr-x root/root         0 2022-05-28 02:02 usr/
drwxr-xr-x root/root         0 2022-05-28 02:02 usr/bin/
-rwxr-xr-x root/root     35488 2022-05-28 02:02 usr/bin/ksshaskpass
drwxr-xr-x root/root         0 2022-05-28 02:02 usr/doc/
drwxr-xr-x root/root         0 2022-05-28 02:02 usr/doc/ksshaskpass-5.24.90/
-rw-r--r-- root/root      1504 2022-05-19 12:23 usr/doc/ksshaskpass-5.24.90/ChangeLog
-rw-r--r-- root/root       457 2022-05-19 12:23 usr/doc/ksshaskpass-5.24.90/INSTALL
drwxr-xr-x root/root         0 2022-05-19 12:23 usr/doc/ksshaskpass-5.24.90/LICENSES/
-rw-r--r-- root/root     17277 2022-05-19 12:23 usr/doc/ksshaskpass-5.24.90/LICENSES/GPL-2.0-or-later.txt
-rw-r--r-- root/root      1327 2022-05-19 12:23 usr/doc/ksshaskpass-5.24.90/README
drwxr-xr-x root/root         0 2022-05-28 02:02 usr/man/
drwxr-xr-x root/root         0 2022-05-28 02:02 usr/man/man1/
-rw-r--r-- root/root       953 2022-05-28 02:02 usr/man/man1/ksshaskpass.1.gz
drwxr-xr-x root/root         0 2022-05-28 02:02 usr/share/
drwxr-xr-x root/root         0 2022-05-28 02:02 usr/share/locale/
drwxr-xr-x root/root         0 2022-05-28 02:02 usr/share/locale/ar/
drwxr-xr-x root/root         0 2022-05-28 02:02 usr/share/locale/ar/LC_MESSAGES/
-rw-r--r-- root/root      1682 2022-05-28 02:02 usr/share/locale/ar/LC_MESSAGES/ksshaskpass.mo
drwxr-xr-x root/root         0 2022-05-28 02:02 usr/share/locale/bs/
drwxr-xr-x root/root         0 2022-05-28 02:02 usr/share/locale/bs/LC_MESSAGES/
-rw-r--r-- root/root      1238 2022-05-28 02:02 usr/share/locale/bs/LC_MESSAGES/ksshaskpass.mo
drwxr-xr-x root/root         0 2022-05-28 02:02 usr/share/locale/ca/
drwxr-xr-x root/root         0 2022-05-28 02:02 usr/share/locale/ca/LC_MESSAGES/
-rw-r--r-- root/root      1562 2022-05-28 02:02 usr/share/locale/ca/LC_MESSAGES/ksshaskpass.mo
drwxr-xr-x root/root         0 2022-05-28 02:02 usr/share/locale/ca@valencia/
drwxr-xr-x root/root         0 2022-05-28 02:02 usr/share/locale/ca@valencia/LC_MESSAGES/
-rw-r--r-- root/root      1280 2022-05-28 02:02 usr/share/locale/ca@valencia/LC_MESSAGES/ksshaskpass.mo
drwxr-xr-x root/root         0 2022-05-28 02:02 usr/share/locale/cs/
drwxr-xr-x root/root         0 2022-05-28 02:02 usr/share/locale/cs/LC_MESSAGES/
-rw-r--r-- root/root      1550 2022-05-28 02:02 usr/share/locale/cs/LC_MESSAGES/ksshaskpass.mo
drwxr-xr-x root/root         0 2022-05-28 02:02 usr/share/locale/da/
drwxr-xr-x root/root         0 2022-05-28 02:02 usr/share/locale/da/LC_MESSAGES/
-rw-r--r-- root/root      1505 2022-05-28 02:02 usr/share/locale/da/LC_MESSAGES/ksshaskpass.mo
drwxr-xr-x root/root         0 2022-05-28 02:02 usr/share/locale/de/
drwxr-xr-x root/root         0 2022-05-28 02:02 usr/share/locale/de/LC_MESSAGES/
-rw-r--r-- root/root      1496 2022-05-28 02:02 usr/share/locale/de/LC_MESSAGES/ksshaskpass.mo
drwxr-xr-x root/root         0 2022-05-28 02:02 usr/share/locale/el/
drwxr-xr-x root/root         0 2022-05-28 02:02 usr/share/locale/el/LC_MESSAGES/
-rw-r--r-- root/root      1732 2022-05-28 02:02 usr/share/locale/el/LC_MESSAGES/ksshaskpass.mo
drwxr-xr-x root/root         0 2022-05-28 02:02 usr/share/locale/en_GB/
drwxr-xr-x root/root         0 2022-05-28 02:02 usr/share/locale/en_GB/LC_MESSAGES/
-rw-r--r-- root/root      1517 2022-05-28 02:02 usr/share/locale/en_GB/LC_MESSAGES/ksshaskpass.mo
drwxr-xr-x root/root         0 2022-05-28 02:02 usr/share/locale/es/
drwxr-xr-x root/root         0 2022-05-28 02:02 usr/share/locale/es/LC_MESSAGES/
-rw-r--r-- root/root      1537 2022-05-28 02:02 usr/share/locale/es/LC_MESSAGES/ksshaskpass.mo
drwxr-xr-x root/root         0 2022-05-28 02:02 usr/share/locale/et/
drwxr-xr-x root/root         0 2022-05-28 02:02 usr/share/locale/et/LC_MESSAGES/
-rw-r--r-- root/root      1491 2022-05-28 02:02 usr/share/locale/et/LC_MESSAGES/ksshaskpass.mo
drwxr-xr-x root/root         0 2022-05-28 02:02 usr/share/locale/eu/
drwxr-xr-x root/root         0 2022-05-28 02:02 usr/share/locale/eu/LC_MESSAGES/
-rw-r--r-- root/root      1555 2022-05-28 02:02 usr/share/locale/eu/LC_MESSAGES/ksshaskpass.mo
drwxr-xr-x root/root         0 2022-05-28 02:02 usr/share/locale/fi/
drwxr-xr-x root/root         0 2022-05-28 02:02 usr/share/locale/fi/LC_MESSAGES/
-rw-r--r-- root/root      1537 2022-05-28 02:02 usr/share/locale/fi/LC_MESSAGES/ksshaskpass.mo
drwxr-xr-x root/root         0 2022-05-28 02:02 usr/share/locale/fr/
drwxr-xr-x root/root         0 2022-05-28 02:02 usr/share/locale/fr/LC_MESSAGES/
-rw-r--r-- root/root      1643 2022-05-28 02:02 usr/share/locale/fr/LC_MESSAGES/ksshaskpass.mo
drwxr-xr-x root/root         0 2022-05-28 02:02 usr/share/locale/gl/
drwxr-xr-x root/root         0 2022-05-28 02:02 usr/share/locale/gl/LC_MESSAGES/
-rw-r--r-- root/root      1236 2022-05-28 02:02 usr/share/locale/gl/LC_MESSAGES/ksshaskpass.mo
drwxr-xr-x root/root         0 2022-05-28 02:02 usr/share/locale/he/
drwxr-xr-x root/root         0 2022-05-28 02:02 usr/share/locale/he/LC_MESSAGES/
-rw-r--r-- root/root      1082 2022-05-28 02:02 usr/share/locale/he/LC_MESSAGES/ksshaskpass.mo
drwxr-xr-x root/root         0 2022-05-28 02:02 usr/share/locale/hi/
drwxr-xr-x root/root         0 2022-05-28 02:02 usr/share/locale/hi/LC_MESSAGES/
-rw-r--r-- root/root      2053 2022-05-28 02:02 usr/share/locale/hi/LC_MESSAGES/ksshaskpass.mo
drwxr-xr-x root/root         0 2022-05-28 02:02 usr/share/locale/hu/
drwxr-xr-x root/root         0 2022-05-28 02:02 usr/share/locale/hu/LC_MESSAGES/
-rw-r--r-- root/root      1528 2022-05-28 02:02 usr/share/locale/hu/LC_MESSAGES/ksshaskpass.mo
drwxr-xr-x root/root         0 2022-05-28 02:02 usr/share/locale/ia/
drwxr-xr-x root/root         0 2022-05-28 02:02 usr/share/locale/ia/LC_MESSAGES/
-rw-r--r-- root/root      1531 2022-05-28 02:02 usr/share/locale/ia/LC_MESSAGES/ksshaskpass.mo
drwxr-xr-x root/root         0 2022-05-28 02:02 usr/share/locale/id/
drwxr-xr-x root/root         0 2022-05-28 02:02 usr/share/locale/id/LC_MESSAGES/
-rw-r--r-- root/root      1484 2022-05-28 02:02 usr/share/locale/id/LC_MESSAGES/ksshaskpass.mo
drwxr-xr-x root/root         0 2022-05-28 02:02 usr/share/locale/it/
drwxr-xr-x root/root         0 2022-05-28 02:02 usr/share/locale/it/LC_MESSAGES/
-rw-r--r-- root/root      1525 2022-05-28 02:02 usr/share/locale/it/LC_MESSAGES/ksshaskpass.mo
drwxr-xr-x root/root         0 2022-05-28 02:02 usr/share/locale/ko/
drwxr-xr-x root/root         0 2022-05-28 02:02 usr/share/locale/ko/LC_MESSAGES/
-rw-r--r-- root/root      1482 2022-05-28 02:02 usr/share/locale/ko/LC_MESSAGES/ksshaskpass.mo
drwxr-xr-x root/root         0 2022-05-28 02:02 usr/share/locale/lt/
drwxr-xr-x root/root         0 2022-05-28 02:02 usr/share/locale/lt/LC_MESSAGES/
-rw-r--r-- root/root      1622 2022-05-28 02:02 usr/share/locale/lt/LC_MESSAGES/ksshaskpass.mo
drwxr-xr-x root/root         0 2022-05-28 02:02 usr/share/locale/ml/
drwxr-xr-x root/root         0 2022-05-28 02:02 usr/share/locale/ml/LC_MESSAGES/
-rw-r--r-- root/root       658 2022-05-28 02:02 usr/share/locale/ml/LC_MESSAGES/ksshaskpass.mo
drwxr-xr-x root/root         0 2022-05-28 02:02 usr/share/locale/nb/
drwxr-xr-x root/root         0 2022-05-28 02:02 usr/share/locale/nb/LC_MESSAGES/
-rw-r--r-- root/root      1335 2022-05-28 02:02 usr/share/locale/nb/LC_MESSAGES/ksshaskpass.mo
drwxr-xr-x root/root         0 2022-05-28 02:02 usr/share/locale/nl/
drwxr-xr-x root/root         0 2022-05-28 02:02 usr/share/locale/nl/LC_MESSAGES/
-rw-r--r-- root/root      1518 2022-05-28 02:02 usr/share/locale/nl/LC_MESSAGES/ksshaskpass.mo
drwxr-xr-x root/root         0 2022-05-28 02:02 usr/share/locale/nn/
drwxr-xr-x root/root         0 2022-05-28 02:02 usr/share/locale/nn/LC_MESSAGES/
-rw-r--r-- root/root      1578 2022-05-28 02:02 usr/share/locale/nn/LC_MESSAGES/ksshaskpass.mo
drwxr-xr-x root/root         0 2022-05-28 02:02 usr/share/locale/pa/
drwxr-xr-x root/root         0 2022-05-28 02:02 usr/share/locale/pa/LC_MESSAGES/
-rw-r--r-- root/root      1495 2022-05-28 02:02 usr/share/locale/pa/LC_MESSAGES/ksshaskpass.mo
drwxr-xr-x root/root         0 2022-05-28 02:02 usr/share/locale/pl/
drwxr-xr-x root/root         0 2022-05-28 02:02 usr/share/locale/pl/LC_MESSAGES/
-rw-r--r-- root/root      1600 2022-05-28 02:02 usr/share/locale/pl/LC_MESSAGES/ksshaskpass.mo
drwxr-xr-x root/root         0 2022-05-28 02:02 usr/share/locale/pt/
drwxr-xr-x root/root         0 2022-05-28 02:02 usr/share/locale/pt/LC_MESSAGES/
-rw-r--r-- root/root      1605 2022-05-28 02:02 usr/share/locale/pt/LC_MESSAGES/ksshaskpass.mo
drwxr-xr-x root/root         0 2022-05-28 02:02 usr/share/locale/pt_BR/
drwxr-xr-x root/root         0 2022-05-28 02:02 usr/share/locale/pt_BR/LC_MESSAGES/
-rw-r--r-- root/root      1548 2022-05-28 02:02 usr/share/locale/pt_BR/LC_MESSAGES/ksshaskpass.mo
drwxr-xr-x root/root         0 2022-05-28 02:02 usr/share/locale/ro/
drwxr-xr-x root/root         0 2022-05-28 02:02 usr/share/locale/ro/LC_MESSAGES/
-rw-r--r-- root/root      1528 2022-05-28 02:02 usr/share/locale/ro/LC_MESSAGES/ksshaskpass.mo
drwxr-xr-x root/root         0 2022-05-28 02:02 usr/share/locale/ru/
drwxr-xr-x root/root         0 2022-05-28 02:02 usr/share/locale/ru/LC_MESSAGES/
-rw-r--r-- root/root      1772 2022-05-28 02:02 usr/share/locale/ru/LC_MESSAGES/ksshaskpass.mo
drwxr-xr-x root/root         0 2022-05-28 02:02 usr/share/locale/sk/
drwxr-xr-x root/root         0 2022-05-28 02:02 usr/share/locale/sk/LC_MESSAGES/
-rw-r--r-- root/root      1534 2022-05-28 02:02 usr/share/locale/sk/LC_MESSAGES/ksshaskpass.mo
drwxr-xr-x root/root         0 2022-05-28 02:02 usr/share/locale/sl/
drwxr-xr-x root/root         0 2022-05-28 02:02 usr/share/locale/sl/LC_MESSAGES/
-rw-r--r-- root/root      1620 2022-05-28 02:02 usr/share/locale/sl/LC_MESSAGES/ksshaskpass.mo
drwxr-xr-x root/root         0 2022-05-28 02:02 usr/share/locale/sr/
drwxr-xr-x root/root         0 2022-05-28 02:02 usr/share/locale/sr/LC_MESSAGES/
-rw-r--r-- root/root      1514 2022-05-28 02:02 usr/share/locale/sr/LC_MESSAGES/ksshaskpass.mo
drwxr-xr-x root/root         0 2022-05-28 02:02 usr/share/locale/sr@ijekavian/
drwxr-xr-x root/root         0 2022-05-28 02:02 usr/share/locale/sr@ijekavian/LC_MESSAGES/
-rw-r--r-- root/root      1524 2022-05-28 02:02 usr/share/locale/sr@ijekavian/LC_MESSAGES/ksshaskpass.mo
drwxr-xr-x root/root         0 2022-05-28 02:02 usr/share/locale/sr@ijekavianlatin/
drwxr-xr-x root/root         0 2022-05-28 02:02 usr/share/locale/sr@ijekavianlatin/LC_MESSAGES/
-rw-r--r-- root/root      1365 2022-05-28 02:02 usr/share/locale/sr@ijekavianlatin/LC_MESSAGES/ksshaskpass.mo
drwxr-xr-x root/root         0 2022-05-28 02:02 usr/share/locale/sr@latin/
drwxr-xr-x root/root         0 2022-05-28 02:02 usr/share/locale/sr@latin/LC_MESSAGES/
-rw-r--r-- root/root      1356 2022-05-28 02:02 usr/share/locale/sr@latin/LC_MESSAGES/ksshaskpass.mo
drwxr-xr-x root/root         0 2022-05-28 02:02 usr/share/locale/sv/
drwxr-xr-x root/root         0 2022-05-28 02:02 usr/share/locale/sv/LC_MESSAGES/
-rw-r--r-- root/root      1532 2022-05-28 02:02 usr/share/locale/sv/LC_MESSAGES/ksshaskpass.mo
drwxr-xr-x root/root         0 2022-05-28 02:02 usr/share/locale/tg/
drwxr-xr-x root/root         0 2022-05-28 02:02 usr/share/locale/tg/LC_MESSAGES/
-rw-r--r-- root/root      1482 2022-05-28 02:02 usr/share/locale/tg/LC_MESSAGES/ksshaskpass.mo
drwxr-xr-x root/root         0 2022-05-28 02:02 usr/share/locale/tr/
drwxr-xr-x root/root         0 2022-05-28 02:02 usr/share/locale/tr/LC_MESSAGES/
-rw-r--r-- root/root      1243 2022-05-28 02:02 usr/share/locale/tr/LC_MESSAGES/ksshaskpass.mo
drwxr-xr-x root/root         0 2022-05-28 02:02 usr/share/locale/uk/
drwxr-xr-x root/root         0 2022-05-28 02:02 usr/share/locale/uk/LC_MESSAGES/
-rw-r--r-- root/root      1764 2022-05-28 02:02 usr/share/locale/uk/LC_MESSAGES/ksshaskpass.mo
drwxr-xr-x root/root         0 2022-05-28 02:02 usr/share/locale/vi/
drwxr-xr-x root/root         0 2022-05-28 02:02 usr/share/locale/vi/LC_MESSAGES/
-rw-r--r-- root/root      1569 2022-05-28 02:02 usr/share/locale/vi/LC_MESSAGES/ksshaskpass.mo
drwxr-xr-x root/root         0 2022-05-28 02:02 usr/share/locale/zh_CN/
drwxr-xr-x root/root         0 2022-05-28 02:02 usr/share/locale/zh_CN/LC_MESSAGES/
-rw-r--r-- root/root      1626 2022-05-28 02:02 usr/share/locale/zh_CN/LC_MESSAGES/ksshaskpass.mo
drwxr-xr-x root/root         0 2022-05-28 02:02 usr/share/locale/zh_TW/
drwxr-xr-x root/root         0 2022-05-28 02:02 usr/share/locale/zh_TW/LC_MESSAGES/
-rw-r--r-- root/root      1491 2022-05-28 02:02 usr/share/locale/zh_TW/LC_MESSAGES/ksshaskpass.mo


