++========================================
||
||   Package:  ./plasma/kwayland-server-5.24.5-x86_64-1.txz
||
++========================================
drwxr-xr-x root/root         0 2022-05-20 17:25 ./
drwxr-xr-x root/root         0 2022-05-20 17:25 install/
-rw-r--r-- root/root       243 2022-05-20 17:25 install/doinst.sh
-rw-r--r-- root/root       745 2022-05-20 17:25 install/slack-desc
drwxr-xr-x root/root         0 2022-05-20 17:25 usr/
drwxr-xr-x root/root         0 2022-05-20 17:25 usr/doc/
drwxr-xr-x root/root         0 2022-05-20 17:25 usr/doc/kwayland-server-5.24.5/
drwxr-xr-x root/root         0 2022-05-03 12:11 usr/doc/kwayland-server-5.24.5/LICENSES/
-rw-r--r-- root/root      1480 2022-05-03 12:11 usr/doc/kwayland-server-5.24.5/LICENSES/BSD-3-Clause.txt
-rw-r--r-- root/root     25911 2022-05-03 12:11 usr/doc/kwayland-server-5.24.5/LICENSES/LGPL-2.1-only.txt
-rw-r--r-- root/root     25906 2022-05-03 12:11 usr/doc/kwayland-server-5.24.5/LICENSES/LGPL-2.1-or-later.txt
-rw-r--r-- root/root      7431 2022-05-03 12:11 usr/doc/kwayland-server-5.24.5/LICENSES/LGPL-3.0-only.txt
-rw-r--r-- root/root       665 2022-05-03 12:11 usr/doc/kwayland-server-5.24.5/LICENSES/LicenseRef-KDE-Accepted-LGPL.txt
-rw-r--r-- root/root      1143 2022-05-03 12:11 usr/doc/kwayland-server-5.24.5/LICENSES/MIT-CMU.txt
-rw-r--r-- root/root      1108 2022-05-03 12:11 usr/doc/kwayland-server-5.24.5/LICENSES/MIT.txt
-rw-r--r-- root/root      7890 2022-05-03 12:11 usr/doc/kwayland-server-5.24.5/README.md
drwxr-xr-x root/root         0 2022-05-20 17:25 usr/include/
drwxr-xr-x root/root         0 2022-05-20 17:25 usr/include/KWaylandServer/
-rw-r--r-- root/root      2232 2022-05-03 12:11 usr/include/KWaylandServer/abstract_data_source.h
-rw-r--r-- root/root       637 2022-05-03 12:11 usr/include/KWaylandServer/abstract_drop_handler.h
-rw-r--r-- root/root      2491 2022-05-03 12:11 usr/include/KWaylandServer/appmenu_interface.h
-rw-r--r-- root/root      1962 2022-05-03 12:11 usr/include/KWaylandServer/blur_interface.h
-rw-r--r-- root/root      1930 2022-05-03 12:11 usr/include/KWaylandServer/clientbuffer.h
-rw-r--r-- root/root       642 2022-05-03 12:11 usr/include/KWaylandServer/clientbufferintegration.h
-rw-r--r-- root/root      3820 2022-05-03 12:11 usr/include/KWaylandServer/clientconnection.h
-rw-r--r-- root/root      1213 2022-05-03 12:11 usr/include/KWaylandServer/compositor_interface.h
-rw-r--r-- root/root      1943 2022-05-03 12:11 usr/include/KWaylandServer/contrast_interface.h
-rw-r--r-- root/root      1727 2022-05-03 12:11 usr/include/KWaylandServer/datacontroldevice_v1_interface.h
-rw-r--r-- root/root      1206 2022-05-03 12:11 usr/include/KWaylandServer/datacontroldevicemanager_v1_interface.h
-rw-r--r-- root/root      1196 2022-05-03 12:11 usr/include/KWaylandServer/datacontroloffer_v1_interface.h
-rw-r--r-- root/root      1316 2022-05-03 12:11 usr/include/KWaylandServer/datacontrolsource_v1_interface.h
-rw-r--r-- root/root      3380 2022-05-03 12:11 usr/include/KWaylandServer/datadevice_interface.h
-rw-r--r-- root/root      1334 2022-05-03 12:11 usr/include/KWaylandServer/datadevicemanager_interface.h
-rw-r--r-- root/root      1788 2022-05-03 12:11 usr/include/KWaylandServer/dataoffer_interface.h
-rw-r--r-- root/root      1705 2022-05-03 12:11 usr/include/KWaylandServer/datasource_interface.h
-rw-r--r-- root/root      5194 2022-05-03 12:11 usr/include/KWaylandServer/display.h
-rw-r--r-- root/root      1682 2022-05-03 12:11 usr/include/KWaylandServer/dpms_interface.h
-rw-r--r-- root/root      1382 2022-05-03 12:11 usr/include/KWaylandServer/drmclientbuffer.h
-rw-r--r-- root/root      3673 2022-05-03 12:11 usr/include/KWaylandServer/drmleasedevice_v1_interface.h
-rw-r--r-- root/root      4759 2022-05-03 12:11 usr/include/KWaylandServer/fakeinput_interface.h
-rw-r--r-- root/root      1183 2022-05-03 12:11 usr/include/KWaylandServer/filtered_display.h
-rw-r--r-- root/root      3081 2022-05-03 12:11 usr/include/KWaylandServer/idle_interface.h
-rw-r--r-- root/root       880 2022-05-03 12:11 usr/include/KWaylandServer/idleinhibit_v1_interface.h
-rw-r--r-- root/root      5225 2022-05-03 12:11 usr/include/KWaylandServer/inputmethod_v1_interface.h
-rw-r--r-- root/root      1926 2022-05-03 12:11 usr/include/KWaylandServer/keyboard_interface.h
-rw-r--r-- root/root      2750 2022-05-03 12:11 usr/include/KWaylandServer/keyboard_shortcuts_inhibit_v1_interface.h
-rw-r--r-- root/root       902 2022-05-03 12:11 usr/include/KWaylandServer/keystate_interface.h
-rw-r--r-- root/root      7590 2022-05-20 17:24 usr/include/KWaylandServer/kwaylandserver_export.h
-rw-r--r-- root/root      5588 2022-05-03 12:11 usr/include/KWaylandServer/layershell_v1_interface.h
-rw-r--r-- root/root      4580 2022-05-03 12:11 usr/include/KWaylandServer/linuxdmabufv1clientbuffer.h
-rw-r--r-- root/root      4575 2022-05-03 12:11 usr/include/KWaylandServer/output_interface.h
-rw-r--r-- root/root      3478 2022-05-03 12:11 usr/include/KWaylandServer/outputchangeset_v2.h
-rw-r--r-- root/root      3685 2022-05-03 12:11 usr/include/KWaylandServer/outputconfiguration_v2_interface.h
-rw-r--r-- root/root      4811 2022-05-03 12:11 usr/include/KWaylandServer/outputdevice_v2_interface.h
-rw-r--r-- root/root      1873 2022-05-03 12:11 usr/include/KWaylandServer/outputmanagement_v2_interface.h
-rw-r--r-- root/root      7256 2022-05-03 12:11 usr/include/KWaylandServer/plasmashell_interface.h
-rw-r--r-- root/root      4420 2022-05-03 12:11 usr/include/KWaylandServer/plasmavirtualdesktop_interface.h
-rw-r--r-- root/root      9535 2022-05-03 12:11 usr/include/KWaylandServer/plasmawindowmanagement_interface.h
-rw-r--r-- root/root      3404 2022-05-03 12:11 usr/include/KWaylandServer/pointer_interface.h
-rw-r--r-- root/root      7770 2022-05-03 12:11 usr/include/KWaylandServer/pointerconstraints_v1_interface.h
-rw-r--r-- root/root       904 2022-05-03 12:11 usr/include/KWaylandServer/pointergestures_v1_interface.h
-rw-r--r-- root/root       894 2022-05-03 12:11 usr/include/KWaylandServer/primaryoutput_v1_interface.h
-rw-r--r-- root/root      1554 2022-05-03 12:11 usr/include/KWaylandServer/primaryselectiondevice_v1_interface.h
-rw-r--r-- root/root      1069 2022-05-03 12:11 usr/include/KWaylandServer/primaryselectiondevicemanager_v1_interface.h
-rw-r--r-- root/root      1162 2022-05-03 12:11 usr/include/KWaylandServer/primaryselectionoffer_v1_interface.h
-rw-r--r-- root/root      1307 2022-05-03 12:11 usr/include/KWaylandServer/primaryselectionsource_v1_interface.h
-rw-r--r-- root/root      1020 2022-05-03 12:11 usr/include/KWaylandServer/relativepointer_v1_interface.h
-rw-r--r-- root/root      1726 2022-05-03 12:11 usr/include/KWaylandServer/screencast_v1_interface.h
-rw-r--r-- root/root     27166 2022-05-03 12:11 usr/include/KWaylandServer/seat_interface.h
-rw-r--r-- root/root      3767 2022-05-03 12:11 usr/include/KWaylandServer/server_decoration_interface.h
-rw-r--r-- root/root      2455 2022-05-03 12:11 usr/include/KWaylandServer/server_decoration_palette_interface.h
-rw-r--r-- root/root      1363 2022-05-03 12:11 usr/include/KWaylandServer/shadow_interface.h
-rw-r--r-- root/root      1219 2022-05-03 12:11 usr/include/KWaylandServer/shmclientbuffer.h
-rw-r--r-- root/root      1491 2022-05-03 12:11 usr/include/KWaylandServer/slide_interface.h
-rw-r--r-- root/root      3548 2022-05-03 12:11 usr/include/KWaylandServer/subcompositor_interface.h
-rw-r--r-- root/root     15182 2022-05-03 12:11 usr/include/KWaylandServer/surface_interface.h
-rw-r--r-- root/root      9167 2022-05-03 12:11 usr/include/KWaylandServer/tablet_v2_interface.h
-rw-r--r-- root/root      3126 2022-05-03 12:11 usr/include/KWaylandServer/textinput.h
-rw-r--r-- root/root      9771 2022-05-03 12:11 usr/include/KWaylandServer/textinput_v2_interface.h
-rw-r--r-- root/root      5904 2022-05-03 12:11 usr/include/KWaylandServer/textinput_v3_interface.h
-rw-r--r-- root/root      1294 2022-05-03 12:11 usr/include/KWaylandServer/touch_interface.h
-rw-r--r-- root/root      1290 2022-05-03 12:11 usr/include/KWaylandServer/utils.h
-rw-r--r-- root/root      1016 2022-05-03 12:11 usr/include/KWaylandServer/viewporter_interface.h
-rw-r--r-- root/root      1426 2022-05-03 12:11 usr/include/KWaylandServer/xdgactivation_v1_interface.h
-rw-r--r-- root/root      3325 2022-05-03 12:11 usr/include/KWaylandServer/xdgdecoration_v1_interface.h
-rw-r--r-- root/root      2192 2022-05-03 12:11 usr/include/KWaylandServer/xdgforeign_v2_interface.h
-rw-r--r-- root/root      3382 2022-05-03 12:11 usr/include/KWaylandServer/xdgoutput_v1_interface.h
-rw-r--r-- root/root     17235 2022-05-03 12:11 usr/include/KWaylandServer/xdgshell_interface.h
-rw-r--r-- root/root       358 2022-05-20 17:24 usr/include/kwaylandserver_version.h
drwxr-xr-x root/root         0 2022-05-20 17:25 usr/lib64/
drwxr-xr-x root/root         0 2022-05-20 17:25 usr/lib64/cmake/
drwxr-xr-x root/root         0 2022-05-20 17:25 usr/lib64/cmake/KWaylandServer/
-rw-r--r-- root/root      1465 2022-05-20 17:24 usr/lib64/cmake/KWaylandServer/KWaylandServerConfig.cmake
-rw-r--r-- root/root      1978 2022-05-20 17:24 usr/lib64/cmake/KWaylandServer/KWaylandServerConfigVersion.cmake
-rw-r--r-- root/root       908 2022-05-20 17:24 usr/lib64/cmake/KWaylandServer/KWaylandServerTargets-release.cmake
-rw-r--r-- root/root      3892 2022-05-20 17:24 usr/lib64/cmake/KWaylandServer/KWaylandServerTargets.cmake
-rwxr-xr-x root/root   1995472 2022-05-20 17:25 usr/lib64/libKWaylandServer.so.5.24.5
drwxr-xr-x root/root         0 2022-05-20 17:25 usr/share/
drwxr-xr-x root/root         0 2022-05-20 17:25 usr/share/qlogging-categories5/
-rw-r--r-- root/root       204 2022-05-20 17:24 usr/share/qlogging-categories5/kwaylandserver.categories


