++========================================
||
||   Package:  ./plasma/kwayland-integration-5.24.90-x86_64-1.txz
||
++========================================
drwxr-xr-x root/root         0 2022-05-20 17:43 ./
drwxr-xr-x root/root         0 2022-05-20 17:43 install/
-rw-r--r-- root/root       870 2022-05-20 17:43 install/slack-desc
drwxr-xr-x root/root         0 2022-05-20 17:43 usr/
drwxr-xr-x root/root         0 2022-05-20 17:43 usr/doc/
drwxr-xr-x root/root         0 2022-05-20 17:43 usr/doc/kwayland-integration-5.24.90/
drwxr-xr-x root/root         0 2022-05-19 12:24 usr/doc/kwayland-integration-5.24.90/LICENSES/
-rw-r--r-- root/root     24774 2022-05-19 12:24 usr/doc/kwayland-integration-5.24.90/LICENSES/LGPL-2.0-or-later.txt
-rw-r--r-- root/root     25911 2022-05-19 12:24 usr/doc/kwayland-integration-5.24.90/LICENSES/LGPL-2.1-only.txt
-rw-r--r-- root/root      7431 2022-05-19 12:24 usr/doc/kwayland-integration-5.24.90/LICENSES/LGPL-3.0-only.txt
-rw-r--r-- root/root       665 2022-05-19 12:24 usr/doc/kwayland-integration-5.24.90/LICENSES/LicenseRef-KDE-Accepted-LGPL.txt
drwxr-xr-x root/root         0 2022-05-20 17:43 usr/lib64/
drwxr-xr-x root/root         0 2022-05-20 17:43 usr/lib64/qt5/
drwxr-xr-x root/root         0 2022-05-20 17:43 usr/lib64/qt5/plugins/
drwxr-xr-x root/root         0 2022-05-20 17:43 usr/lib64/qt5/plugins/kf5/
drwxr-xr-x root/root         0 2022-05-20 17:43 usr/lib64/qt5/plugins/kf5/kwindowsystem/
-rwxr-xr-x root/root    105776 2022-05-20 17:43 usr/lib64/qt5/plugins/kf5/kwindowsystem/KF5WindowSystemKWaylandPlugin.so
drwxr-xr-x root/root         0 2022-05-20 17:43 usr/lib64/qt5/plugins/kf5/org.kde.kidletime.platforms/
-rwxr-xr-x root/root     31248 2022-05-20 17:43 usr/lib64/qt5/plugins/kf5/org.kde.kidletime.platforms/KF5IdleTimeKWaylandPlugin.so
drwxr-xr-x root/root         0 2022-05-20 17:43 usr/share/
drwxr-xr-x root/root         0 2022-05-20 17:43 usr/share/qlogging-categories5/
-rw-r--r-- root/root       230 2022-05-20 17:43 usr/share/qlogging-categories5/kwindowsystem.kwayland.categories


