++========================================
||
||   Package:  ./plasma/layer-shell-qt-5.24.90-x86_64-1.txz
||
++========================================
drwxr-xr-x root/root         0 2022-05-20 17:44 ./
drwxr-xr-x root/root         0 2022-05-20 17:44 install/
-rw-r--r-- root/root       286 2022-05-20 17:44 install/doinst.sh
-rw-r--r-- root/root       785 2022-05-20 17:44 install/slack-desc
drwxr-xr-x root/root         0 2022-05-20 17:44 usr/
drwxr-xr-x root/root         0 2022-05-20 17:44 usr/doc/
drwxr-xr-x root/root         0 2022-05-20 17:44 usr/doc/layer-shell-qt-5.24.90/
drwxr-xr-x root/root         0 2022-05-19 12:27 usr/doc/layer-shell-qt-5.24.90/LICENSES/
-rw-r--r-- root/root      1480 2022-05-19 12:27 usr/doc/layer-shell-qt-5.24.90/LICENSES/BSD-3-Clause.txt
-rw-r--r-- root/root      7048 2022-05-19 12:27 usr/doc/layer-shell-qt-5.24.90/LICENSES/CC0-1.0.txt
-rw-r--r-- root/root      7652 2022-05-19 12:27 usr/doc/layer-shell-qt-5.24.90/LICENSES/LGPL-3.0-or-later.txt
-rw-r--r-- root/root      1078 2022-05-19 12:27 usr/doc/layer-shell-qt-5.24.90/LICENSES/MIT.txt
-rw-r--r-- root/root       853 2022-05-19 12:27 usr/doc/layer-shell-qt-5.24.90/README.md
-rw-r--r-- root/root       100 2022-05-19 12:27 usr/doc/layer-shell-qt-5.24.90/README.md.license
drwxr-xr-x root/root         0 2022-05-20 17:44 usr/include/
drwxr-xr-x root/root         0 2022-05-20 17:44 usr/include/LayerShellQt/
-rw-r--r-- root/root        19 2022-05-20 17:44 usr/include/LayerShellQt/Shell
-rw-r--r-- root/root        20 2022-05-20 17:44 usr/include/LayerShellQt/Window
-rw-r--r-- root/root      1295 2022-05-20 17:44 usr/include/LayerShellQt/layershellqt_export.h
-rw-r--r-- root/root       477 2022-05-19 12:27 usr/include/LayerShellQt/shell.h
-rw-r--r-- root/root      2658 2022-05-19 12:27 usr/include/LayerShellQt/window.h
drwxr-xr-x root/root         0 2022-05-20 17:44 usr/lib64/
drwxr-xr-x root/root         0 2022-05-20 17:44 usr/lib64/cmake/
drwxr-xr-x root/root         0 2022-05-20 17:44 usr/lib64/cmake/LayerShellQt/
-rw-r--r-- root/root      1501 2022-05-20 17:44 usr/lib64/cmake/LayerShellQt/LayerShellQtConfig.cmake
-rw-r--r-- root/root      1979 2022-05-20 17:44 usr/lib64/cmake/LayerShellQt/LayerShellQtConfigVersion.cmake
-rw-r--r-- root/root       936 2022-05-20 17:44 usr/lib64/cmake/LayerShellQt/LayerShellQtTargets-release.cmake
-rw-r--r-- root/root      3701 2022-05-20 17:44 usr/lib64/cmake/LayerShellQt/LayerShellQtTargets.cmake
-rwxr-xr-x root/root     64504 2022-05-20 17:44 usr/lib64/libLayerShellQtInterface.so.5.24.90
drwxr-xr-x root/root         0 2022-05-20 17:44 usr/lib64/qt5/
drwxr-xr-x root/root         0 2022-05-20 17:44 usr/lib64/qt5/plugins/
drwxr-xr-x root/root         0 2022-05-20 17:44 usr/lib64/qt5/plugins/wayland-shell-integration/
-rwxr-xr-x root/root     18672 2022-05-20 17:44 usr/lib64/qt5/plugins/wayland-shell-integration/liblayer-shell.so


