++========================================
||
||   Package:  ./plasma/libkscreen-5.24.90-x86_64-2.txz
||
++========================================
drwxr-xr-x root/root         0 2022-05-28 01:42 ./
drwxr-xr-x root/root         0 2022-05-28 01:42 install/
-rw-r--r-- root/root       214 2022-05-28 01:42 install/doinst.sh
-rw-r--r-- root/root       759 2022-05-28 01:42 install/slack-desc
drwxr-xr-x root/root         0 2022-05-28 01:42 usr/
drwxr-xr-x root/root         0 2022-05-28 01:42 usr/bin/
-rwxr-xr-x root/root    105992 2022-05-28 01:42 usr/bin/kscreen-doctor
drwxr-xr-x root/root         0 2022-05-28 01:42 usr/doc/
drwxr-xr-x root/root         0 2022-05-28 01:42 usr/doc/libkscreen-5.24.90/
-rw-r--r-- root/root      2109 2022-05-19 12:27 usr/doc/libkscreen-5.24.90/CONTRIBUTING.md
drwxr-xr-x root/root         0 2022-05-19 12:27 usr/doc/libkscreen-5.24.90/LICENSES/
-rw-r--r-- root/root     17277 2022-05-19 12:27 usr/doc/libkscreen-5.24.90/LICENSES/GPL-2.0-only.txt
-rw-r--r-- root/root     17277 2022-05-19 12:27 usr/doc/libkscreen-5.24.90/LICENSES/GPL-2.0-or-later.txt
-rw-r--r-- root/root     34575 2022-05-19 12:27 usr/doc/libkscreen-5.24.90/LICENSES/GPL-3.0-only.txt
-rw-r--r-- root/root     25902 2022-05-19 12:27 usr/doc/libkscreen-5.24.90/LICENSES/LGPL-2.1-or-later.txt
-rw-r--r-- root/root       662 2022-05-19 12:27 usr/doc/libkscreen-5.24.90/LICENSES/LicenseRef-KDE-Accepted-GPL.txt
-rw-r--r-- root/root       770 2022-05-19 12:27 usr/doc/libkscreen-5.24.90/README.md
drwxr-xr-x root/root         0 2022-05-28 01:42 usr/include/
drwxr-xr-x root/root         0 2022-05-28 01:42 usr/include/KF5/
drwxr-xr-x root/root         0 2022-05-28 01:42 usr/include/KF5/KScreen/
drwxr-xr-x root/root         0 2022-05-28 01:42 usr/include/KF5/KScreen/KScreen/
-rw-r--r-- root/root        28 2022-05-28 01:41 usr/include/KF5/KScreen/KScreen/Config
-rw-r--r-- root/root        35 2022-05-28 01:41 usr/include/KF5/KScreen/KScreen/ConfigMonitor
-rw-r--r-- root/root        37 2022-05-28 01:41 usr/include/KF5/KScreen/KScreen/ConfigOperation
-rw-r--r-- root/root        26 2022-05-28 01:41 usr/include/KF5/KScreen/KScreen/EDID
-rw-r--r-- root/root        40 2022-05-28 01:41 usr/include/KF5/KScreen/KScreen/GetConfigOperation
-rw-r--r-- root/root        25 2022-05-28 01:41 usr/include/KF5/KScreen/KScreen/Log
-rw-r--r-- root/root        26 2022-05-28 01:41 usr/include/KF5/KScreen/KScreen/Mode
-rw-r--r-- root/root        28 2022-05-28 01:41 usr/include/KF5/KScreen/KScreen/Output
-rw-r--r-- root/root        28 2022-05-28 01:41 usr/include/KF5/KScreen/KScreen/Screen
-rw-r--r-- root/root        40 2022-05-28 01:41 usr/include/KF5/KScreen/KScreen/SetConfigOperation
-rw-r--r-- root/root        27 2022-05-28 01:41 usr/include/KF5/KScreen/KScreen/Types
drwxr-xr-x root/root         0 2022-05-28 01:42 usr/include/KF5/KScreen/kscreen/
-rw-r--r-- root/root      4061 2022-05-19 12:27 usr/include/KF5/KScreen/kscreen/backendmanager_p.h
-rw-r--r-- root/root      6770 2022-05-19 12:27 usr/include/KF5/KScreen/kscreen/config.h
-rw-r--r-- root/root       933 2022-05-19 12:27 usr/include/KF5/KScreen/kscreen/configmonitor.h
-rw-r--r-- root/root      1130 2022-05-19 12:27 usr/include/KF5/KScreen/kscreen/configoperation.h
-rw-r--r-- root/root      1878 2022-05-19 12:27 usr/include/KF5/KScreen/kscreen/edid.h
-rw-r--r-- root/root       741 2022-05-19 12:27 usr/include/KF5/KScreen/kscreen/getconfigoperation.h
-rw-r--r-- root/root      1033 2022-05-28 01:41 usr/include/KF5/KScreen/kscreen/kscreen_export.h
-rw-r--r-- root/root      2603 2022-05-19 12:27 usr/include/KF5/KScreen/kscreen/log.h
-rw-r--r-- root/root      1396 2022-05-19 12:27 usr/include/KF5/KScreen/kscreen/mode.h
-rw-r--r-- root/root     12862 2022-05-19 12:27 usr/include/KF5/KScreen/kscreen/output.h
-rw-r--r-- root/root      2171 2022-05-19 12:27 usr/include/KF5/KScreen/kscreen/screen.h
-rw-r--r-- root/root       746 2022-05-19 12:27 usr/include/KF5/KScreen/kscreen/setconfigoperation.h
-rw-r--r-- root/root       605 2022-05-19 12:27 usr/include/KF5/KScreen/kscreen/types.h
-rw-r--r-- root/root       312 2022-05-28 01:41 usr/include/KF5/kscreen_version.h
drwxr-xr-x root/root         0 2022-05-28 01:42 usr/lib/
drwxr-xr-x root/root         0 2022-05-28 01:42 usr/lib/systemd/
drwxr-xr-x root/root         0 2022-05-28 01:42 usr/lib/systemd/user/
-rw-r--r-- root/root       261 2022-05-28 01:41 usr/lib/systemd/user/plasma-kscreen.service
drwxr-xr-x root/root         0 2022-05-28 01:42 usr/lib64/
drwxr-xr-x root/root         0 2022-05-28 01:42 usr/lib64/cmake/
drwxr-xr-x root/root         0 2022-05-28 01:42 usr/lib64/cmake/KF5Screen/
-rw-r--r-- root/root      1413 2022-05-28 01:41 usr/lib64/cmake/KF5Screen/KF5ScreenConfig.cmake
-rw-r--r-- root/root      1979 2022-05-28 01:41 usr/lib64/cmake/KF5Screen/KF5ScreenConfigVersion.cmake
-rw-r--r-- root/root       840 2022-05-28 01:41 usr/lib64/cmake/KF5Screen/KF5ScreenTargets-release.cmake
-rw-r--r-- root/root      3834 2022-05-28 01:41 usr/lib64/cmake/KF5Screen/KF5ScreenTargets.cmake
-rwxr-xr-x root/root    284328 2022-05-28 01:42 usr/lib64/libKF5Screen.so.5.24.90
drwxr-xr-x root/root         0 2022-05-28 01:42 usr/lib64/libexec/
drwxr-xr-x root/root         0 2022-05-28 01:42 usr/lib64/libexec/kf5/
-rwxr-xr-x root/root     39632 2022-05-28 01:42 usr/lib64/libexec/kf5/kscreen_backend_launcher
drwxr-xr-x root/root         0 2022-05-28 01:42 usr/lib64/pkgconfig/
-rw-r--r-- root/root       227 2022-05-28 01:41 usr/lib64/pkgconfig/kscreen2.pc
drwxr-xr-x root/root         0 2022-05-28 01:42 usr/lib64/qt5/
drwxr-xr-x root/root         0 2022-05-28 01:42 usr/lib64/qt5/mkspecs/
drwxr-xr-x root/root         0 2022-05-28 01:42 usr/lib64/qt5/mkspecs/modules/
-rw-r--r-- root/root       381 2022-05-28 01:41 usr/lib64/qt5/mkspecs/modules/qt_KScreen.pri
drwxr-xr-x root/root         0 2022-05-28 01:42 usr/lib64/qt5/plugins/
drwxr-xr-x root/root         0 2022-05-28 01:42 usr/lib64/qt5/plugins/kf5/
drwxr-xr-x root/root         0 2022-05-28 01:42 usr/lib64/qt5/plugins/kf5/kscreen/
-rwxr-xr-x root/root     72896 2022-05-28 01:42 usr/lib64/qt5/plugins/kf5/kscreen/KSC_Fake.so
-rwxr-xr-x root/root    101968 2022-05-28 01:42 usr/lib64/qt5/plugins/kf5/kscreen/KSC_KWayland.so
-rwxr-xr-x root/root     47968 2022-05-28 01:42 usr/lib64/qt5/plugins/kf5/kscreen/KSC_QScreen.so
-rwxr-xr-x root/root    155504 2022-05-28 01:42 usr/lib64/qt5/plugins/kf5/kscreen/KSC_XRandR.so
-rwxr-xr-x root/root     64576 2022-05-28 01:42 usr/lib64/qt5/plugins/kf5/kscreen/KSC_XRandR11.so
drwxr-xr-x root/root         0 2022-05-28 01:42 usr/share/
drwxr-xr-x root/root         0 2022-05-28 01:42 usr/share/dbus-1/
drwxr-xr-x root/root         0 2022-05-28 01:42 usr/share/dbus-1/services/
-rw-r--r-- root/root       128 2022-05-28 01:41 usr/share/dbus-1/services/org.kde.kscreen.service
drwxr-xr-x root/root         0 2022-05-28 01:42 usr/share/qlogging-categories5/
-rw-r--r-- root/root       823 2022-05-19 12:27 usr/share/qlogging-categories5/libkscreen.categories


