++========================================
||
||   Package:  ./plasma/plasma-workspace-wallpapers-5.24.90-x86_64-2.txz
||
++========================================
drwxr-xr-x root/root         0 2022-05-28 01:58 ./
drwxr-xr-x root/root         0 2022-05-28 01:58 install/
-rw-r--r-- root/root     23824 2022-05-28 01:58 install/doinst.sh
-rw-r--r-- root/root       898 2022-05-28 01:58 install/slack-desc
drwxr-xr-x root/root         0 2022-05-28 01:58 usr/
drwxr-xr-x root/root         0 2022-05-28 01:58 usr/doc/
drwxr-xr-x root/root         0 2022-05-28 01:58 usr/doc/plasma-workspace-wallpapers-5.24.90/
-rw-r--r-- root/root        48 2022-05-19 12:41 usr/doc/plasma-workspace-wallpapers-5.24.90/AUTHORS
-rw-r--r-- root/root     18273 2022-05-19 12:41 usr/doc/plasma-workspace-wallpapers-5.24.90/COPYING
-rw-r--r-- root/root      7651 2022-05-19 12:41 usr/doc/plasma-workspace-wallpapers-5.24.90/COPYING.LGPL3
drwxr-xr-x root/root         0 2022-05-28 01:58 usr/share/
drwxr-xr-x root/root         0 2022-05-28 01:58 usr/share/wallpapers/
drwxr-xr-x root/root         0 2022-05-28 01:58 usr/share/wallpapers/Altai/
drwxr-xr-x root/root         0 2022-05-28 01:58 usr/share/wallpapers/Altai/contents/
drwxr-xr-x root/root         0 2022-05-28 01:58 usr/share/wallpapers/Altai/contents/images/
-rw-r--r-- root/root   1246672 2022-05-19 12:41 usr/share/wallpapers/Altai/contents/images/1080x1920.png
-rw-r--r-- root/root   4370767 2022-05-19 12:41 usr/share/wallpapers/Altai/contents/images/5120x2880.png
-rw-r--r-- root/root     83900 2022-05-19 12:41 usr/share/wallpapers/Altai/contents/screenshot.png
-rw-r--r-- root/root       749 2022-05-19 12:41 usr/share/wallpapers/Altai/metadata.desktop
drwxr-xr-x root/root         0 2022-05-28 01:58 usr/share/wallpapers/Autumn/
drwxr-xr-x root/root         0 2022-05-28 01:58 usr/share/wallpapers/Autumn/contents/
drwxr-xr-x root/root         0 2022-05-28 01:58 usr/share/wallpapers/Autumn/contents/images/
-rw-r--r-- root/root    744777 2022-05-19 12:41 usr/share/wallpapers/Autumn/contents/images/2560x1600.jpg
-rw-r--r-- root/root     34275 2022-05-19 12:41 usr/share/wallpapers/Autumn/contents/screenshot.jpg
-rw-r--r-- root/root      1118 2022-05-19 12:41 usr/share/wallpapers/Autumn/metadata.desktop
drwxr-xr-x root/root         0 2022-05-28 01:58 usr/share/wallpapers/BytheWater/
drwxr-xr-x root/root         0 2022-05-28 01:58 usr/share/wallpapers/BytheWater/contents/
drwxr-xr-x root/root         0 2022-05-28 01:58 usr/share/wallpapers/BytheWater/contents/images/
-rw-r--r-- root/root    494563 2022-05-19 12:41 usr/share/wallpapers/BytheWater/contents/images/2560x1600.jpg
-rw-r--r-- root/root     51517 2022-05-19 12:41 usr/share/wallpapers/BytheWater/contents/screenshot.jpg
-rw-r--r-- root/root      1206 2022-05-19 12:41 usr/share/wallpapers/BytheWater/metadata.desktop
drwxr-xr-x root/root         0 2022-05-28 01:58 usr/share/wallpapers/Canopee/
drwxr-xr-x root/root         0 2022-05-28 01:58 usr/share/wallpapers/Canopee/contents/
drwxr-xr-x root/root         0 2022-05-28 01:58 usr/share/wallpapers/Canopee/contents/images/
-rw-r--r-- root/root   6169279 2022-05-19 12:41 usr/share/wallpapers/Canopee/contents/images/3840x2160.png
-rw-r--r-- root/root     93622 2022-05-19 12:41 usr/share/wallpapers/Canopee/contents/screenshot.png
-rw-r--r-- root/root       899 2022-05-19 12:41 usr/share/wallpapers/Canopee/metadata.desktop
drwxr-xr-x root/root         0 2022-05-28 01:58 usr/share/wallpapers/Cascade/
drwxr-xr-x root/root         0 2022-05-28 01:58 usr/share/wallpapers/Cascade/contents/
drwxr-xr-x root/root         0 2022-05-28 01:58 usr/share/wallpapers/Cascade/contents/images/
-rw-r--r-- root/root   2400326 2022-05-19 12:41 usr/share/wallpapers/Cascade/contents/images/3840x2160.png
-rw-r--r-- root/root     80423 2022-05-19 12:41 usr/share/wallpapers/Cascade/contents/screenshot.png
-rw-r--r-- root/root       892 2022-05-19 12:41 usr/share/wallpapers/Cascade/metadata.desktop
drwxr-xr-x root/root         0 2022-05-28 01:58 usr/share/wallpapers/Cluster/
drwxr-xr-x root/root         0 2022-05-28 01:58 usr/share/wallpapers/Cluster/contents/
drwxr-xr-x root/root         0 2022-05-28 01:58 usr/share/wallpapers/Cluster/contents/images/
-rw-r--r-- root/root   4051800 2022-05-19 12:41 usr/share/wallpapers/Cluster/contents/images/3840x2160.png
-rw-r--r-- root/root     82093 2022-05-19 12:41 usr/share/wallpapers/Cluster/contents/screenshot.png
-rw-r--r-- root/root       872 2022-05-19 12:41 usr/share/wallpapers/Cluster/metadata.desktop
drwxr-xr-x root/root         0 2022-05-28 01:58 usr/share/wallpapers/ColdRipple/
drwxr-xr-x root/root         0 2022-05-28 01:58 usr/share/wallpapers/ColdRipple/contents/
drwxr-xr-x root/root         0 2022-05-28 01:58 usr/share/wallpapers/ColdRipple/contents/images/
-rw-r--r-- root/root    526600 2022-05-19 12:41 usr/share/wallpapers/ColdRipple/contents/images/2560x1600.jpg
-rw-r--r-- root/root     20940 2022-05-19 12:41 usr/share/wallpapers/ColdRipple/contents/screenshot.jpg
-rw-r--r-- root/root      1298 2022-05-19 12:41 usr/share/wallpapers/ColdRipple/metadata.desktop
drwxr-xr-x root/root         0 2022-05-28 01:58 usr/share/wallpapers/ColorfulCups/
drwxr-xr-x root/root         0 2022-05-28 01:58 usr/share/wallpapers/ColorfulCups/contents/
drwxr-xr-x root/root         0 2022-05-28 01:58 usr/share/wallpapers/ColorfulCups/contents/images/
-rw-r--r-- root/root    698472 2022-05-19 12:41 usr/share/wallpapers/ColorfulCups/contents/images/2560x1600.jpg
-rw-r--r-- root/root     91750 2022-05-19 12:41 usr/share/wallpapers/ColorfulCups/contents/screenshot.jpg
-rw-r--r-- root/root      1428 2022-05-19 12:41 usr/share/wallpapers/ColorfulCups/metadata.desktop
drwxr-xr-x root/root         0 2022-05-28 01:58 usr/share/wallpapers/DarkestHour/
drwxr-xr-x root/root         0 2022-05-28 01:58 usr/share/wallpapers/DarkestHour/contents/
drwxr-xr-x root/root         0 2022-05-28 01:58 usr/share/wallpapers/DarkestHour/contents/images/
-rw-r--r-- root/root    318080 2022-05-19 12:41 usr/share/wallpapers/DarkestHour/contents/images/2560x1600.jpg
-rw-r--r-- root/root     15935 2022-05-19 12:41 usr/share/wallpapers/DarkestHour/contents/screenshot.jpg
-rw-r--r-- root/root      1447 2022-05-19 12:41 usr/share/wallpapers/DarkestHour/metadata.desktop
drwxr-xr-x root/root         0 2022-05-28 01:58 usr/share/wallpapers/Elarun/
drwxr-xr-x root/root         0 2022-05-28 01:58 usr/share/wallpapers/Elarun/contents/
drwxr-xr-x root/root         0 2022-05-28 01:58 usr/share/wallpapers/Elarun/contents/images/
-rw-r--r-- root/root   1489068 2022-05-19 12:41 usr/share/wallpapers/Elarun/contents/images/2560x1600.png
-rw-r--r-- root/root     18063 2022-05-19 12:41 usr/share/wallpapers/Elarun/contents/screenshot.jpg
-rw-r--r-- root/root       817 2022-05-19 12:41 usr/share/wallpapers/Elarun/metadata.desktop
drwxr-xr-x root/root         0 2022-05-28 01:58 usr/share/wallpapers/EveningGlow/
drwxr-xr-x root/root         0 2022-05-28 01:58 usr/share/wallpapers/EveningGlow/contents/
drwxr-xr-x root/root         0 2022-05-28 01:58 usr/share/wallpapers/EveningGlow/contents/images/
-rw-r--r-- root/root    632699 2022-05-19 12:41 usr/share/wallpapers/EveningGlow/contents/images/2560x1600.jpg
-rw-r--r-- root/root     25106 2022-05-19 12:41 usr/share/wallpapers/EveningGlow/contents/screenshot.jpg
-rw-r--r-- root/root      1330 2022-05-19 12:41 usr/share/wallpapers/EveningGlow/metadata.desktop
drwxr-xr-x root/root         0 2022-05-28 01:58 usr/share/wallpapers/FallenLeaf/
drwxr-xr-x root/root         0 2022-05-28 01:58 usr/share/wallpapers/FallenLeaf/contents/
drwxr-xr-x root/root         0 2022-05-28 01:58 usr/share/wallpapers/FallenLeaf/contents/images/
-rw-r--r-- root/root    543137 2022-05-19 12:41 usr/share/wallpapers/FallenLeaf/contents/images/2560x1600.jpg
-rw-r--r-- root/root     20461 2022-05-19 12:41 usr/share/wallpapers/FallenLeaf/contents/screenshot.jpg
-rw-r--r-- root/root      1289 2022-05-19 12:41 usr/share/wallpapers/FallenLeaf/metadata.desktop
drwxr-xr-x root/root         0 2022-05-28 01:58 usr/share/wallpapers/Flow/
drwxr-xr-x root/root         0 2022-05-28 01:58 usr/share/wallpapers/Flow/contents/
drwxr-xr-x root/root         0 2022-05-28 01:58 usr/share/wallpapers/Flow/contents/images/
-rw-r--r-- root/root   3907925 2022-05-19 12:41 usr/share/wallpapers/Flow/contents/images/5120x2880.jpg
-rw-r--r-- root/root    325169 2022-05-19 12:41 usr/share/wallpapers/Flow/contents/images/720x1440.jpg
-rw-r--r-- root/root     72022 2022-05-19 12:41 usr/share/wallpapers/Flow/contents/screenshot.png
-rw-r--r-- root/root       764 2022-05-19 12:41 usr/share/wallpapers/Flow/metadata.desktop
drwxr-xr-x root/root         0 2022-05-28 01:58 usr/share/wallpapers/FlyingKonqui/
drwxr-xr-x root/root         0 2022-05-28 01:58 usr/share/wallpapers/FlyingKonqui/contents/
drwxr-xr-x root/root         0 2022-05-28 01:58 usr/share/wallpapers/FlyingKonqui/contents/images/
-rw-r--r-- root/root    650368 2022-05-19 12:41 usr/share/wallpapers/FlyingKonqui/contents/images/2560x1600.png
-rw-r--r-- root/root     38958 2022-05-19 12:41 usr/share/wallpapers/FlyingKonqui/contents/screenshot.png
-rw-r--r-- root/root      1340 2022-05-19 12:41 usr/share/wallpapers/FlyingKonqui/metadata.desktop
drwxr-xr-x root/root         0 2022-05-28 01:58 usr/share/wallpapers/Grey/
drwxr-xr-x root/root         0 2022-05-28 01:58 usr/share/wallpapers/Grey/contents/
drwxr-xr-x root/root         0 2022-05-28 01:58 usr/share/wallpapers/Grey/contents/images/
-rw-r--r-- root/root    234512 2022-05-19 12:41 usr/share/wallpapers/Grey/contents/images/2560x1600.jpg
-rw-r--r-- root/root     20552 2022-05-19 12:41 usr/share/wallpapers/Grey/contents/screenshot.jpg
-rw-r--r-- root/root       947 2022-05-19 12:41 usr/share/wallpapers/Grey/metadata.desktop
drwxr-xr-x root/root         0 2022-05-28 01:58 usr/share/wallpapers/IceCold/
drwxr-xr-x root/root         0 2022-05-28 01:58 usr/share/wallpapers/IceCold/contents/
drwxr-xr-x root/root         0 2022-05-28 01:58 usr/share/wallpapers/IceCold/contents/images/
-rw-r--r-- root/root   2858273 2022-05-19 12:41 usr/share/wallpapers/IceCold/contents/images/5120x2880.png
-rw-r--r-- root/root     77061 2022-05-19 12:41 usr/share/wallpapers/IceCold/contents/screenshot.png
-rw-r--r-- root/root      1010 2022-05-19 12:41 usr/share/wallpapers/IceCold/metadata.desktop
drwxr-xr-x root/root         0 2022-05-28 01:58 usr/share/wallpapers/Kite/
drwxr-xr-x root/root         0 2022-05-28 01:58 usr/share/wallpapers/Kite/contents/
drwxr-xr-x root/root         0 2022-05-28 01:58 usr/share/wallpapers/Kite/contents/images/
-rw-r--r-- root/root    487350 2022-05-19 12:41 usr/share/wallpapers/Kite/contents/images/2560x1600.jpg
-rw-r--r-- root/root     33026 2022-05-19 12:41 usr/share/wallpapers/Kite/contents/screenshot.jpg
-rw-r--r-- root/root      1009 2022-05-19 12:41 usr/share/wallpapers/Kite/metadata.desktop
drwxr-xr-x root/root         0 2022-05-28 01:58 usr/share/wallpapers/Kokkini/
drwxr-xr-x root/root         0 2022-05-28 01:58 usr/share/wallpapers/Kokkini/contents/
drwxr-xr-x root/root         0 2022-05-28 01:58 usr/share/wallpapers/Kokkini/contents/images/
-rw-r--r-- root/root   4254855 2022-05-19 12:41 usr/share/wallpapers/Kokkini/contents/images/3840x2160.png
-rw-r--r-- root/root     61607 2022-05-19 12:41 usr/share/wallpapers/Kokkini/contents/screenshot.png
-rw-r--r-- root/root       857 2022-05-19 12:41 usr/share/wallpapers/Kokkini/metadata.desktop
drwxr-xr-x root/root         0 2022-05-28 01:58 usr/share/wallpapers/MilkyWay/
drwxr-xr-x root/root         0 2022-05-28 01:58 usr/share/wallpapers/MilkyWay/contents/
drwxr-xr-x root/root         0 2022-05-28 01:58 usr/share/wallpapers/MilkyWay/contents/images/
-rw-r--r-- root/root    821409 2022-05-19 12:41 usr/share/wallpapers/MilkyWay/contents/images/1080x1920.png
-rw-r--r-- root/root   2347579 2022-05-19 12:41 usr/share/wallpapers/MilkyWay/contents/images/5120x2880.png
-rw-r--r-- root/root     78245 2022-05-19 12:41 usr/share/wallpapers/MilkyWay/contents/screenshot.png
-rw-r--r-- root/root       987 2022-05-19 12:41 usr/share/wallpapers/MilkyWay/metadata.desktop
drwxr-xr-x root/root         0 2022-05-28 01:58 usr/share/wallpapers/OneStandsOut/
drwxr-xr-x root/root         0 2022-05-28 01:58 usr/share/wallpapers/OneStandsOut/contents/
drwxr-xr-x root/root         0 2022-05-28 01:58 usr/share/wallpapers/OneStandsOut/contents/images/
-rw-r--r-- root/root    892075 2022-05-19 12:41 usr/share/wallpapers/OneStandsOut/contents/images/2560x1600.jpg
-rw-r--r-- root/root     55755 2022-05-19 12:41 usr/share/wallpapers/OneStandsOut/contents/screenshot.jpg
-rw-r--r-- root/root      1382 2022-05-19 12:41 usr/share/wallpapers/OneStandsOut/metadata.desktop
drwxr-xr-x root/root         0 2022-05-28 01:58 usr/share/wallpapers/Opal/
drwxr-xr-x root/root         0 2022-05-28 01:58 usr/share/wallpapers/Opal/contents/
drwxr-xr-x root/root         0 2022-05-28 01:58 usr/share/wallpapers/Opal/contents/images/
-rw-r--r-- root/root   3307997 2022-05-19 12:41 usr/share/wallpapers/Opal/contents/images/3840x2160.png
-rw-r--r-- root/root     94399 2022-05-19 12:41 usr/share/wallpapers/Opal/contents/screenshot.png
-rw-r--r-- root/root       770 2022-05-19 12:41 usr/share/wallpapers/Opal/metadata.desktop
drwxr-xr-x root/root         0 2022-05-28 01:58 usr/share/wallpapers/PastelHills/
drwxr-xr-x root/root         0 2022-05-28 01:58 usr/share/wallpapers/PastelHills/contents/
drwxr-xr-x root/root         0 2022-05-28 01:58 usr/share/wallpapers/PastelHills/contents/images/
-rw-r--r-- root/root    298654 2022-05-19 12:41 usr/share/wallpapers/PastelHills/contents/images/3200x2000.jpg
-rw-r--r-- root/root     12431 2022-05-19 12:41 usr/share/wallpapers/PastelHills/contents/screenshot.jpg
-rw-r--r-- root/root      1417 2022-05-19 12:41 usr/share/wallpapers/PastelHills/metadata.desktop
drwxr-xr-x root/root         0 2022-05-28 01:58 usr/share/wallpapers/Patak/
drwxr-xr-x root/root         0 2022-05-28 01:58 usr/share/wallpapers/Patak/contents/
drwxr-xr-x root/root         0 2022-05-28 01:58 usr/share/wallpapers/Patak/contents/images/
-rw-r--r-- root/root   2217171 2022-05-19 12:41 usr/share/wallpapers/Patak/contents/images/1080x1920.png
-rw-r--r-- root/root  13301069 2022-05-19 12:41 usr/share/wallpapers/Patak/contents/images/5120x2880.png
-rw-r--r-- root/root    141420 2022-05-19 12:41 usr/share/wallpapers/Patak/contents/screenshot.png
-rw-r--r-- root/root       677 2022-05-19 12:41 usr/share/wallpapers/Patak/metadata.desktop
drwxr-xr-x root/root         0 2022-05-28 01:58 usr/share/wallpapers/Path/
drwxr-xr-x root/root         0 2022-05-28 01:58 usr/share/wallpapers/Path/contents/
drwxr-xr-x root/root         0 2022-05-28 01:58 usr/share/wallpapers/Path/contents/images/
-rw-r--r-- root/root    910087 2022-05-19 12:41 usr/share/wallpapers/Path/contents/images/2560x1600.jpg
-rw-r--r-- root/root     35428 2022-05-19 12:41 usr/share/wallpapers/Path/contents/screenshot.jpg
-rw-r--r-- root/root       930 2022-05-19 12:41 usr/share/wallpapers/Path/metadata.desktop
drwxr-xr-x root/root         0 2022-05-28 01:58 usr/share/wallpapers/SafeLanding/
drwxr-xr-x root/root         0 2022-05-28 01:58 usr/share/wallpapers/SafeLanding/contents/
drwxr-xr-x root/root         0 2022-05-28 01:58 usr/share/wallpapers/SafeLanding/contents/images/
-rw-r--r-- root/root   4160783 2022-05-19 12:41 usr/share/wallpapers/SafeLanding/contents/images/5120x2880.jpg
-rw-r--r-- root/root     19396 2022-05-19 12:41 usr/share/wallpapers/SafeLanding/contents/screenshot.jpg
-rw-r--r-- root/root      1325 2022-05-19 12:41 usr/share/wallpapers/SafeLanding/metadata.desktop
drwxr-xr-x root/root         0 2022-05-28 01:58 usr/share/wallpapers/Shell/
drwxr-xr-x root/root         0 2022-05-28 01:58 usr/share/wallpapers/Shell/contents/
drwxr-xr-x root/root         0 2022-05-28 01:58 usr/share/wallpapers/Shell/contents/images/
-rw-r--r-- root/root   1944799 2022-05-19 12:41 usr/share/wallpapers/Shell/contents/images/5120x2880.jpg
-rw-r--r-- root/root    112611 2022-05-19 12:41 usr/share/wallpapers/Shell/contents/images/720x1440.jpg
-rw-r--r-- root/root    109539 2022-05-19 12:41 usr/share/wallpapers/Shell/contents/screenshot.png
-rw-r--r-- root/root       768 2022-05-19 12:41 usr/share/wallpapers/Shell/metadata.desktop
drwxr-xr-x root/root         0 2022-05-28 01:58 usr/share/wallpapers/Volna/
drwxr-xr-x root/root         0 2022-05-28 01:58 usr/share/wallpapers/Volna/contents/
drwxr-xr-x root/root         0 2022-05-28 01:58 usr/share/wallpapers/Volna/contents/images/
-rw-r--r-- root/root   4628417 2022-05-19 12:41 usr/share/wallpapers/Volna/contents/images/5120x2880.jpg
-rw-r--r-- root/root     91574 2022-05-19 12:41 usr/share/wallpapers/Volna/contents/screenshot.png
-rw-r--r-- root/root       762 2022-05-19 12:41 usr/share/wallpapers/Volna/metadata.desktop
drwxr-xr-x root/root         0 2022-05-28 01:58 usr/share/wallpapers/summer_1am/
drwxr-xr-x root/root         0 2022-05-28 01:58 usr/share/wallpapers/summer_1am/contents/
drwxr-xr-x root/root         0 2022-05-28 01:58 usr/share/wallpapers/summer_1am/contents/images/
-rw-r--r-- root/root    442791 2022-05-19 12:41 usr/share/wallpapers/summer_1am/contents/images/2560x1600.jpg
-rw-r--r-- root/root     17307 2022-05-19 12:41 usr/share/wallpapers/summer_1am/contents/screenshot.jpg
-rw-r--r-- root/root      1423 2022-05-19 12:41 usr/share/wallpapers/summer_1am/metadata.desktop


