++========================================
||
||   Package:  ./plasma/plasma-vault-5.24.90-x86_64-2.txz
||
++========================================
drwxr-xr-x root/root         0 2022-05-28 02:04 ./
drwxr-xr-x root/root         0 2022-05-28 02:04 install/
-rw-r--r-- root/root       912 2022-05-28 02:04 install/slack-desc
drwxr-xr-x root/root         0 2022-05-28 02:04 usr/
drwxr-xr-x root/root         0 2022-05-28 02:04 usr/doc/
drwxr-xr-x root/root         0 2022-05-28 02:04 usr/doc/plasma-vault-5.24.90/
drwxr-xr-x root/root         0 2022-05-19 12:37 usr/doc/plasma-vault-5.24.90/LICENSES/
-rw-r--r-- root/root     17623 2022-05-19 12:37 usr/doc/plasma-vault-5.24.90/LICENSES/GPL-2.0-only.txt
-rw-r--r-- root/root     34470 2022-05-19 12:37 usr/doc/plasma-vault-5.24.90/LICENSES/GPL-3.0-only.txt
-rw-r--r-- root/root     25911 2022-05-19 12:37 usr/doc/plasma-vault-5.24.90/LICENSES/LGPL-2.1-only.txt
-rw-r--r-- root/root      7431 2022-05-19 12:37 usr/doc/plasma-vault-5.24.90/LICENSES/LGPL-3.0-only.txt
-rw-r--r-- root/root       662 2022-05-19 12:37 usr/doc/plasma-vault-5.24.90/LICENSES/LicenseRef-KDE-Accepted-GPL.txt
-rw-r--r-- root/root       665 2022-05-19 12:37 usr/doc/plasma-vault-5.24.90/LICENSES/LicenseRef-KDE-Accepted-LGPL.txt
drwxr-xr-x root/root         0 2022-05-28 02:04 usr/lib64/
drwxr-xr-x root/root         0 2022-05-28 02:04 usr/lib64/qt5/
drwxr-xr-x root/root         0 2022-05-28 02:04 usr/lib64/qt5/plugins/
drwxr-xr-x root/root         0 2022-05-28 02:04 usr/lib64/qt5/plugins/kf5/
drwxr-xr-x root/root         0 2022-05-28 02:04 usr/lib64/qt5/plugins/kf5/kded/
-rwxr-xr-x root/root    571240 2022-05-28 02:04 usr/lib64/qt5/plugins/kf5/kded/plasmavault.so
drwxr-xr-x root/root         0 2022-05-28 02:04 usr/lib64/qt5/plugins/kf5/kfileitemaction/
-rwxr-xr-x root/root     43784 2022-05-28 02:04 usr/lib64/qt5/plugins/kf5/kfileitemaction/plasmavaultfileitemaction.so
drwxr-xr-x root/root         0 2022-05-28 02:04 usr/lib64/qt5/plugins/plasma/
drwxr-xr-x root/root         0 2022-05-28 02:04 usr/lib64/qt5/plugins/plasma/applets/
-rwxr-xr-x root/root    122416 2022-05-28 02:04 usr/lib64/qt5/plugins/plasma/applets/plasma_applet_vault.so
drwxr-xr-x root/root         0 2022-05-28 02:04 usr/share/
drwxr-xr-x root/root         0 2022-05-28 02:04 usr/share/kservices5/
-rw-r--r-- root/root      3698 2022-05-19 12:37 usr/share/kservices5/plasma-applet-org.kde.plasma.vault.desktop
drwxr-xr-x root/root         0 2022-05-28 02:04 usr/share/locale/
drwxr-xr-x root/root         0 2022-05-28 02:04 usr/share/locale/ar/
drwxr-xr-x root/root         0 2022-05-28 02:04 usr/share/locale/ar/LC_MESSAGES/
-rw-r--r-- root/root     19566 2022-05-28 02:04 usr/share/locale/ar/LC_MESSAGES/plasmavault-kde.mo
drwxr-xr-x root/root         0 2022-05-28 02:04 usr/share/locale/ast/
drwxr-xr-x root/root         0 2022-05-28 02:04 usr/share/locale/ast/LC_MESSAGES/
-rw-r--r-- root/root      6423 2022-05-28 02:04 usr/share/locale/ast/LC_MESSAGES/plasmavault-kde.mo
drwxr-xr-x root/root         0 2022-05-28 02:04 usr/share/locale/az/
drwxr-xr-x root/root         0 2022-05-28 02:04 usr/share/locale/az/LC_MESSAGES/
-rw-r--r-- root/root     17852 2022-05-28 02:04 usr/share/locale/az/LC_MESSAGES/plasmavault-kde.mo
drwxr-xr-x root/root         0 2022-05-28 02:04 usr/share/locale/ca/
drwxr-xr-x root/root         0 2022-05-28 02:04 usr/share/locale/ca/LC_MESSAGES/
-rw-r--r-- root/root     18199 2022-05-28 02:04 usr/share/locale/ca/LC_MESSAGES/plasmavault-kde.mo
drwxr-xr-x root/root         0 2022-05-28 02:04 usr/share/locale/ca@valencia/
drwxr-xr-x root/root         0 2022-05-28 02:04 usr/share/locale/ca@valencia/LC_MESSAGES/
-rw-r--r-- root/root     18200 2022-05-28 02:04 usr/share/locale/ca@valencia/LC_MESSAGES/plasmavault-kde.mo
drwxr-xr-x root/root         0 2022-05-28 02:04 usr/share/locale/cs/
drwxr-xr-x root/root         0 2022-05-28 02:04 usr/share/locale/cs/LC_MESSAGES/
-rw-r--r-- root/root      6942 2022-05-28 02:04 usr/share/locale/cs/LC_MESSAGES/plasmavault-kde.mo
drwxr-xr-x root/root         0 2022-05-28 02:04 usr/share/locale/da/
drwxr-xr-x root/root         0 2022-05-28 02:04 usr/share/locale/da/LC_MESSAGES/
-rw-r--r-- root/root     16396 2022-05-28 02:04 usr/share/locale/da/LC_MESSAGES/plasmavault-kde.mo
drwxr-xr-x root/root         0 2022-05-28 02:04 usr/share/locale/de/
drwxr-xr-x root/root         0 2022-05-28 02:04 usr/share/locale/de/LC_MESSAGES/
-rw-r--r-- root/root     18162 2022-05-28 02:04 usr/share/locale/de/LC_MESSAGES/plasmavault-kde.mo
drwxr-xr-x root/root         0 2022-05-28 02:04 usr/share/locale/el/
drwxr-xr-x root/root         0 2022-05-28 02:04 usr/share/locale/el/LC_MESSAGES/
-rw-r--r-- root/root     23914 2022-05-28 02:04 usr/share/locale/el/LC_MESSAGES/plasmavault-kde.mo
drwxr-xr-x root/root         0 2022-05-28 02:04 usr/share/locale/en_GB/
drwxr-xr-x root/root         0 2022-05-28 02:04 usr/share/locale/en_GB/LC_MESSAGES/
-rw-r--r-- root/root     17138 2022-05-28 02:04 usr/share/locale/en_GB/LC_MESSAGES/plasmavault-kde.mo
drwxr-xr-x root/root         0 2022-05-28 02:04 usr/share/locale/es/
drwxr-xr-x root/root         0 2022-05-28 02:04 usr/share/locale/es/LC_MESSAGES/
-rw-r--r-- root/root     18238 2022-05-28 02:04 usr/share/locale/es/LC_MESSAGES/plasmavault-kde.mo
drwxr-xr-x root/root         0 2022-05-28 02:04 usr/share/locale/et/
drwxr-xr-x root/root         0 2022-05-28 02:04 usr/share/locale/et/LC_MESSAGES/
-rw-r--r-- root/root     15821 2022-05-28 02:04 usr/share/locale/et/LC_MESSAGES/plasmavault-kde.mo
drwxr-xr-x root/root         0 2022-05-28 02:04 usr/share/locale/eu/
drwxr-xr-x root/root         0 2022-05-28 02:04 usr/share/locale/eu/LC_MESSAGES/
-rw-r--r-- root/root     17694 2022-05-28 02:04 usr/share/locale/eu/LC_MESSAGES/plasmavault-kde.mo
drwxr-xr-x root/root         0 2022-05-28 02:04 usr/share/locale/fi/
drwxr-xr-x root/root         0 2022-05-28 02:04 usr/share/locale/fi/LC_MESSAGES/
-rw-r--r-- root/root     17159 2022-05-28 02:04 usr/share/locale/fi/LC_MESSAGES/plasmavault-kde.mo
drwxr-xr-x root/root         0 2022-05-28 02:04 usr/share/locale/fr/
drwxr-xr-x root/root         0 2022-05-28 02:04 usr/share/locale/fr/LC_MESSAGES/
-rw-r--r-- root/root     18485 2022-05-28 02:04 usr/share/locale/fr/LC_MESSAGES/plasmavault-kde.mo
drwxr-xr-x root/root         0 2022-05-28 02:04 usr/share/locale/gl/
drwxr-xr-x root/root         0 2022-05-28 02:04 usr/share/locale/gl/LC_MESSAGES/
-rw-r--r-- root/root     12959 2022-05-28 02:04 usr/share/locale/gl/LC_MESSAGES/plasmavault-kde.mo
drwxr-xr-x root/root         0 2022-05-28 02:04 usr/share/locale/hu/
drwxr-xr-x root/root         0 2022-05-28 02:04 usr/share/locale/hu/LC_MESSAGES/
-rw-r--r-- root/root     18190 2022-05-28 02:04 usr/share/locale/hu/LC_MESSAGES/plasmavault-kde.mo
drwxr-xr-x root/root         0 2022-05-28 02:04 usr/share/locale/ia/
drwxr-xr-x root/root         0 2022-05-28 02:04 usr/share/locale/ia/LC_MESSAGES/
-rw-r--r-- root/root     17929 2022-05-28 02:04 usr/share/locale/ia/LC_MESSAGES/plasmavault-kde.mo
drwxr-xr-x root/root         0 2022-05-28 02:04 usr/share/locale/id/
drwxr-xr-x root/root         0 2022-05-28 02:04 usr/share/locale/id/LC_MESSAGES/
-rw-r--r-- root/root     12739 2022-05-28 02:04 usr/share/locale/id/LC_MESSAGES/plasmavault-kde.mo
drwxr-xr-x root/root         0 2022-05-28 02:04 usr/share/locale/it/
drwxr-xr-x root/root         0 2022-05-28 02:04 usr/share/locale/it/LC_MESSAGES/
-rw-r--r-- root/root     17920 2022-05-28 02:04 usr/share/locale/it/LC_MESSAGES/plasmavault-kde.mo
drwxr-xr-x root/root         0 2022-05-28 02:04 usr/share/locale/ja/
drwxr-xr-x root/root         0 2022-05-28 02:04 usr/share/locale/ja/LC_MESSAGES/
-rw-r--r-- root/root     12704 2022-05-28 02:04 usr/share/locale/ja/LC_MESSAGES/plasmavault-kde.mo
drwxr-xr-x root/root         0 2022-05-28 02:04 usr/share/locale/ko/
drwxr-xr-x root/root         0 2022-05-28 02:04 usr/share/locale/ko/LC_MESSAGES/
-rw-r--r-- root/root     18653 2022-05-28 02:04 usr/share/locale/ko/LC_MESSAGES/plasmavault-kde.mo
drwxr-xr-x root/root         0 2022-05-28 02:04 usr/share/locale/lt/
drwxr-xr-x root/root         0 2022-05-28 02:04 usr/share/locale/lt/LC_MESSAGES/
-rw-r--r-- root/root     17921 2022-05-28 02:04 usr/share/locale/lt/LC_MESSAGES/plasmavault-kde.mo
drwxr-xr-x root/root         0 2022-05-28 02:04 usr/share/locale/nl/
drwxr-xr-x root/root         0 2022-05-28 02:04 usr/share/locale/nl/LC_MESSAGES/
-rw-r--r-- root/root     17846 2022-05-28 02:04 usr/share/locale/nl/LC_MESSAGES/plasmavault-kde.mo
drwxr-xr-x root/root         0 2022-05-28 02:04 usr/share/locale/nn/
drwxr-xr-x root/root         0 2022-05-28 02:04 usr/share/locale/nn/LC_MESSAGES/
-rw-r--r-- root/root     17105 2022-05-28 02:04 usr/share/locale/nn/LC_MESSAGES/plasmavault-kde.mo
drwxr-xr-x root/root         0 2022-05-28 02:04 usr/share/locale/pa/
drwxr-xr-x root/root         0 2022-05-28 02:04 usr/share/locale/pa/LC_MESSAGES/
-rw-r--r-- root/root     15488 2022-05-28 02:04 usr/share/locale/pa/LC_MESSAGES/plasmavault-kde.mo
drwxr-xr-x root/root         0 2022-05-28 02:04 usr/share/locale/pl/
drwxr-xr-x root/root         0 2022-05-28 02:04 usr/share/locale/pl/LC_MESSAGES/
-rw-r--r-- root/root     17466 2022-05-28 02:04 usr/share/locale/pl/LC_MESSAGES/plasmavault-kde.mo
drwxr-xr-x root/root         0 2022-05-28 02:04 usr/share/locale/pt/
drwxr-xr-x root/root         0 2022-05-28 02:04 usr/share/locale/pt/LC_MESSAGES/
-rw-r--r-- root/root     18215 2022-05-28 02:04 usr/share/locale/pt/LC_MESSAGES/plasmavault-kde.mo
drwxr-xr-x root/root         0 2022-05-28 02:04 usr/share/locale/pt_BR/
drwxr-xr-x root/root         0 2022-05-28 02:04 usr/share/locale/pt_BR/LC_MESSAGES/
-rw-r--r-- root/root     17981 2022-05-28 02:04 usr/share/locale/pt_BR/LC_MESSAGES/plasmavault-kde.mo
drwxr-xr-x root/root         0 2022-05-28 02:04 usr/share/locale/ro/
drwxr-xr-x root/root         0 2022-05-28 02:04 usr/share/locale/ro/LC_MESSAGES/
-rw-r--r-- root/root     17795 2022-05-28 02:04 usr/share/locale/ro/LC_MESSAGES/plasmavault-kde.mo
drwxr-xr-x root/root         0 2022-05-28 02:04 usr/share/locale/ru/
drwxr-xr-x root/root         0 2022-05-28 02:04 usr/share/locale/ru/LC_MESSAGES/
-rw-r--r-- root/root     22985 2022-05-28 02:04 usr/share/locale/ru/LC_MESSAGES/plasmavault-kde.mo
drwxr-xr-x root/root         0 2022-05-28 02:04 usr/share/locale/sk/
drwxr-xr-x root/root         0 2022-05-28 02:04 usr/share/locale/sk/LC_MESSAGES/
-rw-r--r-- root/root     16741 2022-05-28 02:04 usr/share/locale/sk/LC_MESSAGES/plasmavault-kde.mo
drwxr-xr-x root/root         0 2022-05-28 02:04 usr/share/locale/sl/
drwxr-xr-x root/root         0 2022-05-28 02:04 usr/share/locale/sl/LC_MESSAGES/
-rw-r--r-- root/root     17208 2022-05-28 02:04 usr/share/locale/sl/LC_MESSAGES/plasmavault-kde.mo
drwxr-xr-x root/root         0 2022-05-28 02:04 usr/share/locale/sr/
drwxr-xr-x root/root         0 2022-05-28 02:04 usr/share/locale/sr/LC_MESSAGES/
-rw-r--r-- root/root      7787 2022-05-28 02:04 usr/share/locale/sr/LC_MESSAGES/plasmavault-kde.mo
drwxr-xr-x root/root         0 2022-05-28 02:04 usr/share/locale/sr@ijekavian/
drwxr-xr-x root/root         0 2022-05-28 02:04 usr/share/locale/sr@ijekavian/LC_MESSAGES/
-rw-r--r-- root/root      7797 2022-05-28 02:04 usr/share/locale/sr@ijekavian/LC_MESSAGES/plasmavault-kde.mo
drwxr-xr-x root/root         0 2022-05-28 02:04 usr/share/locale/sr@ijekavianlatin/
drwxr-xr-x root/root         0 2022-05-28 02:04 usr/share/locale/sr@ijekavianlatin/LC_MESSAGES/
-rw-r--r-- root/root      6355 2022-05-28 02:04 usr/share/locale/sr@ijekavianlatin/LC_MESSAGES/plasmavault-kde.mo
drwxr-xr-x root/root         0 2022-05-28 02:04 usr/share/locale/sr@latin/
drwxr-xr-x root/root         0 2022-05-28 02:04 usr/share/locale/sr@latin/LC_MESSAGES/
-rw-r--r-- root/root      6346 2022-05-28 02:04 usr/share/locale/sr@latin/LC_MESSAGES/plasmavault-kde.mo
drwxr-xr-x root/root         0 2022-05-28 02:04 usr/share/locale/sv/
drwxr-xr-x root/root         0 2022-05-28 02:04 usr/share/locale/sv/LC_MESSAGES/
-rw-r--r-- root/root     17136 2022-05-28 02:04 usr/share/locale/sv/LC_MESSAGES/plasmavault-kde.mo
drwxr-xr-x root/root         0 2022-05-28 02:04 usr/share/locale/tg/
drwxr-xr-x root/root         0 2022-05-28 02:04 usr/share/locale/tg/LC_MESSAGES/
-rw-r--r-- root/root      3212 2022-05-28 02:04 usr/share/locale/tg/LC_MESSAGES/plasmavault-kde.mo
drwxr-xr-x root/root         0 2022-05-28 02:04 usr/share/locale/tr/
drwxr-xr-x root/root         0 2022-05-28 02:04 usr/share/locale/tr/LC_MESSAGES/
-rw-r--r-- root/root     17256 2022-05-28 02:04 usr/share/locale/tr/LC_MESSAGES/plasmavault-kde.mo
drwxr-xr-x root/root         0 2022-05-28 02:04 usr/share/locale/uk/
drwxr-xr-x root/root         0 2022-05-28 02:04 usr/share/locale/uk/LC_MESSAGES/
-rw-r--r-- root/root     22271 2022-05-28 02:04 usr/share/locale/uk/LC_MESSAGES/plasmavault-kde.mo
drwxr-xr-x root/root         0 2022-05-28 02:04 usr/share/locale/zh_CN/
drwxr-xr-x root/root         0 2022-05-28 02:04 usr/share/locale/zh_CN/LC_MESSAGES/
-rw-r--r-- root/root     16247 2022-05-28 02:04 usr/share/locale/zh_CN/LC_MESSAGES/plasmavault-kde.mo
drwxr-xr-x root/root         0 2022-05-28 02:04 usr/share/locale/zh_TW/
drwxr-xr-x root/root         0 2022-05-28 02:04 usr/share/locale/zh_TW/LC_MESSAGES/
-rw-r--r-- root/root     15139 2022-05-28 02:04 usr/share/locale/zh_TW/LC_MESSAGES/plasmavault-kde.mo
drwxr-xr-x root/root         0 2022-05-28 02:04 usr/share/metainfo/
-rw-r--r-- root/root      5738 2022-05-28 02:04 usr/share/metainfo/org.kde.plasma.vault.appdata.xml
drwxr-xr-x root/root         0 2022-05-28 02:04 usr/share/plasma/
drwxr-xr-x root/root         0 2022-05-28 02:04 usr/share/plasma/plasmoids/
drwxr-xr-x root/root         0 2022-05-28 02:04 usr/share/plasma/plasmoids/org.kde.plasma.vault/
drwxr-xr-x root/root         0 2022-05-28 02:04 usr/share/plasma/plasmoids/org.kde.plasma.vault/contents/
drwxr-xr-x root/root         0 2022-05-28 02:04 usr/share/plasma/plasmoids/org.kde.plasma.vault/contents/ui/
-rw-r--r-- root/root      2361 2022-05-19 12:37 usr/share/plasma/plasmoids/org.kde.plasma.vault/contents/ui/VaultItem.qml
-rw-r--r-- root/root      3786 2022-05-19 12:37 usr/share/plasma/plasmoids/org.kde.plasma.vault/contents/ui/main.qml
-rw-r--r-- root/root      3698 2022-05-19 12:37 usr/share/plasma/plasmoids/org.kde.plasma.vault/metadata.desktop
-rw-r--r-- root/root      5233 2022-05-28 02:04 usr/share/plasma/plasmoids/org.kde.plasma.vault/metadata.json


