++========================================
||
||   Package:  ./plasma/plasma-disks-5.24.90-x86_64-2.txz
||
++========================================
drwxr-xr-x root/root         0 2022-05-28 02:05 ./
drwxr-xr-x root/root         0 2022-05-28 02:05 install/
-rw-r--r-- root/root       755 2022-05-28 02:05 install/slack-desc
drwxr-xr-x root/root         0 2022-05-28 02:05 usr/
drwxr-xr-x root/root         0 2022-05-28 02:05 usr/doc/
drwxr-xr-x root/root         0 2022-05-28 02:05 usr/doc/plasma-disks-5.24.90/
drwxr-xr-x root/root         0 2022-05-19 12:32 usr/doc/plasma-disks-5.24.90/LICENSES/
-rw-r--r-- root/root      1480 2022-05-19 12:32 usr/doc/plasma-disks-5.24.90/LICENSES/BSD-3-Clause.txt
-rw-r--r-- root/root      6916 2022-05-19 12:32 usr/doc/plasma-disks-5.24.90/LICENSES/CC0-1.0.txt
-rw-r--r-- root/root       224 2022-05-19 12:32 usr/doc/plasma-disks-5.24.90/LICENSES/FSFAP.txt
-rw-r--r-- root/root     17623 2022-05-19 12:32 usr/doc/plasma-disks-5.24.90/LICENSES/GPL-2.0-only.txt
-rw-r--r-- root/root     34470 2022-05-19 12:32 usr/doc/plasma-disks-5.24.90/LICENSES/GPL-3.0-only.txt
-rw-r--r-- root/root      7431 2022-05-19 12:32 usr/doc/plasma-disks-5.24.90/LICENSES/LGPL-3.0-only.txt
-rw-r--r-- root/root       662 2022-05-19 12:32 usr/doc/plasma-disks-5.24.90/LICENSES/LicenseRef-KDE-Accepted-GPL.txt
-rw-r--r-- root/root       665 2022-05-19 12:32 usr/doc/plasma-disks-5.24.90/LICENSES/LicenseRef-KDE-Accepted-LGPL.txt
drwxr-xr-x root/root         0 2022-05-28 02:05 usr/lib64/
drwxr-xr-x root/root         0 2022-05-28 02:05 usr/lib64/libexec/
drwxr-xr-x root/root         0 2022-05-28 02:05 usr/lib64/libexec/kauth/
-rwxr-xr-x root/root     23128 2022-05-28 02:05 usr/lib64/libexec/kauth/kded-smart-helper
drwxr-xr-x root/root         0 2022-05-28 02:05 usr/lib64/qt5/
drwxr-xr-x root/root         0 2022-05-28 02:05 usr/lib64/qt5/plugins/
drwxr-xr-x root/root         0 2022-05-28 02:05 usr/lib64/qt5/plugins/kf5/
drwxr-xr-x root/root         0 2022-05-28 02:05 usr/lib64/qt5/plugins/kf5/kded/
-rwxr-xr-x root/root    147304 2022-05-28 02:05 usr/lib64/qt5/plugins/kf5/kded/smart.so
drwxr-xr-x root/root         0 2022-05-28 02:05 usr/lib64/qt5/plugins/plasma/
drwxr-xr-x root/root         0 2022-05-28 02:05 usr/lib64/qt5/plugins/plasma/kcms/
drwxr-xr-x root/root         0 2022-05-28 02:05 usr/lib64/qt5/plugins/plasma/kcms/kinfocenter/
-rwxr-xr-x root/root    208920 2022-05-28 02:05 usr/lib64/qt5/plugins/plasma/kcms/kinfocenter/smart.so
drwxr-xr-x root/root         0 2022-05-28 02:05 usr/share/
drwxr-xr-x root/root         0 2022-05-28 02:05 usr/share/dbus-1/
drwxr-xr-x root/root         0 2022-05-28 02:05 usr/share/dbus-1/system-services/
-rw-r--r-- root/root        98 2022-05-28 02:05 usr/share/dbus-1/system-services/org.kde.kded.smart.service
drwxr-xr-x root/root         0 2022-05-28 02:05 usr/share/dbus-1/system.d/
-rw-r--r-- root/root       297 2022-05-28 02:05 usr/share/dbus-1/system.d/org.kde.kded.smart.conf
drwxr-xr-x root/root         0 2022-05-28 02:05 usr/share/knotifications5/
-rw-r--r-- root/root     12042 2022-05-19 12:32 usr/share/knotifications5/org.kde.kded.smart.notifyrc
drwxr-xr-x root/root         0 2022-05-28 02:05 usr/share/kpackage/
drwxr-xr-x root/root         0 2022-05-28 02:05 usr/share/kpackage/kcms/
drwxr-xr-x root/root         0 2022-05-28 02:05 usr/share/kpackage/kcms/plasma_disks/
drwxr-xr-x root/root         0 2022-05-28 02:05 usr/share/kpackage/kcms/plasma_disks/contents/
-rw-r--r-- root/root      5169 2022-05-19 12:32 usr/share/kpackage/kcms/plasma_disks/contents/main.qml
drwxr-xr-x root/root         0 2022-05-28 02:05 usr/share/kpackage/kcms/plasma_disks/contents/ui/
-rw-r--r-- root/root       587 2022-05-19 12:32 usr/share/kpackage/kcms/plasma_disks/contents/ui/ReportPage.qml
-rw-r--r-- root/root      1020 2022-05-19 12:32 usr/share/kpackage/kcms/plasma_disks/metadata.desktop
-rw-r--r-- root/root      1479 2022-05-28 02:05 usr/share/kpackage/kcms/plasma_disks/metadata.json
drwxr-xr-x root/root         0 2022-05-28 02:05 usr/share/locale/
drwxr-xr-x root/root         0 2022-05-28 02:05 usr/share/locale/az/
drwxr-xr-x root/root         0 2022-05-28 02:05 usr/share/locale/az/LC_MESSAGES/
-rw-r--r-- root/root      5088 2022-05-28 02:05 usr/share/locale/az/LC_MESSAGES/plasma_disks.mo
drwxr-xr-x root/root         0 2022-05-28 02:05 usr/share/locale/ca/
drwxr-xr-x root/root         0 2022-05-28 02:05 usr/share/locale/ca/LC_MESSAGES/
-rw-r--r-- root/root      5095 2022-05-28 02:05 usr/share/locale/ca/LC_MESSAGES/plasma_disks.mo
drwxr-xr-x root/root         0 2022-05-28 02:05 usr/share/locale/ca@valencia/
drwxr-xr-x root/root         0 2022-05-28 02:05 usr/share/locale/ca@valencia/LC_MESSAGES/
-rw-r--r-- root/root      5090 2022-05-28 02:05 usr/share/locale/ca@valencia/LC_MESSAGES/plasma_disks.mo
drwxr-xr-x root/root         0 2022-05-28 02:05 usr/share/locale/cs/
drwxr-xr-x root/root         0 2022-05-28 02:05 usr/share/locale/cs/LC_MESSAGES/
-rw-r--r-- root/root      1799 2022-05-28 02:05 usr/share/locale/cs/LC_MESSAGES/plasma_disks.mo
drwxr-xr-x root/root         0 2022-05-28 02:05 usr/share/locale/da/
drwxr-xr-x root/root         0 2022-05-28 02:05 usr/share/locale/da/LC_MESSAGES/
-rw-r--r-- root/root      2172 2022-05-28 02:05 usr/share/locale/da/LC_MESSAGES/plasma_disks.mo
drwxr-xr-x root/root         0 2022-05-28 02:05 usr/share/locale/de/
drwxr-xr-x root/root         0 2022-05-28 02:05 usr/share/locale/de/LC_MESSAGES/
-rw-r--r-- root/root      3414 2022-05-28 02:05 usr/share/locale/de/LC_MESSAGES/plasma_disks.mo
drwxr-xr-x root/root         0 2022-05-28 02:05 usr/share/locale/el/
drwxr-xr-x root/root         0 2022-05-28 02:05 usr/share/locale/el/LC_MESSAGES/
-rw-r--r-- root/root      2580 2022-05-28 02:05 usr/share/locale/el/LC_MESSAGES/plasma_disks.mo
drwxr-xr-x root/root         0 2022-05-28 02:05 usr/share/locale/en_GB/
drwxr-xr-x root/root         0 2022-05-28 02:05 usr/share/locale/en_GB/LC_MESSAGES/
-rw-r--r-- root/root      4675 2022-05-28 02:05 usr/share/locale/en_GB/LC_MESSAGES/plasma_disks.mo
drwxr-xr-x root/root         0 2022-05-28 02:05 usr/share/locale/es/
drwxr-xr-x root/root         0 2022-05-28 02:05 usr/share/locale/es/LC_MESSAGES/
-rw-r--r-- root/root      5186 2022-05-28 02:05 usr/share/locale/es/LC_MESSAGES/plasma_disks.mo
drwxr-xr-x root/root         0 2022-05-28 02:05 usr/share/locale/et/
drwxr-xr-x root/root         0 2022-05-28 02:05 usr/share/locale/et/LC_MESSAGES/
-rw-r--r-- root/root      2222 2022-05-28 02:05 usr/share/locale/et/LC_MESSAGES/plasma_disks.mo
drwxr-xr-x root/root         0 2022-05-28 02:05 usr/share/locale/eu/
drwxr-xr-x root/root         0 2022-05-28 02:05 usr/share/locale/eu/LC_MESSAGES/
-rw-r--r-- root/root      4892 2022-05-28 02:05 usr/share/locale/eu/LC_MESSAGES/plasma_disks.mo
drwxr-xr-x root/root         0 2022-05-28 02:05 usr/share/locale/fi/
drwxr-xr-x root/root         0 2022-05-28 02:05 usr/share/locale/fi/LC_MESSAGES/
-rw-r--r-- root/root      4732 2022-05-28 02:05 usr/share/locale/fi/LC_MESSAGES/plasma_disks.mo
drwxr-xr-x root/root         0 2022-05-28 02:05 usr/share/locale/fr/
drwxr-xr-x root/root         0 2022-05-28 02:05 usr/share/locale/fr/LC_MESSAGES/
-rw-r--r-- root/root      5200 2022-05-28 02:05 usr/share/locale/fr/LC_MESSAGES/plasma_disks.mo
drwxr-xr-x root/root         0 2022-05-28 02:05 usr/share/locale/hu/
drwxr-xr-x root/root         0 2022-05-28 02:05 usr/share/locale/hu/LC_MESSAGES/
-rw-r--r-- root/root      4956 2022-05-28 02:05 usr/share/locale/hu/LC_MESSAGES/plasma_disks.mo
drwxr-xr-x root/root         0 2022-05-28 02:05 usr/share/locale/ia/
drwxr-xr-x root/root         0 2022-05-28 02:05 usr/share/locale/ia/LC_MESSAGES/
-rw-r--r-- root/root      5007 2022-05-28 02:05 usr/share/locale/ia/LC_MESSAGES/plasma_disks.mo
drwxr-xr-x root/root         0 2022-05-28 02:05 usr/share/locale/id/
drwxr-xr-x root/root         0 2022-05-28 02:05 usr/share/locale/id/LC_MESSAGES/
-rw-r--r-- root/root      4815 2022-05-28 02:05 usr/share/locale/id/LC_MESSAGES/plasma_disks.mo
drwxr-xr-x root/root         0 2022-05-28 02:05 usr/share/locale/it/
drwxr-xr-x root/root         0 2022-05-28 02:05 usr/share/locale/it/LC_MESSAGES/
-rw-r--r-- root/root      5035 2022-05-28 02:05 usr/share/locale/it/LC_MESSAGES/plasma_disks.mo
drwxr-xr-x root/root         0 2022-05-28 02:05 usr/share/locale/ka/
drwxr-xr-x root/root         0 2022-05-28 02:05 usr/share/locale/ka/LC_MESSAGES/
-rw-r--r-- root/root      5613 2022-05-28 02:05 usr/share/locale/ka/LC_MESSAGES/plasma_disks.mo
drwxr-xr-x root/root         0 2022-05-28 02:05 usr/share/locale/ko/
drwxr-xr-x root/root         0 2022-05-28 02:05 usr/share/locale/ko/LC_MESSAGES/
-rw-r--r-- root/root      4921 2022-05-28 02:05 usr/share/locale/ko/LC_MESSAGES/plasma_disks.mo
drwxr-xr-x root/root         0 2022-05-28 02:05 usr/share/locale/nl/
drwxr-xr-x root/root         0 2022-05-28 02:05 usr/share/locale/nl/LC_MESSAGES/
-rw-r--r-- root/root      4859 2022-05-28 02:05 usr/share/locale/nl/LC_MESSAGES/plasma_disks.mo
drwxr-xr-x root/root         0 2022-05-28 02:05 usr/share/locale/nn/
drwxr-xr-x root/root         0 2022-05-28 02:05 usr/share/locale/nn/LC_MESSAGES/
-rw-r--r-- root/root      4866 2022-05-28 02:05 usr/share/locale/nn/LC_MESSAGES/plasma_disks.mo
drwxr-xr-x root/root         0 2022-05-28 02:05 usr/share/locale/pa/
drwxr-xr-x root/root         0 2022-05-28 02:05 usr/share/locale/pa/LC_MESSAGES/
-rw-r--r-- root/root      2773 2022-05-28 02:05 usr/share/locale/pa/LC_MESSAGES/plasma_disks.mo
drwxr-xr-x root/root         0 2022-05-28 02:05 usr/share/locale/pl/
drwxr-xr-x root/root         0 2022-05-28 02:05 usr/share/locale/pl/LC_MESSAGES/
-rw-r--r-- root/root      5023 2022-05-28 02:05 usr/share/locale/pl/LC_MESSAGES/plasma_disks.mo
drwxr-xr-x root/root         0 2022-05-28 02:05 usr/share/locale/pt/
drwxr-xr-x root/root         0 2022-05-28 02:05 usr/share/locale/pt/LC_MESSAGES/
-rw-r--r-- root/root      5136 2022-05-28 02:05 usr/share/locale/pt/LC_MESSAGES/plasma_disks.mo
drwxr-xr-x root/root         0 2022-05-28 02:05 usr/share/locale/pt_BR/
drwxr-xr-x root/root         0 2022-05-28 02:05 usr/share/locale/pt_BR/LC_MESSAGES/
-rw-r--r-- root/root      5011 2022-05-28 02:05 usr/share/locale/pt_BR/LC_MESSAGES/plasma_disks.mo
drwxr-xr-x root/root         0 2022-05-28 02:05 usr/share/locale/ro/
drwxr-xr-x root/root         0 2022-05-28 02:05 usr/share/locale/ro/LC_MESSAGES/
-rw-r--r-- root/root      4996 2022-05-28 02:05 usr/share/locale/ro/LC_MESSAGES/plasma_disks.mo
drwxr-xr-x root/root         0 2022-05-28 02:05 usr/share/locale/ru/
drwxr-xr-x root/root         0 2022-05-28 02:05 usr/share/locale/ru/LC_MESSAGES/
-rw-r--r-- root/root      6387 2022-05-28 02:05 usr/share/locale/ru/LC_MESSAGES/plasma_disks.mo
drwxr-xr-x root/root         0 2022-05-28 02:05 usr/share/locale/sk/
drwxr-xr-x root/root         0 2022-05-28 02:05 usr/share/locale/sk/LC_MESSAGES/
-rw-r--r-- root/root      4841 2022-05-28 02:05 usr/share/locale/sk/LC_MESSAGES/plasma_disks.mo
drwxr-xr-x root/root         0 2022-05-28 02:05 usr/share/locale/sl/
drwxr-xr-x root/root         0 2022-05-28 02:05 usr/share/locale/sl/LC_MESSAGES/
-rw-r--r-- root/root      4931 2022-05-28 02:05 usr/share/locale/sl/LC_MESSAGES/plasma_disks.mo
drwxr-xr-x root/root         0 2022-05-28 02:05 usr/share/locale/sv/
drwxr-xr-x root/root         0 2022-05-28 02:05 usr/share/locale/sv/LC_MESSAGES/
-rw-r--r-- root/root      4796 2022-05-28 02:05 usr/share/locale/sv/LC_MESSAGES/plasma_disks.mo
drwxr-xr-x root/root         0 2022-05-28 02:05 usr/share/locale/tr/
drwxr-xr-x root/root         0 2022-05-28 02:05 usr/share/locale/tr/LC_MESSAGES/
-rw-r--r-- root/root      4849 2022-05-28 02:05 usr/share/locale/tr/LC_MESSAGES/plasma_disks.mo
drwxr-xr-x root/root         0 2022-05-28 02:05 usr/share/locale/uk/
drwxr-xr-x root/root         0 2022-05-28 02:05 usr/share/locale/uk/LC_MESSAGES/
-rw-r--r-- root/root      6201 2022-05-28 02:05 usr/share/locale/uk/LC_MESSAGES/plasma_disks.mo
drwxr-xr-x root/root         0 2022-05-28 02:05 usr/share/locale/zh_CN/
drwxr-xr-x root/root         0 2022-05-28 02:05 usr/share/locale/zh_CN/LC_MESSAGES/
-rw-r--r-- root/root      4683 2022-05-28 02:05 usr/share/locale/zh_CN/LC_MESSAGES/plasma_disks.mo
drwxr-xr-x root/root         0 2022-05-28 02:05 usr/share/metainfo/
-rw-r--r-- root/root     18567 2022-05-19 12:32 usr/share/metainfo/org.kde.plasma.disks.metainfo.xml
drwxr-xr-x root/root         0 2022-05-28 02:05 usr/share/polkit-1/
drwxr-xr-x root/root         0 2022-05-28 02:05 usr/share/polkit-1/actions/
-rw-r--r-- root/root      7397 2022-05-28 02:05 usr/share/polkit-1/actions/org.kde.kded.smart.policy


