++========================================
||
||   Package:  ./plasma/polkit-kde-agent-1-5.24.90-x86_64-2.txz
||
++========================================
drwxr-xr-x root/root         0 2022-05-28 02:02 ./
drwxr-xr-x root/root         0 2022-05-28 02:02 etc/
drwxr-xr-x root/root         0 2022-05-28 02:02 etc/kde/
drwxr-xr-x root/root         0 2022-05-28 02:02 etc/kde/xdg/
drwxr-xr-x root/root         0 2022-05-28 02:02 etc/kde/xdg/autostart/
-rw-r--r-- root/root      4743 2022-05-28 02:02 etc/kde/xdg/autostart/polkit-kde-authentication-agent-1.desktop
drwxr-xr-x root/root         0 2022-05-28 02:02 install/
-rw-r--r-- root/root       865 2022-05-28 02:02 install/slack-desc
drwxr-xr-x root/root         0 2022-05-28 02:02 usr/
drwxr-xr-x root/root         0 2022-05-28 02:02 usr/doc/
drwxr-xr-x root/root         0 2022-05-28 02:02 usr/doc/polkit-kde-agent-1-5.24.90/
drwxr-xr-x root/root         0 2022-05-19 12:42 usr/doc/polkit-kde-agent-1-5.24.90/LICENSES/
-rw-r--r-- root/root      7048 2022-05-19 12:42 usr/doc/polkit-kde-agent-1-5.24.90/LICENSES/CC0-1.0.txt
-rw-r--r-- root/root     17277 2022-05-19 12:42 usr/doc/polkit-kde-agent-1-5.24.90/LICENSES/GPL-2.0-or-later.txt
drwxr-xr-x root/root         0 2022-05-28 02:02 usr/lib/
drwxr-xr-x root/root         0 2022-05-28 02:02 usr/lib/systemd/
drwxr-xr-x root/root         0 2022-05-28 02:02 usr/lib/systemd/user/
-rw-r--r-- root/root       294 2022-05-28 02:02 usr/lib/systemd/user/plasma-polkit-agent.service
drwxr-xr-x root/root         0 2022-05-28 02:02 usr/lib64/
drwxr-xr-x root/root         0 2022-05-28 02:02 usr/lib64/libexec/
-rwxr-xr-x root/root     94184 2022-05-28 02:02 usr/lib64/libexec/polkit-kde-authentication-agent-1
drwxr-xr-x root/root         0 2022-05-28 02:02 usr/share/
drwxr-xr-x root/root         0 2022-05-28 02:02 usr/share/applications/
-rw-r--r-- root/root      4743 2022-05-28 02:02 usr/share/applications/org.kde.polkit-kde-authentication-agent-1.desktop
drwxr-xr-x root/root         0 2022-05-28 02:02 usr/share/knotifications5/
-rw-r--r-- root/root      6993 2022-05-19 12:42 usr/share/knotifications5/policykit1-kde.notifyrc
drwxr-xr-x root/root         0 2022-05-28 02:02 usr/share/locale/
drwxr-xr-x root/root         0 2022-05-28 02:02 usr/share/locale/ar/
drwxr-xr-x root/root         0 2022-05-28 02:02 usr/share/locale/ar/LC_MESSAGES/
-rw-r--r-- root/root      2927 2022-05-28 02:02 usr/share/locale/ar/LC_MESSAGES/polkit-kde-authentication-agent-1.mo
drwxr-xr-x root/root         0 2022-05-28 02:02 usr/share/locale/ast/
drwxr-xr-x root/root         0 2022-05-28 02:02 usr/share/locale/ast/LC_MESSAGES/
-rw-r--r-- root/root      2622 2022-05-28 02:02 usr/share/locale/ast/LC_MESSAGES/polkit-kde-authentication-agent-1.mo
drwxr-xr-x root/root         0 2022-05-28 02:02 usr/share/locale/bs/
drwxr-xr-x root/root         0 2022-05-28 02:02 usr/share/locale/bs/LC_MESSAGES/
-rw-r--r-- root/root      2190 2022-05-28 02:02 usr/share/locale/bs/LC_MESSAGES/polkit-kde-authentication-agent-1.mo
drwxr-xr-x root/root         0 2022-05-28 02:02 usr/share/locale/ca/
drwxr-xr-x root/root         0 2022-05-28 02:02 usr/share/locale/ca/LC_MESSAGES/
-rw-r--r-- root/root      2765 2022-05-28 02:02 usr/share/locale/ca/LC_MESSAGES/polkit-kde-authentication-agent-1.mo
drwxr-xr-x root/root         0 2022-05-28 02:02 usr/share/locale/ca@valencia/
drwxr-xr-x root/root         0 2022-05-28 02:02 usr/share/locale/ca@valencia/LC_MESSAGES/
-rw-r--r-- root/root      2763 2022-05-28 02:02 usr/share/locale/ca@valencia/LC_MESSAGES/polkit-kde-authentication-agent-1.mo
drwxr-xr-x root/root         0 2022-05-28 02:02 usr/share/locale/cs/
drwxr-xr-x root/root         0 2022-05-28 02:02 usr/share/locale/cs/LC_MESSAGES/
-rw-r--r-- root/root      2664 2022-05-28 02:02 usr/share/locale/cs/LC_MESSAGES/polkit-kde-authentication-agent-1.mo
drwxr-xr-x root/root         0 2022-05-28 02:02 usr/share/locale/da/
drwxr-xr-x root/root         0 2022-05-28 02:02 usr/share/locale/da/LC_MESSAGES/
-rw-r--r-- root/root      2593 2022-05-28 02:02 usr/share/locale/da/LC_MESSAGES/polkit-kde-authentication-agent-1.mo
drwxr-xr-x root/root         0 2022-05-28 02:02 usr/share/locale/de/
drwxr-xr-x root/root         0 2022-05-28 02:02 usr/share/locale/de/LC_MESSAGES/
-rw-r--r-- root/root      2695 2022-05-28 02:02 usr/share/locale/de/LC_MESSAGES/polkit-kde-authentication-agent-1.mo
drwxr-xr-x root/root         0 2022-05-28 02:02 usr/share/locale/el/
drwxr-xr-x root/root         0 2022-05-28 02:02 usr/share/locale/el/LC_MESSAGES/
-rw-r--r-- root/root      3217 2022-05-28 02:02 usr/share/locale/el/LC_MESSAGES/polkit-kde-authentication-agent-1.mo
drwxr-xr-x root/root         0 2022-05-28 02:02 usr/share/locale/en_GB/
drwxr-xr-x root/root         0 2022-05-28 02:02 usr/share/locale/en_GB/LC_MESSAGES/
-rw-r--r-- root/root      2603 2022-05-28 02:02 usr/share/locale/en_GB/LC_MESSAGES/polkit-kde-authentication-agent-1.mo
drwxr-xr-x root/root         0 2022-05-28 02:02 usr/share/locale/eo/
drwxr-xr-x root/root         0 2022-05-28 02:02 usr/share/locale/eo/LC_MESSAGES/
-rw-r--r-- root/root       958 2022-05-28 02:02 usr/share/locale/eo/LC_MESSAGES/polkit-kde-authentication-agent-1.mo
drwxr-xr-x root/root         0 2022-05-28 02:02 usr/share/locale/es/
drwxr-xr-x root/root         0 2022-05-28 02:02 usr/share/locale/es/LC_MESSAGES/
-rw-r--r-- root/root      2747 2022-05-28 02:02 usr/share/locale/es/LC_MESSAGES/polkit-kde-authentication-agent-1.mo
drwxr-xr-x root/root         0 2022-05-28 02:02 usr/share/locale/et/
drwxr-xr-x root/root         0 2022-05-28 02:02 usr/share/locale/et/LC_MESSAGES/
-rw-r--r-- root/root      2521 2022-05-28 02:02 usr/share/locale/et/LC_MESSAGES/polkit-kde-authentication-agent-1.mo
drwxr-xr-x root/root         0 2022-05-28 02:02 usr/share/locale/eu/
drwxr-xr-x root/root         0 2022-05-28 02:02 usr/share/locale/eu/LC_MESSAGES/
-rw-r--r-- root/root      2646 2022-05-28 02:02 usr/share/locale/eu/LC_MESSAGES/polkit-kde-authentication-agent-1.mo
drwxr-xr-x root/root         0 2022-05-28 02:02 usr/share/locale/fi/
drwxr-xr-x root/root         0 2022-05-28 02:02 usr/share/locale/fi/LC_MESSAGES/
-rw-r--r-- root/root      2814 2022-05-28 02:02 usr/share/locale/fi/LC_MESSAGES/polkit-kde-authentication-agent-1.mo
drwxr-xr-x root/root         0 2022-05-28 02:02 usr/share/locale/fr/
drwxr-xr-x root/root         0 2022-05-28 02:02 usr/share/locale/fr/LC_MESSAGES/
-rw-r--r-- root/root      2877 2022-05-28 02:02 usr/share/locale/fr/LC_MESSAGES/polkit-kde-authentication-agent-1.mo
drwxr-xr-x root/root         0 2022-05-28 02:02 usr/share/locale/ga/
drwxr-xr-x root/root         0 2022-05-28 02:02 usr/share/locale/ga/LC_MESSAGES/
-rw-r--r-- root/root      2203 2022-05-28 02:02 usr/share/locale/ga/LC_MESSAGES/polkit-kde-authentication-agent-1.mo
drwxr-xr-x root/root         0 2022-05-28 02:02 usr/share/locale/gl/
drwxr-xr-x root/root         0 2022-05-28 02:02 usr/share/locale/gl/LC_MESSAGES/
-rw-r--r-- root/root      2695 2022-05-28 02:02 usr/share/locale/gl/LC_MESSAGES/polkit-kde-authentication-agent-1.mo
drwxr-xr-x root/root         0 2022-05-28 02:02 usr/share/locale/he/
drwxr-xr-x root/root         0 2022-05-28 02:02 usr/share/locale/he/LC_MESSAGES/
-rw-r--r-- root/root      2477 2022-05-28 02:02 usr/share/locale/he/LC_MESSAGES/polkit-kde-authentication-agent-1.mo
drwxr-xr-x root/root         0 2022-05-28 02:02 usr/share/locale/hr/
drwxr-xr-x root/root         0 2022-05-28 02:02 usr/share/locale/hr/LC_MESSAGES/
-rw-r--r-- root/root      2154 2022-05-28 02:02 usr/share/locale/hr/LC_MESSAGES/polkit-kde-authentication-agent-1.mo
drwxr-xr-x root/root         0 2022-05-28 02:02 usr/share/locale/hsb/
drwxr-xr-x root/root         0 2022-05-28 02:02 usr/share/locale/hsb/LC_MESSAGES/
-rw-r--r-- root/root      2620 2022-05-28 02:02 usr/share/locale/hsb/LC_MESSAGES/polkit-kde-authentication-agent-1.mo
drwxr-xr-x root/root         0 2022-05-28 02:02 usr/share/locale/hu/
drwxr-xr-x root/root         0 2022-05-28 02:02 usr/share/locale/hu/LC_MESSAGES/
-rw-r--r-- root/root      2709 2022-05-28 02:02 usr/share/locale/hu/LC_MESSAGES/polkit-kde-authentication-agent-1.mo
drwxr-xr-x root/root         0 2022-05-28 02:02 usr/share/locale/ia/
drwxr-xr-x root/root         0 2022-05-28 02:02 usr/share/locale/ia/LC_MESSAGES/
-rw-r--r-- root/root      2607 2022-05-28 02:02 usr/share/locale/ia/LC_MESSAGES/polkit-kde-authentication-agent-1.mo
drwxr-xr-x root/root         0 2022-05-28 02:02 usr/share/locale/id/
drwxr-xr-x root/root         0 2022-05-28 02:02 usr/share/locale/id/LC_MESSAGES/
-rw-r--r-- root/root      2523 2022-05-28 02:02 usr/share/locale/id/LC_MESSAGES/polkit-kde-authentication-agent-1.mo
drwxr-xr-x root/root         0 2022-05-28 02:02 usr/share/locale/is/
drwxr-xr-x root/root         0 2022-05-28 02:02 usr/share/locale/is/LC_MESSAGES/
-rw-r--r-- root/root      1154 2022-05-28 02:02 usr/share/locale/is/LC_MESSAGES/polkit-kde-authentication-agent-1.mo
drwxr-xr-x root/root         0 2022-05-28 02:02 usr/share/locale/it/
drwxr-xr-x root/root         0 2022-05-28 02:02 usr/share/locale/it/LC_MESSAGES/
-rw-r--r-- root/root      2614 2022-05-28 02:02 usr/share/locale/it/LC_MESSAGES/polkit-kde-authentication-agent-1.mo
drwxr-xr-x root/root         0 2022-05-28 02:02 usr/share/locale/ja/
drwxr-xr-x root/root         0 2022-05-28 02:02 usr/share/locale/ja/LC_MESSAGES/
-rw-r--r-- root/root      1964 2022-05-28 02:02 usr/share/locale/ja/LC_MESSAGES/polkit-kde-authentication-agent-1.mo
drwxr-xr-x root/root         0 2022-05-28 02:02 usr/share/locale/kk/
drwxr-xr-x root/root         0 2022-05-28 02:02 usr/share/locale/kk/LC_MESSAGES/
-rw-r--r-- root/root      2399 2022-05-28 02:02 usr/share/locale/kk/LC_MESSAGES/polkit-kde-authentication-agent-1.mo
drwxr-xr-x root/root         0 2022-05-28 02:02 usr/share/locale/km/
drwxr-xr-x root/root         0 2022-05-28 02:02 usr/share/locale/km/LC_MESSAGES/
-rw-r--r-- root/root      3412 2022-05-28 02:02 usr/share/locale/km/LC_MESSAGES/polkit-kde-authentication-agent-1.mo
drwxr-xr-x root/root         0 2022-05-28 02:02 usr/share/locale/ko/
drwxr-xr-x root/root         0 2022-05-28 02:02 usr/share/locale/ko/LC_MESSAGES/
-rw-r--r-- root/root      2585 2022-05-28 02:02 usr/share/locale/ko/LC_MESSAGES/polkit-kde-authentication-agent-1.mo
drwxr-xr-x root/root         0 2022-05-28 02:02 usr/share/locale/lt/
drwxr-xr-x root/root         0 2022-05-28 02:02 usr/share/locale/lt/LC_MESSAGES/
-rw-r--r-- root/root      2823 2022-05-28 02:02 usr/share/locale/lt/LC_MESSAGES/polkit-kde-authentication-agent-1.mo
drwxr-xr-x root/root         0 2022-05-28 02:02 usr/share/locale/mai/
drwxr-xr-x root/root         0 2022-05-28 02:02 usr/share/locale/mai/LC_MESSAGES/
-rw-r--r-- root/root      1032 2022-05-28 02:02 usr/share/locale/mai/LC_MESSAGES/polkit-kde-authentication-agent-1.mo
drwxr-xr-x root/root         0 2022-05-28 02:02 usr/share/locale/ml/
drwxr-xr-x root/root         0 2022-05-28 02:02 usr/share/locale/ml/LC_MESSAGES/
-rw-r--r-- root/root       749 2022-05-28 02:02 usr/share/locale/ml/LC_MESSAGES/polkit-kde-authentication-agent-1.mo
drwxr-xr-x root/root         0 2022-05-28 02:02 usr/share/locale/mr/
drwxr-xr-x root/root         0 2022-05-28 02:02 usr/share/locale/mr/LC_MESSAGES/
-rw-r--r-- root/root      1422 2022-05-28 02:02 usr/share/locale/mr/LC_MESSAGES/polkit-kde-authentication-agent-1.mo
drwxr-xr-x root/root         0 2022-05-28 02:02 usr/share/locale/ms/
drwxr-xr-x root/root         0 2022-05-28 02:02 usr/share/locale/ms/LC_MESSAGES/
-rw-r--r-- root/root       835 2022-05-28 02:02 usr/share/locale/ms/LC_MESSAGES/polkit-kde-authentication-agent-1.mo
drwxr-xr-x root/root         0 2022-05-28 02:02 usr/share/locale/nb/
drwxr-xr-x root/root         0 2022-05-28 02:02 usr/share/locale/nb/LC_MESSAGES/
-rw-r--r-- root/root      2451 2022-05-28 02:02 usr/share/locale/nb/LC_MESSAGES/polkit-kde-authentication-agent-1.mo
drwxr-xr-x root/root         0 2022-05-28 02:02 usr/share/locale/nds/
drwxr-xr-x root/root         0 2022-05-28 02:02 usr/share/locale/nds/LC_MESSAGES/
-rw-r--r-- root/root      2145 2022-05-28 02:02 usr/share/locale/nds/LC_MESSAGES/polkit-kde-authentication-agent-1.mo
drwxr-xr-x root/root         0 2022-05-28 02:02 usr/share/locale/nl/
drwxr-xr-x root/root         0 2022-05-28 02:02 usr/share/locale/nl/LC_MESSAGES/
-rw-r--r-- root/root      2587 2022-05-28 02:02 usr/share/locale/nl/LC_MESSAGES/polkit-kde-authentication-agent-1.mo
drwxr-xr-x root/root         0 2022-05-28 02:02 usr/share/locale/nn/
drwxr-xr-x root/root         0 2022-05-28 02:02 usr/share/locale/nn/LC_MESSAGES/
-rw-r--r-- root/root      2631 2022-05-28 02:02 usr/share/locale/nn/LC_MESSAGES/polkit-kde-authentication-agent-1.mo
drwxr-xr-x root/root         0 2022-05-28 02:02 usr/share/locale/pa/
drwxr-xr-x root/root         0 2022-05-28 02:02 usr/share/locale/pa/LC_MESSAGES/
-rw-r--r-- root/root      3316 2022-05-28 02:02 usr/share/locale/pa/LC_MESSAGES/polkit-kde-authentication-agent-1.mo
drwxr-xr-x root/root         0 2022-05-28 02:02 usr/share/locale/pl/
drwxr-xr-x root/root         0 2022-05-28 02:02 usr/share/locale/pl/LC_MESSAGES/
-rw-r--r-- root/root      2690 2022-05-28 02:02 usr/share/locale/pl/LC_MESSAGES/polkit-kde-authentication-agent-1.mo
drwxr-xr-x root/root         0 2022-05-28 02:02 usr/share/locale/pt/
drwxr-xr-x root/root         0 2022-05-28 02:02 usr/share/locale/pt/LC_MESSAGES/
-rw-r--r-- root/root      2734 2022-05-28 02:02 usr/share/locale/pt/LC_MESSAGES/polkit-kde-authentication-agent-1.mo
drwxr-xr-x root/root         0 2022-05-28 02:02 usr/share/locale/pt_BR/
drwxr-xr-x root/root         0 2022-05-28 02:02 usr/share/locale/pt_BR/LC_MESSAGES/
-rw-r--r-- root/root      2647 2022-05-28 02:02 usr/share/locale/pt_BR/LC_MESSAGES/polkit-kde-authentication-agent-1.mo
drwxr-xr-x root/root         0 2022-05-28 02:02 usr/share/locale/ro/
drwxr-xr-x root/root         0 2022-05-28 02:02 usr/share/locale/ro/LC_MESSAGES/
-rw-r--r-- root/root      2627 2022-05-28 02:02 usr/share/locale/ro/LC_MESSAGES/polkit-kde-authentication-agent-1.mo
drwxr-xr-x root/root         0 2022-05-28 02:02 usr/share/locale/ru/
drwxr-xr-x root/root         0 2022-05-28 02:02 usr/share/locale/ru/LC_MESSAGES/
-rw-r--r-- root/root      3517 2022-05-28 02:02 usr/share/locale/ru/LC_MESSAGES/polkit-kde-authentication-agent-1.mo
drwxr-xr-x root/root         0 2022-05-28 02:02 usr/share/locale/sk/
drwxr-xr-x root/root         0 2022-05-28 02:02 usr/share/locale/sk/LC_MESSAGES/
-rw-r--r-- root/root      2637 2022-05-28 02:02 usr/share/locale/sk/LC_MESSAGES/polkit-kde-authentication-agent-1.mo
drwxr-xr-x root/root         0 2022-05-28 02:02 usr/share/locale/sl/
drwxr-xr-x root/root         0 2022-05-28 02:02 usr/share/locale/sl/LC_MESSAGES/
-rw-r--r-- root/root      2727 2022-05-28 02:02 usr/share/locale/sl/LC_MESSAGES/polkit-kde-authentication-agent-1.mo
drwxr-xr-x root/root         0 2022-05-28 02:02 usr/share/locale/sr/
drwxr-xr-x root/root         0 2022-05-28 02:02 usr/share/locale/sr/LC_MESSAGES/
-rw-r--r-- root/root      2923 2022-05-28 02:02 usr/share/locale/sr/LC_MESSAGES/polkit-kde-authentication-agent-1.mo
drwxr-xr-x root/root         0 2022-05-28 02:02 usr/share/locale/sr@ijekavian/
drwxr-xr-x root/root         0 2022-05-28 02:02 usr/share/locale/sr@ijekavian/LC_MESSAGES/
-rw-r--r-- root/root      2943 2022-05-28 02:02 usr/share/locale/sr@ijekavian/LC_MESSAGES/polkit-kde-authentication-agent-1.mo
drwxr-xr-x root/root         0 2022-05-28 02:02 usr/share/locale/sr@ijekavianlatin/
drwxr-xr-x root/root         0 2022-05-28 02:02 usr/share/locale/sr@ijekavianlatin/LC_MESSAGES/
-rw-r--r-- root/root      2518 2022-05-28 02:02 usr/share/locale/sr@ijekavianlatin/LC_MESSAGES/polkit-kde-authentication-agent-1.mo
drwxr-xr-x root/root         0 2022-05-28 02:02 usr/share/locale/sr@latin/
drwxr-xr-x root/root         0 2022-05-28 02:02 usr/share/locale/sr@latin/LC_MESSAGES/
-rw-r--r-- root/root      2504 2022-05-28 02:02 usr/share/locale/sr@latin/LC_MESSAGES/polkit-kde-authentication-agent-1.mo
drwxr-xr-x root/root         0 2022-05-28 02:02 usr/share/locale/sv/
drwxr-xr-x root/root         0 2022-05-28 02:02 usr/share/locale/sv/LC_MESSAGES/
-rw-r--r-- root/root      2692 2022-05-28 02:02 usr/share/locale/sv/LC_MESSAGES/polkit-kde-authentication-agent-1.mo
drwxr-xr-x root/root         0 2022-05-28 02:02 usr/share/locale/tg/
drwxr-xr-x root/root         0 2022-05-28 02:02 usr/share/locale/tg/LC_MESSAGES/
-rw-r--r-- root/root      3559 2022-05-28 02:02 usr/share/locale/tg/LC_MESSAGES/polkit-kde-authentication-agent-1.mo
drwxr-xr-x root/root         0 2022-05-28 02:02 usr/share/locale/th/
drwxr-xr-x root/root         0 2022-05-28 02:02 usr/share/locale/th/LC_MESSAGES/
-rw-r--r-- root/root      2824 2022-05-28 02:02 usr/share/locale/th/LC_MESSAGES/polkit-kde-authentication-agent-1.mo
drwxr-xr-x root/root         0 2022-05-28 02:02 usr/share/locale/tr/
drwxr-xr-x root/root         0 2022-05-28 02:02 usr/share/locale/tr/LC_MESSAGES/
-rw-r--r-- root/root      2673 2022-05-28 02:02 usr/share/locale/tr/LC_MESSAGES/polkit-kde-authentication-agent-1.mo
drwxr-xr-x root/root         0 2022-05-28 02:02 usr/share/locale/ug/
drwxr-xr-x root/root         0 2022-05-28 02:02 usr/share/locale/ug/LC_MESSAGES/
-rw-r--r-- root/root      1973 2022-05-28 02:02 usr/share/locale/ug/LC_MESSAGES/polkit-kde-authentication-agent-1.mo
drwxr-xr-x root/root         0 2022-05-28 02:02 usr/share/locale/uk/
drwxr-xr-x root/root         0 2022-05-28 02:02 usr/share/locale/uk/LC_MESSAGES/
-rw-r--r-- root/root      3093 2022-05-28 02:02 usr/share/locale/uk/LC_MESSAGES/polkit-kde-authentication-agent-1.mo
drwxr-xr-x root/root         0 2022-05-28 02:02 usr/share/locale/vi/
drwxr-xr-x root/root         0 2022-05-28 02:02 usr/share/locale/vi/LC_MESSAGES/
-rw-r--r-- root/root      2797 2022-05-28 02:02 usr/share/locale/vi/LC_MESSAGES/polkit-kde-authentication-agent-1.mo
drwxr-xr-x root/root         0 2022-05-28 02:02 usr/share/locale/zh_CN/
drwxr-xr-x root/root         0 2022-05-28 02:02 usr/share/locale/zh_CN/LC_MESSAGES/
-rw-r--r-- root/root      2717 2022-05-28 02:02 usr/share/locale/zh_CN/LC_MESSAGES/polkit-kde-authentication-agent-1.mo
drwxr-xr-x root/root         0 2022-05-28 02:02 usr/share/locale/zh_TW/
drwxr-xr-x root/root         0 2022-05-28 02:02 usr/share/locale/zh_TW/LC_MESSAGES/
-rw-r--r-- root/root      2463 2022-05-28 02:02 usr/share/locale/zh_TW/LC_MESSAGES/polkit-kde-authentication-agent-1.mo


