++========================================
||
||   Package:  ./plasma/qqc2-breeze-style-5.24.90-x86_64-2.txz
||
++========================================
drwxr-xr-x root/root         0 2022-05-28 02:06 ./
drwxr-xr-x root/root         0 2022-05-28 02:06 install/
-rw-r--r-- root/root       853 2022-05-28 02:06 install/slack-desc
drwxr-xr-x root/root         0 2022-05-28 02:05 usr/
drwxr-xr-x root/root         0 2022-05-28 02:05 usr/doc/
drwxr-xr-x root/root         0 2022-05-28 02:05 usr/doc/qqc2-breeze-style-5.24.90/
drwxr-xr-x root/root         0 2022-05-19 12:43 usr/doc/qqc2-breeze-style-5.24.90/LICENSES/
-rw-r--r-- root/root     17623 2022-05-19 12:43 usr/doc/qqc2-breeze-style-5.24.90/LICENSES/GPL-2.0-only.txt
-rw-r--r-- root/root     17622 2022-05-19 12:43 usr/doc/qqc2-breeze-style-5.24.90/LICENSES/GPL-2.0-or-later.txt
-rw-r--r-- root/root     34470 2022-05-19 12:43 usr/doc/qqc2-breeze-style-5.24.90/LICENSES/GPL-3.0-only.txt
-rw-r--r-- root/root     24774 2022-05-19 12:43 usr/doc/qqc2-breeze-style-5.24.90/LICENSES/LGPL-2.0-only.txt
-rw-r--r-- root/root     24774 2022-05-19 12:43 usr/doc/qqc2-breeze-style-5.24.90/LICENSES/LGPL-2.0-or-later.txt
-rw-r--r-- root/root     25967 2022-05-19 12:43 usr/doc/qqc2-breeze-style-5.24.90/LICENSES/LGPL-2.1-only.txt
-rw-r--r-- root/root      7431 2022-05-19 12:43 usr/doc/qqc2-breeze-style-5.24.90/LICENSES/LGPL-3.0-only.txt
-rw-r--r-- root/root       665 2022-05-19 12:43 usr/doc/qqc2-breeze-style-5.24.90/LICENSES/LicenseRef-KDE-Accepted-LGPL.txt
-rw-r--r-- root/root       575 2022-05-19 12:43 usr/doc/qqc2-breeze-style-5.24.90/LICENSES/LicenseRef-KFQF-Accepted-GPL.txt
-rw-r--r-- root/root       435 2022-05-19 12:43 usr/doc/qqc2-breeze-style-5.24.90/LICENSES/LicenseRef-Qt-Commercial.txt
-rw-r--r-- root/root       624 2022-05-19 12:43 usr/doc/qqc2-breeze-style-5.24.90/README.md
drwxr-xr-x root/root         0 2022-05-28 02:05 usr/lib64/
drwxr-xr-x root/root         0 2022-05-28 02:05 usr/lib64/cmake/
drwxr-xr-x root/root         0 2022-05-28 02:05 usr/lib64/cmake/KF5QQC2BreezeStyle/
-rw-r--r-- root/root      1506 2022-05-28 02:05 usr/lib64/cmake/KF5QQC2BreezeStyle/KF5QQC2BreezeStyleConfig.cmake
-rw-r--r-- root/root      1975 2022-05-28 02:05 usr/lib64/cmake/KF5QQC2BreezeStyle/KF5QQC2BreezeStyleConfigVersion.cmake
drwxr-xr-x root/root         0 2022-05-28 02:05 usr/lib64/qt5/
drwxr-xr-x root/root         0 2022-05-28 02:05 usr/lib64/qt5/plugins/
drwxr-xr-x root/root         0 2022-05-28 02:05 usr/lib64/qt5/plugins/kf5/
drwxr-xr-x root/root         0 2022-05-28 02:05 usr/lib64/qt5/plugins/kf5/kirigami/
-rwxr-xr-x root/root     56648 2022-05-28 02:05 usr/lib64/qt5/plugins/kf5/kirigami/org.kde.breeze.so
drwxr-xr-x root/root         0 2022-05-28 02:05 usr/lib64/qt5/qml/
drwxr-xr-x root/root         0 2022-05-28 02:05 usr/lib64/qt5/qml/QtQuick/
drwxr-xr-x root/root         0 2022-05-28 02:05 usr/lib64/qt5/qml/QtQuick/Controls.2/
drwxr-xr-x root/root         0 2022-05-28 02:05 usr/lib64/qt5/qml/QtQuick/Controls.2/org.kde.breeze/
-rw-r--r-- root/root       650 2022-05-19 12:43 usr/lib64/qt5/qml/QtQuick/Controls.2/org.kde.breeze/AbstractButton.qml
-rw-r--r-- root/root       425 2022-05-19 12:43 usr/lib64/qt5/qml/QtQuick/Controls.2/org.kde.breeze/ApplicationWindow.qml
-rw-r--r-- root/root      5777 2022-05-19 12:43 usr/lib64/qt5/qml/QtQuick/Controls.2/org.kde.breeze/BusyIndicator.qml
-rw-r--r-- root/root      3019 2022-05-19 12:43 usr/lib64/qt5/qml/QtQuick/Controls.2/org.kde.breeze/Button.qml
-rw-r--r-- root/root       234 2022-05-19 12:43 usr/lib64/qt5/qml/QtQuick/Controls.2/org.kde.breeze/ButtonGroup.qml
-rw-r--r-- root/root      1818 2022-05-19 12:43 usr/lib64/qt5/qml/QtQuick/Controls.2/org.kde.breeze/CheckBox.qml
-rw-r--r-- root/root      2382 2022-05-19 12:43 usr/lib64/qt5/qml/QtQuick/Controls.2/org.kde.breeze/CheckDelegate.qml
-rw-r--r-- root/root     10047 2022-05-19 12:43 usr/lib64/qt5/qml/QtQuick/Controls.2/org.kde.breeze/ComboBox.qml
-rw-r--r-- root/root       591 2022-05-19 12:43 usr/lib64/qt5/qml/QtQuick/Controls.2/org.kde.breeze/Container.qml
-rw-r--r-- root/root       565 2022-05-19 12:43 usr/lib64/qt5/qml/QtQuick/Controls.2/org.kde.breeze/Control.qml
-rw-r--r-- root/root      5155 2022-05-19 12:43 usr/lib64/qt5/qml/QtQuick/Controls.2/org.kde.breeze/DelayButton.qml
-rw-r--r-- root/root      5320 2022-05-19 12:43 usr/lib64/qt5/qml/QtQuick/Controls.2/org.kde.breeze/Dial.qml
-rw-r--r-- root/root      2149 2022-05-19 12:43 usr/lib64/qt5/qml/QtQuick/Controls.2/org.kde.breeze/Dialog.qml
-rw-r--r-- root/root      4960 2022-05-19 12:43 usr/lib64/qt5/qml/QtQuick/Controls.2/org.kde.breeze/DialogButtonBox.qml
-rw-r--r-- root/root      1903 2022-05-19 12:43 usr/lib64/qt5/qml/QtQuick/Controls.2/org.kde.breeze/Drawer.qml
-rw-r--r-- root/root      1201 2022-05-19 12:43 usr/lib64/qt5/qml/QtQuick/Controls.2/org.kde.breeze/Frame.qml
-rw-r--r-- root/root      1704 2022-05-19 12:43 usr/lib64/qt5/qml/QtQuick/Controls.2/org.kde.breeze/GroupBox.qml
-rw-r--r-- root/root      2790 2022-05-19 12:43 usr/lib64/qt5/qml/QtQuick/Controls.2/org.kde.breeze/HorizontalHeaderView.qml
-rw-r--r-- root/root      2075 2022-05-19 12:43 usr/lib64/qt5/qml/QtQuick/Controls.2/org.kde.breeze/ItemDelegate.qml
-rw-r--r-- root/root       362 2022-05-19 12:43 usr/lib64/qt5/qml/QtQuick/Controls.2/org.kde.breeze/Label.qml
-rw-r--r-- root/root      3273 2022-05-19 12:43 usr/lib64/qt5/qml/QtQuick/Controls.2/org.kde.breeze/Menu.qml
-rw-r--r-- root/root       755 2022-05-19 12:43 usr/lib64/qt5/qml/QtQuick/Controls.2/org.kde.breeze/MenuBar.qml
-rw-r--r-- root/root      2150 2022-05-19 12:43 usr/lib64/qt5/qml/QtQuick/Controls.2/org.kde.breeze/MenuBarItem.qml
-rw-r--r-- root/root      4901 2022-05-19 12:43 usr/lib64/qt5/qml/QtQuick/Controls.2/org.kde.breeze/MenuItem.qml
-rw-r--r-- root/root       799 2022-05-19 12:43 usr/lib64/qt5/qml/QtQuick/Controls.2/org.kde.breeze/MenuSeparator.qml
-rw-r--r-- root/root      2280 2022-05-19 12:43 usr/lib64/qt5/qml/QtQuick/Controls.2/org.kde.breeze/MobileTextActionsToolBar.qml
-rw-r--r-- root/root       956 2022-05-19 12:43 usr/lib64/qt5/qml/QtQuick/Controls.2/org.kde.breeze/Page.qml
-rw-r--r-- root/root      1432 2022-05-19 12:43 usr/lib64/qt5/qml/QtQuick/Controls.2/org.kde.breeze/PageIndicator.qml
-rw-r--r-- root/root       861 2022-05-19 12:43 usr/lib64/qt5/qml/QtQuick/Controls.2/org.kde.breeze/Pane.qml
-rw-r--r-- root/root      1758 2022-05-19 12:43 usr/lib64/qt5/qml/QtQuick/Controls.2/org.kde.breeze/Popup.qml
-rw-r--r-- root/root      1902 2022-05-19 12:43 usr/lib64/qt5/qml/QtQuick/Controls.2/org.kde.breeze/ProgressBar.qml
-rw-r--r-- root/root      1825 2022-05-19 12:43 usr/lib64/qt5/qml/QtQuick/Controls.2/org.kde.breeze/RadioButton.qml
-rw-r--r-- root/root      2380 2022-05-19 12:43 usr/lib64/qt5/qml/QtQuick/Controls.2/org.kde.breeze/RadioDelegate.qml
-rw-r--r-- root/root      1983 2022-05-19 12:43 usr/lib64/qt5/qml/QtQuick/Controls.2/org.kde.breeze/RangeSlider.qml
-rw-r--r-- root/root      2013 2022-05-19 12:43 usr/lib64/qt5/qml/QtQuick/Controls.2/org.kde.breeze/RoundButton.qml
-rw-r--r-- root/root      1782 2022-05-19 12:43 usr/lib64/qt5/qml/QtQuick/Controls.2/org.kde.breeze/ScrollBar.qml
-rw-r--r-- root/root       842 2022-05-19 12:43 usr/lib64/qt5/qml/QtQuick/Controls.2/org.kde.breeze/ScrollIndicator.qml
-rw-r--r-- root/root      1502 2022-05-19 12:43 usr/lib64/qt5/qml/QtQuick/Controls.2/org.kde.breeze/ScrollView.qml
-rw-r--r-- root/root      1794 2022-05-19 12:43 usr/lib64/qt5/qml/QtQuick/Controls.2/org.kde.breeze/Slider.qml
-rw-r--r-- root/root      3886 2022-05-19 12:43 usr/lib64/qt5/qml/QtQuick/Controls.2/org.kde.breeze/SpinBox.qml
-rw-r--r-- root/root      2572 2022-05-19 12:43 usr/lib64/qt5/qml/QtQuick/Controls.2/org.kde.breeze/SplitView.qml
-rw-r--r-- root/root      1115 2022-05-19 12:43 usr/lib64/qt5/qml/QtQuick/Controls.2/org.kde.breeze/StackView.qml
-rw-r--r-- root/root      2411 2022-05-19 12:43 usr/lib64/qt5/qml/QtQuick/Controls.2/org.kde.breeze/SwipeDelegate.qml
-rw-r--r-- root/root      1052 2022-05-19 12:43 usr/lib64/qt5/qml/QtQuick/Controls.2/org.kde.breeze/SwipeView.qml
-rw-r--r-- root/root      1768 2022-05-19 12:43 usr/lib64/qt5/qml/QtQuick/Controls.2/org.kde.breeze/Switch.qml
-rw-r--r-- root/root      2382 2022-05-19 12:43 usr/lib64/qt5/qml/QtQuick/Controls.2/org.kde.breeze/SwitchDelegate.qml
-rw-r--r-- root/root      2075 2022-05-19 12:43 usr/lib64/qt5/qml/QtQuick/Controls.2/org.kde.breeze/TabBar.qml
-rw-r--r-- root/root      7011 2022-05-19 12:43 usr/lib64/qt5/qml/QtQuick/Controls.2/org.kde.breeze/TabButton.qml
-rw-r--r-- root/root      3834 2022-05-19 12:43 usr/lib64/qt5/qml/QtQuick/Controls.2/org.kde.breeze/TextArea.qml
-rw-r--r-- root/root      3743 2022-05-19 12:43 usr/lib64/qt5/qml/QtQuick/Controls.2/org.kde.breeze/TextField.qml
-rw-r--r-- root/root      1938 2022-05-19 12:43 usr/lib64/qt5/qml/QtQuick/Controls.2/org.kde.breeze/ToolBar.qml
-rw-r--r-- root/root      4375 2022-05-19 12:43 usr/lib64/qt5/qml/QtQuick/Controls.2/org.kde.breeze/ToolButton.qml
-rw-r--r-- root/root      1025 2022-05-19 12:43 usr/lib64/qt5/qml/QtQuick/Controls.2/org.kde.breeze/ToolSeparator.qml
-rw-r--r-- root/root      4564 2022-05-19 12:43 usr/lib64/qt5/qml/QtQuick/Controls.2/org.kde.breeze/ToolTip.qml
-rw-r--r-- root/root      1511 2022-05-19 12:43 usr/lib64/qt5/qml/QtQuick/Controls.2/org.kde.breeze/Tumbler.qml
-rw-r--r-- root/root      2787 2022-05-19 12:43 usr/lib64/qt5/qml/QtQuick/Controls.2/org.kde.breeze/VerticalHeaderView.qml
drwxr-xr-x root/root         0 2022-05-28 02:05 usr/lib64/qt5/qml/QtQuick/Controls.2/org.kde.breeze/impl/
-rw-r--r-- root/root      1077 2022-05-19 12:43 usr/lib64/qt5/qml/QtQuick/Controls.2/org.kde.breeze/impl/BackgroundGradient.qml
-rw-r--r-- root/root      3570 2022-05-19 12:43 usr/lib64/qt5/qml/QtQuick/Controls.2/org.kde.breeze/impl/ButtonBackground.qml
-rw-r--r-- root/root      5818 2022-05-19 12:43 usr/lib64/qt5/qml/QtQuick/Controls.2/org.kde.breeze/impl/CheckIndicator.qml
-rw-r--r-- root/root      2583 2022-05-19 12:43 usr/lib64/qt5/qml/QtQuick/Controls.2/org.kde.breeze/impl/ComboBoxBackground.qml
-rw-r--r-- root/root      2623 2022-05-19 12:43 usr/lib64/qt5/qml/QtQuick/Controls.2/org.kde.breeze/impl/CursorDelegate.qml
-rw-r--r-- root/root      5022 2022-05-19 12:43 usr/lib64/qt5/qml/QtQuick/Controls.2/org.kde.breeze/impl/CursorHandle.qml
-rw-r--r-- root/root      2605 2022-05-19 12:43 usr/lib64/qt5/qml/QtQuick/Controls.2/org.kde.breeze/impl/DelegateBackground.qml
-rw-r--r-- root/root      1490 2022-05-19 12:43 usr/lib64/qt5/qml/QtQuick/Controls.2/org.kde.breeze/impl/FocusRect.qml
-rw-r--r-- root/root      4010 2022-05-19 12:43 usr/lib64/qt5/qml/QtQuick/Controls.2/org.kde.breeze/impl/IconLabelContent.qml
-rw-r--r-- root/root      1614 2022-05-19 12:43 usr/lib64/qt5/qml/QtQuick/Controls.2/org.kde.breeze/impl/IconLabelShortcutContent.qml
-rw-r--r-- root/root       674 2022-05-19 12:43 usr/lib64/qt5/qml/QtQuick/Controls.2/org.kde.breeze/impl/InlineIconLabelContent.qml
-rw-r--r-- root/root       963 2022-05-19 12:43 usr/lib64/qt5/qml/QtQuick/Controls.2/org.kde.breeze/impl/LargeShadow.qml
-rw-r--r-- root/root       979 2022-05-19 12:43 usr/lib64/qt5/qml/QtQuick/Controls.2/org.kde.breeze/impl/ListViewHighlight.qml
-rw-r--r-- root/root       962 2022-05-19 12:43 usr/lib64/qt5/qml/QtQuick/Controls.2/org.kde.breeze/impl/MediumShadow.qml
-rw-r--r-- root/root      3696 2022-05-19 12:43 usr/lib64/qt5/qml/QtQuick/Controls.2/org.kde.breeze/impl/MenuItemBackground.qml
-rw-r--r-- root/root       404 2022-05-19 12:43 usr/lib64/qt5/qml/QtQuick/Controls.2/org.kde.breeze/impl/OverlayDimBackground.qml
-rw-r--r-- root/root       404 2022-05-19 12:43 usr/lib64/qt5/qml/QtQuick/Controls.2/org.kde.breeze/impl/OverlayModalBackground.qml
-rw-r--r-- root/root      3711 2022-05-19 12:43 usr/lib64/qt5/qml/QtQuick/Controls.2/org.kde.breeze/impl/RadioIndicator.qml
-rw-r--r-- root/root      1696 2022-05-19 12:43 usr/lib64/qt5/qml/QtQuick/Controls.2/org.kde.breeze/impl/ScrollHandle.qml
-rw-r--r-- root/root      7008 2022-05-19 12:43 usr/lib64/qt5/qml/QtQuick/Controls.2/org.kde.breeze/impl/SliderGroove.qml
-rw-r--r-- root/root      3178 2022-05-19 12:43 usr/lib64/qt5/qml/QtQuick/Controls.2/org.kde.breeze/impl/SliderHandle.qml
-rw-r--r-- root/root       962 2022-05-19 12:43 usr/lib64/qt5/qml/QtQuick/Controls.2/org.kde.breeze/impl/SmallShadow.qml
-rw-r--r-- root/root      3776 2022-05-19 12:43 usr/lib64/qt5/qml/QtQuick/Controls.2/org.kde.breeze/impl/SpinBoxIndicator.qml
-rw-r--r-- root/root      3934 2022-05-19 12:43 usr/lib64/qt5/qml/QtQuick/Controls.2/org.kde.breeze/impl/SwitchIndicator.qml
-rw-r--r-- root/root      1233 2022-05-19 12:43 usr/lib64/qt5/qml/QtQuick/Controls.2/org.kde.breeze/impl/TextEditBackground.qml
-rw-r--r-- root/root      3275 2022-05-19 12:43 usr/lib64/qt5/qml/QtQuick/Controls.2/org.kde.breeze/impl/Units.qml
-rw-r--r-- root/root      1101 2022-05-19 12:43 usr/lib64/qt5/qml/QtQuick/Controls.2/org.kde.breeze/impl/qmldir
-rw-r--r-- root/root      2317 2022-05-19 12:43 usr/lib64/qt5/qml/QtQuick/Controls.2/org.kde.breeze/qmldir
drwxr-xr-x root/root         0 2022-05-28 02:05 usr/lib64/qt5/qml/org/
drwxr-xr-x root/root         0 2022-05-28 02:05 usr/lib64/qt5/qml/org/kde/
drwxr-xr-x root/root         0 2022-05-28 02:05 usr/lib64/qt5/qml/org/kde/breeze/
drwxr-xr-x root/root         0 2022-05-28 02:05 usr/lib64/qt5/qml/org/kde/breeze/impl/
-rw-r--r-- root/root      1077 2022-05-19 12:43 usr/lib64/qt5/qml/org/kde/breeze/impl/BackgroundGradient.qml
-rw-r--r-- root/root      3570 2022-05-19 12:43 usr/lib64/qt5/qml/org/kde/breeze/impl/ButtonBackground.qml
-rw-r--r-- root/root      5818 2022-05-19 12:43 usr/lib64/qt5/qml/org/kde/breeze/impl/CheckIndicator.qml
-rw-r--r-- root/root      2583 2022-05-19 12:43 usr/lib64/qt5/qml/org/kde/breeze/impl/ComboBoxBackground.qml
-rw-r--r-- root/root      2623 2022-05-19 12:43 usr/lib64/qt5/qml/org/kde/breeze/impl/CursorDelegate.qml
-rw-r--r-- root/root      5022 2022-05-19 12:43 usr/lib64/qt5/qml/org/kde/breeze/impl/CursorHandle.qml
-rw-r--r-- root/root      2605 2022-05-19 12:43 usr/lib64/qt5/qml/org/kde/breeze/impl/DelegateBackground.qml
-rw-r--r-- root/root      1490 2022-05-19 12:43 usr/lib64/qt5/qml/org/kde/breeze/impl/FocusRect.qml
-rw-r--r-- root/root      4010 2022-05-19 12:43 usr/lib64/qt5/qml/org/kde/breeze/impl/IconLabelContent.qml
-rw-r--r-- root/root      1614 2022-05-19 12:43 usr/lib64/qt5/qml/org/kde/breeze/impl/IconLabelShortcutContent.qml
-rw-r--r-- root/root       674 2022-05-19 12:43 usr/lib64/qt5/qml/org/kde/breeze/impl/InlineIconLabelContent.qml
-rw-r--r-- root/root       963 2022-05-19 12:43 usr/lib64/qt5/qml/org/kde/breeze/impl/LargeShadow.qml
-rw-r--r-- root/root       979 2022-05-19 12:43 usr/lib64/qt5/qml/org/kde/breeze/impl/ListViewHighlight.qml
-rw-r--r-- root/root       962 2022-05-19 12:43 usr/lib64/qt5/qml/org/kde/breeze/impl/MediumShadow.qml
-rw-r--r-- root/root      3696 2022-05-19 12:43 usr/lib64/qt5/qml/org/kde/breeze/impl/MenuItemBackground.qml
-rw-r--r-- root/root       404 2022-05-19 12:43 usr/lib64/qt5/qml/org/kde/breeze/impl/OverlayDimBackground.qml
-rw-r--r-- root/root       404 2022-05-19 12:43 usr/lib64/qt5/qml/org/kde/breeze/impl/OverlayModalBackground.qml
-rw-r--r-- root/root      3711 2022-05-19 12:43 usr/lib64/qt5/qml/org/kde/breeze/impl/RadioIndicator.qml
-rw-r--r-- root/root      1696 2022-05-19 12:43 usr/lib64/qt5/qml/org/kde/breeze/impl/ScrollHandle.qml
-rw-r--r-- root/root      7008 2022-05-19 12:43 usr/lib64/qt5/qml/org/kde/breeze/impl/SliderGroove.qml
-rw-r--r-- root/root      3178 2022-05-19 12:43 usr/lib64/qt5/qml/org/kde/breeze/impl/SliderHandle.qml
-rw-r--r-- root/root       962 2022-05-19 12:43 usr/lib64/qt5/qml/org/kde/breeze/impl/SmallShadow.qml
-rw-r--r-- root/root      3776 2022-05-19 12:43 usr/lib64/qt5/qml/org/kde/breeze/impl/SpinBoxIndicator.qml
-rw-r--r-- root/root      3934 2022-05-19 12:43 usr/lib64/qt5/qml/org/kde/breeze/impl/SwitchIndicator.qml
-rw-r--r-- root/root      1233 2022-05-19 12:43 usr/lib64/qt5/qml/org/kde/breeze/impl/TextEditBackground.qml
-rw-r--r-- root/root      3275 2022-05-19 12:43 usr/lib64/qt5/qml/org/kde/breeze/impl/Units.qml
-rw-r--r-- root/root      1101 2022-05-19 12:43 usr/lib64/qt5/qml/org/kde/breeze/impl/qmldir
-rwxr-xr-x root/root    101432 2022-05-28 02:05 usr/lib64/qt5/qml/org/kde/breeze/libqqc2breezestyleplugin.so
-rw-r--r-- root/root       143 2022-05-19 12:43 usr/lib64/qt5/qml/org/kde/breeze/qmldir
drwxr-xr-x root/root         0 2022-05-28 02:05 usr/lib64/qt5/qml/org/kde/kirigami.2/
drwxr-xr-x root/root         0 2022-05-28 02:05 usr/lib64/qt5/qml/org/kde/kirigami.2/styles/
drwxr-xr-x root/root         0 2022-05-28 02:05 usr/lib64/qt5/qml/org/kde/kirigami.2/styles/org.kde.breeze/
-rw-r--r-- root/root      3043 2022-05-19 12:43 usr/lib64/qt5/qml/org/kde/kirigami.2/styles/org.kde.breeze/AbstractApplicationHeader.qml
-rw-r--r-- root/root       354 2022-05-19 12:43 usr/lib64/qt5/qml/org/kde/kirigami.2/styles/org.kde.breeze/AbstractListItem.qml
-rw-r--r-- root/root       486 2022-05-19 12:43 usr/lib64/qt5/qml/org/kde/kirigami.2/styles/org.kde.breeze/Separator.qml
-rw-r--r-- root/root       308 2022-05-19 12:43 usr/lib64/qt5/qml/org/kde/kirigami.2/styles/org.kde.breeze/SwipeListItem.qml
drwxr-xr-x root/root         0 2022-05-28 02:05 usr/lib64/qt5/qml/org/kde/kirigami.2/styles/org.kde.breeze/impl/
-rw-r--r-- root/root      1077 2022-05-19 12:43 usr/lib64/qt5/qml/org/kde/kirigami.2/styles/org.kde.breeze/impl/BackgroundGradient.qml
-rw-r--r-- root/root      3570 2022-05-19 12:43 usr/lib64/qt5/qml/org/kde/kirigami.2/styles/org.kde.breeze/impl/ButtonBackground.qml
-rw-r--r-- root/root      5818 2022-05-19 12:43 usr/lib64/qt5/qml/org/kde/kirigami.2/styles/org.kde.breeze/impl/CheckIndicator.qml
-rw-r--r-- root/root      2583 2022-05-19 12:43 usr/lib64/qt5/qml/org/kde/kirigami.2/styles/org.kde.breeze/impl/ComboBoxBackground.qml
-rw-r--r-- root/root      2623 2022-05-19 12:43 usr/lib64/qt5/qml/org/kde/kirigami.2/styles/org.kde.breeze/impl/CursorDelegate.qml
-rw-r--r-- root/root      5022 2022-05-19 12:43 usr/lib64/qt5/qml/org/kde/kirigami.2/styles/org.kde.breeze/impl/CursorHandle.qml
-rw-r--r-- root/root      2605 2022-05-19 12:43 usr/lib64/qt5/qml/org/kde/kirigami.2/styles/org.kde.breeze/impl/DelegateBackground.qml
-rw-r--r-- root/root      1490 2022-05-19 12:43 usr/lib64/qt5/qml/org/kde/kirigami.2/styles/org.kde.breeze/impl/FocusRect.qml
-rw-r--r-- root/root      4010 2022-05-19 12:43 usr/lib64/qt5/qml/org/kde/kirigami.2/styles/org.kde.breeze/impl/IconLabelContent.qml
-rw-r--r-- root/root      1614 2022-05-19 12:43 usr/lib64/qt5/qml/org/kde/kirigami.2/styles/org.kde.breeze/impl/IconLabelShortcutContent.qml
-rw-r--r-- root/root       674 2022-05-19 12:43 usr/lib64/qt5/qml/org/kde/kirigami.2/styles/org.kde.breeze/impl/InlineIconLabelContent.qml
-rw-r--r-- root/root       963 2022-05-19 12:43 usr/lib64/qt5/qml/org/kde/kirigami.2/styles/org.kde.breeze/impl/LargeShadow.qml
-rw-r--r-- root/root       979 2022-05-19 12:43 usr/lib64/qt5/qml/org/kde/kirigami.2/styles/org.kde.breeze/impl/ListViewHighlight.qml
-rw-r--r-- root/root       962 2022-05-19 12:43 usr/lib64/qt5/qml/org/kde/kirigami.2/styles/org.kde.breeze/impl/MediumShadow.qml
-rw-r--r-- root/root      3696 2022-05-19 12:43 usr/lib64/qt5/qml/org/kde/kirigami.2/styles/org.kde.breeze/impl/MenuItemBackground.qml
-rw-r--r-- root/root       404 2022-05-19 12:43 usr/lib64/qt5/qml/org/kde/kirigami.2/styles/org.kde.breeze/impl/OverlayDimBackground.qml
-rw-r--r-- root/root       404 2022-05-19 12:43 usr/lib64/qt5/qml/org/kde/kirigami.2/styles/org.kde.breeze/impl/OverlayModalBackground.qml
-rw-r--r-- root/root      3711 2022-05-19 12:43 usr/lib64/qt5/qml/org/kde/kirigami.2/styles/org.kde.breeze/impl/RadioIndicator.qml
-rw-r--r-- root/root      1696 2022-05-19 12:43 usr/lib64/qt5/qml/org/kde/kirigami.2/styles/org.kde.breeze/impl/ScrollHandle.qml
-rw-r--r-- root/root      7008 2022-05-19 12:43 usr/lib64/qt5/qml/org/kde/kirigami.2/styles/org.kde.breeze/impl/SliderGroove.qml
-rw-r--r-- root/root      3178 2022-05-19 12:43 usr/lib64/qt5/qml/org/kde/kirigami.2/styles/org.kde.breeze/impl/SliderHandle.qml
-rw-r--r-- root/root       962 2022-05-19 12:43 usr/lib64/qt5/qml/org/kde/kirigami.2/styles/org.kde.breeze/impl/SmallShadow.qml
-rw-r--r-- root/root      3776 2022-05-19 12:43 usr/lib64/qt5/qml/org/kde/kirigami.2/styles/org.kde.breeze/impl/SpinBoxIndicator.qml
-rw-r--r-- root/root      3934 2022-05-19 12:43 usr/lib64/qt5/qml/org/kde/kirigami.2/styles/org.kde.breeze/impl/SwitchIndicator.qml
-rw-r--r-- root/root      1233 2022-05-19 12:43 usr/lib64/qt5/qml/org/kde/kirigami.2/styles/org.kde.breeze/impl/TextEditBackground.qml
-rw-r--r-- root/root      3275 2022-05-19 12:43 usr/lib64/qt5/qml/org/kde/kirigami.2/styles/org.kde.breeze/impl/Units.qml
-rw-r--r-- root/root      1101 2022-05-19 12:43 usr/lib64/qt5/qml/org/kde/kirigami.2/styles/org.kde.breeze/impl/qmldir


