++========================================
||
||   Package:  ./plasma/sddm-kcm-5.24.90-x86_64-1.txz
||
++========================================
drwxr-xr-x root/root         0 2022-05-20 18:06 ./
drwxr-xr-x root/root         0 2022-05-20 18:06 etc/
drwxr-xr-x root/root         0 2022-05-20 18:06 install/
-rw-r--r-- root/root       731 2022-05-20 18:06 install/slack-desc
drwxr-xr-x root/root         0 2022-05-20 18:06 usr/
drwxr-xr-x root/root         0 2022-05-20 18:06 usr/bin/
-rwxr-xr-x root/root     23112 2022-05-20 18:06 usr/bin/sddmthemeinstaller
drwxr-xr-x root/root         0 2022-05-20 18:06 usr/doc/
drwxr-xr-x root/root         0 2022-05-20 18:06 usr/doc/sddm-kcm-5.24.90/
-rw-r--r-- root/root     18092 2022-05-19 12:44 usr/doc/sddm-kcm-5.24.90/COPYING
drwxr-xr-x root/root         0 2022-05-19 12:44 usr/doc/sddm-kcm-5.24.90/LICENSES/
-rw-r--r-- root/root      7048 2022-05-19 12:44 usr/doc/sddm-kcm-5.24.90/LICENSES/CC0-1.0.txt
-rw-r--r-- root/root     17277 2022-05-19 12:44 usr/doc/sddm-kcm-5.24.90/LICENSES/GPL-2.0-or-later.txt
-rw-r--r-- root/root     34670 2022-05-19 12:44 usr/doc/sddm-kcm-5.24.90/LICENSES/GPL-3.0-only.txt
-rw-r--r-- root/root       662 2022-05-19 12:44 usr/doc/sddm-kcm-5.24.90/LICENSES/LicenseRef-KDE-Accepted-GPL.txt
-rw-r--r-- root/root      2629 2022-05-19 12:44 usr/doc/sddm-kcm-5.24.90/README.md
drwxr-xr-x root/root         0 2022-05-20 18:06 usr/lib64/
drwxr-xr-x root/root         0 2022-05-20 18:06 usr/lib64/libexec/
drwxr-xr-x root/root         0 2022-05-20 18:06 usr/lib64/libexec/kauth/
-rwxr-xr-x root/root     56408 2022-05-20 18:06 usr/lib64/libexec/kauth/kcmsddm_authhelper
drwxr-xr-x root/root         0 2022-05-20 18:06 usr/lib64/qt5/
drwxr-xr-x root/root         0 2022-05-20 18:06 usr/lib64/qt5/plugins/
drwxr-xr-x root/root         0 2022-05-20 18:06 usr/lib64/qt5/plugins/plasma/
drwxr-xr-x root/root         0 2022-05-20 18:06 usr/lib64/qt5/plugins/plasma/kcms/
drwxr-xr-x root/root         0 2022-05-20 18:06 usr/lib64/qt5/plugins/plasma/kcms/systemsettings/
-rwxr-xr-x root/root    163408 2022-05-20 18:06 usr/lib64/qt5/plugins/plasma/kcms/systemsettings/kcm_sddm.so
drwxr-xr-x root/root         0 2022-05-20 18:06 usr/share/
drwxr-xr-x root/root         0 2022-05-20 18:06 usr/share/applications/
-rw-r--r-- root/root      4109 2022-05-19 12:44 usr/share/applications/kcm_sddm.desktop
drwxr-xr-x root/root         0 2022-05-20 18:06 usr/share/dbus-1/
drwxr-xr-x root/root         0 2022-05-20 18:06 usr/share/dbus-1/system-services/
-rw-r--r-- root/root       105 2022-05-20 18:06 usr/share/dbus-1/system-services/org.kde.kcontrol.kcmsddm.service
drwxr-xr-x root/root         0 2022-05-20 18:06 usr/share/dbus-1/system.d/
-rw-r--r-- root/root       303 2022-05-20 18:06 usr/share/dbus-1/system.d/org.kde.kcontrol.kcmsddm.conf
drwxr-xr-x root/root         0 2022-05-20 18:06 usr/share/knsrcfiles/
-rw-r--r-- root/root      1448 2022-05-19 12:44 usr/share/knsrcfiles/sddmtheme.knsrc
drwxr-xr-x root/root         0 2022-05-20 18:06 usr/share/kpackage/
drwxr-xr-x root/root         0 2022-05-20 18:06 usr/share/kpackage/kcms/
drwxr-xr-x root/root         0 2022-05-20 18:06 usr/share/kpackage/kcms/kcm_sddm/
drwxr-xr-x root/root         0 2022-05-20 18:06 usr/share/kpackage/kcms/kcm_sddm/contents/
drwxr-xr-x root/root         0 2022-05-20 18:06 usr/share/kpackage/kcms/kcm_sddm/contents/ui/
-rw-r--r-- root/root      8557 2022-05-19 12:44 usr/share/kpackage/kcms/kcm_sddm/contents/ui/Advanced.qml
-rw-r--r-- root/root      3087 2022-05-19 12:44 usr/share/kpackage/kcms/kcm_sddm/contents/ui/DetailsDialog.qml
-rw-r--r-- root/root      7883 2022-05-19 12:44 usr/share/kpackage/kcms/kcm_sddm/contents/ui/main.qml
drwxr-xr-x root/root         0 2022-05-20 18:06 usr/share/locale/
drwxr-xr-x root/root         0 2022-05-20 18:06 usr/share/locale/ar/
drwxr-xr-x root/root         0 2022-05-20 18:06 usr/share/locale/ar/LC_MESSAGES/
-rw-r--r-- root/root      5436 2022-05-20 18:06 usr/share/locale/ar/LC_MESSAGES/kcm_sddm.mo
drwxr-xr-x root/root         0 2022-05-20 18:06 usr/share/locale/ast/
drwxr-xr-x root/root         0 2022-05-20 18:06 usr/share/locale/ast/LC_MESSAGES/
-rw-r--r-- root/root      2213 2022-05-20 18:06 usr/share/locale/ast/LC_MESSAGES/kcm_sddm.mo
drwxr-xr-x root/root         0 2022-05-20 18:06 usr/share/locale/az/
drwxr-xr-x root/root         0 2022-05-20 18:06 usr/share/locale/az/LC_MESSAGES/
-rw-r--r-- root/root      5113 2022-05-20 18:06 usr/share/locale/az/LC_MESSAGES/kcm_sddm.mo
drwxr-xr-x root/root         0 2022-05-20 18:06 usr/share/locale/bs/
drwxr-xr-x root/root         0 2022-05-20 18:06 usr/share/locale/bs/LC_MESSAGES/
-rw-r--r-- root/root       691 2022-05-20 18:06 usr/share/locale/bs/LC_MESSAGES/kcm_sddm.mo
drwxr-xr-x root/root         0 2022-05-20 18:06 usr/share/locale/ca/
drwxr-xr-x root/root         0 2022-05-20 18:06 usr/share/locale/ca/LC_MESSAGES/
-rw-r--r-- root/root      5239 2022-05-20 18:06 usr/share/locale/ca/LC_MESSAGES/kcm_sddm.mo
drwxr-xr-x root/root         0 2022-05-20 18:06 usr/share/locale/ca@valencia/
drwxr-xr-x root/root         0 2022-05-20 18:06 usr/share/locale/ca@valencia/LC_MESSAGES/
-rw-r--r-- root/root      5280 2022-05-20 18:06 usr/share/locale/ca@valencia/LC_MESSAGES/kcm_sddm.mo
drwxr-xr-x root/root         0 2022-05-20 18:06 usr/share/locale/cs/
drwxr-xr-x root/root         0 2022-05-20 18:06 usr/share/locale/cs/LC_MESSAGES/
-rw-r--r-- root/root      3649 2022-05-20 18:06 usr/share/locale/cs/LC_MESSAGES/kcm_sddm.mo
drwxr-xr-x root/root         0 2022-05-20 18:06 usr/share/locale/da/
drwxr-xr-x root/root         0 2022-05-20 18:06 usr/share/locale/da/LC_MESSAGES/
-rw-r--r-- root/root      1490 2022-05-20 18:06 usr/share/locale/da/LC_MESSAGES/kcm_sddm.mo
drwxr-xr-x root/root         0 2022-05-20 18:06 usr/share/locale/de/
drwxr-xr-x root/root         0 2022-05-20 18:06 usr/share/locale/de/LC_MESSAGES/
-rw-r--r-- root/root      4215 2022-05-20 18:06 usr/share/locale/de/LC_MESSAGES/kcm_sddm.mo
drwxr-xr-x root/root         0 2022-05-20 18:06 usr/share/locale/el/
drwxr-xr-x root/root         0 2022-05-20 18:06 usr/share/locale/el/LC_MESSAGES/
-rw-r--r-- root/root      5540 2022-05-20 18:06 usr/share/locale/el/LC_MESSAGES/kcm_sddm.mo
drwxr-xr-x root/root         0 2022-05-20 18:06 usr/share/locale/en_GB/
drwxr-xr-x root/root         0 2022-05-20 18:06 usr/share/locale/en_GB/LC_MESSAGES/
-rw-r--r-- root/root      4775 2022-05-20 18:06 usr/share/locale/en_GB/LC_MESSAGES/kcm_sddm.mo
drwxr-xr-x root/root         0 2022-05-20 18:06 usr/share/locale/es/
drwxr-xr-x root/root         0 2022-05-20 18:06 usr/share/locale/es/LC_MESSAGES/
-rw-r--r-- root/root      5170 2022-05-20 18:06 usr/share/locale/es/LC_MESSAGES/kcm_sddm.mo
drwxr-xr-x root/root         0 2022-05-20 18:06 usr/share/locale/et/
drwxr-xr-x root/root         0 2022-05-20 18:06 usr/share/locale/et/LC_MESSAGES/
-rw-r--r-- root/root      1407 2022-05-20 18:06 usr/share/locale/et/LC_MESSAGES/kcm_sddm.mo
drwxr-xr-x root/root         0 2022-05-20 18:06 usr/share/locale/eu/
drwxr-xr-x root/root         0 2022-05-20 18:06 usr/share/locale/eu/LC_MESSAGES/
-rw-r--r-- root/root      5053 2022-05-20 18:06 usr/share/locale/eu/LC_MESSAGES/kcm_sddm.mo
drwxr-xr-x root/root         0 2022-05-20 18:06 usr/share/locale/fi/
drwxr-xr-x root/root         0 2022-05-20 18:06 usr/share/locale/fi/LC_MESSAGES/
-rw-r--r-- root/root      4856 2022-05-20 18:06 usr/share/locale/fi/LC_MESSAGES/kcm_sddm.mo
drwxr-xr-x root/root         0 2022-05-20 18:06 usr/share/locale/fr/
drwxr-xr-x root/root         0 2022-05-20 18:06 usr/share/locale/fr/LC_MESSAGES/
-rw-r--r-- root/root      5461 2022-05-20 18:06 usr/share/locale/fr/LC_MESSAGES/kcm_sddm.mo
drwxr-xr-x root/root         0 2022-05-20 18:06 usr/share/locale/gl/
drwxr-xr-x root/root         0 2022-05-20 18:06 usr/share/locale/gl/LC_MESSAGES/
-rw-r--r-- root/root      1519 2022-05-20 18:06 usr/share/locale/gl/LC_MESSAGES/kcm_sddm.mo
drwxr-xr-x root/root         0 2022-05-20 18:06 usr/share/locale/he/
drwxr-xr-x root/root         0 2022-05-20 18:06 usr/share/locale/he/LC_MESSAGES/
-rw-r--r-- root/root      1515 2022-05-20 18:06 usr/share/locale/he/LC_MESSAGES/kcm_sddm.mo
drwxr-xr-x root/root         0 2022-05-20 18:06 usr/share/locale/hi/
drwxr-xr-x root/root         0 2022-05-20 18:06 usr/share/locale/hi/LC_MESSAGES/
-rw-r--r-- root/root      1547 2022-05-20 18:06 usr/share/locale/hi/LC_MESSAGES/kcm_sddm.mo
drwxr-xr-x root/root         0 2022-05-20 18:06 usr/share/locale/hu/
drwxr-xr-x root/root         0 2022-05-20 18:06 usr/share/locale/hu/LC_MESSAGES/
-rw-r--r-- root/root      5099 2022-05-20 18:06 usr/share/locale/hu/LC_MESSAGES/kcm_sddm.mo
drwxr-xr-x root/root         0 2022-05-20 18:06 usr/share/locale/ia/
drwxr-xr-x root/root         0 2022-05-20 18:06 usr/share/locale/ia/LC_MESSAGES/
-rw-r--r-- root/root      5006 2022-05-20 18:06 usr/share/locale/ia/LC_MESSAGES/kcm_sddm.mo
drwxr-xr-x root/root         0 2022-05-20 18:06 usr/share/locale/id/
drwxr-xr-x root/root         0 2022-05-20 18:06 usr/share/locale/id/LC_MESSAGES/
-rw-r--r-- root/root      1402 2022-05-20 18:06 usr/share/locale/id/LC_MESSAGES/kcm_sddm.mo
drwxr-xr-x root/root         0 2022-05-20 18:06 usr/share/locale/it/
drwxr-xr-x root/root         0 2022-05-20 18:06 usr/share/locale/it/LC_MESSAGES/
-rw-r--r-- root/root      5070 2022-05-20 18:06 usr/share/locale/it/LC_MESSAGES/kcm_sddm.mo
drwxr-xr-x root/root         0 2022-05-20 18:06 usr/share/locale/ja/
drwxr-xr-x root/root         0 2022-05-20 18:06 usr/share/locale/ja/LC_MESSAGES/
-rw-r--r-- root/root       846 2022-05-20 18:06 usr/share/locale/ja/LC_MESSAGES/kcm_sddm.mo
drwxr-xr-x root/root         0 2022-05-20 18:06 usr/share/locale/ko/
drwxr-xr-x root/root         0 2022-05-20 18:06 usr/share/locale/ko/LC_MESSAGES/
-rw-r--r-- root/root      4846 2022-05-20 18:06 usr/share/locale/ko/LC_MESSAGES/kcm_sddm.mo
drwxr-xr-x root/root         0 2022-05-20 18:06 usr/share/locale/lt/
drwxr-xr-x root/root         0 2022-05-20 18:06 usr/share/locale/lt/LC_MESSAGES/
-rw-r--r-- root/root      4851 2022-05-20 18:06 usr/share/locale/lt/LC_MESSAGES/kcm_sddm.mo
drwxr-xr-x root/root         0 2022-05-20 18:06 usr/share/locale/ml/
drwxr-xr-x root/root         0 2022-05-20 18:06 usr/share/locale/ml/LC_MESSAGES/
-rw-r--r-- root/root       655 2022-05-20 18:06 usr/share/locale/ml/LC_MESSAGES/kcm_sddm.mo
drwxr-xr-x root/root         0 2022-05-20 18:06 usr/share/locale/nb/
drwxr-xr-x root/root         0 2022-05-20 18:06 usr/share/locale/nb/LC_MESSAGES/
-rw-r--r-- root/root       937 2022-05-20 18:06 usr/share/locale/nb/LC_MESSAGES/kcm_sddm.mo
drwxr-xr-x root/root         0 2022-05-20 18:06 usr/share/locale/nl/
drwxr-xr-x root/root         0 2022-05-20 18:06 usr/share/locale/nl/LC_MESSAGES/
-rw-r--r-- root/root      4992 2022-05-20 18:06 usr/share/locale/nl/LC_MESSAGES/kcm_sddm.mo
drwxr-xr-x root/root         0 2022-05-20 18:06 usr/share/locale/nn/
drwxr-xr-x root/root         0 2022-05-20 18:06 usr/share/locale/nn/LC_MESSAGES/
-rw-r--r-- root/root      4972 2022-05-20 18:06 usr/share/locale/nn/LC_MESSAGES/kcm_sddm.mo
drwxr-xr-x root/root         0 2022-05-20 18:06 usr/share/locale/pa/
drwxr-xr-x root/root         0 2022-05-20 18:06 usr/share/locale/pa/LC_MESSAGES/
-rw-r--r-- root/root      1364 2022-05-20 18:06 usr/share/locale/pa/LC_MESSAGES/kcm_sddm.mo
drwxr-xr-x root/root         0 2022-05-20 18:06 usr/share/locale/pl/
drwxr-xr-x root/root         0 2022-05-20 18:06 usr/share/locale/pl/LC_MESSAGES/
-rw-r--r-- root/root      5045 2022-05-20 18:06 usr/share/locale/pl/LC_MESSAGES/kcm_sddm.mo
drwxr-xr-x root/root         0 2022-05-20 18:06 usr/share/locale/pt/
drwxr-xr-x root/root         0 2022-05-20 18:06 usr/share/locale/pt/LC_MESSAGES/
-rw-r--r-- root/root      5239 2022-05-20 18:06 usr/share/locale/pt/LC_MESSAGES/kcm_sddm.mo
drwxr-xr-x root/root         0 2022-05-20 18:06 usr/share/locale/pt_BR/
drwxr-xr-x root/root         0 2022-05-20 18:06 usr/share/locale/pt_BR/LC_MESSAGES/
-rw-r--r-- root/root      5177 2022-05-20 18:06 usr/share/locale/pt_BR/LC_MESSAGES/kcm_sddm.mo
drwxr-xr-x root/root         0 2022-05-20 18:06 usr/share/locale/ro/
drwxr-xr-x root/root         0 2022-05-20 18:06 usr/share/locale/ro/LC_MESSAGES/
-rw-r--r-- root/root      5110 2022-05-20 18:06 usr/share/locale/ro/LC_MESSAGES/kcm_sddm.mo
drwxr-xr-x root/root         0 2022-05-20 18:06 usr/share/locale/ru/
drwxr-xr-x root/root         0 2022-05-20 18:06 usr/share/locale/ru/LC_MESSAGES/
-rw-r--r-- root/root      6427 2022-05-20 18:06 usr/share/locale/ru/LC_MESSAGES/kcm_sddm.mo
drwxr-xr-x root/root         0 2022-05-20 18:06 usr/share/locale/sk/
drwxr-xr-x root/root         0 2022-05-20 18:06 usr/share/locale/sk/LC_MESSAGES/
-rw-r--r-- root/root      5082 2022-05-20 18:06 usr/share/locale/sk/LC_MESSAGES/kcm_sddm.mo
drwxr-xr-x root/root         0 2022-05-20 18:06 usr/share/locale/sl/
drwxr-xr-x root/root         0 2022-05-20 18:06 usr/share/locale/sl/LC_MESSAGES/
-rw-r--r-- root/root      4984 2022-05-20 18:06 usr/share/locale/sl/LC_MESSAGES/kcm_sddm.mo
drwxr-xr-x root/root         0 2022-05-20 18:06 usr/share/locale/sr/
drwxr-xr-x root/root         0 2022-05-20 18:06 usr/share/locale/sr/LC_MESSAGES/
-rw-r--r-- root/root      2238 2022-05-20 18:06 usr/share/locale/sr/LC_MESSAGES/kcm_sddm.mo
drwxr-xr-x root/root         0 2022-05-20 18:06 usr/share/locale/sr@ijekavian/
drwxr-xr-x root/root         0 2022-05-20 18:06 usr/share/locale/sr@ijekavian/LC_MESSAGES/
-rw-r--r-- root/root      2248 2022-05-20 18:06 usr/share/locale/sr@ijekavian/LC_MESSAGES/kcm_sddm.mo
drwxr-xr-x root/root         0 2022-05-20 18:06 usr/share/locale/sr@ijekavianlatin/
drwxr-xr-x root/root         0 2022-05-20 18:06 usr/share/locale/sr@ijekavianlatin/LC_MESSAGES/
-rw-r--r-- root/root      1948 2022-05-20 18:06 usr/share/locale/sr@ijekavianlatin/LC_MESSAGES/kcm_sddm.mo
drwxr-xr-x root/root         0 2022-05-20 18:06 usr/share/locale/sr@latin/
drwxr-xr-x root/root         0 2022-05-20 18:06 usr/share/locale/sr@latin/LC_MESSAGES/
-rw-r--r-- root/root      1939 2022-05-20 18:06 usr/share/locale/sr@latin/LC_MESSAGES/kcm_sddm.mo
drwxr-xr-x root/root         0 2022-05-20 18:06 usr/share/locale/sv/
drwxr-xr-x root/root         0 2022-05-20 18:06 usr/share/locale/sv/LC_MESSAGES/
-rw-r--r-- root/root      4969 2022-05-20 18:06 usr/share/locale/sv/LC_MESSAGES/kcm_sddm.mo
drwxr-xr-x root/root         0 2022-05-20 18:06 usr/share/locale/tr/
drwxr-xr-x root/root         0 2022-05-20 18:06 usr/share/locale/tr/LC_MESSAGES/
-rw-r--r-- root/root      2968 2022-05-20 18:06 usr/share/locale/tr/LC_MESSAGES/kcm_sddm.mo
drwxr-xr-x root/root         0 2022-05-20 18:06 usr/share/locale/uk/
drwxr-xr-x root/root         0 2022-05-20 18:06 usr/share/locale/uk/LC_MESSAGES/
-rw-r--r-- root/root      6242 2022-05-20 18:06 usr/share/locale/uk/LC_MESSAGES/kcm_sddm.mo
drwxr-xr-x root/root         0 2022-05-20 18:06 usr/share/locale/zh_CN/
drwxr-xr-x root/root         0 2022-05-20 18:06 usr/share/locale/zh_CN/LC_MESSAGES/
-rw-r--r-- root/root      4848 2022-05-20 18:06 usr/share/locale/zh_CN/LC_MESSAGES/kcm_sddm.mo
drwxr-xr-x root/root         0 2022-05-20 18:06 usr/share/locale/zh_TW/
drwxr-xr-x root/root         0 2022-05-20 18:06 usr/share/locale/zh_TW/LC_MESSAGES/
-rw-r--r-- root/root      1425 2022-05-20 18:06 usr/share/locale/zh_TW/LC_MESSAGES/kcm_sddm.mo
drwxr-xr-x root/root         0 2022-05-20 18:06 usr/share/polkit-1/
drwxr-xr-x root/root         0 2022-05-20 18:06 usr/share/polkit-1/actions/
-rw-r--r-- root/root     32763 2022-05-20 18:06 usr/share/polkit-1/actions/org.kde.kcontrol.kcmsddm.policy


